<html>
<body>
<pre>
<h1>µVision Build Log</h1>
<h2>Project:</h2>
D:\ÎÒµÄÎÄµµ\Downloads\center_IAP\Project\IAP\MDK-ARM\center_freertos_stm32f207.uvproj
Project File Date:  01/26/2013

<h2>Output:</h2>
Build target 'center_freertos_stm32f207'
linking...
Program Size: Code=18768 RO-data=500 RW-data=144 ZI-data=83760  
FromELF: creating hex file...
".\STM322xG_EVAL\center_freertos_stm32f207.axf" - 0 Error(s), 0 Warning(s).
Build target 'center_freertos_stm32f207'
linking...
Program Size: Code=18768 RO-data=500 RW-data=144 ZI-data=83760  
FromELF: creating hex file...
".\STM322xG_EVAL\center_freertos_stm32f207.axf" - 0 Error(s), 0 Warning(s).
Build target 'center_freertos_stm32f207'
linking...
Program Size: Code=18768 RO-data=500 RW-data=144 ZI-data=83760  
FromELF: creating hex file...
".\STM322xG_EVAL\center_freertos_stm32f207.axf" - 0 Error(s), 0 Warning(s).
Build target 'center_iap'
compiling system_stm32f2xx.c...
compiling main.c...
..\src\main.c(91): warning:  #177-D: variable "ret" was declared but never referenced
compiling serial_debug.c...
compiling stm32f2xx_it.c...
compiling update_program.c...
compiling stm32f2xx_dma.c...
compiling stm32f2xx_gpio.c...
compiling stm32f2xx_rcc.c...
compiling stm32f2xx_sdio.c...
compiling stm32f2xx_spi.c...
compiling stm32f2xx_usart.c...
compiling misc.c...
compiling stm32f2xx_syscfg.c...
compiling stm32f2xx_flash.c...
compiling stm32f2xx_rtc.c...
compiling stm32f2xx_exti.c...
compiling stm32f2xx_i2c.c...
compiling stm32f2xx_pwr.c...
compiling stm32f2xx_iwdg.c...
compiling stm32_eval_sdio_sd.c...
compiling stm32_eval.c...
compiling diskio.c...
compiling ff.c...
linking...
Program Size: Code=18768 RO-data=500 RW-data=144 ZI-data=83760  
FromELF: creating hex file...
".\STM322xG_EVAL\center_freertos_stm32f207.axf" - 0 Error(s), 1 Warning(s).
Build target 'center_iap'
linking...
Program Size: Code=18768 RO-data=500 RW-data=144 ZI-data=83760  
FromELF: creating hex file...
".\STM322xG_EVAL\center_IAP.axf" - 0 Error(s), 0 Warning(s).
Build target 'center_iap'
linking...
Program Size: Code=18768 RO-data=500 RW-data=144 ZI-data=83760  
FromELF: creating hex file...
".\STM322xG_EVAL\center_IAP.axf" - 0 Error(s), 0 Warning(s).
Build target 'center_iap'
linking...
Program Size: Code=18768 RO-data=500 RW-data=144 ZI-data=83760  
FromELF: creating hex file...
".\STM322xG_EVAL\center_IAP.axf" - 0 Error(s), 0 Warning(s).
