Product: MDK-ARM Professional 5.10
Component: ARM Compiler 5.04 update 1 (build 49)
Tool: armlink [5040049]

==============================================================================

Section Cross References

    system_stm32f2xx.o(.text) refers to system_stm32f2xx.o(.data) for .data
    startup_stm32f2xx.o(RESET) refers to startup_stm32f2xx.o(STACK) for __initial_sp
    startup_stm32f2xx.o(RESET) refers to startup_stm32f2xx.o(.text) for Reset_Handler
    startup_stm32f2xx.o(RESET) refers to stm32f2xx_it.o(.text) for NMI_Handler
    startup_stm32f2xx.o(.text) refers to system_stm32f2xx.o(.text) for SystemInit
    startup_stm32f2xx.o(.text) refers to entry.o(.ARM.Collect$$$$00000000) for __main
    main.o(.text) refers to misc.o(.text) for NVIC_PriorityGroupConfig
    main.o(.text) refers to stm32f2xx_rcc.o(.text) for RCC_AHB1PeriphClockCmd
    main.o(.text) refers to flash.o(.text) for FlashInit
    main.o(.text) refers to stm32_eval.o(.text) for STM_EVAL_LEDInit
    main.o(.text) refers to memcmp.o(.text) for memcmp
    main.o(.text) refers to stm32f2xx_iwdg.o(.text) for IWDG_WriteAccessCmd
    main.o(.text) refers to usr_flash.o(.text) for Flash_Func
    main.o(.text) refers to usr_sd.o(.text) for Sd_Func
    main.o(.text) refers to main.o(.emb_text) for __asm___6_main_c_5ec9ab20__MSR_MSP
    main.o(.text) refers to main.o(.data) for .data
    stm32f2xx_it.o(.text) refers to stm32_eval_sdio_sd.o(.text) for SD_ProcessIRQSrc
    update_program.o(.text) refers to stm32f2xx_flash.o(.text) for FLASH_Unlock
    update_program.o(.text) refers to update_program.o(.data) for .data
    update_program.o(.text) refers to main.o(.bss) for temp
    update_program.o(.text) refers to main.o(.data) for check_err
    md5.o(.text) refers to memcpya.o(.text) for __aeabi_memcpy
    md5.o(.text) refers to memseta.o(.text) for __aeabi_memclr4
    md5.o(.text) refers to fread.o(i.fread) for fread
    md5.o(.text) refers to md5.o(.constdata) for .constdata
    flash.o(.text) refers to stm32f2xx_rcc.o(.text) for RCC_APB1PeriphClockCmd
    flash.o(.text) refers to stm32f2xx_gpio.o(.text) for GPIO_PinAFConfig
    flash.o(.text) refers to stm32f2xx_spi.o(.text) for SPI_Init
    usr_flash.o(.text) refers to flash.o(.text) for FlashBufferWrite
    usr_flash.o(.text) refers to md5.o(.text) for md5_starts
    usr_flash.o(.text) refers to memseta.o(.text) for __aeabi_memclr4
    usr_flash.o(.text) refers to stm32_eval.o(.text) for STM_EVAL_LEDOn
    usr_flash.o(.text) refers to update_program.o(.text) for Do_Update_Erase
    usr_flash.o(.text) refers to main.o(.text) for iap_load_app
    usr_flash.o(.text) refers to main.o(.data) for soft_len
    usr_flash.o(.text) refers to usr_flash.o(.bss) for .bss
    usr_flash.o(.text) refers to main.o(.bss) for temp
    usr_flash.o(.text) refers to main.o(.bss) for md5_check
    usr_flash.o(.text) refers to main.o(.data) for check_err
    usr_sd.o(.text) refers to ff.o(.text) for f_open
    usr_sd.o(.text) refers to stm32_eval.o(.text) for STM_EVAL_LEDOn
    usr_sd.o(.text) refers to update_program.o(.text) for Do_Update_Erase
    usr_sd.o(.text) refers to md5.o(.text) for md5_starts
    usr_sd.o(.text) refers to memseta.o(.text) for __aeabi_memclr4
    usr_sd.o(.text) refers to main.o(.text) for iap_load_app
    usr_sd.o(.text) refers to usr_sd.o(.bss) for .bss
    usr_sd.o(.text) refers to usr_sd.o(.data) for .data
    usr_sd.o(.text) refers to main.o(.bss) for md5_read
    usr_sd.o(.text) refers to main.o(.data) for temp_size
    usr_sd.o(.text) refers to main.o(.bss) for temp
    usr_sd.o(.text) refers to main.o(.bss) for md5_check
    usr_sd.o(.text) refers to main.o(.data) for check_err
    stm32f2xx_gpio.o(.text) refers to stm32f2xx_rcc.o(.text) for RCC_AHB1PeriphResetCmd
    stm32f2xx_rcc.o(.text) refers to stm32f2xx_rcc.o(.data) for .data
    stm32f2xx_sdio.o(.text) refers to stm32f2xx_rcc.o(.text) for RCC_APB2PeriphResetCmd
    stm32f2xx_spi.o(.text) refers to stm32f2xx_rcc.o(.text) for RCC_APB2PeriphResetCmd
    stm32f2xx_usart.o(.text) refers to stm32f2xx_rcc.o(.text) for RCC_APB2PeriphResetCmd
    stm32f2xx_syscfg.o(.text) refers to stm32f2xx_rcc.o(.text) for RCC_APB2PeriphResetCmd
    stm32f2xx_i2c.o(.text) refers to stm32f2xx_rcc.o(.text) for RCC_APB1PeriphResetCmd
    stm32f2xx_pwr.o(.text) refers to stm32f2xx_rcc.o(.text) for RCC_APB1PeriphResetCmd
    stm32_eval_sdio_sd.o(.text) refers to stm32_eval.o(.text) for SD_LowLevel_DeInit
    stm32_eval_sdio_sd.o(.text) refers to stm32f2xx_sdio.o(.text) for SDIO_ClearFlag
    stm32_eval_sdio_sd.o(.text) refers to stm32_eval_sdio_sd.o(.bss) for .bss
    stm32_eval_sdio_sd.o(.text) refers to stm32_eval_sdio_sd.o(.data) for .data
    stm32_eval_sdio_sd.o(.text) refers to stm32f2xx_gpio.o(.text) for GPIO_ReadInputDataBit
    stm32_eval_sdio_sd.o(.text) refers to stm32f2xx_dma.o(.text) for DMA_ClearFlag
    stm32_eval.o(.text) refers to stm32f2xx_rcc.o(.text) for RCC_AHB1PeriphClockCmd
    stm32_eval.o(.text) refers to stm32f2xx_gpio.o(.text) for GPIO_Init
    stm32_eval.o(.text) refers to stm32f2xx_syscfg.o(.text) for SYSCFG_EXTILineConfig
    stm32_eval.o(.text) refers to stm32f2xx_exti.o(.text) for EXTI_Init
    stm32_eval.o(.text) refers to misc.o(.text) for NVIC_Init
    stm32_eval.o(.text) refers to stm32f2xx_usart.o(.text) for USART_Init
    stm32_eval.o(.text) refers to stm32f2xx_sdio.o(.text) for SDIO_ClockCmd
    stm32_eval.o(.text) refers to stm32f2xx_dma.o(.text) for DMA_ClearFlag
    stm32_eval.o(.text) refers to stm32_eval.o(.constdata) for .constdata
    stm32_eval.o(.text) refers to stm32_eval.o(.data) for .data
    stm32_eval.o(.text) refers to stm32f2xx_i2c.o(.text) for I2C_Cmd
    stm32_eval.o(.text) refers to stm32_eval.o(.bss) for .bss
    diskio.o(.text) refers to stm32_eval_sdio_sd.o(.text) for SD_Init
    ff.o(.text) refers to diskio.o(.text) for disk_write
    ff.o(.text) refers to ff.o(.data) for .data
    ff.o(.text) refers to stm32_eval_sdio_sd.o(.text) for SD_Detect
    entry.o(.ARM.Collect$$$$00000000) refers (Special) to entry10a.o(.ARM.Collect$$$$0000000D) for __rt_final_cpp
    entry.o(.ARM.Collect$$$$00000000) refers (Special) to entry11a.o(.ARM.Collect$$$$0000000F) for __rt_final_exit
    entry.o(.ARM.Collect$$$$00000000) refers (Special) to entry7b.o(.ARM.Collect$$$$00000008) for _main_clock
    entry.o(.ARM.Collect$$$$00000000) refers (Special) to entry8b.o(.ARM.Collect$$$$0000000A) for _main_cpp_init
    entry.o(.ARM.Collect$$$$00000000) refers (Special) to entry9a.o(.ARM.Collect$$$$0000000B) for _main_init
    entry.o(.ARM.Collect$$$$00000000) refers (Special) to entry5.o(.ARM.Collect$$$$00000004) for _main_scatterload
    entry.o(.ARM.Collect$$$$00000000) refers (Special) to entry2.o(.ARM.Collect$$$$00000001) for _main_stk
    fread.o(i.fread) refers to fgetc.o(.text) for fgetc
    entry2.o(.ARM.Collect$$$$00000001) refers to entry2.o(.ARM.Collect$$$$00002712) for __lit__00000000
    entry2.o(.ARM.Collect$$$$00002712) refers to startup_stm32f2xx.o(STACK) for __initial_sp
    entry2.o(__vectab_stack_and_reset_area) refers to startup_stm32f2xx.o(STACK) for __initial_sp
    entry2.o(__vectab_stack_and_reset_area) refers to entry.o(.ARM.Collect$$$$00000000) for __main
    entry5.o(.ARM.Collect$$$$00000004) refers to init.o(.text) for __scatterload
    entry9a.o(.ARM.Collect$$$$0000000B) refers to main.o(.text) for main
    entry9b.o(.ARM.Collect$$$$0000000C) refers to main.o(.text) for main
    fgetc.o(.text) refers (Special) to iusesemig.o(.text) for __I$use$semihosting$fgetc
    fgetc.o(.text) refers (Special) to semi.o(.text) for __semihosting_library_function
    fgetc_u.o(.text) refers (Special) to iusesemig.o(.text) for __I$use$semihosting$fgetc
    fgetc_u.o(.text) refers (Special) to semi.o(.text) for __semihosting_library_function
    fgetc_u.o(.text) refers to fgetc_u.o(.data) for .data
    fgetc_u.o(.data) refers (Special) to iusesemig.o(.text) for __I$use$semihosting$fgetc
    fgetc_u.o(.data) refers (Special) to semi.o(.text) for __semihosting_library_function
    fgetc_b.o(.text) refers (Special) to iusesemig.o(.text) for __I$use$semihosting$fgetc
    fgetc_b.o(.text) refers (Special) to semi.o(.text) for __semihosting_library_function
    fgetc_b.o(.text) refers to fgetc_b.o(.data) for .data
    fgetc_b.o(.data) refers (Special) to iusesemig.o(.text) for __I$use$semihosting$fgetc
    fgetc_b.o(.data) refers (Special) to semi.o(.text) for __semihosting_library_function
    fgetc_ub.o(.text) refers (Special) to iusesemig.o(.text) for __I$use$semihosting$fgetc
    fgetc_ub.o(.text) refers (Special) to semi.o(.text) for __semihosting_library_function
    fgetc_ub.o(.text) refers to fgetc_ub.o(.data) for .data
    fgetc_ub.o(.data) refers (Special) to iusesemig.o(.text) for __I$use$semihosting$fgetc
    fgetc_ub.o(.data) refers (Special) to semi.o(.text) for __semihosting_library_function
    init.o(.text) refers to entry5.o(.ARM.Collect$$$$00000004) for __main_after_scatterload


==============================================================================

Removing Unused input sections from the image.

    Removing startup_stm32f2xx.o(HEAP), (512 bytes).
    Removing usr_sd.o(.bss), (548 bytes).
    Removing usr_sd.o(.bss), (548 bytes).
    Removing usr_sd.o(.bss), (51 bytes).
    Removing usr_sd.o(.data), (1 bytes).
    Removing usr_sd.o(.data), (4 bytes).
    Removing stm32f2xx_rtc.o(.text), (2200 bytes).
    Removing stm32f2xx_pwr.o(.text), (188 bytes).

8 unused section(s) (total 4052 bytes) removed from the image.

==============================================================================

Image Symbol Table

    Local Symbols

    Symbol Name                              Value     Ov Type        Size  Object(Section)

    ../clib/microlib/init/entry.s            0x00000000   Number         0  entry9a.o ABSOLUTE
    ../clib/microlib/init/entry.s            0x00000000   Number         0  entry2.o ABSOLUTE
    ../clib/microlib/init/entry.s            0x00000000   Number         0  entry10b.o ABSOLUTE
    ../clib/microlib/init/entry.s            0x00000000   Number         0  entry11b.o ABSOLUTE
    ../clib/microlib/init/entry.s            0x00000000   Number         0  entry10a.o ABSOLUTE
    ../clib/microlib/init/entry.s            0x00000000   Number         0  entry7a.o ABSOLUTE
    ../clib/microlib/init/entry.s            0x00000000   Number         0  entry8a.o ABSOLUTE
    ../clib/microlib/init/entry.s            0x00000000   Number         0  entry11a.o ABSOLUTE
    ../clib/microlib/init/entry.s            0x00000000   Number         0  entry9b.o ABSOLUTE
    ../clib/microlib/init/entry.s            0x00000000   Number         0  entry8b.o ABSOLUTE
    ../clib/microlib/init/entry.s            0x00000000   Number         0  entry5.o ABSOLUTE
    ../clib/microlib/init/entry.s            0x00000000   Number         0  entry.o ABSOLUTE
    ../clib/microlib/init/entry.s            0x00000000   Number         0  entry7b.o ABSOLUTE
    ../clib/microlib/stdio/fclose.c          0x00000000   Number         0  fclose.o ABSOLUTE
    ../clib/microlib/stdio/ferror.c          0x00000000   Number         0  ferror.o ABSOLUTE
    ../clib/microlib/stdio/fgetc.c           0x00000000   Number         0  fgetc_u.o ABSOLUTE
    ../clib/microlib/stdio/fgetc.c           0x00000000   Number         0  fgetc.o ABSOLUTE
    ../clib/microlib/stdio/fgetc.c           0x00000000   Number         0  fgetc_b.o ABSOLUTE
    ../clib/microlib/stdio/fgetc.c           0x00000000   Number         0  fgetc_ub.o ABSOLUTE
    ../clib/microlib/stdio/fopen.c           0x00000000   Number         0  fopen.o ABSOLUTE
    ../clib/microlib/stdio/fread.c           0x00000000   Number         0  fread.o ABSOLUTE
    ../clib/microlib/stdio/semi.s            0x00000000   Number         0  semi.o ABSOLUTE
    ../clib/microlib/string/memcmp.c         0x00000000   Number         0  memcmp.o ABSOLUTE
    ../clib/microlib/string/memcpy.c         0x00000000   Number         0  memcpya.o ABSOLUTE
    ../clib/microlib/string/memcpy.c         0x00000000   Number         0  memcpyb.o ABSOLUTE
    ../clib/microlib/string/memset.c         0x00000000   Number         0  memseta.o ABSOLUTE
    ../clib/microlib/stubs.s                 0x00000000   Number         0  iusesemig.o ABSOLUTE
    ..\..\..\Libraries\CMSIS\CM3\DeviceSupport\ST\STM32F2xx\system_stm32f2xx.c 0x00000000   Number         0  system_stm32f2xx.o ABSOLUTE
    ..\..\..\Libraries\STM32F2xx_StdPeriph_Driver\src\misc.c 0x00000000   Number         0  misc.o ABSOLUTE
    ..\..\..\Libraries\STM32F2xx_StdPeriph_Driver\src\stm32f2xx_dma.c 0x00000000   Number         0  stm32f2xx_dma.o ABSOLUTE
    ..\..\..\Libraries\STM32F2xx_StdPeriph_Driver\src\stm32f2xx_exti.c 0x00000000   Number         0  stm32f2xx_exti.o ABSOLUTE
    ..\..\..\Libraries\STM32F2xx_StdPeriph_Driver\src\stm32f2xx_flash.c 0x00000000   Number         0  stm32f2xx_flash.o ABSOLUTE
    ..\..\..\Libraries\STM32F2xx_StdPeriph_Driver\src\stm32f2xx_gpio.c 0x00000000   Number         0  stm32f2xx_gpio.o ABSOLUTE
    ..\..\..\Libraries\STM32F2xx_StdPeriph_Driver\src\stm32f2xx_i2c.c 0x00000000   Number         0  stm32f2xx_i2c.o ABSOLUTE
    ..\..\..\Libraries\STM32F2xx_StdPeriph_Driver\src\stm32f2xx_iwdg.c 0x00000000   Number         0  stm32f2xx_iwdg.o ABSOLUTE
    ..\..\..\Libraries\STM32F2xx_StdPeriph_Driver\src\stm32f2xx_pwr.c 0x00000000   Number         0  stm32f2xx_pwr.o ABSOLUTE
    ..\..\..\Libraries\STM32F2xx_StdPeriph_Driver\src\stm32f2xx_rcc.c 0x00000000   Number         0  stm32f2xx_rcc.o ABSOLUTE
    ..\..\..\Libraries\STM32F2xx_StdPeriph_Driver\src\stm32f2xx_rtc.c 0x00000000   Number         0  stm32f2xx_rtc.o ABSOLUTE
    ..\..\..\Libraries\STM32F2xx_StdPeriph_Driver\src\stm32f2xx_sdio.c 0x00000000   Number         0  stm32f2xx_sdio.o ABSOLUTE
    ..\..\..\Libraries\STM32F2xx_StdPeriph_Driver\src\stm32f2xx_spi.c 0x00000000   Number         0  stm32f2xx_spi.o ABSOLUTE
    ..\..\..\Libraries\STM32F2xx_StdPeriph_Driver\src\stm32f2xx_syscfg.c 0x00000000   Number         0  stm32f2xx_syscfg.o ABSOLUTE
    ..\..\..\Libraries\STM32F2xx_StdPeriph_Driver\src\stm32f2xx_usart.c 0x00000000   Number         0  stm32f2xx_usart.o ABSOLUTE
    ..\..\..\Utilities\STM32_EVAL\Common\stm32_eval_sdio_sd.c 0x00000000   Number         0  stm32_eval_sdio_sd.o ABSOLUTE
    ..\..\..\Utilities\STM32_EVAL\stm32_eval.c 0x00000000   Number         0  stm32_eval.o ABSOLUTE
    ..\..\..\Utilities\Third_Party\FatFs\diskio.c 0x00000000   Number         0  diskio.o ABSOLUTE
    ..\..\..\Utilities\Third_Party\FatFs\ff.c 0x00000000   Number         0  ff.o ABSOLUTE
    ..\\src\\main.c                          0x00000000   Number         0  main.o ABSOLUTE
    ..\src\flash.c                           0x00000000   Number         0  flash.o ABSOLUTE
    ..\src\main.c                            0x00000000   Number         0  main.o ABSOLUTE
    ..\src\md5.c                             0x00000000   Number         0  md5.o ABSOLUTE
    ..\src\stm32f2xx_it.c                    0x00000000   Number         0  stm32f2xx_it.o ABSOLUTE
    ..\src\update_program.c                  0x00000000   Number         0  update_program.o ABSOLUTE
    ..\src\usr_flash.c                       0x00000000   Number         0  usr_flash.o ABSOLUTE
    ..\src\usr_sd.c                          0x00000000   Number         0  usr_sd.o ABSOLUTE
    dc.s                                     0x00000000   Number         0  dc.o ABSOLUTE
    handlers.s                               0x00000000   Number         0  handlers.o ABSOLUTE
    init.s                                   0x00000000   Number         0  init.o ABSOLUTE
    startup_stm32f2xx.s                      0x00000000   Number         0  startup_stm32f2xx.o ABSOLUTE
    RESET                                    0x08000000   Section      388  startup_stm32f2xx.o(RESET)
    .ARM.Collect$$$$00000000                 0x08000184   Section        0  entry.o(.ARM.Collect$$$$00000000)
    .ARM.Collect$$$$00000001                 0x08000184   Section        4  entry2.o(.ARM.Collect$$$$00000001)
    .ARM.Collect$$$$00000004                 0x08000188   Section        4  entry5.o(.ARM.Collect$$$$00000004)
    .ARM.Collect$$$$00000008                 0x0800018c   Section        0  entry7b.o(.ARM.Collect$$$$00000008)
    .ARM.Collect$$$$0000000A                 0x0800018c   Section        0  entry8b.o(.ARM.Collect$$$$0000000A)
    .ARM.Collect$$$$0000000B                 0x0800018c   Section        8  entry9a.o(.ARM.Collect$$$$0000000B)
    .ARM.Collect$$$$0000000D                 0x08000194   Section        0  entry10a.o(.ARM.Collect$$$$0000000D)
    .ARM.Collect$$$$0000000F                 0x08000194   Section        0  entry11a.o(.ARM.Collect$$$$0000000F)
    .ARM.Collect$$$$00002712                 0x08000194   Section        4  entry2.o(.ARM.Collect$$$$00002712)
    __lit__00000000                          0x08000194   Data           4  entry2.o(.ARM.Collect$$$$00002712)
    .emb_text                                0x08000198   Section        6  main.o(.emb_text)
    .text                                    0x080001a0   Section        0  system_stm32f2xx.o(.text)
    SetSysClock                              0x0800024b   Thumb Code   140  system_stm32f2xx.o(.text)
    .text                                    0x080002fc   Section       36  startup_stm32f2xx.o(.text)
    .text                                    0x08000320   Section        0  main.o(.text)
    .text                                    0x08000430   Section        0  stm32f2xx_it.o(.text)
    .text                                    0x08000454   Section        0  update_program.o(.text)
    GetSector                                0x08000455   Thumb Code   146  update_program.o(.text)
    .text                                    0x080005c8   Section        0  md5.o(.text)
    md5_process                              0x080005e5   Thumb Code  1908  md5.o(.text)
    .text                                    0x08001088   Section        0  flash.o(.text)
    FlashSendByte                            0x08001167   Thumb Code    48  flash.o(.text)
    FlashPageWrite                           0x08001197   Thumb Code    96  flash.o(.text)
    FlashWaitForWriteEnd                     0x0800139f   Thumb Code    44  flash.o(.text)
    FlashWriteEnable                         0x080013cb   Thumb Code    34  flash.o(.text)
    .text                                    0x080013f8   Section        0  usr_flash.o(.text)
    .text                                    0x0800152c   Section        0  usr_sd.o(.text)
    .text                                    0x08001704   Section        0  stm32f2xx_dma.o(.text)
    .text                                    0x08001a24   Section        0  stm32f2xx_gpio.o(.text)
    .text                                    0x08001c3c   Section        0  stm32f2xx_rcc.o(.text)
    .text                                    0x08002010   Section        0  stm32f2xx_sdio.o(.text)
    .text                                    0x080021c8   Section        0  stm32f2xx_spi.o(.text)
    .text                                    0x0800247c   Section        0  stm32f2xx_usart.o(.text)
    .text                                    0x080027b4   Section        0  misc.o(.text)
    .text                                    0x08002864   Section        0  stm32f2xx_syscfg.o(.text)
    .text                                    0x080028dc   Section        0  stm32f2xx_flash.o(.text)
    .text                                    0x08002c70   Section        0  stm32f2xx_exti.o(.text)
    .text                                    0x08002d58   Section        0  stm32f2xx_i2c.o(.text)
    .text                                    0x08003094   Section        0  stm32f2xx_iwdg.o(.text)
    .text                                    0x080030d0   Section        0  stm32_eval_sdio_sd.o(.text)
    CmdResp1Error                            0x080030d5   Thumb Code   224  stm32_eval_sdio_sd.o(.text)
    FindSCR                                  0x080031b5   Thumb Code   312  stm32_eval_sdio_sd.o(.text)
    SDEnWideBus                              0x080032ed   Thumb Code   178  stm32_eval_sdio_sd.o(.text)
    CmdResp2Error                            0x08003681   Thumb Code    46  stm32_eval_sdio_sd.o(.text)
    IsCardProgramming                        0x0800407b   Thumb Code   314  stm32_eval_sdio_sd.o(.text)
    CmdResp6Error                            0x0800437d   Thumb Code   106  stm32_eval_sdio_sd.o(.text)
    .text                                    0x080043f8   Section        0  stm32_eval.o(.text)
    .text                                    0x08004a0c   Section        0  diskio.o(.text)
    .text                                    0x08004aac   Section        0  ff.o(.text)
    move_window                              0x08004aad   Thumb Code   106  ff.o(.text)
    sync                                     0x08004b17   Thumb Code   182  ff.o(.text)
    remove_chain                             0x08004d93   Thumb Code    96  ff.o(.text)
    create_chain                             0x08004df3   Thumb Code   148  ff.o(.text)
    dir_sdi                                  0x08004e87   Thumb Code   126  ff.o(.text)
    dir_next                                 0x08004f05   Thumb Code   234  ff.o(.text)
    dir_read                                 0x08004fef   Thumb Code    68  ff.o(.text)
    dir_register                             0x08005033   Thumb Code    92  ff.o(.text)
    dir_remove                               0x0800508f   Thumb Code    40  ff.o(.text)
    create_name                              0x080050b7   Thumb Code   276  ff.o(.text)
    get_fileinfo                             0x080051cb   Thumb Code    96  ff.o(.text)
    follow_path                              0x0800522b   Thumb Code   170  ff.o(.text)
    check_fs                                 0x080052d5   Thumb Code    86  ff.o(.text)
    chk_mounted                              0x0800532b   Thumb Code   492  ff.o(.text)
    validate                                 0x08005517   Thumb Code    68  ff.o(.text)
    mem_cpy                                  0x08006141   Thumb Code    18  ff.o(.text)
    mem_set                                  0x08006153   Thumb Code    16  ff.o(.text)
    ld_clust                                 0x08006163   Thumb Code    18  ff.o(.text)
    st_clust                                 0x08006175   Thumb Code    16  ff.o(.text)
    .text                                    0x08006184   Section        0  memcpya.o(.text)
    .text                                    0x080061a8   Section        0  memseta.o(.text)
    .text                                    0x080061cc   Section        0  memcmp.o(.text)
    .text                                    0x080061e6   Section        0  fgetc.o(.text)
    .text                                    0x080061f0   Section       36  init.o(.text)
    .text                                    0x08006214   Section        0  semi.o(.text)
    .text                                    0x08006214   Section        0  iusesemig.o(.text)
    i.__scatterload_copy                     0x08006214   Section       14  handlers.o(i.__scatterload_copy)
    i.__scatterload_null                     0x08006222   Section        2  handlers.o(i.__scatterload_null)
    i.__scatterload_zeroinit                 0x08006224   Section       14  handlers.o(i.__scatterload_zeroinit)
    i.fread                                  0x08006232   Section        0  fread.o(i.fread)
    .constdata                               0x08006266   Section       64  md5.o(.constdata)
    md5_padding                              0x08006266   Data          64  md5.o(.constdata)
    .constdata                               0x080062a8   Section       80  stm32_eval.o(.constdata)
    .data                                    0x20000000   Section       20  system_stm32f2xx.o(.data)
    .data                                    0x20000014   Section        4  main.o(.data)
    .data                                    0x20000018   Section        4  main.o(.data)
    .data                                    0x2000001c   Section        4  main.o(.data)
    .data                                    0x20000020   Section        8  main.o(.data)
    .data                                    0x20000028   Section       20  update_program.o(.data)
    .data                                    0x2000003c   Section        8  usr_sd.o(.data)
    .data                                    0x20000044   Section       16  stm32f2xx_rcc.o(.data)
    APBAHBPrescTable                         0x20000044   Data          16  stm32f2xx_rcc.o(.data)
    .data                                    0x20000054   Section       24  stm32_eval_sdio_sd.o(.data)
    CardType                                 0x20000058   Data           4  stm32_eval_sdio_sd.o(.data)
    RCA                                      0x2000005c   Data           4  stm32_eval_sdio_sd.o(.data)
    .data                                    0x2000006c   Section       44  stm32_eval.o(.data)
    .data                                    0x20000098   Section        8  ff.o(.data)
    Fsid                                     0x20000098   Data           2  ff.o(.data)
    FatFs                                    0x2000009c   Data           4  ff.o(.data)
    .bss                                     0x200000a0   Section      512  main.o(.bss)
    .bss                                     0x200002a0   Section       16  main.o(.bss)
    .bss                                     0x200002b0   Section       16  main.o(.bss)
    .bss                                     0x200002c0   Section      216  usr_flash.o(.bss)
    .bss                                     0x20000398   Section     1324  usr_sd.o(.bss)
    .bss                                     0x200008c4   Section      196  stm32_eval_sdio_sd.o(.bss)
    CSD_Tab                                  0x200008c4   Data          16  stm32_eval_sdio_sd.o(.bss)
    CID_Tab                                  0x200008d4   Data          16  stm32_eval_sdio_sd.o(.bss)
    SDSTATUS_Tab                             0x200008e4   Data          16  stm32_eval_sdio_sd.o(.bss)
    .bss                                     0x20000988   Section       60  stm32_eval.o(.bss)
    STACK                                    0x200009c8   Section     1024  startup_stm32f2xx.o(STACK)

    Global Symbols

    Symbol Name                              Value     Ov Type        Size  Object(Section)

    BuildAttributes$$THM_ISAv4$P$D$K$B$S$PE$A:L22UL41UL21$X:L11$S22US41US21$IEEE1$IW$USESV6$~STKCKD$USESV7$~SHL$OSPACE$EBA8$MICROLIB$REQ8$PRES8$EABIv2 0x00000000   Number         0  anon$$obj.o ABSOLUTE
    __ARM_use_no_argv                        0x00000000   Number         0  main.o ABSOLUTE
    __cpp_initialize__aeabi_                  - Undefined Weak Reference
    __cxa_finalize                            - Undefined Weak Reference
    __decompress                              - Undefined Weak Reference
    _clock_init                               - Undefined Weak Reference
    _microlib_exit                            - Undefined Weak Reference
    __Vectors_Size                           0x00000184   Number         0  startup_stm32f2xx.o ABSOLUTE
    __Vectors                                0x08000000   Data           4  startup_stm32f2xx.o(RESET)
    __Vectors_End                            0x08000184   Data           0  startup_stm32f2xx.o(RESET)
    __main                                   0x08000185   Thumb Code     0  entry.o(.ARM.Collect$$$$00000000)
    _main_stk                                0x08000185   Thumb Code     0  entry2.o(.ARM.Collect$$$$00000001)
    _main_scatterload                        0x08000189   Thumb Code     0  entry5.o(.ARM.Collect$$$$00000004)
    __main_after_scatterload                 0x0800018d   Thumb Code     0  entry5.o(.ARM.Collect$$$$00000004)
    _main_clock                              0x0800018d   Thumb Code     0  entry7b.o(.ARM.Collect$$$$00000008)
    _main_cpp_init                           0x0800018d   Thumb Code     0  entry8b.o(.ARM.Collect$$$$0000000A)
    _main_init                               0x0800018d   Thumb Code     0  entry9a.o(.ARM.Collect$$$$0000000B)
    __rt_final_cpp                           0x08000195   Thumb Code     0  entry10a.o(.ARM.Collect$$$$0000000D)
    __rt_final_exit                          0x08000195   Thumb Code     0  entry11a.o(.ARM.Collect$$$$0000000F)
    __asm___6_main_c_5ec9ab20__MSR_MSP       0x08000199   Thumb Code     6  main.o(.emb_text)
    SystemInit                               0x080001a1   Thumb Code    62  system_stm32f2xx.o(.text)
    SystemCoreClockUpdate                    0x080001df   Thumb Code   108  system_stm32f2xx.o(.text)
    Reset_Handler                            0x080002fd   Thumb Code     8  startup_stm32f2xx.o(.text)
    ADC_IRQHandler                           0x08000317   Thumb Code     0  startup_stm32f2xx.o(.text)
    CAN1_RX0_IRQHandler                      0x08000317   Thumb Code     0  startup_stm32f2xx.o(.text)
    CAN1_RX1_IRQHandler                      0x08000317   Thumb Code     0  startup_stm32f2xx.o(.text)
    CAN1_SCE_IRQHandler                      0x08000317   Thumb Code     0  startup_stm32f2xx.o(.text)
    CAN1_TX_IRQHandler                       0x08000317   Thumb Code     0  startup_stm32f2xx.o(.text)
    CAN2_RX0_IRQHandler                      0x08000317   Thumb Code     0  startup_stm32f2xx.o(.text)
    CAN2_RX1_IRQHandler                      0x08000317   Thumb Code     0  startup_stm32f2xx.o(.text)
    CAN2_SCE_IRQHandler                      0x08000317   Thumb Code     0  startup_stm32f2xx.o(.text)
    CAN2_TX_IRQHandler                       0x08000317   Thumb Code     0  startup_stm32f2xx.o(.text)
    CRYP_IRQHandler                          0x08000317   Thumb Code     0  startup_stm32f2xx.o(.text)
    DCMI_IRQHandler                          0x08000317   Thumb Code     0  startup_stm32f2xx.o(.text)
    DMA1_Stream0_IRQHandler                  0x08000317   Thumb Code     0  startup_stm32f2xx.o(.text)
    DMA1_Stream1_IRQHandler                  0x08000317   Thumb Code     0  startup_stm32f2xx.o(.text)
    DMA1_Stream2_IRQHandler                  0x08000317   Thumb Code     0  startup_stm32f2xx.o(.text)
    DMA1_Stream3_IRQHandler                  0x08000317   Thumb Code     0  startup_stm32f2xx.o(.text)
    DMA1_Stream4_IRQHandler                  0x08000317   Thumb Code     0  startup_stm32f2xx.o(.text)
    DMA1_Stream7_IRQHandler                  0x08000317   Thumb Code     0  startup_stm32f2xx.o(.text)
    DMA2_Stream0_IRQHandler                  0x08000317   Thumb Code     0  startup_stm32f2xx.o(.text)
    DMA2_Stream1_IRQHandler                  0x08000317   Thumb Code     0  startup_stm32f2xx.o(.text)
    DMA2_Stream2_IRQHandler                  0x08000317   Thumb Code     0  startup_stm32f2xx.o(.text)
    DMA2_Stream4_IRQHandler                  0x08000317   Thumb Code     0  startup_stm32f2xx.o(.text)
    DMA2_Stream5_IRQHandler                  0x08000317   Thumb Code     0  startup_stm32f2xx.o(.text)
    DMA2_Stream6_IRQHandler                  0x08000317   Thumb Code     0  startup_stm32f2xx.o(.text)
    DMA2_Stream7_IRQHandler                  0x08000317   Thumb Code     0  startup_stm32f2xx.o(.text)
    ETH_WKUP_IRQHandler                      0x08000317   Thumb Code     0  startup_stm32f2xx.o(.text)
    EXTI0_IRQHandler                         0x08000317   Thumb Code     0  startup_stm32f2xx.o(.text)
    EXTI15_10_IRQHandler                     0x08000317   Thumb Code     0  startup_stm32f2xx.o(.text)
    EXTI1_IRQHandler                         0x08000317   Thumb Code     0  startup_stm32f2xx.o(.text)
    EXTI2_IRQHandler                         0x08000317   Thumb Code     0  startup_stm32f2xx.o(.text)
    EXTI3_IRQHandler                         0x08000317   Thumb Code     0  startup_stm32f2xx.o(.text)
    EXTI4_IRQHandler                         0x08000317   Thumb Code     0  startup_stm32f2xx.o(.text)
    EXTI9_5_IRQHandler                       0x08000317   Thumb Code     0  startup_stm32f2xx.o(.text)
    FLASH_IRQHandler                         0x08000317   Thumb Code     0  startup_stm32f2xx.o(.text)
    FSMC_IRQHandler                          0x08000317   Thumb Code     0  startup_stm32f2xx.o(.text)
    HASH_RNG_IRQHandler                      0x08000317   Thumb Code     0  startup_stm32f2xx.o(.text)
    I2C1_ER_IRQHandler                       0x08000317   Thumb Code     0  startup_stm32f2xx.o(.text)
    I2C1_EV_IRQHandler                       0x08000317   Thumb Code     0  startup_stm32f2xx.o(.text)
    I2C2_ER_IRQHandler                       0x08000317   Thumb Code     0  startup_stm32f2xx.o(.text)
    I2C2_EV_IRQHandler                       0x08000317   Thumb Code     0  startup_stm32f2xx.o(.text)
    I2C3_ER_IRQHandler                       0x08000317   Thumb Code     0  startup_stm32f2xx.o(.text)
    I2C3_EV_IRQHandler                       0x08000317   Thumb Code     0  startup_stm32f2xx.o(.text)
    OTG_FS_IRQHandler                        0x08000317   Thumb Code     0  startup_stm32f2xx.o(.text)
    OTG_FS_WKUP_IRQHandler                   0x08000317   Thumb Code     0  startup_stm32f2xx.o(.text)
    OTG_HS_EP1_IN_IRQHandler                 0x08000317   Thumb Code     0  startup_stm32f2xx.o(.text)
    OTG_HS_EP1_OUT_IRQHandler                0x08000317   Thumb Code     0  startup_stm32f2xx.o(.text)
    OTG_HS_IRQHandler                        0x08000317   Thumb Code     0  startup_stm32f2xx.o(.text)
    OTG_HS_WKUP_IRQHandler                   0x08000317   Thumb Code     0  startup_stm32f2xx.o(.text)
    PVD_IRQHandler                           0x08000317   Thumb Code     0  startup_stm32f2xx.o(.text)
    RCC_IRQHandler                           0x08000317   Thumb Code     0  startup_stm32f2xx.o(.text)
    RTC_Alarm_IRQHandler                     0x08000317   Thumb Code     0  startup_stm32f2xx.o(.text)
    RTC_WKUP_IRQHandler                      0x08000317   Thumb Code     0  startup_stm32f2xx.o(.text)
    SPI1_IRQHandler                          0x08000317   Thumb Code     0  startup_stm32f2xx.o(.text)
    SPI2_IRQHandler                          0x08000317   Thumb Code     0  startup_stm32f2xx.o(.text)
    SPI3_IRQHandler                          0x08000317   Thumb Code     0  startup_stm32f2xx.o(.text)
    TAMP_STAMP_IRQHandler                    0x08000317   Thumb Code     0  startup_stm32f2xx.o(.text)
    TIM1_BRK_TIM9_IRQHandler                 0x08000317   Thumb Code     0  startup_stm32f2xx.o(.text)
    TIM1_CC_IRQHandler                       0x08000317   Thumb Code     0  startup_stm32f2xx.o(.text)
    TIM1_TRG_COM_TIM11_IRQHandler            0x08000317   Thumb Code     0  startup_stm32f2xx.o(.text)
    TIM1_UP_TIM10_IRQHandler                 0x08000317   Thumb Code     0  startup_stm32f2xx.o(.text)
    TIM2_IRQHandler                          0x08000317   Thumb Code     0  startup_stm32f2xx.o(.text)
    TIM3_IRQHandler                          0x08000317   Thumb Code     0  startup_stm32f2xx.o(.text)
    TIM4_IRQHandler                          0x08000317   Thumb Code     0  startup_stm32f2xx.o(.text)
    TIM5_IRQHandler                          0x08000317   Thumb Code     0  startup_stm32f2xx.o(.text)
    TIM6_DAC_IRQHandler                      0x08000317   Thumb Code     0  startup_stm32f2xx.o(.text)
    TIM7_IRQHandler                          0x08000317   Thumb Code     0  startup_stm32f2xx.o(.text)
    TIM8_BRK_TIM12_IRQHandler                0x08000317   Thumb Code     0  startup_stm32f2xx.o(.text)
    TIM8_CC_IRQHandler                       0x08000317   Thumb Code     0  startup_stm32f2xx.o(.text)
    TIM8_TRG_COM_TIM14_IRQHandler            0x08000317   Thumb Code     0  startup_stm32f2xx.o(.text)
    TIM8_UP_TIM13_IRQHandler                 0x08000317   Thumb Code     0  startup_stm32f2xx.o(.text)
    UART4_IRQHandler                         0x08000317   Thumb Code     0  startup_stm32f2xx.o(.text)
    UART5_IRQHandler                         0x08000317   Thumb Code     0  startup_stm32f2xx.o(.text)
    USART1_IRQHandler                        0x08000317   Thumb Code     0  startup_stm32f2xx.o(.text)
    USART3_IRQHandler                        0x08000317   Thumb Code     0  startup_stm32f2xx.o(.text)
    USART6_IRQHandler                        0x08000317   Thumb Code     0  startup_stm32f2xx.o(.text)
    WWDG_IRQHandler                          0x08000317   Thumb Code     0  startup_stm32f2xx.o(.text)
    Usr_Init                                 0x08000321   Thumb Code   100  main.o(.text)
    Soft_Version                             0x08000385   Thumb Code    50  main.o(.text)
    IWDG_Init                                0x080003b7   Thumb Code    52  main.o(.text)
    main                                     0x080003eb   Thumb Code    26  main.o(.text)
    iap_load_app                             0x08000405   Thumb Code    36  main.o(.text)
    NMI_Handler                              0x08000431   Thumb Code     2  stm32f2xx_it.o(.text)
    HardFault_Handler                        0x08000433   Thumb Code     2  stm32f2xx_it.o(.text)
    MemManage_Handler                        0x08000435   Thumb Code     2  stm32f2xx_it.o(.text)
    BusFault_Handler                         0x08000437   Thumb Code     2  stm32f2xx_it.o(.text)
    UsageFault_Handler                       0x08000439   Thumb Code     2  stm32f2xx_it.o(.text)
    SVC_Handler                              0x0800043b   Thumb Code     2  stm32f2xx_it.o(.text)
    DebugMon_Handler                         0x0800043d   Thumb Code     2  stm32f2xx_it.o(.text)
    PendSV_Handler                           0x0800043f   Thumb Code     2  stm32f2xx_it.o(.text)
    SysTick_Handler                          0x08000441   Thumb Code     2  stm32f2xx_it.o(.text)
    ETH_IRQHandler                           0x08000443   Thumb Code     2  stm32f2xx_it.o(.text)
    USART2_IRQHandler                        0x08000445   Thumb Code     2  stm32f2xx_it.o(.text)
    SDIO_IRQHandler                          0x08000447   Thumb Code     4  stm32f2xx_it.o(.text)
    DMA1_Stream6_IRQHandler                  0x0800044b   Thumb Code     2  stm32f2xx_it.o(.text)
    DMA1_Stream5_IRQHandler                  0x0800044d   Thumb Code     2  stm32f2xx_it.o(.text)
    DMA2_Stream3_IRQHandler                  0x0800044f   Thumb Code     4  stm32f2xx_it.o(.text)
    Do_Update_Erase                          0x080004e7   Thumb Code    58  update_program.o(.text)
    Do_Update_WriteAndCheck                  0x08000521   Thumb Code   116  update_program.o(.text)
    md5_starts                               0x080005c9   Thumb Code    28  md5.o(.text)
    md5_update                               0x08000d59   Thumb Code   112  md5.o(.text)
    md5_finish                               0x08000dc9   Thumb Code   190  md5.o(.text)
    md5                                      0x08000e87   Thumb Code    44  md5.o(.text)
    md5_file                                 0x08000eb3   Thumb Code   114  md5.o(.text)
    md5_hmac_starts                          0x08000f25   Thumb Code   106  md5.o(.text)
    md5_hmac_update                          0x08000f8f   Thumb Code     2  md5.o(.text)
    md5_hmac_finish                          0x08000f91   Thumb Code   196  md5.o(.text)
    md5_hmac                                 0x08001055   Thumb Code    50  md5.o(.text)
    FlashInit                                0x08001089   Thumb Code   222  flash.o(.text)
    FlashBufferWrite                         0x080011f7   Thumb Code   186  flash.o(.text)
    FlashBufferRead                          0x080012b1   Thumb Code    84  flash.o(.text)
    FlashSectorErase                         0x08001305   Thumb Code    84  flash.o(.text)
    FlashReadID                              0x08001359   Thumb Code    70  flash.o(.text)
    Flash_SoftWrite                          0x080013f9   Thumb Code    10  usr_flash.o(.text)
    Read_SoftLen                             0x08001403   Thumb Code    10  usr_flash.o(.text)
    Read_Update_toCheck                      0x0800140d   Thumb Code    82  usr_flash.o(.text)
    Read_Update_toUpdate                     0x0800145f   Thumb Code    54  usr_flash.o(.text)
    Soft_Clean                               0x08001495   Thumb Code    44  usr_flash.o(.text)
    Flash_Func                               0x080014c1   Thumb Code    82  usr_flash.o(.text)
    Read_MD5                                 0x0800152d   Thumb Code    52  usr_sd.o(.text)
    Read_UpdateBin_toUpdate                  0x08001561   Thumb Code   104  usr_sd.o(.text)
    Read_UpdateBin_toCheck                   0x080015c9   Thumb Code   126  usr_sd.o(.text)
    Sd_Func                                  0x08001647   Thumb Code   128  usr_sd.o(.text)
    DMA_DeInit                               0x08001705   Thumb Code   272  stm32f2xx_dma.o(.text)
    DMA_Init                                 0x08001815   Thumb Code    80  stm32f2xx_dma.o(.text)
    DMA_StructInit                           0x08001865   Thumb Code    34  stm32f2xx_dma.o(.text)
    DMA_Cmd                                  0x08001887   Thumb Code    20  stm32f2xx_dma.o(.text)
    DMA_PeriphIncOffsetSizeConfig            0x0800189b   Thumb Code    20  stm32f2xx_dma.o(.text)
    DMA_FlowControllerConfig                 0x080018af   Thumb Code    20  stm32f2xx_dma.o(.text)
    DMA_SetCurrDataCounter                   0x080018c3   Thumb Code     4  stm32f2xx_dma.o(.text)
    DMA_GetCurrDataCounter                   0x080018c7   Thumb Code     6  stm32f2xx_dma.o(.text)
    DMA_DoubleBufferModeConfig               0x080018cd   Thumb Code    22  stm32f2xx_dma.o(.text)
    DMA_DoubleBufferModeCmd                  0x080018e3   Thumb Code    20  stm32f2xx_dma.o(.text)
    DMA_MemoryTargetConfig                   0x080018f7   Thumb Code    10  stm32f2xx_dma.o(.text)
    DMA_GetCurrentMemoryTarget               0x08001901   Thumb Code    14  stm32f2xx_dma.o(.text)
    DMA_GetCmdStatus                         0x0800190f   Thumb Code    14  stm32f2xx_dma.o(.text)
    DMA_GetFIFOStatus                        0x0800191d   Thumb Code     8  stm32f2xx_dma.o(.text)
    DMA_GetFlagStatus                        0x08001925   Thumb Code    42  stm32f2xx_dma.o(.text)
    DMA_ClearFlag                            0x0800194f   Thumb Code    34  stm32f2xx_dma.o(.text)
    DMA_ITConfig                             0x08001971   Thumb Code    44  stm32f2xx_dma.o(.text)
    DMA_GetITStatus                          0x0800199d   Thumb Code    70  stm32f2xx_dma.o(.text)
    DMA_ClearITPendingBit                    0x080019e3   Thumb Code    34  stm32f2xx_dma.o(.text)
    GPIO_DeInit                              0x08001a25   Thumb Code   192  stm32f2xx_gpio.o(.text)
    GPIO_Init                                0x08001ae5   Thumb Code   162  stm32f2xx_gpio.o(.text)
    GPIO_StructInit                          0x08001b87   Thumb Code    18  stm32f2xx_gpio.o(.text)
    GPIO_PinLockConfig                       0x08001b99   Thumb Code    24  stm32f2xx_gpio.o(.text)
    GPIO_ReadInputDataBit                    0x08001bb1   Thumb Code    14  stm32f2xx_gpio.o(.text)
    GPIO_ReadInputData                       0x08001bbf   Thumb Code     6  stm32f2xx_gpio.o(.text)
    GPIO_ReadOutputDataBit                   0x08001bc5   Thumb Code    14  stm32f2xx_gpio.o(.text)
    GPIO_ReadOutputData                      0x08001bd3   Thumb Code     6  stm32f2xx_gpio.o(.text)
    GPIO_SetBits                             0x08001bd9   Thumb Code     4  stm32f2xx_gpio.o(.text)
    GPIO_ResetBits                           0x08001bdd   Thumb Code     4  stm32f2xx_gpio.o(.text)
    GPIO_WriteBit                            0x08001be1   Thumb Code    10  stm32f2xx_gpio.o(.text)
    GPIO_Write                               0x08001beb   Thumb Code     4  stm32f2xx_gpio.o(.text)
    GPIO_ToggleBits                          0x08001bef   Thumb Code     8  stm32f2xx_gpio.o(.text)
    GPIO_PinAFConfig                         0x08001bf7   Thumb Code    32  stm32f2xx_gpio.o(.text)
    RCC_DeInit                               0x08001c3d   Thumb Code    48  stm32f2xx_rcc.o(.text)
    RCC_HSEConfig                            0x08001c6d   Thumb Code    12  stm32f2xx_rcc.o(.text)
    RCC_GetFlagStatus                        0x08001c79   Thumb Code    46  stm32f2xx_rcc.o(.text)
    RCC_WaitForHSEStartUp                    0x08001ca7   Thumb Code    44  stm32f2xx_rcc.o(.text)
    RCC_AdjustHSICalibrationValue            0x08001cd3   Thumb Code    16  stm32f2xx_rcc.o(.text)
    RCC_HSICmd                               0x08001ce3   Thumb Code     6  stm32f2xx_rcc.o(.text)
    RCC_LSEConfig                            0x08001ce9   Thumb Code    24  stm32f2xx_rcc.o(.text)
    RCC_LSICmd                               0x08001d01   Thumb Code     6  stm32f2xx_rcc.o(.text)
    RCC_PLLConfig                            0x08001d07   Thumb Code    32  stm32f2xx_rcc.o(.text)
    RCC_PLLCmd                               0x08001d27   Thumb Code     6  stm32f2xx_rcc.o(.text)
    RCC_PLLI2SConfig                         0x08001d2d   Thumb Code    14  stm32f2xx_rcc.o(.text)
    RCC_PLLI2SCmd                            0x08001d3b   Thumb Code     6  stm32f2xx_rcc.o(.text)
    RCC_ClockSecuritySystemCmd               0x08001d41   Thumb Code     6  stm32f2xx_rcc.o(.text)
    RCC_MCO1Config                           0x08001d47   Thumb Code    18  stm32f2xx_rcc.o(.text)
    RCC_MCO2Config                           0x08001d59   Thumb Code    18  stm32f2xx_rcc.o(.text)
    RCC_SYSCLKConfig                         0x08001d6b   Thumb Code    16  stm32f2xx_rcc.o(.text)
    RCC_GetSYSCLKSource                      0x08001d7b   Thumb Code    12  stm32f2xx_rcc.o(.text)
    RCC_HCLKConfig                           0x08001d87   Thumb Code    16  stm32f2xx_rcc.o(.text)
    RCC_PCLK1Config                          0x08001d97   Thumb Code    16  stm32f2xx_rcc.o(.text)
    RCC_PCLK2Config                          0x08001da7   Thumb Code    18  stm32f2xx_rcc.o(.text)
    RCC_GetClocksFreq                        0x08001db9   Thumb Code   134  stm32f2xx_rcc.o(.text)
    RCC_RTCCLKConfig                         0x08001e3f   Thumb Code    42  stm32f2xx_rcc.o(.text)
    RCC_RTCCLKCmd                            0x08001e69   Thumb Code     8  stm32f2xx_rcc.o(.text)
    RCC_BackupResetCmd                       0x08001e71   Thumb Code     8  stm32f2xx_rcc.o(.text)
    RCC_I2SCLKConfig                         0x08001e79   Thumb Code     8  stm32f2xx_rcc.o(.text)
    RCC_AHB1PeriphClockCmd                   0x08001e81   Thumb Code    20  stm32f2xx_rcc.o(.text)
    RCC_AHB2PeriphClockCmd                   0x08001e95   Thumb Code    20  stm32f2xx_rcc.o(.text)
    RCC_AHB3PeriphClockCmd                   0x08001ea9   Thumb Code    20  stm32f2xx_rcc.o(.text)
    RCC_APB1PeriphClockCmd                   0x08001ebd   Thumb Code    20  stm32f2xx_rcc.o(.text)
    RCC_APB2PeriphClockCmd                   0x08001ed1   Thumb Code    20  stm32f2xx_rcc.o(.text)
    RCC_AHB1PeriphResetCmd                   0x08001ee5   Thumb Code    20  stm32f2xx_rcc.o(.text)
    RCC_AHB2PeriphResetCmd                   0x08001ef9   Thumb Code    20  stm32f2xx_rcc.o(.text)
    RCC_AHB3PeriphResetCmd                   0x08001f0d   Thumb Code    20  stm32f2xx_rcc.o(.text)
    RCC_APB1PeriphResetCmd                   0x08001f21   Thumb Code    20  stm32f2xx_rcc.o(.text)
    RCC_APB2PeriphResetCmd                   0x08001f35   Thumb Code    20  stm32f2xx_rcc.o(.text)
    RCC_AHB1PeriphClockLPModeCmd             0x08001f49   Thumb Code    20  stm32f2xx_rcc.o(.text)
    RCC_AHB2PeriphClockLPModeCmd             0x08001f5d   Thumb Code    20  stm32f2xx_rcc.o(.text)
    RCC_AHB3PeriphClockLPModeCmd             0x08001f71   Thumb Code    20  stm32f2xx_rcc.o(.text)
    RCC_APB1PeriphClockLPModeCmd             0x08001f85   Thumb Code    20  stm32f2xx_rcc.o(.text)
    RCC_APB2PeriphClockLPModeCmd             0x08001f99   Thumb Code    20  stm32f2xx_rcc.o(.text)
    RCC_ITConfig                             0x08001fad   Thumb Code    20  stm32f2xx_rcc.o(.text)
    RCC_ClearFlag                            0x08001fc1   Thumb Code    14  stm32f2xx_rcc.o(.text)
    RCC_GetITStatus                          0x08001fcf   Thumb Code    18  stm32f2xx_rcc.o(.text)
    RCC_ClearITPendingBit                    0x08001fe1   Thumb Code     8  stm32f2xx_rcc.o(.text)
    SDIO_DeInit                              0x08002011   Thumb Code    24  stm32f2xx_sdio.o(.text)
    SDIO_Init                                0x08002029   Thumb Code    40  stm32f2xx_sdio.o(.text)
    SDIO_StructInit                          0x08002051   Thumb Code    16  stm32f2xx_sdio.o(.text)
    SDIO_ClockCmd                            0x08002061   Thumb Code     8  stm32f2xx_sdio.o(.text)
    SDIO_SetPowerState                       0x08002069   Thumb Code     8  stm32f2xx_sdio.o(.text)
    SDIO_GetPowerState                       0x08002071   Thumb Code    12  stm32f2xx_sdio.o(.text)
    SDIO_SendCommand                         0x0800207d   Thumb Code    38  stm32f2xx_sdio.o(.text)
    SDIO_CmdStructInit                       0x080020a3   Thumb Code    14  stm32f2xx_sdio.o(.text)
    SDIO_GetCommandResponse                  0x080020b1   Thumb Code    10  stm32f2xx_sdio.o(.text)
    SDIO_GetResponse                         0x080020bb   Thumb Code    14  stm32f2xx_sdio.o(.text)
    SDIO_DataConfig                          0x080020c9   Thumb Code    44  stm32f2xx_sdio.o(.text)
    SDIO_DataStructInit                      0x080020f5   Thumb Code    20  stm32f2xx_sdio.o(.text)
    SDIO_GetDataCounter                      0x08002109   Thumb Code     8  stm32f2xx_sdio.o(.text)
    SDIO_ReadData                            0x08002111   Thumb Code     8  stm32f2xx_sdio.o(.text)
    SDIO_WriteData                           0x08002119   Thumb Code     8  stm32f2xx_sdio.o(.text)
    SDIO_GetFIFOCount                        0x08002121   Thumb Code     8  stm32f2xx_sdio.o(.text)
    SDIO_StartSDIOReadWait                   0x08002129   Thumb Code     6  stm32f2xx_sdio.o(.text)
    SDIO_StopSDIOReadWait                    0x0800212f   Thumb Code     8  stm32f2xx_sdio.o(.text)
    SDIO_SetSDIOReadWaitMode                 0x08002137   Thumb Code     8  stm32f2xx_sdio.o(.text)
    SDIO_SetSDIOOperation                    0x0800213f   Thumb Code     8  stm32f2xx_sdio.o(.text)
    SDIO_SendSDIOSuspendCmd                  0x08002147   Thumb Code     8  stm32f2xx_sdio.o(.text)
    SDIO_CommandCompletionCmd                0x0800214f   Thumb Code     8  stm32f2xx_sdio.o(.text)
    SDIO_CEATAITCmd                          0x08002157   Thumb Code    12  stm32f2xx_sdio.o(.text)
    SDIO_SendCEATACmd                        0x08002163   Thumb Code     8  stm32f2xx_sdio.o(.text)
    SDIO_DMACmd                              0x0800216b   Thumb Code     8  stm32f2xx_sdio.o(.text)
    SDIO_ITConfig                            0x08002173   Thumb Code    20  stm32f2xx_sdio.o(.text)
    SDIO_GetFlagStatus                       0x08002187   Thumb Code    18  stm32f2xx_sdio.o(.text)
    SDIO_ClearFlag                           0x08002199   Thumb Code     8  stm32f2xx_sdio.o(.text)
    SDIO_GetITStatus                         0x080021a1   Thumb Code    18  stm32f2xx_sdio.o(.text)
    SDIO_ClearITPendingBit                   0x080021b3   Thumb Code     8  stm32f2xx_sdio.o(.text)
    SPI_I2S_DeInit                           0x080021c9   Thumb Code    72  stm32f2xx_spi.o(.text)
    SPI_Init                                 0x08002211   Thumb Code    56  stm32f2xx_spi.o(.text)
    I2S_Init                                 0x08002249   Thumb Code   190  stm32f2xx_spi.o(.text)
    SPI_StructInit                           0x08002307   Thumb Code    24  stm32f2xx_spi.o(.text)
    I2S_StructInit                           0x0800231f   Thumb Code    18  stm32f2xx_spi.o(.text)
    SPI_Cmd                                  0x08002331   Thumb Code    20  stm32f2xx_spi.o(.text)
    I2S_Cmd                                  0x08002345   Thumb Code    20  stm32f2xx_spi.o(.text)
    SPI_DataSizeConfig                       0x08002359   Thumb Code    16  stm32f2xx_spi.o(.text)
    SPI_BiDirectionalLineConfig              0x08002369   Thumb Code    22  stm32f2xx_spi.o(.text)
    SPI_NSSInternalSoftwareConfig            0x0800237f   Thumb Code    24  stm32f2xx_spi.o(.text)
    SPI_SSOutputCmd                          0x08002397   Thumb Code    20  stm32f2xx_spi.o(.text)
    SPI_TIModeCmd                            0x080023ab   Thumb Code    20  stm32f2xx_spi.o(.text)
    SPI_I2S_ReceiveData                      0x080023bf   Thumb Code     4  stm32f2xx_spi.o(.text)
    SPI_I2S_SendData                         0x080023c3   Thumb Code     4  stm32f2xx_spi.o(.text)
    SPI_CalculateCRC                         0x080023c7   Thumb Code    20  stm32f2xx_spi.o(.text)
    SPI_TransmitCRC                          0x080023db   Thumb Code    10  stm32f2xx_spi.o(.text)
    SPI_GetCRC                               0x080023e5   Thumb Code    12  stm32f2xx_spi.o(.text)
    SPI_GetCRCPolynomial                     0x080023f1   Thumb Code     4  stm32f2xx_spi.o(.text)
    SPI_I2S_DMACmd                           0x080023f5   Thumb Code    16  stm32f2xx_spi.o(.text)
    SPI_I2S_ITConfig                         0x08002405   Thumb Code    24  stm32f2xx_spi.o(.text)
    SPI_I2S_GetFlagStatus                    0x0800241d   Thumb Code    14  stm32f2xx_spi.o(.text)
    SPI_I2S_ClearFlag                        0x0800242b   Thumb Code     6  stm32f2xx_spi.o(.text)
    SPI_I2S_GetITStatus                      0x08002431   Thumb Code    42  stm32f2xx_spi.o(.text)
    SPI_I2S_ClearITPendingBit                0x0800245b   Thumb Code    14  stm32f2xx_spi.o(.text)
    USART_DeInit                             0x0800247d   Thumb Code   114  stm32f2xx_usart.o(.text)
    USART_Init                               0x080024ef   Thumb Code   164  stm32f2xx_usart.o(.text)
    USART_StructInit                         0x08002593   Thumb Code    22  stm32f2xx_usart.o(.text)
    USART_ClockInit                          0x080025a9   Thumb Code    28  stm32f2xx_usart.o(.text)
    USART_ClockStructInit                    0x080025c5   Thumb Code    12  stm32f2xx_usart.o(.text)
    USART_Cmd                                0x080025d1   Thumb Code    20  stm32f2xx_usart.o(.text)
    USART_SetPrescaler                       0x080025e5   Thumb Code    16  stm32f2xx_usart.o(.text)
    USART_OverSampling8Cmd                   0x080025f5   Thumb Code    20  stm32f2xx_usart.o(.text)
    USART_OneBitMethodCmd                    0x08002609   Thumb Code    20  stm32f2xx_usart.o(.text)
    USART_SendData                           0x0800261d   Thumb Code     8  stm32f2xx_usart.o(.text)
    USART_ReceiveData                        0x08002625   Thumb Code     8  stm32f2xx_usart.o(.text)
    USART_SetAddress                         0x0800262d   Thumb Code    16  stm32f2xx_usart.o(.text)
    USART_ReceiverWakeUpCmd                  0x0800263d   Thumb Code    20  stm32f2xx_usart.o(.text)
    USART_WakeUpConfig                       0x08002651   Thumb Code    16  stm32f2xx_usart.o(.text)
    USART_LINBreakDetectLengthConfig         0x08002661   Thumb Code    16  stm32f2xx_usart.o(.text)
    USART_LINCmd                             0x08002671   Thumb Code    20  stm32f2xx_usart.o(.text)
    USART_SendBreak                          0x08002685   Thumb Code    10  stm32f2xx_usart.o(.text)
    USART_HalfDuplexCmd                      0x0800268f   Thumb Code    20  stm32f2xx_usart.o(.text)
    USART_SetGuardTime                       0x080026a3   Thumb Code    16  stm32f2xx_usart.o(.text)
    USART_SmartCardCmd                       0x080026b3   Thumb Code    20  stm32f2xx_usart.o(.text)
    USART_SmartCardNACKCmd                   0x080026c7   Thumb Code    20  stm32f2xx_usart.o(.text)
    USART_IrDAConfig                         0x080026db   Thumb Code    16  stm32f2xx_usart.o(.text)
    USART_IrDACmd                            0x080026eb   Thumb Code    20  stm32f2xx_usart.o(.text)
    USART_DMACmd                             0x080026ff   Thumb Code    16  stm32f2xx_usart.o(.text)
    USART_ITConfig                           0x0800270f   Thumb Code    48  stm32f2xx_usart.o(.text)
    USART_GetFlagStatus                      0x0800273f   Thumb Code    14  stm32f2xx_usart.o(.text)
    USART_ClearFlag                          0x0800274d   Thumb Code     6  stm32f2xx_usart.o(.text)
    USART_GetITStatus                        0x08002753   Thumb Code    62  stm32f2xx_usart.o(.text)
    USART_ClearITPendingBit                  0x08002791   Thumb Code    12  stm32f2xx_usart.o(.text)
    NVIC_PriorityGroupConfig                 0x080027b5   Thumb Code    10  misc.o(.text)
    NVIC_Init                                0x080027bf   Thumb Code    96  misc.o(.text)
    NVIC_SetVectorTable                      0x0800281f   Thumb Code    14  misc.o(.text)
    NVIC_SystemLPConfig                      0x0800282d   Thumb Code    20  misc.o(.text)
    SysTick_CLKSourceConfig                  0x08002841   Thumb Code    24  misc.o(.text)
    SYSCFG_DeInit                            0x08002865   Thumb Code    24  stm32f2xx_syscfg.o(.text)
    SYSCFG_MemoryRemapConfig                 0x0800287d   Thumb Code     6  stm32f2xx_syscfg.o(.text)
    SYSCFG_EXTILineConfig                    0x08002883   Thumb Code    42  stm32f2xx_syscfg.o(.text)
    SYSCFG_ETH_MediaInterfaceConfig          0x080028ad   Thumb Code     8  stm32f2xx_syscfg.o(.text)
    SYSCFG_CompensationCellCmd               0x080028b5   Thumb Code     6  stm32f2xx_syscfg.o(.text)
    SYSCFG_GetCompensationCellStatus         0x080028bb   Thumb Code    16  stm32f2xx_syscfg.o(.text)
    FLASH_SetLatency                         0x080028dd   Thumb Code     6  stm32f2xx_flash.o(.text)
    FLASH_PrefetchBufferCmd                  0x080028e3   Thumb Code    22  stm32f2xx_flash.o(.text)
    FLASH_InstructionCacheCmd                0x080028f9   Thumb Code    22  stm32f2xx_flash.o(.text)
    FLASH_DataCacheCmd                       0x0800290f   Thumb Code    22  stm32f2xx_flash.o(.text)
    FLASH_InstructionCacheReset              0x08002925   Thumb Code    12  stm32f2xx_flash.o(.text)
    FLASH_DataCacheReset                     0x08002931   Thumb Code    12  stm32f2xx_flash.o(.text)
    FLASH_Unlock                             0x0800293d   Thumb Code    24  stm32f2xx_flash.o(.text)
    FLASH_Lock                               0x08002955   Thumb Code    14  stm32f2xx_flash.o(.text)
    FLASH_GetStatus                          0x08002963   Thumb Code    48  stm32f2xx_flash.o(.text)
    FLASH_WaitForLastOperation               0x08002993   Thumb Code    32  stm32f2xx_flash.o(.text)
    FLASH_EraseSector                        0x080029b3   Thumb Code   106  stm32f2xx_flash.o(.text)
    FLASH_EraseAllSectors                    0x08002a1d   Thumb Code    88  stm32f2xx_flash.o(.text)
    FLASH_ProgramDoubleWord                  0x08002a75   Thumb Code    62  stm32f2xx_flash.o(.text)
    FLASH_ProgramWord                        0x08002ab3   Thumb Code    58  stm32f2xx_flash.o(.text)
    FLASH_ProgramHalfWord                    0x08002aed   Thumb Code    58  stm32f2xx_flash.o(.text)
    FLASH_ProgramByte                        0x08002b27   Thumb Code    54  stm32f2xx_flash.o(.text)
    FLASH_OB_Unlock                          0x08002b5d   Thumb Code    24  stm32f2xx_flash.o(.text)
    FLASH_OB_Lock                            0x08002b75   Thumb Code    14  stm32f2xx_flash.o(.text)
    FLASH_OB_WRPConfig                       0x08002b83   Thumb Code    32  stm32f2xx_flash.o(.text)
    FLASH_OB_RDPConfig                       0x08002ba3   Thumb Code    20  stm32f2xx_flash.o(.text)
    FLASH_OB_UserConfig                      0x08002bb7   Thumb Code    36  stm32f2xx_flash.o(.text)
    FLASH_OB_BORConfig                       0x08002bdb   Thumb Code    20  stm32f2xx_flash.o(.text)
    FLASH_OB_Launch                          0x08002bef   Thumb Code    14  stm32f2xx_flash.o(.text)
    FLASH_OB_GetUser                         0x08002bfd   Thumb Code    12  stm32f2xx_flash.o(.text)
    FLASH_OB_GetWRP                          0x08002c09   Thumb Code     8  stm32f2xx_flash.o(.text)
    FLASH_OB_GetRDP                          0x08002c11   Thumb Code    16  stm32f2xx_flash.o(.text)
    FLASH_OB_GetBOR                          0x08002c21   Thumb Code    12  stm32f2xx_flash.o(.text)
    FLASH_ITConfig                           0x08002c2d   Thumb Code    20  stm32f2xx_flash.o(.text)
    FLASH_GetFlagStatus                      0x08002c41   Thumb Code    18  stm32f2xx_flash.o(.text)
    FLASH_ClearFlag                          0x08002c53   Thumb Code     8  stm32f2xx_flash.o(.text)
    EXTI_DeInit                              0x08002c71   Thumb Code    28  stm32f2xx_exti.o(.text)
    EXTI_Init                                0x08002c8d   Thumb Code   108  stm32f2xx_exti.o(.text)
    EXTI_StructInit                          0x08002cf9   Thumb Code    14  stm32f2xx_exti.o(.text)
    EXTI_GenerateSWInterrupt                 0x08002d07   Thumb Code    12  stm32f2xx_exti.o(.text)
    EXTI_GetFlagStatus                       0x08002d13   Thumb Code    18  stm32f2xx_exti.o(.text)
    EXTI_ClearFlag                           0x08002d25   Thumb Code     8  stm32f2xx_exti.o(.text)
    EXTI_GetITStatus                         0x08002d2d   Thumb Code    28  stm32f2xx_exti.o(.text)
    EXTI_ClearITPendingBit                   0x08002d49   Thumb Code     8  stm32f2xx_exti.o(.text)
    I2C_DeInit                               0x08002d59   Thumb Code    56  stm32f2xx_i2c.o(.text)
    I2C_Init                                 0x08002d91   Thumb Code   174  stm32f2xx_i2c.o(.text)
    I2C_StructInit                           0x08002e3f   Thumb Code    28  stm32f2xx_i2c.o(.text)
    I2C_Cmd                                  0x08002e5b   Thumb Code    20  stm32f2xx_i2c.o(.text)
    I2C_GenerateSTART                        0x08002e6f   Thumb Code    20  stm32f2xx_i2c.o(.text)
    I2C_GenerateSTOP                         0x08002e83   Thumb Code    20  stm32f2xx_i2c.o(.text)
    I2C_Send7bitAddress                      0x08002e97   Thumb Code    16  stm32f2xx_i2c.o(.text)
    I2C_AcknowledgeConfig                    0x08002ea7   Thumb Code    20  stm32f2xx_i2c.o(.text)
    I2C_OwnAddress2Config                    0x08002ebb   Thumb Code    16  stm32f2xx_i2c.o(.text)
    I2C_DualAddressCmd                       0x08002ecb   Thumb Code    20  stm32f2xx_i2c.o(.text)
    I2C_GeneralCallCmd                       0x08002edf   Thumb Code    20  stm32f2xx_i2c.o(.text)
    I2C_SoftwareResetCmd                     0x08002ef3   Thumb Code    20  stm32f2xx_i2c.o(.text)
    I2C_StretchClockCmd                      0x08002f07   Thumb Code    20  stm32f2xx_i2c.o(.text)
    I2C_FastModeDutyCycleConfig              0x08002f1b   Thumb Code    22  stm32f2xx_i2c.o(.text)
    I2C_NACKPositionConfig                   0x08002f31   Thumb Code    22  stm32f2xx_i2c.o(.text)
    I2C_SMBusAlertConfig                     0x08002f47   Thumb Code    22  stm32f2xx_i2c.o(.text)
    I2C_ARPCmd                               0x08002f5d   Thumb Code    20  stm32f2xx_i2c.o(.text)
    I2C_SendData                             0x08002f71   Thumb Code     4  stm32f2xx_i2c.o(.text)
    I2C_ReceiveData                          0x08002f75   Thumb Code     6  stm32f2xx_i2c.o(.text)
    I2C_TransmitPEC                          0x08002f7b   Thumb Code    20  stm32f2xx_i2c.o(.text)
    I2C_PECPositionConfig                    0x08002f8f   Thumb Code    22  stm32f2xx_i2c.o(.text)
    I2C_CalculatePEC                         0x08002fa5   Thumb Code    20  stm32f2xx_i2c.o(.text)
    I2C_GetPEC                               0x08002fb9   Thumb Code     6  stm32f2xx_i2c.o(.text)
    I2C_DMACmd                               0x08002fbf   Thumb Code    20  stm32f2xx_i2c.o(.text)
    I2C_DMALastTransferCmd                   0x08002fd3   Thumb Code    20  stm32f2xx_i2c.o(.text)
    I2C_ReadRegister                         0x08002fe7   Thumb Code    10  stm32f2xx_i2c.o(.text)
    I2C_ITConfig                             0x08002ff1   Thumb Code    16  stm32f2xx_i2c.o(.text)
    I2C_CheckEvent                           0x08003001   Thumb Code    24  stm32f2xx_i2c.o(.text)
    I2C_GetLastEvent                         0x08003019   Thumb Code    14  stm32f2xx_i2c.o(.text)
    I2C_GetFlagStatus                        0x08003027   Thumb Code    42  stm32f2xx_i2c.o(.text)
    I2C_ClearFlag                            0x08003051   Thumb Code     6  stm32f2xx_i2c.o(.text)
    I2C_GetITStatus                          0x08003057   Thumb Code    36  stm32f2xx_i2c.o(.text)
    I2C_ClearITPendingBit                    0x0800307b   Thumb Code     6  stm32f2xx_i2c.o(.text)
    IWDG_WriteAccessCmd                      0x08003095   Thumb Code     6  stm32f2xx_iwdg.o(.text)
    IWDG_SetPrescaler                        0x0800309b   Thumb Code     6  stm32f2xx_iwdg.o(.text)
    IWDG_SetReload                           0x080030a1   Thumb Code     6  stm32f2xx_iwdg.o(.text)
    IWDG_ReloadCounter                       0x080030a7   Thumb Code    10  stm32f2xx_iwdg.o(.text)
    IWDG_Enable                              0x080030b1   Thumb Code    10  stm32f2xx_iwdg.o(.text)
    IWDG_GetFlagStatus                       0x080030bb   Thumb Code    16  stm32f2xx_iwdg.o(.text)
    SD_DeInit                                0x080030d1   Thumb Code     4  stm32_eval_sdio_sd.o(.text)
    SD_EnableWideBusOperation                0x0800339f   Thumb Code   110  stm32_eval_sdio_sd.o(.text)
    SD_SelectDeselect                        0x0800340d   Thumb Code    38  stm32_eval_sdio_sd.o(.text)
    SD_GetCardInfo                           0x08003433   Thumb Code   590  stm32_eval_sdio_sd.o(.text)
    SD_InitializeCards                       0x080036af   Thumb Code   248  stm32_eval_sdio_sd.o(.text)
    SD_PowerON                               0x080037a7   Thumb Code   496  stm32_eval_sdio_sd.o(.text)
    SD_Init                                  0x08003997   Thumb Code   140  stm32_eval_sdio_sd.o(.text)
    SD_SendStatus                            0x08003a23   Thumb Code    66  stm32_eval_sdio_sd.o(.text)
    SD_Detect                                0x08003a65   Thumb Code    30  stm32_eval_sdio_sd.o(.text)
    SD_GetState                              0x08003a83   Thumb Code    34  stm32_eval_sdio_sd.o(.text)
    SD_GetStatus                             0x08003aa5   Thumb Code    26  stm32_eval_sdio_sd.o(.text)
    SD_PowerOFF                              0x08003abf   Thumb Code    14  stm32_eval_sdio_sd.o(.text)
    SD_SendSDStatus                          0x08003acd   Thumb Code   336  stm32_eval_sdio_sd.o(.text)
    SD_GetCardStatus                         0x08003c1d   Thumb Code   128  stm32_eval_sdio_sd.o(.text)
    SD_ReadBlock                             0x08003c9d   Thumb Code   164  stm32_eval_sdio_sd.o(.text)
    SD_ReadMultiBlocks                       0x08003d41   Thumb Code   196  stm32_eval_sdio_sd.o(.text)
    SD_StopTransfer                          0x08003e05   Thumb Code    36  stm32_eval_sdio_sd.o(.text)
    SD_WaitReadOperation                     0x08003e29   Thumb Code    88  stm32_eval_sdio_sd.o(.text)
    SD_WriteBlock                            0x08003e81   Thumb Code   160  stm32_eval_sdio_sd.o(.text)
    SD_WriteMultiBlocks                      0x08003f21   Thumb Code   244  stm32_eval_sdio_sd.o(.text)
    SD_WaitWriteOperation                    0x08004015   Thumb Code    88  stm32_eval_sdio_sd.o(.text)
    SD_GetTransferState                      0x0800406d   Thumb Code    14  stm32_eval_sdio_sd.o(.text)
    SD_Erase                                 0x080041b5   Thumb Code   268  stm32_eval_sdio_sd.o(.text)
    SD_ProcessIRQSrc                         0x080042c1   Thumb Code   140  stm32_eval_sdio_sd.o(.text)
    SD_ProcessDMAIRQ                         0x0800434d   Thumb Code    30  stm32_eval_sdio_sd.o(.text)
    convert_from_bytes_to_power_of_two       0x0800436b   Thumb Code    18  stm32_eval_sdio_sd.o(.text)
    STM_EVAL_LEDInit                         0x080043f9   Thumb Code    62  stm32_eval.o(.text)
    STM_EVAL_LEDOn                           0x08004437   Thumb Code    18  stm32_eval.o(.text)
    STM_EVAL_LEDOff                          0x08004449   Thumb Code    18  stm32_eval.o(.text)
    STM_EVAL_LEDToggle                       0x0800445b   Thumb Code    22  stm32_eval.o(.text)
    STM_EVAL_PBInit                          0x08004471   Thumb Code   154  stm32_eval.o(.text)
    STM_EVAL_PBGetState                      0x0800450b   Thumb Code    20  stm32_eval.o(.text)
    STM_EVAL_COMInit                         0x0800451f   Thumb Code   180  stm32_eval.o(.text)
    SD_LowLevel_DeInit                       0x080045d3   Thumb Code   142  stm32_eval.o(.text)
    SD_LowLevel_Init                         0x08004661   Thumb Code   178  stm32_eval.o(.text)
    SD_LowLevel_DMA_TxConfig                 0x08004713   Thumb Code   118  stm32_eval.o(.text)
    SD_LowLevel_DMA_RxConfig                 0x08004789   Thumb Code   142  stm32_eval.o(.text)
    SD_DMAEndOfTransferStatus                0x08004817   Thumb Code    10  stm32_eval.o(.text)
    sEE_LowLevel_DeInit                      0x08004821   Thumb Code   132  stm32_eval.o(.text)
    sEE_LowLevel_Init                        0x080048a5   Thumb Code   292  stm32_eval.o(.text)
    sEE_LowLevel_DMAConfig                   0x080049c9   Thumb Code    36  stm32_eval.o(.text)
    disk_initialize                          0x08004a0d   Thumb Code     4  diskio.o(.text)
    disk_status                              0x08004a11   Thumb Code    18  diskio.o(.text)
    disk_read                                0x08004a23   Thumb Code    48  diskio.o(.text)
    disk_write                               0x08004a53   Thumb Code    48  diskio.o(.text)
    get_fattime                              0x08004a83   Thumb Code     4  diskio.o(.text)
    disk_ioctl                               0x08004a87   Thumb Code    34  diskio.o(.text)
    clust2sect                               0x08004bcd   Thumb Code    24  ff.o(.text)
    get_fat                                  0x08004be5   Thumb Code   182  ff.o(.text)
    put_fat                                  0x08004c9b   Thumb Code   248  ff.o(.text)
    f_mount                                  0x0800555b   Thumb Code    52  ff.o(.text)
    f_open                                   0x0800558f   Thumb Code   308  ff.o(.text)
    f_read                                   0x080056c3   Thumb Code   334  ff.o(.text)
    f_write                                  0x08005811   Thumb Code   400  ff.o(.text)
    f_sync                                   0x080059a1   Thumb Code   152  ff.o(.text)
    f_close                                  0x08005a39   Thumb Code    18  ff.o(.text)
    f_lseek                                  0x08005a4b   Thumb Code   302  ff.o(.text)
    f_opendir                                0x08005b79   Thumb Code    92  ff.o(.text)
    f_readdir                                0x08005bd5   Thumb Code    76  ff.o(.text)
    f_stat                                   0x08005c21   Thumb Code    58  ff.o(.text)
    f_getfree                                0x08005c5b   Thumb Code   194  ff.o(.text)
    f_truncate                               0x08005d1d   Thumb Code   148  ff.o(.text)
    f_unlink                                 0x08005db1   Thumb Code   160  ff.o(.text)
    f_mkdir                                  0x08005e51   Thumb Code   348  ff.o(.text)
    f_chmod                                  0x08005fad   Thumb Code    74  ff.o(.text)
    f_utime                                  0x08005ff7   Thumb Code    80  ff.o(.text)
    f_rename                                 0x08006047   Thumb Code   250  ff.o(.text)
    __aeabi_memcpy                           0x08006185   Thumb Code    36  memcpya.o(.text)
    __aeabi_memcpy4                          0x08006185   Thumb Code     0  memcpya.o(.text)
    __aeabi_memcpy8                          0x08006185   Thumb Code     0  memcpya.o(.text)
    __aeabi_memset                           0x080061a9   Thumb Code    14  memseta.o(.text)
    __aeabi_memset4                          0x080061a9   Thumb Code     0  memseta.o(.text)
    __aeabi_memset8                          0x080061a9   Thumb Code     0  memseta.o(.text)
    __aeabi_memclr                           0x080061b7   Thumb Code     4  memseta.o(.text)
    __aeabi_memclr4                          0x080061b7   Thumb Code     0  memseta.o(.text)
    __aeabi_memclr8                          0x080061b7   Thumb Code     0  memseta.o(.text)
    _memset$wrapper                          0x080061bb   Thumb Code    18  memseta.o(.text)
    memcmp                                   0x080061cd   Thumb Code    26  memcmp.o(.text)
    fgetc                                    0x080061e7   Thumb Code     8  fgetc.o(.text)
    __scatterload                            0x080061f1   Thumb Code    28  init.o(.text)
    __scatterload_rt2                        0x080061f1   Thumb Code     0  init.o(.text)
    __I$use$semihosting$fgetc                0x08006215   Thumb Code     0  iusesemig.o(.text)
    __scatterload_copy                       0x08006215   Thumb Code    14  handlers.o(i.__scatterload_copy)
    __semihosting_library_function           0x08006215   Thumb Code     0  semi.o(.text)
    __scatterload_null                       0x08006223   Thumb Code     2  handlers.o(i.__scatterload_null)
    __scatterload_zeroinit                   0x08006225   Thumb Code    14  handlers.o(i.__scatterload_zeroinit)
    fread                                    0x08006233   Thumb Code    52  fread.o(i.fread)
    COM_TX_PIN_SOURCE                        0x080062a8   Data           1  stm32_eval.o(.constdata)
    COM_RX_PIN_SOURCE                        0x080062a9   Data           1  stm32_eval.o(.constdata)
    COM_TX_AF                                0x080062aa   Data           1  stm32_eval.o(.constdata)
    COM_RX_AF                                0x080062ab   Data           1  stm32_eval.o(.constdata)
    COM_TX_PIN                               0x080062ac   Data           2  stm32_eval.o(.constdata)
    COM_RX_PIN                               0x080062ae   Data           2  stm32_eval.o(.constdata)
    BUTTON_PORT_SOURCE                       0x080062b0   Data           3  stm32_eval.o(.constdata)
    BUTTON_PIN_SOURCE                        0x080062b3   Data           3  stm32_eval.o(.constdata)
    BUTTON_IRQn                              0x080062b6   Data           3  stm32_eval.o(.constdata)
    COM_USART_CLK                            0x080062bc   Data           4  stm32_eval.o(.constdata)
    COM_TX_PORT_CLK                          0x080062c0   Data           4  stm32_eval.o(.constdata)
    COM_RX_PORT_CLK                          0x080062c4   Data           4  stm32_eval.o(.constdata)
    BUTTON_PIN                               0x080062c8   Data           6  stm32_eval.o(.constdata)
    BUTTON_EXTI_LINE                         0x080062ce   Data           6  stm32_eval.o(.constdata)
    GPIO_PIN                                 0x080062d4   Data           8  stm32_eval.o(.constdata)
    GPIO_CLK                                 0x080062dc   Data          16  stm32_eval.o(.constdata)
    BUTTON_CLK                               0x080062ec   Data          12  stm32_eval.o(.constdata)
    Region$$Table$$Base                      0x080062f8   Number         0  anon$$obj.o(Region$$Table)
    Region$$Table$$Limit                     0x08006318   Number         0  anon$$obj.o(Region$$Table)
    SystemCoreClock                          0x20000000   Data           4  system_stm32f2xx.o(.data)
    AHBPrescTable                            0x20000004   Data          16  system_stm32f2xx.o(.data)
    temp_size                                0x20000014   Data           4  main.o(.data)
    check_err                                0x20000018   Data           4  main.o(.data)
    soft_len                                 0x2000001c   Data           4  main.o(.data)
    iap_version                              0x20000020   Data           4  main.o(.data)
    jump2app                                 0x20000024   Data           4  main.o(.data)
    data8                                    0x20000028   Data           1  update_program.o(.data)
    MemoryProgramStatus                      0x20000029   Data           1  update_program.o(.data)
    StartSector                              0x2000002c   Data           4  update_program.o(.data)
    EndSector                                0x20000030   Data           4  update_program.o(.data)
    Address                                  0x20000034   Data           4  update_program.o(.data)
    SectorCounter                            0x20000038   Data           4  update_program.o(.data)
    sd_update                                0x2000003c   Data           1  usr_sd.o(.data)
    br                                       0x20000040   Data           4  usr_sd.o(.data)
    TransferError                            0x20000054   Data           1  stm32_eval_sdio_sd.o(.data)
    StopCondition                            0x20000060   Data           4  stm32_eval_sdio_sd.o(.data)
    TransferEnd                              0x20000064   Data           4  stm32_eval_sdio_sd.o(.data)
    DMAEndOfTransfer                         0x20000068   Data           4  stm32_eval_sdio_sd.o(.data)
    COM_USART                                0x2000006c   Data           4  stm32_eval.o(.data)
    COM_TX_PORT                              0x20000070   Data           4  stm32_eval.o(.data)
    COM_RX_PORT                              0x20000074   Data           4  stm32_eval.o(.data)
    NVIC_InitStructure                       0x20000078   Data           4  stm32_eval.o(.data)
    GPIO_PORT                                0x2000007c   Data          16  stm32_eval.o(.data)
    BUTTON_PORT                              0x2000008c   Data          12  stm32_eval.o(.data)
    temp                                     0x200000a0   Data         512  main.o(.bss)
    md5_read                                 0x200002a0   Data          16  main.o(.bss)
    md5_check                                0x200002b0   Data          16  main.o(.bss)
    ctx                                      0x200002c0   Data         216  usr_flash.o(.bss)
    fs                                       0x20000398   Data         560  usr_sd.o(.bss)
    md5_file1                                0x200005c8   Data         548  usr_sd.o(.bss)
    ctx1                                     0x200007ec   Data         216  usr_sd.o(.bss)
    SDCardInfo                               0x200008f4   Data          80  stm32_eval_sdio_sd.o(.bss)
    SDIO_InitStructure                       0x20000944   Data          24  stm32_eval_sdio_sd.o(.bss)
    SDIO_CmdInitStructure                    0x2000095c   Data          20  stm32_eval_sdio_sd.o(.bss)
    SDIO_DataInitStructure                   0x20000970   Data          24  stm32_eval_sdio_sd.o(.bss)
    sEEDMA_InitStructure                     0x20000988   Data          60  stm32_eval.o(.bss)
    __initial_sp                             0x20000dc8   Data           0  startup_stm32f2xx.o(STACK)



==============================================================================

Memory Map of the image

  Image Entry point : 0x08000185

  Load Region LR_IROM1 (Base: 0x08000000, Size: 0x000063b8, Max: 0x00040000, ABSOLUTE)

    Execution Region ER_IROM1 (Base: 0x08000000, Size: 0x00006318, Max: 0x00040000, ABSOLUTE)

    Base Addr    Size         Type   Attr      Idx    E Section Name        Object

    0x08000000   0x00000184   Data   RO          114    RESET               startup_stm32f2xx.o
    0x08000184   0x00000000   Code   RO          545  * .ARM.Collect$$$$00000000  mc_w.l(entry.o)
    0x08000184   0x00000004   Code   RO          564    .ARM.Collect$$$$00000001  mc_w.l(entry2.o)
    0x08000188   0x00000004   Code   RO          567    .ARM.Collect$$$$00000004  mc_w.l(entry5.o)
    0x0800018c   0x00000000   Code   RO          569    .ARM.Collect$$$$00000008  mc_w.l(entry7b.o)
    0x0800018c   0x00000000   Code   RO          571    .ARM.Collect$$$$0000000A  mc_w.l(entry8b.o)
    0x0800018c   0x00000008   Code   RO          572    .ARM.Collect$$$$0000000B  mc_w.l(entry9a.o)
    0x08000194   0x00000000   Code   RO          574    .ARM.Collect$$$$0000000D  mc_w.l(entry10a.o)
    0x08000194   0x00000000   Code   RO          576    .ARM.Collect$$$$0000000F  mc_w.l(entry11a.o)
    0x08000194   0x00000004   Code   RO          565    .ARM.Collect$$$$00002712  mc_w.l(entry2.o)
    0x08000198   0x00000006   Code   RO          120    .emb_text           main.o
    0x0800019e   0x00000002   PAD
    0x080001a0   0x0000015c   Code   RO            1    .text               system_stm32f2xx.o
    0x080002fc   0x00000024   Code   RO          115    .text               startup_stm32f2xx.o
    0x08000320   0x00000110   Code   RO          121    .text               main.o
    0x08000430   0x00000022   Code   RO          195    .text               stm32f2xx_it.o
    0x08000452   0x00000002   PAD
    0x08000454   0x00000174   Code   RO          213    .text               update_program.o
    0x080005c8   0x00000abe   Code   RO          232    .text               md5.o
    0x08001086   0x00000002   PAD
    0x08001088   0x00000370   Code   RO          254    .text               flash.o
    0x080013f8   0x00000134   Code   RO          266    .text               usr_flash.o
    0x0800152c   0x000001d8   Code   RO          282    .text               usr_sd.o
    0x08001704   0x00000320   Code   RO          303    .text               stm32f2xx_dma.o
    0x08001a24   0x00000218   Code   RO          315    .text               stm32f2xx_gpio.o
    0x08001c3c   0x000003d4   Code   RO          327    .text               stm32f2xx_rcc.o
    0x08002010   0x000001b8   Code   RO          341    .text               stm32f2xx_sdio.o
    0x080021c8   0x000002b4   Code   RO          353    .text               stm32f2xx_spi.o
    0x0800247c   0x00000338   Code   RO          365    .text               stm32f2xx_usart.o
    0x080027b4   0x000000b0   Code   RO          377    .text               misc.o
    0x08002864   0x00000078   Code   RO          389    .text               stm32f2xx_syscfg.o
    0x080028dc   0x00000394   Code   RO          401    .text               stm32f2xx_flash.o
    0x08002c70   0x000000e8   Code   RO          427    .text               stm32f2xx_exti.o
    0x08002d58   0x0000033c   Code   RO          439    .text               stm32f2xx_i2c.o
    0x08003094   0x0000003c   Code   RO          463    .text               stm32f2xx_iwdg.o
    0x080030d0   0x00001328   Code   RO          475    .text               stm32_eval_sdio_sd.o
    0x080043f8   0x00000614   Code   RO          492    .text               stm32_eval.o
    0x08004a0c   0x000000a0   Code   RO          515    .text               diskio.o
    0x08004aac   0x000016d8   Code   RO          527    .text               ff.o
    0x08006184   0x00000024   Code   RO          556    .text               mc_w.l(memcpya.o)
    0x080061a8   0x00000024   Code   RO          558    .text               mc_w.l(memseta.o)
    0x080061cc   0x0000001a   Code   RO          560    .text               mc_w.l(memcmp.o)
    0x080061e6   0x00000008   Code   RO          578    .text               mc_w.l(fgetc.o)
    0x080061ee   0x00000002   PAD
    0x080061f0   0x00000024   Code   RO          589    .text               mc_w.l(init.o)
    0x08006214   0x00000000   Code   RO          591    .text               mc_w.l(semi.o)
    0x08006214   0x00000000   Code   RO          592    .text               mc_w.l(iusesemig.o)
    0x08006214   0x0000000e   Code   RO          595    i.__scatterload_copy  mc_w.l(handlers.o)
    0x08006222   0x00000002   Code   RO          596    i.__scatterload_null  mc_w.l(handlers.o)
    0x08006224   0x0000000e   Code   RO          597    i.__scatterload_zeroinit  mc_w.l(handlers.o)
    0x08006232   0x00000034   Code   RO          548    i.fread             mc_w.l(fread.o)
    0x08006266   0x00000040   Data   RO          233    .constdata          md5.o
    0x080062a6   0x00000002   PAD
    0x080062a8   0x00000050   Data   RO          494    .constdata          stm32_eval.o
    0x080062f8   0x00000020   Data   RO          593    Region$$Table       anon$$obj.o


    Execution Region RW_IRAM1 (Base: 0x20000000, Size: 0x00000dc8, Max: 0x00020000, ABSOLUTE)

    Base Addr    Size         Type   Attr      Idx    E Section Name        Object

    0x20000000   0x00000014   Data   RW            2    .data               system_stm32f2xx.o
    0x20000014   0x00000004   Data   RW          125    .data               main.o
    0x20000018   0x00000004   Data   RW          126    .data               main.o
    0x2000001c   0x00000004   Data   RW          127    .data               main.o
    0x20000020   0x00000008   Data   RW          128    .data               main.o
    0x20000028   0x00000014   Data   RW          214    .data               update_program.o
    0x2000003c   0x00000008   Data   RW          287    .data               usr_sd.o
    0x20000044   0x00000010   Data   RW          328    .data               stm32f2xx_rcc.o
    0x20000054   0x00000018   Data   RW          477    .data               stm32_eval_sdio_sd.o
    0x2000006c   0x0000002c   Data   RW          495    .data               stm32_eval.o
    0x20000098   0x00000008   Data   RW          528    .data               ff.o
    0x200000a0   0x00000200   Zero   RW          122    .bss                main.o
    0x200002a0   0x00000010   Zero   RW          123    .bss                main.o
    0x200002b0   0x00000010   Zero   RW          124    .bss                main.o
    0x200002c0   0x000000d8   Zero   RW          267    .bss                usr_flash.o
    0x20000398   0x0000052c   Zero   RW          283    .bss                usr_sd.o
    0x200008c4   0x000000c4   Zero   RW          476    .bss                stm32_eval_sdio_sd.o
    0x20000988   0x0000003c   Zero   RW          493    .bss                stm32_eval.o
    0x200009c4   0x00000004   PAD
    0x200009c8   0x00000400   Zero   RW          112    STACK               startup_stm32f2xx.o


==============================================================================

Image component sizes


      Code (inc. data)   RO Data    RW Data    ZI Data      Debug   Object Name

       160          4          0          0          0       2270   diskio.o
      5848         38          0          8          0      20098   ff.o
       880         12          0          0          0       3158   flash.o
       278          8          0         20        544      11044   main.o
      2750        270         64          0          0       6591   md5.o
       176         12          0          0          0       1817   misc.o
        36          8        388          0       1024        800   startup_stm32f2xx.o
      1556         58         80         44         60       5911   stm32_eval.o
      4904         86          0         24        196      16058   stm32_eval_sdio_sd.o
       800         32          0          0          0       5953   stm32f2xx_dma.o
       232          8          0          0          0       2251   stm32f2xx_exti.o
       916         22          0          0          0       6359   stm32f2xx_flash.o
       536         38          0          0          0       3573   stm32f2xx_gpio.o
       828         20          0          0          0       7031   stm32f2xx_i2c.o
        34          0          0          0          0       7755   stm32f2xx_it.o
        60          6          0          0          0       1249   stm32f2xx_iwdg.o
       980         40          0         16          0       9899   stm32f2xx_rcc.o
       440         14          0          0          0       6860   stm32f2xx_sdio.o
       692         20          0          0          0       5660   stm32f2xx_spi.o
       120         18          0          0          0       1531   stm32f2xx_syscfg.o
       824         24          0          0          0       6664   stm32f2xx_usart.o
       348         38          0         20          0     282875   system_stm32f2xx.o
       372         52          0         20          0       1926   update_program.o
       308         26          0          0        216       1962   usr_flash.o
       472         62          0          8       1324       2127   usr_sd.o

    ----------------------------------------------------------------------
     24556        916        566        160       3368     421422   Object Totals
         0          0         32          0          0          0   (incl. Generated)
         6          0          2          0          4          0   (incl. Padding)

    ----------------------------------------------------------------------

      Code (inc. data)   RO Data    RW Data    ZI Data      Debug   Library Member Name

         0          0          0          0          0          0   entry.o
         0          0          0          0          0          0   entry10a.o
         0          0          0          0          0          0   entry11a.o
         8          4          0          0          0          0   entry2.o
         4          0          0          0          0          0   entry5.o
         0          0          0          0          0          0   entry7b.o
         0          0          0          0          0          0   entry8b.o
         8          4          0          0          0          0   entry9a.o
         8          0          0          0          0         68   fgetc.o
        52          0          0          0          0         88   fread.o
        30          0          0          0          0          0   handlers.o
        36          8          0          0          0         68   init.o
         0          0          0          0          0          0   iusesemig.o
        26          0          0          0          0         80   memcmp.o
        36          0          0          0          0         68   memcpya.o
        36          0          0          0          0        108   memseta.o
         0          0          0          0          0          0   semi.o

    ----------------------------------------------------------------------
       246         16          0          0          0        480   Library Totals
         2          0          0          0          0          0   (incl. Padding)

    ----------------------------------------------------------------------

      Code (inc. data)   RO Data    RW Data    ZI Data      Debug   Library Name

       244         16          0          0          0        480   mc_w.l

    ----------------------------------------------------------------------
       246         16          0          0          0        480   Library Totals

    ----------------------------------------------------------------------

==============================================================================


      Code (inc. data)   RO Data    RW Data    ZI Data      Debug   

     24802        932        566        160       3368     418310   Grand Totals
     24802        932        566        160       3368     418310   ELF Image Totals
     24802        932        566        160          0          0   ROM Totals

==============================================================================

    Total RO  Size (Code + RO Data)                25368 (  24.77kB)
    Total RW  Size (RW Data + ZI Data)              3528 (   3.45kB)
    Total ROM Size (Code + RO Data + RW Data)      25528 (  24.93kB)

==============================================================================

