ARM Linker, 4.1 [Build 713] [Standard]

==============================================================================

Section Cross References

    system_stm32f2xx.o(.text) refers to system_stm32f2xx.o(.data) for .data
    startup_stm32f2xx.o(RESET) refers to startup_stm32f2xx.o(STACK) for __initial_sp
    startup_stm32f2xx.o(RESET) refers to startup_stm32f2xx.o(.text) for Reset_Handler
    startup_stm32f2xx.o(RESET) refers to stm32f2xx_it.o(.text) for NMI_Handler
    startup_stm32f2xx.o(.text) refers to system_stm32f2xx.o(.text) for SystemInit
    startup_stm32f2xx.o(.text) refers to entry.o(.ARM.Collect$$$$00000000) for __main
    main.o(.text) refers to main.o(.emb_text) for MSR_MSP
    main.o(.text) refers to misc.o(.text) for NVIC_PriorityGroupConfig
    main.o(.text) refers to memseta.o(.text) for __aeabi_memclr4
    main.o(.text) refers to stm32_eval.o(.text) for STM_EVAL_LEDInit
    main.o(.text) refers to stm32_eval_sdio_sd.o(.text) for SD_Init
    main.o(.text) refers to diskio.o(.text) for disk_initialize
    main.o(.text) refers to ff.o(.text) for f_mount
    main.o(.text) refers to update_program.o(.text) for Do_Update
    main.o(.text) refers to main.o(.data) for .data
    main.o(.text) refers to main.o(.bss) for .bss
    serial_debug.o(.text) refers to stm32_eval.o(.text) for STM_EVAL_COMInit
    serial_debug.o(.text) refers to stm32f2xx_usart.o(.text) for USART_ITConfig
    serial_debug.o(.text) refers to misc.o(.text) for NVIC_PriorityGroupConfig
    stm32f2xx_it.o(.text) refers to stm32_eval_sdio_sd.o(.text) for SD_ProcessIRQSrc
    update_program.o(.text) refers to stm32f2xx_flash.o(.text) for FLASH_Unlock
    update_program.o(.text) refers to update_program.o(.data) for .data
    update_program.o(.text) refers to main.o(.bss) for temp
    update_program.o(.text) refers to main.o(.data) for temp_size
    update_program.o(.text) refers to main.o(.data) for check_err
    stm32f2xx_gpio.o(.text) refers to stm32f2xx_rcc.o(.text) for RCC_AHB1PeriphResetCmd
    stm32f2xx_rcc.o(.text) refers to stm32f2xx_rcc.o(.data) for .data
    stm32f2xx_sdio.o(.text) refers to stm32f2xx_rcc.o(.text) for RCC_APB2PeriphResetCmd
    stm32f2xx_spi.o(.text) refers to stm32f2xx_rcc.o(.text) for RCC_APB2PeriphResetCmd
    stm32f2xx_usart.o(.text) refers to stm32f2xx_rcc.o(.text) for RCC_APB2PeriphResetCmd
    stm32f2xx_syscfg.o(.text) refers to stm32f2xx_rcc.o(.text) for RCC_APB2PeriphResetCmd
    stm32f2xx_i2c.o(.text) refers to stm32f2xx_rcc.o(.text) for RCC_APB1PeriphResetCmd
    stm32f2xx_pwr.o(.text) refers to stm32f2xx_rcc.o(.text) for RCC_APB1PeriphResetCmd
    stm32_eval_sdio_sd.o(.text) refers to stm32_eval.o(.text) for SD_LowLevel_DeInit
    stm32_eval_sdio_sd.o(.text) refers to stm32f2xx_sdio.o(.text) for SDIO_SendCommand
    stm32_eval_sdio_sd.o(.text) refers to stm32_eval_sdio_sd.o(.bss) for .bss
    stm32_eval_sdio_sd.o(.text) refers to stm32_eval_sdio_sd.o(.data) for .data
    stm32_eval_sdio_sd.o(.text) refers to stm32f2xx_gpio.o(.text) for GPIO_ReadInputDataBit
    stm32_eval.o(.text) refers to stm32f2xx_rcc.o(.text) for RCC_AHB1PeriphClockCmd
    stm32_eval.o(.text) refers to stm32f2xx_gpio.o(.text) for GPIO_Init
    stm32_eval.o(.text) refers to stm32f2xx_syscfg.o(.text) for SYSCFG_EXTILineConfig
    stm32_eval.o(.text) refers to stm32f2xx_exti.o(.text) for EXTI_Init
    stm32_eval.o(.text) refers to misc.o(.text) for NVIC_Init
    stm32_eval.o(.text) refers to stm32f2xx_usart.o(.text) for USART_Init
    stm32_eval.o(.text) refers to stm32f2xx_sdio.o(.text) for SDIO_ClockCmd
    stm32_eval.o(.text) refers to stm32f2xx_dma.o(.text) for DMA_ClearFlag
    stm32_eval.o(.text) refers to stm32_eval.o(.constdata) for .constdata
    stm32_eval.o(.text) refers to stm32_eval.o(.data) for .data
    stm32_eval.o(.text) refers to stm32f2xx_i2c.o(.text) for I2C_Cmd
    stm32_eval.o(.text) refers to stm32_eval.o(.bss) for .bss
    diskio.o(.text) refers to misc.o(.text) for NVIC_PriorityGroupConfig
    diskio.o(.text) refers to stm32_eval_sdio_sd.o(.text) for SD_Init
    ff.o(.text) refers to diskio.o(.text) for disk_write
    ff.o(.text) refers to ff.o(.data) for .data
    entry.o(.ARM.Collect$$$$00000000) refers (Special) to entry7.o(.ARM.Collect$$$$00000007) for _main_init
    entry.o(.ARM.Collect$$$$00000000) refers (Special) to entry5.o(.ARM.Collect$$$$00000004) for _main_scatterload
    entry.o(.ARM.Collect$$$$00000000) refers (Special) to entry2.o(.ARM.Collect$$$$00000001) for _main_stk
    entry2.o(.ARM.Collect$$$$00000001) refers to entry2.o(.ARM.Collect$$$$00002712) for __lit__00000000
    entry2.o(.ARM.Collect$$$$00002712) refers to startup_stm32f2xx.o(STACK) for __initial_sp
    entry2.o(__vectab_stack_and_reset_area) refers to startup_stm32f2xx.o(STACK) for __initial_sp
    entry2.o(__vectab_stack_and_reset_area) refers to entry.o(.ARM.Collect$$$$00000000) for __main
    entry5.o(.ARM.Collect$$$$00000004) refers to init.o(.text) for __scatterload
    entry7.o(.ARM.Collect$$$$00000007) refers to main.o(.text) for main
    init.o(.text) refers to entry5.o(.ARM.Collect$$$$00000004) for __main_after_scatterload


==============================================================================

Removing Unused input sections from the image.

    Removing startup_stm32f2xx.o(HEAP), (512 bytes).
    Removing main.o(.bss), (548 bytes).
    Removing main.o(.bss), (548 bytes).
    Removing main.o(.bss), (51 bytes).
    Removing main.o(.data), (1 bytes).
    Removing main.o(.data), (4 bytes).
    Removing serial_debug.o(.text), (176 bytes).
    Removing serial_debug.o(.bss), (24 bytes).
    Removing serial_debug.o(.data), (1 bytes).
    Removing serial_debug.o(.data), (4 bytes).
    Removing stm32f2xx_spi.o(.text), (684 bytes).
    Removing stm32f2xx_rtc.o(.text), (2160 bytes).
    Removing stm32f2xx_pwr.o(.text), (192 bytes).
    Removing stm32f2xx_iwdg.o(.text), (60 bytes).

14 unused section(s) (total 4965 bytes) removed from the image.

==============================================================================

Image Symbol Table

    Local Symbols

    Symbol Name                              Value     Ov Type        Size  Object(Section)

    ../../microlib/init/entry.s              0x00000000   Number         0  entry7.o ABSOLUTE
    ../../microlib/init/entry.s              0x00000000   Number         0  entry5.o ABSOLUTE
    ../../microlib/init/entry.s              0x00000000   Number         0  entry2.o ABSOLUTE
    ../../microlib/init/entry.s              0x00000000   Number         0  entry.o ABSOLUTE
    ../../microlib/string/memset.c           0x00000000   Number         0  memseta.o ABSOLUTE
    ..\..\..\Libraries\CMSIS\CM3\DeviceSupport\ST\STM32F2xx\system_stm32f2xx.c 0x00000000   Number         0  system_stm32f2xx.o ABSOLUTE
    ..\..\..\Libraries\STM32F2xx_StdPeriph_Driver\src\misc.c 0x00000000   Number         0  misc.o ABSOLUTE
    ..\..\..\Libraries\STM32F2xx_StdPeriph_Driver\src\stm32f2xx_dma.c 0x00000000   Number         0  stm32f2xx_dma.o ABSOLUTE
    ..\..\..\Libraries\STM32F2xx_StdPeriph_Driver\src\stm32f2xx_exti.c 0x00000000   Number         0  stm32f2xx_exti.o ABSOLUTE
    ..\..\..\Libraries\STM32F2xx_StdPeriph_Driver\src\stm32f2xx_flash.c 0x00000000   Number         0  stm32f2xx_flash.o ABSOLUTE
    ..\..\..\Libraries\STM32F2xx_StdPeriph_Driver\src\stm32f2xx_gpio.c 0x00000000   Number         0  stm32f2xx_gpio.o ABSOLUTE
    ..\..\..\Libraries\STM32F2xx_StdPeriph_Driver\src\stm32f2xx_i2c.c 0x00000000   Number         0  stm32f2xx_i2c.o ABSOLUTE
    ..\..\..\Libraries\STM32F2xx_StdPeriph_Driver\src\stm32f2xx_iwdg.c 0x00000000   Number         0  stm32f2xx_iwdg.o ABSOLUTE
    ..\..\..\Libraries\STM32F2xx_StdPeriph_Driver\src\stm32f2xx_pwr.c 0x00000000   Number         0  stm32f2xx_pwr.o ABSOLUTE
    ..\..\..\Libraries\STM32F2xx_StdPeriph_Driver\src\stm32f2xx_rcc.c 0x00000000   Number         0  stm32f2xx_rcc.o ABSOLUTE
    ..\..\..\Libraries\STM32F2xx_StdPeriph_Driver\src\stm32f2xx_rtc.c 0x00000000   Number         0  stm32f2xx_rtc.o ABSOLUTE
    ..\..\..\Libraries\STM32F2xx_StdPeriph_Driver\src\stm32f2xx_sdio.c 0x00000000   Number         0  stm32f2xx_sdio.o ABSOLUTE
    ..\..\..\Libraries\STM32F2xx_StdPeriph_Driver\src\stm32f2xx_spi.c 0x00000000   Number         0  stm32f2xx_spi.o ABSOLUTE
    ..\..\..\Libraries\STM32F2xx_StdPeriph_Driver\src\stm32f2xx_syscfg.c 0x00000000   Number         0  stm32f2xx_syscfg.o ABSOLUTE
    ..\..\..\Libraries\STM32F2xx_StdPeriph_Driver\src\stm32f2xx_usart.c 0x00000000   Number         0  stm32f2xx_usart.o ABSOLUTE
    ..\..\..\Utilities\STM32_EVAL\Common\stm32_eval_sdio_sd.c 0x00000000   Number         0  stm32_eval_sdio_sd.o ABSOLUTE
    ..\..\..\Utilities\STM32_EVAL\stm32_eval.c 0x00000000   Number         0  stm32_eval.o ABSOLUTE
    ..\..\..\Utilities\Third_Party\FatFs\diskio.c 0x00000000   Number         0  diskio.o ABSOLUTE
    ..\..\..\Utilities\Third_Party\FatFs\ff.c 0x00000000   Number         0  ff.o ABSOLUTE
    ..\\src\\main.c                          0x00000000   Number         0  main.o ABSOLUTE
    ..\src\main.c                            0x00000000   Number         0  main.o ABSOLUTE
    ..\src\serial_debug.c                    0x00000000   Number         0  serial_debug.o ABSOLUTE
    ..\src\stm32f2xx_it.c                    0x00000000   Number         0  stm32f2xx_it.o ABSOLUTE
    ..\src\update_program.c                  0x00000000   Number         0  update_program.o ABSOLUTE
    dc.s                                     0x00000000   Number         0  dc.o ABSOLUTE
    handlers.s                               0x00000000   Number         0  handlers.o ABSOLUTE
    init.s                                   0x00000000   Number         0  init.o ABSOLUTE
    startup_stm32f2xx.s                      0x00000000   Number         0  startup_stm32f2xx.o ABSOLUTE
    RESET                                    0x08000000   Section      388  startup_stm32f2xx.o(RESET)
    .ARM.Collect$$$$00000000                 0x08000184   Section        0  entry.o(.ARM.Collect$$$$00000000)
    .ARM.Collect$$$$00000001                 0x08000184   Section        4  entry2.o(.ARM.Collect$$$$00000001)
    .ARM.Collect$$$$00000004                 0x08000188   Section        4  entry5.o(.ARM.Collect$$$$00000004)
    .ARM.Collect$$$$00000007                 0x0800018c   Section        8  entry7.o(.ARM.Collect$$$$00000007)
    .ARM.Collect$$$$00002712                 0x08000194   Section        4  entry2.o(.ARM.Collect$$$$00002712)
    __lit__00000000                          0x08000194   Data           4  entry2.o(.ARM.Collect$$$$00002712)
    .emb_text                                0x08000198   Section        6  main.o(.emb_text)
    .text                                    0x080001a0   Section        0  system_stm32f2xx.o(.text)
    SetSysClock                              0x0800024b   Thumb Code   118  system_stm32f2xx.o(.text)
    .text                                    0x080002e4   Section       36  startup_stm32f2xx.o(.text)
    .text                                    0x08000308   Section        0  main.o(.text)
    .text                                    0x0800046c   Section        0  stm32f2xx_it.o(.text)
    .text                                    0x0800048c   Section        0  update_program.o(.text)
    .text                                    0x08000608   Section        0  stm32f2xx_dma.o(.text)
    .text                                    0x08000928   Section        0  stm32f2xx_gpio.o(.text)
    .text                                    0x08000b14   Section        0  stm32f2xx_rcc.o(.text)
    .text                                    0x08000ee8   Section        0  stm32f2xx_sdio.o(.text)
    .text                                    0x080010a0   Section        0  stm32f2xx_usart.o(.text)
    .text                                    0x080013e4   Section        0  misc.o(.text)
    .text                                    0x08001494   Section        0  stm32f2xx_syscfg.o(.text)
    .text                                    0x08001500   Section        0  stm32f2xx_flash.o(.text)
    .text                                    0x0800187c   Section        0  stm32f2xx_exti.o(.text)
    .text                                    0x08001964   Section        0  stm32f2xx_i2c.o(.text)
    .text                                    0x08001c88   Section        0  stm32_eval_sdio_sd.o(.text)
    FindSCR                                  0x08001c8d   Thumb Code   294  stm32_eval_sdio_sd.o(.text)
    SDEnWideBus                              0x08001db3   Thumb Code   180  stm32_eval_sdio_sd.o(.text)
    CmdResp2Error                            0x0800216b   Thumb Code    46  stm32_eval_sdio_sd.o(.text)
    IsCardProgramming                        0x080029df   Thumb Code   262  stm32_eval_sdio_sd.o(.text)
    CmdResp1Error                            0x08002c19   Thumb Code    36  stm32_eval_sdio_sd.o(.text)
    CmdResp6Error                            0x08002c3d   Thumb Code   110  stm32_eval_sdio_sd.o(.text)
    .text                                    0x08002cc0   Section        0  stm32_eval.o(.text)
    .text                                    0x080032d4   Section        0  diskio.o(.text)
    .text                                    0x08003380   Section        0  ff.o(.text)
    move_window                              0x08003381   Thumb Code   106  ff.o(.text)
    sync                                     0x080033eb   Thumb Code   182  ff.o(.text)
    remove_chain                             0x0800365f   Thumb Code    96  ff.o(.text)
    create_chain                             0x080036bf   Thumb Code   146  ff.o(.text)
    dir_sdi                                  0x08003751   Thumb Code   126  ff.o(.text)
    dir_next                                 0x080037cf   Thumb Code   236  ff.o(.text)
    dir_read                                 0x080038bb   Thumb Code    68  ff.o(.text)
    dir_register                             0x080038ff   Thumb Code    92  ff.o(.text)
    dir_remove                               0x0800395b   Thumb Code    40  ff.o(.text)
    create_name                              0x08003983   Thumb Code   292  ff.o(.text)
    get_fileinfo                             0x08003aa7   Thumb Code    96  ff.o(.text)
    follow_path                              0x08003b07   Thumb Code   170  ff.o(.text)
    check_fs                                 0x08003bb1   Thumb Code    86  ff.o(.text)
    chk_mounted                              0x08003c07   Thumb Code   554  ff.o(.text)
    validate                                 0x08003e31   Thumb Code    36  ff.o(.text)
    mem_cpy                                  0x08004a27   Thumb Code    16  ff.o(.text)
    mem_set                                  0x08004a37   Thumb Code    16  ff.o(.text)
    ld_clust                                 0x08004a47   Thumb Code    18  ff.o(.text)
    st_clust                                 0x08004a59   Thumb Code    16  ff.o(.text)
    .text                                    0x08004a68   Section        0  memseta.o(.text)
    .text                                    0x08004a90   Section       36  init.o(.text)
    i.__scatterload_copy                     0x08004ab4   Section       14  handlers.o(i.__scatterload_copy)
    i.__scatterload_null                     0x08004ac2   Section        2  handlers.o(i.__scatterload_null)
    i.__scatterload_zeroinit                 0x08004ac4   Section       14  handlers.o(i.__scatterload_zeroinit)
    .constdata                               0x08004ad4   Section       80  stm32_eval.o(.constdata)
    .data                                    0x20000000   Section       20  system_stm32f2xx.o(.data)
    .data                                    0x20000014   Section       12  main.o(.data)
    .data                                    0x20000020   Section        4  main.o(.data)
    .data                                    0x20000024   Section       20  update_program.o(.data)
    .data                                    0x20000038   Section       16  stm32f2xx_rcc.o(.data)
    APBAHBPrescTable                         0x20000038   Data          16  stm32f2xx_rcc.o(.data)
    .data                                    0x20000048   Section       20  stm32_eval_sdio_sd.o(.data)
    CardType                                 0x2000004c   Data           4  stm32_eval_sdio_sd.o(.data)
    RCA                                      0x20000050   Data           4  stm32_eval_sdio_sd.o(.data)
    .data                                    0x2000005c   Section       44  stm32_eval.o(.data)
    .data                                    0x20000088   Section        8  ff.o(.data)
    Fsid                                     0x20000088   Data           2  ff.o(.data)
    FatFs                                    0x2000008c   Data           4  ff.o(.data)
    .bss                                     0x20000090   Section    82480  main.o(.bss)
    .bss                                     0x200142c0   Section      196  stm32_eval_sdio_sd.o(.bss)
    CSD_Tab                                  0x200142c0   Data          16  stm32_eval_sdio_sd.o(.bss)
    CID_Tab                                  0x200142d0   Data          16  stm32_eval_sdio_sd.o(.bss)
    SDSTATUS_Tab                             0x200142e0   Data          16  stm32_eval_sdio_sd.o(.bss)
    .bss                                     0x20014384   Section       60  stm32_eval.o(.bss)
    STACK                                    0x200143c0   Section     1024  startup_stm32f2xx.o(STACK)

    Global Symbols

    Symbol Name                              Value     Ov Type        Size  Object(Section)

    BuildAttributes$$THM_ISAv4$P$D$K$B$S$PE$A:L22UL41UL21$X:L11$S22US41US21$IEEE1$IW$USESV6$~STKCKD$USESV7$~SHL$OSPACE$EBA8$MICROLIB$REQ8$PRES8$EABIv2 0x00000000   Number         0  anon$$obj.o ABSOLUTE
    __ARM_use_no_argv                        0x00000000   Number         0  main.o ABSOLUTE
    __decompress                              - Undefined Weak Reference
    __Vectors_Size                           0x00000184   Number         0  startup_stm32f2xx.o ABSOLUTE
    __Vectors                                0x08000000   Data           4  startup_stm32f2xx.o(RESET)
    __Vectors_End                            0x08000184   Data           0  startup_stm32f2xx.o(RESET)
    __main                                   0x08000185   Thumb Code     0  entry.o(.ARM.Collect$$$$00000000)
    _main_stk                                0x08000185   Thumb Code     0  entry2.o(.ARM.Collect$$$$00000001)
    _main_scatterload                        0x08000189   Thumb Code     0  entry5.o(.ARM.Collect$$$$00000004)
    __main_after_scatterload                 0x0800018d   Thumb Code     0  entry5.o(.ARM.Collect$$$$00000004)
    _main_init                               0x0800018d   Thumb Code     0  entry7.o(.ARM.Collect$$$$00000007)
    MSR_MSP                                  0x08000199   Thumb Code     6  main.o(.emb_text)
    SystemInit                               0x080001a1   Thumb Code    62  system_stm32f2xx.o(.text)
    SystemCoreClockUpdate                    0x080001df   Thumb Code   108  system_stm32f2xx.o(.text)
    Reset_Handler                            0x080002e5   Thumb Code     8  startup_stm32f2xx.o(.text)
    ADC_IRQHandler                           0x080002ff   Thumb Code     0  startup_stm32f2xx.o(.text)
    CAN1_RX0_IRQHandler                      0x080002ff   Thumb Code     0  startup_stm32f2xx.o(.text)
    CAN1_RX1_IRQHandler                      0x080002ff   Thumb Code     0  startup_stm32f2xx.o(.text)
    CAN1_SCE_IRQHandler                      0x080002ff   Thumb Code     0  startup_stm32f2xx.o(.text)
    CAN1_TX_IRQHandler                       0x080002ff   Thumb Code     0  startup_stm32f2xx.o(.text)
    CAN2_RX0_IRQHandler                      0x080002ff   Thumb Code     0  startup_stm32f2xx.o(.text)
    CAN2_RX1_IRQHandler                      0x080002ff   Thumb Code     0  startup_stm32f2xx.o(.text)
    CAN2_SCE_IRQHandler                      0x080002ff   Thumb Code     0  startup_stm32f2xx.o(.text)
    CAN2_TX_IRQHandler                       0x080002ff   Thumb Code     0  startup_stm32f2xx.o(.text)
    CRYP_IRQHandler                          0x080002ff   Thumb Code     0  startup_stm32f2xx.o(.text)
    DCMI_IRQHandler                          0x080002ff   Thumb Code     0  startup_stm32f2xx.o(.text)
    DMA1_Stream0_IRQHandler                  0x080002ff   Thumb Code     0  startup_stm32f2xx.o(.text)
    DMA1_Stream1_IRQHandler                  0x080002ff   Thumb Code     0  startup_stm32f2xx.o(.text)
    DMA1_Stream2_IRQHandler                  0x080002ff   Thumb Code     0  startup_stm32f2xx.o(.text)
    DMA1_Stream3_IRQHandler                  0x080002ff   Thumb Code     0  startup_stm32f2xx.o(.text)
    DMA1_Stream4_IRQHandler                  0x080002ff   Thumb Code     0  startup_stm32f2xx.o(.text)
    DMA1_Stream7_IRQHandler                  0x080002ff   Thumb Code     0  startup_stm32f2xx.o(.text)
    DMA2_Stream0_IRQHandler                  0x080002ff   Thumb Code     0  startup_stm32f2xx.o(.text)
    DMA2_Stream1_IRQHandler                  0x080002ff   Thumb Code     0  startup_stm32f2xx.o(.text)
    DMA2_Stream2_IRQHandler                  0x080002ff   Thumb Code     0  startup_stm32f2xx.o(.text)
    DMA2_Stream3_IRQHandler                  0x080002ff   Thumb Code     0  startup_stm32f2xx.o(.text)
    DMA2_Stream4_IRQHandler                  0x080002ff   Thumb Code     0  startup_stm32f2xx.o(.text)
    DMA2_Stream5_IRQHandler                  0x080002ff   Thumb Code     0  startup_stm32f2xx.o(.text)
    DMA2_Stream6_IRQHandler                  0x080002ff   Thumb Code     0  startup_stm32f2xx.o(.text)
    DMA2_Stream7_IRQHandler                  0x080002ff   Thumb Code     0  startup_stm32f2xx.o(.text)
    ETH_WKUP_IRQHandler                      0x080002ff   Thumb Code     0  startup_stm32f2xx.o(.text)
    EXTI0_IRQHandler                         0x080002ff   Thumb Code     0  startup_stm32f2xx.o(.text)
    EXTI15_10_IRQHandler                     0x080002ff   Thumb Code     0  startup_stm32f2xx.o(.text)
    EXTI1_IRQHandler                         0x080002ff   Thumb Code     0  startup_stm32f2xx.o(.text)
    EXTI2_IRQHandler                         0x080002ff   Thumb Code     0  startup_stm32f2xx.o(.text)
    EXTI3_IRQHandler                         0x080002ff   Thumb Code     0  startup_stm32f2xx.o(.text)
    EXTI4_IRQHandler                         0x080002ff   Thumb Code     0  startup_stm32f2xx.o(.text)
    EXTI9_5_IRQHandler                       0x080002ff   Thumb Code     0  startup_stm32f2xx.o(.text)
    FLASH_IRQHandler                         0x080002ff   Thumb Code     0  startup_stm32f2xx.o(.text)
    FSMC_IRQHandler                          0x080002ff   Thumb Code     0  startup_stm32f2xx.o(.text)
    HASH_RNG_IRQHandler                      0x080002ff   Thumb Code     0  startup_stm32f2xx.o(.text)
    I2C1_ER_IRQHandler                       0x080002ff   Thumb Code     0  startup_stm32f2xx.o(.text)
    I2C1_EV_IRQHandler                       0x080002ff   Thumb Code     0  startup_stm32f2xx.o(.text)
    I2C2_ER_IRQHandler                       0x080002ff   Thumb Code     0  startup_stm32f2xx.o(.text)
    I2C2_EV_IRQHandler                       0x080002ff   Thumb Code     0  startup_stm32f2xx.o(.text)
    I2C3_ER_IRQHandler                       0x080002ff   Thumb Code     0  startup_stm32f2xx.o(.text)
    I2C3_EV_IRQHandler                       0x080002ff   Thumb Code     0  startup_stm32f2xx.o(.text)
    OTG_FS_IRQHandler                        0x080002ff   Thumb Code     0  startup_stm32f2xx.o(.text)
    OTG_FS_WKUP_IRQHandler                   0x080002ff   Thumb Code     0  startup_stm32f2xx.o(.text)
    OTG_HS_EP1_IN_IRQHandler                 0x080002ff   Thumb Code     0  startup_stm32f2xx.o(.text)
    OTG_HS_EP1_OUT_IRQHandler                0x080002ff   Thumb Code     0  startup_stm32f2xx.o(.text)
    OTG_HS_IRQHandler                        0x080002ff   Thumb Code     0  startup_stm32f2xx.o(.text)
    OTG_HS_WKUP_IRQHandler                   0x080002ff   Thumb Code     0  startup_stm32f2xx.o(.text)
    PVD_IRQHandler                           0x080002ff   Thumb Code     0  startup_stm32f2xx.o(.text)
    RCC_IRQHandler                           0x080002ff   Thumb Code     0  startup_stm32f2xx.o(.text)
    RTC_Alarm_IRQHandler                     0x080002ff   Thumb Code     0  startup_stm32f2xx.o(.text)
    RTC_WKUP_IRQHandler                      0x080002ff   Thumb Code     0  startup_stm32f2xx.o(.text)
    SPI1_IRQHandler                          0x080002ff   Thumb Code     0  startup_stm32f2xx.o(.text)
    SPI2_IRQHandler                          0x080002ff   Thumb Code     0  startup_stm32f2xx.o(.text)
    SPI3_IRQHandler                          0x080002ff   Thumb Code     0  startup_stm32f2xx.o(.text)
    TAMP_STAMP_IRQHandler                    0x080002ff   Thumb Code     0  startup_stm32f2xx.o(.text)
    TIM1_BRK_TIM9_IRQHandler                 0x080002ff   Thumb Code     0  startup_stm32f2xx.o(.text)
    TIM1_CC_IRQHandler                       0x080002ff   Thumb Code     0  startup_stm32f2xx.o(.text)
    TIM1_TRG_COM_TIM11_IRQHandler            0x080002ff   Thumb Code     0  startup_stm32f2xx.o(.text)
    TIM1_UP_TIM10_IRQHandler                 0x080002ff   Thumb Code     0  startup_stm32f2xx.o(.text)
    TIM2_IRQHandler                          0x080002ff   Thumb Code     0  startup_stm32f2xx.o(.text)
    TIM3_IRQHandler                          0x080002ff   Thumb Code     0  startup_stm32f2xx.o(.text)
    TIM4_IRQHandler                          0x080002ff   Thumb Code     0  startup_stm32f2xx.o(.text)
    TIM5_IRQHandler                          0x080002ff   Thumb Code     0  startup_stm32f2xx.o(.text)
    TIM6_DAC_IRQHandler                      0x080002ff   Thumb Code     0  startup_stm32f2xx.o(.text)
    TIM7_IRQHandler                          0x080002ff   Thumb Code     0  startup_stm32f2xx.o(.text)
    TIM8_BRK_TIM12_IRQHandler                0x080002ff   Thumb Code     0  startup_stm32f2xx.o(.text)
    TIM8_CC_IRQHandler                       0x080002ff   Thumb Code     0  startup_stm32f2xx.o(.text)
    TIM8_TRG_COM_TIM14_IRQHandler            0x080002ff   Thumb Code     0  startup_stm32f2xx.o(.text)
    TIM8_UP_TIM13_IRQHandler                 0x080002ff   Thumb Code     0  startup_stm32f2xx.o(.text)
    UART4_IRQHandler                         0x080002ff   Thumb Code     0  startup_stm32f2xx.o(.text)
    UART5_IRQHandler                         0x080002ff   Thumb Code     0  startup_stm32f2xx.o(.text)
    USART1_IRQHandler                        0x080002ff   Thumb Code     0  startup_stm32f2xx.o(.text)
    USART3_IRQHandler                        0x080002ff   Thumb Code     0  startup_stm32f2xx.o(.text)
    USART6_IRQHandler                        0x080002ff   Thumb Code     0  startup_stm32f2xx.o(.text)
    WWDG_IRQHandler                          0x080002ff   Thumb Code     0  startup_stm32f2xx.o(.text)
    iap_load_app                             0x08000309   Thumb Code    36  main.o(.text)
    NVIC_Config                              0x0800032d   Thumb Code    42  main.o(.text)
    main                                     0x08000357   Thumb Code   246  main.o(.text)
    NMI_Handler                              0x0800046d   Thumb Code     2  stm32f2xx_it.o(.text)
    HardFault_Handler                        0x0800046f   Thumb Code     2  stm32f2xx_it.o(.text)
    MemManage_Handler                        0x08000471   Thumb Code     2  stm32f2xx_it.o(.text)
    BusFault_Handler                         0x08000473   Thumb Code     2  stm32f2xx_it.o(.text)
    UsageFault_Handler                       0x08000475   Thumb Code     2  stm32f2xx_it.o(.text)
    SVC_Handler                              0x08000477   Thumb Code     2  stm32f2xx_it.o(.text)
    DebugMon_Handler                         0x08000479   Thumb Code     2  stm32f2xx_it.o(.text)
    PendSV_Handler                           0x0800047b   Thumb Code     2  stm32f2xx_it.o(.text)
    SysTick_Handler                          0x0800047d   Thumb Code     2  stm32f2xx_it.o(.text)
    ETH_IRQHandler                           0x0800047f   Thumb Code     2  stm32f2xx_it.o(.text)
    USART2_IRQHandler                        0x08000481   Thumb Code     2  stm32f2xx_it.o(.text)
    SDIO_IRQHandler                          0x08000483   Thumb Code     4  stm32f2xx_it.o(.text)
    DMA1_Stream6_IRQHandler                  0x08000487   Thumb Code     2  stm32f2xx_it.o(.text)
    DMA1_Stream5_IRQHandler                  0x08000489   Thumb Code     2  stm32f2xx_it.o(.text)
    GetSector                                0x0800048d   Thumb Code   146  update_program.o(.text)
    Do_Update                                0x0800051f   Thumb Code   176  update_program.o(.text)
    DMA_DeInit                               0x08000609   Thumb Code   270  stm32f2xx_dma.o(.text)
    DMA_Init                                 0x08000717   Thumb Code    80  stm32f2xx_dma.o(.text)
    DMA_StructInit                           0x08000767   Thumb Code    34  stm32f2xx_dma.o(.text)
    DMA_Cmd                                  0x08000789   Thumb Code    20  stm32f2xx_dma.o(.text)
    DMA_PeriphIncOffsetSizeConfig            0x0800079d   Thumb Code    20  stm32f2xx_dma.o(.text)
    DMA_FlowControllerConfig                 0x080007b1   Thumb Code    20  stm32f2xx_dma.o(.text)
    DMA_SetCurrDataCounter                   0x080007c5   Thumb Code     4  stm32f2xx_dma.o(.text)
    DMA_GetCurrDataCounter                   0x080007c9   Thumb Code     6  stm32f2xx_dma.o(.text)
    DMA_DoubleBufferModeConfig               0x080007cf   Thumb Code    22  stm32f2xx_dma.o(.text)
    DMA_DoubleBufferModeCmd                  0x080007e5   Thumb Code    20  stm32f2xx_dma.o(.text)
    DMA_MemoryTargetConfig                   0x080007f9   Thumb Code    10  stm32f2xx_dma.o(.text)
    DMA_GetCurrentMemoryTarget               0x08000803   Thumb Code    14  stm32f2xx_dma.o(.text)
    DMA_GetCmdStatus                         0x08000811   Thumb Code    14  stm32f2xx_dma.o(.text)
    DMA_GetFIFOStatus                        0x0800081f   Thumb Code     8  stm32f2xx_dma.o(.text)
    DMA_GetFlagStatus                        0x08000827   Thumb Code    42  stm32f2xx_dma.o(.text)
    DMA_ClearFlag                            0x08000851   Thumb Code    34  stm32f2xx_dma.o(.text)
    DMA_ITConfig                             0x08000873   Thumb Code    44  stm32f2xx_dma.o(.text)
    DMA_GetITStatus                          0x0800089f   Thumb Code    70  stm32f2xx_dma.o(.text)
    DMA_ClearITPendingBit                    0x080008e5   Thumb Code    34  stm32f2xx_dma.o(.text)
    GPIO_DeInit                              0x08000929   Thumb Code   192  stm32f2xx_gpio.o(.text)
    GPIO_Init                                0x080009e9   Thumb Code   126  stm32f2xx_gpio.o(.text)
    GPIO_StructInit                          0x08000a67   Thumb Code    18  stm32f2xx_gpio.o(.text)
    GPIO_PinLockConfig                       0x08000a79   Thumb Code    16  stm32f2xx_gpio.o(.text)
    GPIO_ReadInputDataBit                    0x08000a89   Thumb Code    14  stm32f2xx_gpio.o(.text)
    GPIO_ReadInputData                       0x08000a97   Thumb Code     6  stm32f2xx_gpio.o(.text)
    GPIO_ReadOutputDataBit                   0x08000a9d   Thumb Code    14  stm32f2xx_gpio.o(.text)
    GPIO_ReadOutputData                      0x08000aab   Thumb Code     6  stm32f2xx_gpio.o(.text)
    GPIO_SetBits                             0x08000ab1   Thumb Code     4  stm32f2xx_gpio.o(.text)
    GPIO_ResetBits                           0x08000ab5   Thumb Code     4  stm32f2xx_gpio.o(.text)
    GPIO_WriteBit                            0x08000ab9   Thumb Code    10  stm32f2xx_gpio.o(.text)
    GPIO_Write                               0x08000ac3   Thumb Code     4  stm32f2xx_gpio.o(.text)
    GPIO_ToggleBits                          0x08000ac7   Thumb Code     8  stm32f2xx_gpio.o(.text)
    GPIO_PinAFConfig                         0x08000acf   Thumb Code    32  stm32f2xx_gpio.o(.text)
    RCC_DeInit                               0x08000b15   Thumb Code    48  stm32f2xx_rcc.o(.text)
    RCC_HSEConfig                            0x08000b45   Thumb Code    12  stm32f2xx_rcc.o(.text)
    RCC_GetFlagStatus                        0x08000b51   Thumb Code    46  stm32f2xx_rcc.o(.text)
    RCC_WaitForHSEStartUp                    0x08000b7f   Thumb Code    38  stm32f2xx_rcc.o(.text)
    RCC_AdjustHSICalibrationValue            0x08000ba5   Thumb Code    16  stm32f2xx_rcc.o(.text)
    RCC_HSICmd                               0x08000bb5   Thumb Code     6  stm32f2xx_rcc.o(.text)
    RCC_LSEConfig                            0x08000bbb   Thumb Code    24  stm32f2xx_rcc.o(.text)
    RCC_LSICmd                               0x08000bd3   Thumb Code     6  stm32f2xx_rcc.o(.text)
    RCC_PLLConfig                            0x08000bd9   Thumb Code    32  stm32f2xx_rcc.o(.text)
    RCC_PLLCmd                               0x08000bf9   Thumb Code     6  stm32f2xx_rcc.o(.text)
    RCC_PLLI2SConfig                         0x08000bff   Thumb Code    14  stm32f2xx_rcc.o(.text)
    RCC_PLLI2SCmd                            0x08000c0d   Thumb Code     6  stm32f2xx_rcc.o(.text)
    RCC_ClockSecuritySystemCmd               0x08000c13   Thumb Code     6  stm32f2xx_rcc.o(.text)
    RCC_MCO1Config                           0x08000c19   Thumb Code    18  stm32f2xx_rcc.o(.text)
    RCC_MCO2Config                           0x08000c2b   Thumb Code    18  stm32f2xx_rcc.o(.text)
    RCC_SYSCLKConfig                         0x08000c3d   Thumb Code    16  stm32f2xx_rcc.o(.text)
    RCC_GetSYSCLKSource                      0x08000c4d   Thumb Code    12  stm32f2xx_rcc.o(.text)
    RCC_HCLKConfig                           0x08000c59   Thumb Code    16  stm32f2xx_rcc.o(.text)
    RCC_PCLK1Config                          0x08000c69   Thumb Code    16  stm32f2xx_rcc.o(.text)
    RCC_PCLK2Config                          0x08000c79   Thumb Code    18  stm32f2xx_rcc.o(.text)
    RCC_GetClocksFreq                        0x08000c8b   Thumb Code   136  stm32f2xx_rcc.o(.text)
    RCC_RTCCLKConfig                         0x08000d13   Thumb Code    42  stm32f2xx_rcc.o(.text)
    RCC_RTCCLKCmd                            0x08000d3d   Thumb Code     8  stm32f2xx_rcc.o(.text)
    RCC_BackupResetCmd                       0x08000d45   Thumb Code     8  stm32f2xx_rcc.o(.text)
    RCC_I2SCLKConfig                         0x08000d4d   Thumb Code     6  stm32f2xx_rcc.o(.text)
    RCC_AHB1PeriphClockCmd                   0x08000d53   Thumb Code    20  stm32f2xx_rcc.o(.text)
    RCC_AHB2PeriphClockCmd                   0x08000d67   Thumb Code    20  stm32f2xx_rcc.o(.text)
    RCC_AHB3PeriphClockCmd                   0x08000d7b   Thumb Code    20  stm32f2xx_rcc.o(.text)
    RCC_APB1PeriphClockCmd                   0x08000d8f   Thumb Code    20  stm32f2xx_rcc.o(.text)
    RCC_APB2PeriphClockCmd                   0x08000da3   Thumb Code    20  stm32f2xx_rcc.o(.text)
    RCC_AHB1PeriphResetCmd                   0x08000db7   Thumb Code    20  stm32f2xx_rcc.o(.text)
    RCC_AHB2PeriphResetCmd                   0x08000dcb   Thumb Code    20  stm32f2xx_rcc.o(.text)
    RCC_AHB3PeriphResetCmd                   0x08000ddf   Thumb Code    20  stm32f2xx_rcc.o(.text)
    RCC_APB1PeriphResetCmd                   0x08000df3   Thumb Code    20  stm32f2xx_rcc.o(.text)
    RCC_APB2PeriphResetCmd                   0x08000e07   Thumb Code    20  stm32f2xx_rcc.o(.text)
    RCC_AHB1PeriphClockLPModeCmd             0x08000e1b   Thumb Code    20  stm32f2xx_rcc.o(.text)
    RCC_AHB2PeriphClockLPModeCmd             0x08000e2f   Thumb Code    20  stm32f2xx_rcc.o(.text)
    RCC_AHB3PeriphClockLPModeCmd             0x08000e43   Thumb Code    20  stm32f2xx_rcc.o(.text)
    RCC_APB1PeriphClockLPModeCmd             0x08000e57   Thumb Code    20  stm32f2xx_rcc.o(.text)
    RCC_APB2PeriphClockLPModeCmd             0x08000e6b   Thumb Code    20  stm32f2xx_rcc.o(.text)
    RCC_ITConfig                             0x08000e7f   Thumb Code    20  stm32f2xx_rcc.o(.text)
    RCC_ClearFlag                            0x08000e93   Thumb Code    14  stm32f2xx_rcc.o(.text)
    RCC_GetITStatus                          0x08000ea1   Thumb Code    18  stm32f2xx_rcc.o(.text)
    RCC_ClearITPendingBit                    0x08000eb3   Thumb Code     8  stm32f2xx_rcc.o(.text)
    SDIO_DeInit                              0x08000ee9   Thumb Code    24  stm32f2xx_sdio.o(.text)
    SDIO_Init                                0x08000f01   Thumb Code    40  stm32f2xx_sdio.o(.text)
    SDIO_StructInit                          0x08000f29   Thumb Code    16  stm32f2xx_sdio.o(.text)
    SDIO_ClockCmd                            0x08000f39   Thumb Code     6  stm32f2xx_sdio.o(.text)
    SDIO_SetPowerState                       0x08000f3f   Thumb Code     8  stm32f2xx_sdio.o(.text)
    SDIO_GetPowerState                       0x08000f47   Thumb Code    12  stm32f2xx_sdio.o(.text)
    SDIO_SendCommand                         0x08000f53   Thumb Code    38  stm32f2xx_sdio.o(.text)
    SDIO_CmdStructInit                       0x08000f79   Thumb Code    14  stm32f2xx_sdio.o(.text)
    SDIO_GetCommandResponse                  0x08000f87   Thumb Code    10  stm32f2xx_sdio.o(.text)
    SDIO_GetResponse                         0x08000f91   Thumb Code     8  stm32f2xx_sdio.o(.text)
    SDIO_DataConfig                          0x08000f99   Thumb Code    44  stm32f2xx_sdio.o(.text)
    SDIO_DataStructInit                      0x08000fc5   Thumb Code    20  stm32f2xx_sdio.o(.text)
    SDIO_GetDataCounter                      0x08000fd9   Thumb Code     8  stm32f2xx_sdio.o(.text)
    SDIO_ReadData                            0x08000fe1   Thumb Code     8  stm32f2xx_sdio.o(.text)
    SDIO_WriteData                           0x08000fe9   Thumb Code     8  stm32f2xx_sdio.o(.text)
    SDIO_GetFIFOCount                        0x08000ff1   Thumb Code     8  stm32f2xx_sdio.o(.text)
    SDIO_StartSDIOReadWait                   0x08000ff9   Thumb Code     6  stm32f2xx_sdio.o(.text)
    SDIO_StopSDIOReadWait                    0x08000fff   Thumb Code     8  stm32f2xx_sdio.o(.text)
    SDIO_SetSDIOReadWaitMode                 0x08001007   Thumb Code     8  stm32f2xx_sdio.o(.text)
    SDIO_SetSDIOOperation                    0x0800100f   Thumb Code     8  stm32f2xx_sdio.o(.text)
    SDIO_SendSDIOSuspendCmd                  0x08001017   Thumb Code     6  stm32f2xx_sdio.o(.text)
    SDIO_CommandCompletionCmd                0x0800101d   Thumb Code     6  stm32f2xx_sdio.o(.text)
    SDIO_CEATAITCmd                          0x08001023   Thumb Code    10  stm32f2xx_sdio.o(.text)
    SDIO_SendCEATACmd                        0x0800102d   Thumb Code     6  stm32f2xx_sdio.o(.text)
    SDIO_DMACmd                              0x08001033   Thumb Code     8  stm32f2xx_sdio.o(.text)
    SDIO_ITConfig                            0x0800103b   Thumb Code    20  stm32f2xx_sdio.o(.text)
    SDIO_GetFlagStatus                       0x0800104f   Thumb Code    18  stm32f2xx_sdio.o(.text)
    SDIO_ClearFlag                           0x08001061   Thumb Code     8  stm32f2xx_sdio.o(.text)
    SDIO_GetITStatus                         0x08001069   Thumb Code    18  stm32f2xx_sdio.o(.text)
    SDIO_ClearITPendingBit                   0x0800107b   Thumb Code     8  stm32f2xx_sdio.o(.text)
    USART_DeInit                             0x080010a1   Thumb Code   114  stm32f2xx_usart.o(.text)
    USART_Init                               0x08001113   Thumb Code   174  stm32f2xx_usart.o(.text)
    USART_StructInit                         0x080011c1   Thumb Code    22  stm32f2xx_usart.o(.text)
    USART_ClockInit                          0x080011d7   Thumb Code    28  stm32f2xx_usart.o(.text)
    USART_ClockStructInit                    0x080011f3   Thumb Code    12  stm32f2xx_usart.o(.text)
    USART_Cmd                                0x080011ff   Thumb Code    20  stm32f2xx_usart.o(.text)
    USART_SetPrescaler                       0x08001213   Thumb Code    16  stm32f2xx_usart.o(.text)
    USART_OverSampling8Cmd                   0x08001223   Thumb Code    20  stm32f2xx_usart.o(.text)
    USART_OneBitMethodCmd                    0x08001237   Thumb Code    20  stm32f2xx_usart.o(.text)
    USART_SendData                           0x0800124b   Thumb Code     8  stm32f2xx_usart.o(.text)
    USART_ReceiveData                        0x08001253   Thumb Code     8  stm32f2xx_usart.o(.text)
    USART_SetAddress                         0x0800125b   Thumb Code    16  stm32f2xx_usart.o(.text)
    USART_ReceiverWakeUpCmd                  0x0800126b   Thumb Code    20  stm32f2xx_usart.o(.text)
    USART_WakeUpConfig                       0x0800127f   Thumb Code    16  stm32f2xx_usart.o(.text)
    USART_LINBreakDetectLengthConfig         0x0800128f   Thumb Code    16  stm32f2xx_usart.o(.text)
    USART_LINCmd                             0x0800129f   Thumb Code    20  stm32f2xx_usart.o(.text)
    USART_SendBreak                          0x080012b3   Thumb Code    10  stm32f2xx_usart.o(.text)
    USART_HalfDuplexCmd                      0x080012bd   Thumb Code    20  stm32f2xx_usart.o(.text)
    USART_SetGuardTime                       0x080012d1   Thumb Code    16  stm32f2xx_usart.o(.text)
    USART_SmartCardCmd                       0x080012e1   Thumb Code    20  stm32f2xx_usart.o(.text)
    USART_SmartCardNACKCmd                   0x080012f5   Thumb Code    20  stm32f2xx_usart.o(.text)
    USART_IrDAConfig                         0x08001309   Thumb Code    16  stm32f2xx_usart.o(.text)
    USART_IrDACmd                            0x08001319   Thumb Code    20  stm32f2xx_usart.o(.text)
    USART_DMACmd                             0x0800132d   Thumb Code    16  stm32f2xx_usart.o(.text)
    USART_ITConfig                           0x0800133d   Thumb Code    48  stm32f2xx_usart.o(.text)
    USART_GetFlagStatus                      0x0800136d   Thumb Code    14  stm32f2xx_usart.o(.text)
    USART_ClearFlag                          0x0800137b   Thumb Code     6  stm32f2xx_usart.o(.text)
    USART_GetITStatus                        0x08001381   Thumb Code    62  stm32f2xx_usart.o(.text)
    USART_ClearITPendingBit                  0x080013bf   Thumb Code    12  stm32f2xx_usart.o(.text)
    NVIC_PriorityGroupConfig                 0x080013e5   Thumb Code    10  misc.o(.text)
    NVIC_Init                                0x080013ef   Thumb Code    92  misc.o(.text)
    NVIC_SetVectorTable                      0x0800144b   Thumb Code    14  misc.o(.text)
    NVIC_SystemLPConfig                      0x08001459   Thumb Code    20  misc.o(.text)
    SysTick_CLKSourceConfig                  0x0800146d   Thumb Code    24  misc.o(.text)
    SYSCFG_DeInit                            0x08001495   Thumb Code    24  stm32f2xx_syscfg.o(.text)
    SYSCFG_MemoryRemapConfig                 0x080014ad   Thumb Code     6  stm32f2xx_syscfg.o(.text)
    SYSCFG_EXTILineConfig                    0x080014b3   Thumb Code    36  stm32f2xx_syscfg.o(.text)
    SYSCFG_ETH_MediaInterfaceConfig          0x080014d7   Thumb Code     6  stm32f2xx_syscfg.o(.text)
    SYSCFG_CompensationCellCmd               0x080014dd   Thumb Code     6  stm32f2xx_syscfg.o(.text)
    SYSCFG_GetCompensationCellStatus         0x080014e3   Thumb Code    16  stm32f2xx_syscfg.o(.text)
    FLASH_SetLatency                         0x08001501   Thumb Code     6  stm32f2xx_flash.o(.text)
    FLASH_PrefetchBufferCmd                  0x08001507   Thumb Code    22  stm32f2xx_flash.o(.text)
    FLASH_InstructionCacheCmd                0x0800151d   Thumb Code    22  stm32f2xx_flash.o(.text)
    FLASH_DataCacheCmd                       0x08001533   Thumb Code    22  stm32f2xx_flash.o(.text)
    FLASH_InstructionCacheReset              0x08001549   Thumb Code    12  stm32f2xx_flash.o(.text)
    FLASH_DataCacheReset                     0x08001555   Thumb Code    12  stm32f2xx_flash.o(.text)
    FLASH_Unlock                             0x08001561   Thumb Code    24  stm32f2xx_flash.o(.text)
    FLASH_Lock                               0x08001579   Thumb Code    14  stm32f2xx_flash.o(.text)
    FLASH_GetStatus                          0x08001587   Thumb Code    48  stm32f2xx_flash.o(.text)
    FLASH_WaitForLastOperation               0x080015b7   Thumb Code    12  stm32f2xx_flash.o(.text)
    FLASH_EraseSector                        0x080015c3   Thumb Code   106  stm32f2xx_flash.o(.text)
    FLASH_EraseAllSectors                    0x0800162d   Thumb Code    88  stm32f2xx_flash.o(.text)
    FLASH_ProgramDoubleWord                  0x08001685   Thumb Code    60  stm32f2xx_flash.o(.text)
    FLASH_ProgramWord                        0x080016c1   Thumb Code    58  stm32f2xx_flash.o(.text)
    FLASH_ProgramHalfWord                    0x080016fb   Thumb Code    58  stm32f2xx_flash.o(.text)
    FLASH_ProgramByte                        0x08001735   Thumb Code    54  stm32f2xx_flash.o(.text)
    FLASH_OB_Unlock                          0x0800176b   Thumb Code    24  stm32f2xx_flash.o(.text)
    FLASH_OB_Lock                            0x08001783   Thumb Code    14  stm32f2xx_flash.o(.text)
    FLASH_OB_WRPConfig                       0x08001791   Thumb Code    32  stm32f2xx_flash.o(.text)
    FLASH_OB_RDPConfig                       0x080017b1   Thumb Code    20  stm32f2xx_flash.o(.text)
    FLASH_OB_UserConfig                      0x080017c5   Thumb Code    36  stm32f2xx_flash.o(.text)
    FLASH_OB_BORConfig                       0x080017e9   Thumb Code    20  stm32f2xx_flash.o(.text)
    FLASH_OB_Launch                          0x080017fd   Thumb Code    14  stm32f2xx_flash.o(.text)
    FLASH_OB_GetUser                         0x0800180b   Thumb Code    12  stm32f2xx_flash.o(.text)
    FLASH_OB_GetWRP                          0x08001817   Thumb Code     8  stm32f2xx_flash.o(.text)
    FLASH_OB_GetRDP                          0x0800181f   Thumb Code    16  stm32f2xx_flash.o(.text)
    FLASH_OB_GetBOR                          0x0800182f   Thumb Code    12  stm32f2xx_flash.o(.text)
    FLASH_ITConfig                           0x0800183b   Thumb Code    20  stm32f2xx_flash.o(.text)
    FLASH_GetFlagStatus                      0x0800184f   Thumb Code    18  stm32f2xx_flash.o(.text)
    FLASH_ClearFlag                          0x08001861   Thumb Code     8  stm32f2xx_flash.o(.text)
    EXTI_DeInit                              0x0800187d   Thumb Code    28  stm32f2xx_exti.o(.text)
    EXTI_Init                                0x08001899   Thumb Code   108  stm32f2xx_exti.o(.text)
    EXTI_StructInit                          0x08001905   Thumb Code    14  stm32f2xx_exti.o(.text)
    EXTI_GenerateSWInterrupt                 0x08001913   Thumb Code    12  stm32f2xx_exti.o(.text)
    EXTI_GetFlagStatus                       0x0800191f   Thumb Code    18  stm32f2xx_exti.o(.text)
    EXTI_ClearFlag                           0x08001931   Thumb Code     8  stm32f2xx_exti.o(.text)
    EXTI_GetITStatus                         0x08001939   Thumb Code    28  stm32f2xx_exti.o(.text)
    EXTI_ClearITPendingBit                   0x08001955   Thumb Code     8  stm32f2xx_exti.o(.text)
    I2C_DeInit                               0x08001965   Thumb Code    56  stm32f2xx_i2c.o(.text)
    I2C_Init                                 0x0800199d   Thumb Code   172  stm32f2xx_i2c.o(.text)
    I2C_StructInit                           0x08001a49   Thumb Code    28  stm32f2xx_i2c.o(.text)
    I2C_Cmd                                  0x08001a65   Thumb Code    20  stm32f2xx_i2c.o(.text)
    I2C_GenerateSTART                        0x08001a79   Thumb Code    20  stm32f2xx_i2c.o(.text)
    I2C_GenerateSTOP                         0x08001a8d   Thumb Code    20  stm32f2xx_i2c.o(.text)
    I2C_Send7bitAddress                      0x08001aa1   Thumb Code    16  stm32f2xx_i2c.o(.text)
    I2C_AcknowledgeConfig                    0x08001ab1   Thumb Code    20  stm32f2xx_i2c.o(.text)
    I2C_OwnAddress2Config                    0x08001ac5   Thumb Code    16  stm32f2xx_i2c.o(.text)
    I2C_DualAddressCmd                       0x08001ad5   Thumb Code    20  stm32f2xx_i2c.o(.text)
    I2C_GeneralCallCmd                       0x08001ae9   Thumb Code    20  stm32f2xx_i2c.o(.text)
    I2C_SoftwareResetCmd                     0x08001afd   Thumb Code    20  stm32f2xx_i2c.o(.text)
    I2C_StretchClockCmd                      0x08001b11   Thumb Code    20  stm32f2xx_i2c.o(.text)
    I2C_FastModeDutyCycleConfig              0x08001b25   Thumb Code    22  stm32f2xx_i2c.o(.text)
    I2C_NACKPositionConfig                   0x08001b3b   Thumb Code    22  stm32f2xx_i2c.o(.text)
    I2C_SMBusAlertConfig                     0x08001b51   Thumb Code    22  stm32f2xx_i2c.o(.text)
    I2C_ARPCmd                               0x08001b67   Thumb Code    20  stm32f2xx_i2c.o(.text)
    I2C_SendData                             0x08001b7b   Thumb Code     4  stm32f2xx_i2c.o(.text)
    I2C_ReceiveData                          0x08001b7f   Thumb Code     6  stm32f2xx_i2c.o(.text)
    I2C_TransmitPEC                          0x08001b85   Thumb Code    20  stm32f2xx_i2c.o(.text)
    I2C_PECPositionConfig                    0x08001b99   Thumb Code    22  stm32f2xx_i2c.o(.text)
    I2C_CalculatePEC                         0x08001baf   Thumb Code    20  stm32f2xx_i2c.o(.text)
    I2C_GetPEC                               0x08001bc3   Thumb Code     6  stm32f2xx_i2c.o(.text)
    I2C_DMACmd                               0x08001bc9   Thumb Code    20  stm32f2xx_i2c.o(.text)
    I2C_DMALastTransferCmd                   0x08001bdd   Thumb Code    20  stm32f2xx_i2c.o(.text)
    I2C_ReadRegister                         0x08001bf1   Thumb Code     4  stm32f2xx_i2c.o(.text)
    I2C_ITConfig                             0x08001bf5   Thumb Code    16  stm32f2xx_i2c.o(.text)
    I2C_CheckEvent                           0x08001c05   Thumb Code    24  stm32f2xx_i2c.o(.text)
    I2C_GetLastEvent                         0x08001c1d   Thumb Code    14  stm32f2xx_i2c.o(.text)
    I2C_GetFlagStatus                        0x08001c2b   Thumb Code    30  stm32f2xx_i2c.o(.text)
    I2C_ClearFlag                            0x08001c49   Thumb Code     6  stm32f2xx_i2c.o(.text)
    I2C_GetITStatus                          0x08001c4f   Thumb Code    32  stm32f2xx_i2c.o(.text)
    I2C_ClearITPendingBit                    0x08001c6f   Thumb Code     6  stm32f2xx_i2c.o(.text)
    SD_DeInit                                0x08001c89   Thumb Code     4  stm32_eval_sdio_sd.o(.text)
    SD_EnableWideBusOperation                0x08001e67   Thumb Code   110  stm32_eval_sdio_sd.o(.text)
    SD_SelectDeselect                        0x08001ed5   Thumb Code    40  stm32_eval_sdio_sd.o(.text)
    SD_GetCardInfo                           0x08001efd   Thumb Code   622  stm32_eval_sdio_sd.o(.text)
    SD_InitializeCards                       0x08002199   Thumb Code   250  stm32_eval_sdio_sd.o(.text)
    SD_PowerON                               0x08002293   Thumb Code   436  stm32_eval_sdio_sd.o(.text)
    SD_Init                                  0x08002447   Thumb Code   108  stm32_eval_sdio_sd.o(.text)
    SD_SendStatus                            0x080024b3   Thumb Code    42  stm32_eval_sdio_sd.o(.text)
    SD_Detect                                0x080024dd   Thumb Code    20  stm32_eval_sdio_sd.o(.text)
    SD_GetState                              0x080024f1   Thumb Code    34  stm32_eval_sdio_sd.o(.text)
    SD_GetStatus                             0x08002513   Thumb Code    26  stm32_eval_sdio_sd.o(.text)
    SD_PowerOFF                              0x0800252d   Thumb Code    14  stm32_eval_sdio_sd.o(.text)
    SD_SendSDStatus                          0x0800253b   Thumb Code   312  stm32_eval_sdio_sd.o(.text)
    SD_GetCardStatus                         0x08002673   Thumb Code   128  stm32_eval_sdio_sd.o(.text)
    SD_ReadBlock                             0x080026f3   Thumb Code   126  stm32_eval_sdio_sd.o(.text)
    SD_ReadMultiBlocks                       0x08002771   Thumb Code   174  stm32_eval_sdio_sd.o(.text)
    SD_WaitReadOperation                     0x0800281f   Thumb Code    34  stm32_eval_sdio_sd.o(.text)
    SD_WriteBlock                            0x08002841   Thumb Code   132  stm32_eval_sdio_sd.o(.text)
    SD_WriteMultiBlocks                      0x080028c5   Thumb Code   200  stm32_eval_sdio_sd.o(.text)
    SD_WaitWriteOperation                    0x0800298d   Thumb Code    44  stm32_eval_sdio_sd.o(.text)
    SD_GetTransferState                      0x080029b9   Thumb Code    16  stm32_eval_sdio_sd.o(.text)
    SD_StopTransfer                          0x080029c9   Thumb Code    22  stm32_eval_sdio_sd.o(.text)
    SD_Erase                                 0x08002ae5   Thumb Code   230  stm32_eval_sdio_sd.o(.text)
    SD_ProcessIRQSrc                         0x08002bcb   Thumb Code    60  stm32_eval_sdio_sd.o(.text)
    convert_from_bytes_to_power_of_two       0x08002c07   Thumb Code    18  stm32_eval_sdio_sd.o(.text)
    STM_EVAL_LEDInit                         0x08002cc1   Thumb Code    62  stm32_eval.o(.text)
    STM_EVAL_LEDOn                           0x08002cff   Thumb Code    18  stm32_eval.o(.text)
    STM_EVAL_LEDOff                          0x08002d11   Thumb Code    18  stm32_eval.o(.text)
    STM_EVAL_LEDToggle                       0x08002d23   Thumb Code    22  stm32_eval.o(.text)
    STM_EVAL_PBInit                          0x08002d39   Thumb Code   154  stm32_eval.o(.text)
    STM_EVAL_PBGetState                      0x08002dd3   Thumb Code    20  stm32_eval.o(.text)
    STM_EVAL_COMInit                         0x08002de7   Thumb Code   180  stm32_eval.o(.text)
    SD_LowLevel_DeInit                       0x08002e9b   Thumb Code   142  stm32_eval.o(.text)
    SD_LowLevel_Init                         0x08002f29   Thumb Code   180  stm32_eval.o(.text)
    SD_LowLevel_DMA_TxConfig                 0x08002fdd   Thumb Code   118  stm32_eval.o(.text)
    SD_LowLevel_DMA_RxConfig                 0x08003053   Thumb Code   142  stm32_eval.o(.text)
    SD_DMAEndOfTransferStatus                0x080030e1   Thumb Code    10  stm32_eval.o(.text)
    sEE_LowLevel_DeInit                      0x080030eb   Thumb Code   132  stm32_eval.o(.text)
    sEE_LowLevel_Init                        0x0800316f   Thumb Code   292  stm32_eval.o(.text)
    sEE_LowLevel_DMAConfig                   0x08003293   Thumb Code    34  stm32_eval.o(.text)
    disk_initialize                          0x080032d5   Thumb Code    44  diskio.o(.text)
    disk_status                              0x08003301   Thumb Code     8  diskio.o(.text)
    disk_read                                0x08003309   Thumb Code    38  diskio.o(.text)
    disk_write                               0x0800332f   Thumb Code    40  diskio.o(.text)
    get_fattime                              0x08003357   Thumb Code     4  diskio.o(.text)
    disk_ioctl                               0x0800335b   Thumb Code    34  diskio.o(.text)
    clust2sect                               0x080034a1   Thumb Code    24  ff.o(.text)
    get_fat                                  0x080034b9   Thumb Code   180  ff.o(.text)
    put_fat                                  0x0800356d   Thumb Code   242  ff.o(.text)
    f_mount                                  0x08003e55   Thumb Code    26  ff.o(.text)
    f_open                                   0x08003e6f   Thumb Code   308  ff.o(.text)
    f_read                                   0x08003fa3   Thumb Code   332  ff.o(.text)
    f_write                                  0x080040ef   Thumb Code   398  ff.o(.text)
    f_sync                                   0x0800427d   Thumb Code   152  ff.o(.text)
    f_close                                  0x08004315   Thumb Code    18  ff.o(.text)
    f_lseek                                  0x08004327   Thumb Code   302  ff.o(.text)
    f_opendir                                0x08004455   Thumb Code    92  ff.o(.text)
    f_readdir                                0x080044b1   Thumb Code    76  ff.o(.text)
    f_stat                                   0x080044fd   Thumb Code    58  ff.o(.text)
    f_getfree                                0x08004537   Thumb Code   198  ff.o(.text)
    f_truncate                               0x080045fd   Thumb Code   148  ff.o(.text)
    f_unlink                                 0x08004691   Thumb Code   160  ff.o(.text)
    f_mkdir                                  0x08004731   Thumb Code   356  ff.o(.text)
    f_chmod                                  0x08004895   Thumb Code    74  ff.o(.text)
    f_utime                                  0x080048df   Thumb Code    80  ff.o(.text)
    f_rename                                 0x0800492f   Thumb Code   248  ff.o(.text)
    __aeabi_memset                           0x08004a69   Thumb Code    14  memseta.o(.text)
    __aeabi_memset4                          0x08004a69   Thumb Code     0  memseta.o(.text)
    __aeabi_memset8                          0x08004a69   Thumb Code     0  memseta.o(.text)
    __aeabi_memclr                           0x08004a77   Thumb Code     4  memseta.o(.text)
    __aeabi_memclr4                          0x08004a77   Thumb Code     0  memseta.o(.text)
    __aeabi_memclr8                          0x08004a77   Thumb Code     0  memseta.o(.text)
    _memset$wrapper                          0x08004a7b   Thumb Code    20  memseta.o(.text)
    __scatterload                            0x08004a91   Thumb Code    28  init.o(.text)
    __scatterload_rt2                        0x08004a91   Thumb Code     0  init.o(.text)
    __scatterload_copy                       0x08004ab5   Thumb Code    14  handlers.o(i.__scatterload_copy)
    __scatterload_null                       0x08004ac3   Thumb Code     2  handlers.o(i.__scatterload_null)
    __scatterload_zeroinit                   0x08004ac5   Thumb Code    14  handlers.o(i.__scatterload_zeroinit)
    COM_TX_PIN_SOURCE                        0x08004ad4   Data           1  stm32_eval.o(.constdata)
    COM_RX_PIN_SOURCE                        0x08004ad5   Data           1  stm32_eval.o(.constdata)
    COM_TX_AF                                0x08004ad6   Data           1  stm32_eval.o(.constdata)
    COM_RX_AF                                0x08004ad7   Data           1  stm32_eval.o(.constdata)
    COM_TX_PIN                               0x08004ad8   Data           2  stm32_eval.o(.constdata)
    COM_RX_PIN                               0x08004ada   Data           2  stm32_eval.o(.constdata)
    BUTTON_PORT_SOURCE                       0x08004adc   Data           3  stm32_eval.o(.constdata)
    BUTTON_PIN_SOURCE                        0x08004adf   Data           3  stm32_eval.o(.constdata)
    BUTTON_IRQn                              0x08004ae2   Data           3  stm32_eval.o(.constdata)
    COM_USART_CLK                            0x08004ae8   Data           4  stm32_eval.o(.constdata)
    COM_TX_PORT_CLK                          0x08004aec   Data           4  stm32_eval.o(.constdata)
    COM_RX_PORT_CLK                          0x08004af0   Data           4  stm32_eval.o(.constdata)
    BUTTON_PIN                               0x08004af4   Data           6  stm32_eval.o(.constdata)
    BUTTON_EXTI_LINE                         0x08004afa   Data           6  stm32_eval.o(.constdata)
    GPIO_PIN                                 0x08004b00   Data           8  stm32_eval.o(.constdata)
    GPIO_CLK                                 0x08004b08   Data          16  stm32_eval.o(.constdata)
    BUTTON_CLK                               0x08004b18   Data          12  stm32_eval.o(.constdata)
    Region$$Table$$Base                      0x08004b24   Number         0  anon$$obj.o(Region$$Table)
    Region$$Table$$Limit                     0x08004b44   Number         0  anon$$obj.o(Region$$Table)
    SystemCoreClock                          0x20000000   Data           4  system_stm32f2xx.o(.data)
    AHBPrescTable                            0x20000004   Data          16  system_stm32f2xx.o(.data)
    temp_size                                0x20000014   Data           4  main.o(.data)
    jump2app                                 0x20000018   Data           4  main.o(.data)
    br                                       0x2000001c   Data           4  main.o(.data)
    check_err                                0x20000020   Data           4  main.o(.data)
    data8                                    0x20000024   Data           1  update_program.o(.data)
    MemoryProgramStatus                      0x20000025   Data           1  update_program.o(.data)
    StartSector                              0x20000028   Data           4  update_program.o(.data)
    EndSector                                0x2000002c   Data           4  update_program.o(.data)
    Address                                  0x20000030   Data           4  update_program.o(.data)
    SectorCounter                            0x20000034   Data           4  update_program.o(.data)
    TransferError                            0x20000048   Data           1  stm32_eval_sdio_sd.o(.data)
    StopCondition                            0x20000054   Data           4  stm32_eval_sdio_sd.o(.data)
    TransferEnd                              0x20000058   Data           4  stm32_eval_sdio_sd.o(.data)
    COM_USART                                0x2000005c   Data           4  stm32_eval.o(.data)
    COM_TX_PORT                              0x20000060   Data           4  stm32_eval.o(.data)
    COM_RX_PORT                              0x20000064   Data           4  stm32_eval.o(.data)
    NVIC_InitStructure                       0x20000068   Data           4  stm32_eval.o(.data)
    GPIO_PORT                                0x2000006c   Data          16  stm32_eval.o(.data)
    BUTTON_PORT                              0x2000007c   Data          12  stm32_eval.o(.data)
    fs                                       0x20000090   Data         560  main.o(.bss)
    temp                                     0x200002c0   Data       81920  main.o(.bss)
    SDCardInfo                               0x200142f0   Data          80  stm32_eval_sdio_sd.o(.bss)
    SDIO_InitStructure                       0x20014340   Data          24  stm32_eval_sdio_sd.o(.bss)
    SDIO_CmdInitStructure                    0x20014358   Data          20  stm32_eval_sdio_sd.o(.bss)
    SDIO_DataInitStructure                   0x2001436c   Data          24  stm32_eval_sdio_sd.o(.bss)
    sEEDMA_InitStructure                     0x20014384   Data          60  stm32_eval.o(.bss)
    __initial_sp                             0x200147c0   Data           0  startup_stm32f2xx.o(STACK)



==============================================================================

Memory Map of the image

  Image Entry point : 0x08000185

  Load Region LR_IROM1 (Base: 0x08000000, Size: 0x00004bd4, Max: 0x00040000, ABSOLUTE)

    Execution Region ER_IROM1 (Base: 0x08000000, Size: 0x00004b44, Max: 0x00040000, ABSOLUTE)

    Base Addr    Size         Type   Attr      Idx    E Section Name        Object

    0x08000000   0x00000184   Data   RO          114    RESET               startup_stm32f2xx.o
    0x08000184   0x00000000   Code   RO          478  * .ARM.Collect$$$$00000000  mc_w.l(entry.o)
    0x08000184   0x00000004   Code   RO          483    .ARM.Collect$$$$00000001  mc_w.l(entry2.o)
    0x08000188   0x00000004   Code   RO          486    .ARM.Collect$$$$00000004  mc_w.l(entry5.o)
    0x0800018c   0x00000008   Code   RO          487    .ARM.Collect$$$$00000007  mc_w.l(entry7.o)
    0x08000194   0x00000004   Code   RO          484    .ARM.Collect$$$$00002712  mc_w.l(entry2.o)
    0x08000198   0x00000006   Code   RO          120    .emb_text           main.o
    0x0800019e   0x00000002   PAD
    0x080001a0   0x00000144   Code   RO            1    .text               system_stm32f2xx.o
    0x080002e4   0x00000024   Code   RO          115    .text               startup_stm32f2xx.o
    0x08000308   0x00000164   Code   RO          121    .text               main.o
    0x0800046c   0x0000001e   Code   RO          205    .text               stm32f2xx_it.o
    0x0800048a   0x00000002   PAD
    0x0800048c   0x0000017c   Code   RO          223    .text               update_program.o
    0x08000608   0x00000320   Code   RO          239    .text               stm32f2xx_dma.o
    0x08000928   0x000001ec   Code   RO          251    .text               stm32f2xx_gpio.o
    0x08000b14   0x000003d4   Code   RO          263    .text               stm32f2xx_rcc.o
    0x08000ee8   0x000001b8   Code   RO          277    .text               stm32f2xx_sdio.o
    0x080010a0   0x00000344   Code   RO          301    .text               stm32f2xx_usart.o
    0x080013e4   0x000000b0   Code   RO          313    .text               misc.o
    0x08001494   0x0000006c   Code   RO          325    .text               stm32f2xx_syscfg.o
    0x08001500   0x0000037c   Code   RO          337    .text               stm32f2xx_flash.o
    0x0800187c   0x000000e8   Code   RO          363    .text               stm32f2xx_exti.o
    0x08001964   0x00000324   Code   RO          375    .text               stm32f2xx_i2c.o
    0x08001c88   0x00001038   Code   RO          411    .text               stm32_eval_sdio_sd.o
    0x08002cc0   0x00000614   Code   RO          428    .text               stm32_eval.o
    0x080032d4   0x000000ac   Code   RO          448    .text               diskio.o
    0x08003380   0x000016e8   Code   RO          460    .text               ff.o
    0x08004a68   0x00000026   Code   RO          481    .text               mc_w.l(memseta.o)
    0x08004a8e   0x00000002   PAD
    0x08004a90   0x00000024   Code   RO          488    .text               mc_w.l(init.o)
    0x08004ab4   0x0000000e   Code   RO          492    i.__scatterload_copy  mc_w.l(handlers.o)
    0x08004ac2   0x00000002   Code   RO          493    i.__scatterload_null  mc_w.l(handlers.o)
    0x08004ac4   0x0000000e   Code   RO          494    i.__scatterload_zeroinit  mc_w.l(handlers.o)
    0x08004ad2   0x00000002   PAD
    0x08004ad4   0x00000050   Data   RO          430    .constdata          stm32_eval.o
    0x08004b24   0x00000020   Data   RO          490    Region$$Table       anon$$obj.o


    Execution Region RW_IRAM1 (Base: 0x20000000, Size: 0x000147c0, Max: 0x00020000, ABSOLUTE)

    Base Addr    Size         Type   Attr      Idx    E Section Name        Object

    0x20000000   0x00000014   Data   RW            2    .data               system_stm32f2xx.o
    0x20000014   0x0000000c   Data   RW          126    .data               main.o
    0x20000020   0x00000004   Data   RW          127    .data               main.o
    0x20000024   0x00000014   Data   RW          224    .data               update_program.o
    0x20000038   0x00000010   Data   RW          264    .data               stm32f2xx_rcc.o
    0x20000048   0x00000014   Data   RW          413    .data               stm32_eval_sdio_sd.o
    0x2000005c   0x0000002c   Data   RW          431    .data               stm32_eval.o
    0x20000088   0x00000008   Data   RW          461    .data               ff.o
    0x20000090   0x00014230   Zero   RW          122    .bss                main.o
    0x200142c0   0x000000c4   Zero   RW          412    .bss                stm32_eval_sdio_sd.o
    0x20014384   0x0000003c   Zero   RW          429    .bss                stm32_eval.o
    0x200143c0   0x00000400   Zero   RW          112    STACK               startup_stm32f2xx.o


==============================================================================

Image component sizes


      Code (inc. data)   RO Data    RW Data    ZI Data      Debug   Object Name

       172          4          0          0          0       2422   diskio.o
      5864         38          0          8          0      25038   ff.o
       362         32          0         16      82480      16524   main.o
       176         16          0          0          0       1905   misc.o
        36          8        388          0       1024        792   startup_stm32f2xx.o
      1556         60         80         44         60       6151   stm32_eval.o
      4152         70          0         20        196      15996   stm32_eval_sdio_sd.o
       800         34          0          0          0       6793   stm32f2xx_dma.o
       232          8          0          0          0       2391   stm32f2xx_exti.o
       892         20          0          0          0       7259   stm32f2xx_flash.o
       492         38          0          0          0       4197   stm32f2xx_gpio.o
       804         20          0          0          0       8283   stm32f2xx_i2c.o
        30          0          0          0          0       7555   stm32f2xx_it.o
       980         46          0         16          0      11259   stm32f2xx_rcc.o
       440         30          0          0          0       7284   stm32f2xx_sdio.o
       108         14          0          0          0       1639   stm32f2xx_syscfg.o
       836         26          0          0          0       8004   stm32f2xx_usart.o
       324         36          0         20          0     274451   system_stm32f2xx.o
       380         58          0         20          0       1885   update_program.o

    ----------------------------------------------------------------------
     18640        558        500        144      83760     409828   Object Totals
         0          0         32          0          0          0   (incl. Generated)
         4          0          0          0          0          0   (incl. Padding)

    ----------------------------------------------------------------------

      Code (inc. data)   RO Data    RW Data    ZI Data      Debug   Library Member Name

         0          0          0          0          0          0   entry.o
         8          4          0          0          0          0   entry2.o
         4          0          0          0          0          0   entry5.o
         8          4          0          0          0          0   entry7.o
        30          0          0          0          0          0   handlers.o
        36          8          0          0          0         68   init.o
        38          0          0          0          0        108   memseta.o

    ----------------------------------------------------------------------
       128         16          0          0          0        176   Library Totals
         4          0          0          0          0          0   (incl. Padding)

    ----------------------------------------------------------------------

      Code (inc. data)   RO Data    RW Data    ZI Data      Debug   Library Name

       124         16          0          0          0        176   mc_w.l

    ----------------------------------------------------------------------
       128         16          0          0          0        176   Library Totals

    ----------------------------------------------------------------------

==============================================================================


      Code (inc. data)   RO Data    RW Data    ZI Data      Debug   

     18768        574        500        144      83760     406988   Grand Totals
     18768        574        500        144      83760     406988   ELF Image Totals
     18768        574        500        144          0          0   ROM Totals

==============================================================================

    Total RO  Size (Code + RO Data)                19268 (  18.82kB)
    Total RW  Size (RW Data + ZI Data)             83904 (  81.94kB)
    Total ROM Size (Code + RO Data + RW Data)      19412 (  18.96kB)

==============================================================================

