<!doctype html public "-//w3c//dtd html 4.0 transitional//en">
<html><head>
<title>Static Call Graph - [.\STM322xG_EVAL\STM322xG_EVAL.axf]</title></head>
<body><HR>
<H1>Static Call Graph for image .\STM322xG_EVAL\STM322xG_EVAL.axf</H1><HR>
<BR><P>#&#060CALLGRAPH&#062# ARM Linker, 5.02 [Build 28]: Last Updated: Sat Dec 29 16:44:38 2012
<BR><P>
<H3>Maximum Stack Usage =        596 bytes + Unknown(Cycles, Untraceable Function Pointers)</H3><H3>
Call chain for Maximum Stack Depth:</H3>
USART2_IRQHandler &rArr; Zigbee_Usart &rArr; Zigbee_Cmd_Analysis &rArr; Write_Date &rArr; f_open &rArr; follow_path &rArr; dir_next &rArr; create_chain &rArr; put_fat &rArr; move_window &rArr; disk_write &rArr; SD_WriteMultiBlocks &rArr; SD_LowLevel_DMA_TxConfig &rArr; DMA_DeInit
<P>
<H3>
Mutually Recursive functions
</H3> <LI><a href="#[1c]">ADC_IRQHandler</a>&nbsp;&nbsp;&nbsp;&rArr;&nbsp;&nbsp;&nbsp;<a href="#[1c]">ADC_IRQHandler</a><BR>
 <LI><a href="#[4]">BusFault_Handler</a>&nbsp;&nbsp;&nbsp;&rArr;&nbsp;&nbsp;&nbsp;<a href="#[4]">BusFault_Handler</a><BR>
 <LI><a href="#[2]">HardFault_Handler</a>&nbsp;&nbsp;&nbsp;&rArr;&nbsp;&nbsp;&nbsp;<a href="#[2]">HardFault_Handler</a><BR>
 <LI><a href="#[3]">MemManage_Handler</a>&nbsp;&nbsp;&nbsp;&rArr;&nbsp;&nbsp;&nbsp;<a href="#[3]">MemManage_Handler</a><BR>
 <LI><a href="#[5]">UsageFault_Handler</a>&nbsp;&nbsp;&nbsp;&rArr;&nbsp;&nbsp;&nbsp;<a href="#[5]">UsageFault_Handler</a><BR>
</UL>
<P>
<H3>
Function Pointers
</H3><UL>
 <LI><a href="#[1c]">ADC_IRQHandler</a> from startup_stm32f2xx.o(.text) referenced from startup_stm32f2xx.o(RESET)
 <LI><a href="#[6a]">Analysis_Task</a> from main_task.o(i.Analysis_Task) referenced from main.o(i.main)
 <LI><a href="#[4]">BusFault_Handler</a> from stm32f2xx_it.o(i.BusFault_Handler) referenced from startup_stm32f2xx.o(RESET)
 <LI><a href="#[1e]">CAN1_RX0_IRQHandler</a> from startup_stm32f2xx.o(.text) referenced from startup_stm32f2xx.o(RESET)
 <LI><a href="#[1f]">CAN1_RX1_IRQHandler</a> from startup_stm32f2xx.o(.text) referenced from startup_stm32f2xx.o(RESET)
 <LI><a href="#[20]">CAN1_SCE_IRQHandler</a> from startup_stm32f2xx.o(.text) referenced from startup_stm32f2xx.o(RESET)
 <LI><a href="#[1d]">CAN1_TX_IRQHandler</a> from startup_stm32f2xx.o(.text) referenced from startup_stm32f2xx.o(RESET)
 <LI><a href="#[4a]">CAN2_RX0_IRQHandler</a> from startup_stm32f2xx.o(.text) referenced from startup_stm32f2xx.o(RESET)
 <LI><a href="#[4b]">CAN2_RX1_IRQHandler</a> from startup_stm32f2xx.o(.text) referenced from startup_stm32f2xx.o(RESET)
 <LI><a href="#[4c]">CAN2_SCE_IRQHandler</a> from startup_stm32f2xx.o(.text) referenced from startup_stm32f2xx.o(RESET)
 <LI><a href="#[49]">CAN2_TX_IRQHandler</a> from startup_stm32f2xx.o(.text) referenced from startup_stm32f2xx.o(RESET)
 <LI><a href="#[59]">CRYP_IRQHandler</a> from startup_stm32f2xx.o(.text) referenced from startup_stm32f2xx.o(RESET)
 <LI><a href="#[58]">DCMI_IRQHandler</a> from startup_stm32f2xx.o(.text) referenced from startup_stm32f2xx.o(RESET)
 <LI><a href="#[15]">DMA1_Stream0_IRQHandler</a> from startup_stm32f2xx.o(.text) referenced from startup_stm32f2xx.o(RESET)
 <LI><a href="#[16]">DMA1_Stream1_IRQHandler</a> from startup_stm32f2xx.o(.text) referenced from startup_stm32f2xx.o(RESET)
 <LI><a href="#[17]">DMA1_Stream2_IRQHandler</a> from startup_stm32f2xx.o(.text) referenced from startup_stm32f2xx.o(RESET)
 <LI><a href="#[18]">DMA1_Stream3_IRQHandler</a> from startup_stm32f2xx.o(.text) referenced from startup_stm32f2xx.o(RESET)
 <LI><a href="#[19]">DMA1_Stream4_IRQHandler</a> from startup_stm32f2xx.o(.text) referenced from startup_stm32f2xx.o(RESET)
 <LI><a href="#[1a]">DMA1_Stream5_IRQHandler</a> from stm32f2xx_it.o(i.DMA1_Stream5_IRQHandler) referenced from startup_stm32f2xx.o(RESET)
 <LI><a href="#[1b]">DMA1_Stream6_IRQHandler</a> from stm32f2xx_it.o(i.DMA1_Stream6_IRQHandler) referenced from startup_stm32f2xx.o(RESET)
 <LI><a href="#[39]">DMA1_Stream7_IRQHandler</a> from startup_stm32f2xx.o(.text) referenced from startup_stm32f2xx.o(RESET)
 <LI><a href="#[42]">DMA2_Stream0_IRQHandler</a> from startup_stm32f2xx.o(.text) referenced from startup_stm32f2xx.o(RESET)
 <LI><a href="#[43]">DMA2_Stream1_IRQHandler</a> from startup_stm32f2xx.o(.text) referenced from startup_stm32f2xx.o(RESET)
 <LI><a href="#[44]">DMA2_Stream2_IRQHandler</a> from startup_stm32f2xx.o(.text) referenced from startup_stm32f2xx.o(RESET)
 <LI><a href="#[45]">DMA2_Stream3_IRQHandler</a> from startup_stm32f2xx.o(.text) referenced from startup_stm32f2xx.o(RESET)
 <LI><a href="#[46]">DMA2_Stream4_IRQHandler</a> from startup_stm32f2xx.o(.text) referenced from startup_stm32f2xx.o(RESET)
 <LI><a href="#[4e]">DMA2_Stream5_IRQHandler</a> from startup_stm32f2xx.o(.text) referenced from startup_stm32f2xx.o(RESET)
 <LI><a href="#[4f]">DMA2_Stream6_IRQHandler</a> from startup_stm32f2xx.o(.text) referenced from startup_stm32f2xx.o(RESET)
 <LI><a href="#[50]">DMA2_Stream7_IRQHandler</a> from startup_stm32f2xx.o(.text) referenced from startup_stm32f2xx.o(RESET)
 <LI><a href="#[7]">DebugMon_Handler</a> from stm32f2xx_it.o(i.DebugMon_Handler) referenced from startup_stm32f2xx.o(RESET)
 <LI><a href="#[47]">ETH_IRQHandler</a> from stm32f2xx_it.o(i.ETH_IRQHandler) referenced from startup_stm32f2xx.o(RESET)
 <LI><a href="#[48]">ETH_WKUP_IRQHandler</a> from startup_stm32f2xx.o(.text) referenced from startup_stm32f2xx.o(RESET)
 <LI><a href="#[10]">EXTI0_IRQHandler</a> from startup_stm32f2xx.o(.text) referenced from startup_stm32f2xx.o(RESET)
 <LI><a href="#[32]">EXTI15_10_IRQHandler</a> from startup_stm32f2xx.o(.text) referenced from startup_stm32f2xx.o(RESET)
 <LI><a href="#[11]">EXTI1_IRQHandler</a> from startup_stm32f2xx.o(.text) referenced from startup_stm32f2xx.o(RESET)
 <LI><a href="#[12]">EXTI2_IRQHandler</a> from startup_stm32f2xx.o(.text) referenced from startup_stm32f2xx.o(RESET)
 <LI><a href="#[13]">EXTI3_IRQHandler</a> from startup_stm32f2xx.o(.text) referenced from startup_stm32f2xx.o(RESET)
 <LI><a href="#[14]">EXTI4_IRQHandler</a> from startup_stm32f2xx.o(.text) referenced from startup_stm32f2xx.o(RESET)
 <LI><a href="#[21]">EXTI9_5_IRQHandler</a> from startup_stm32f2xx.o(.text) referenced from startup_stm32f2xx.o(RESET)
 <LI><a href="#[e]">FLASH_IRQHandler</a> from startup_stm32f2xx.o(.text) referenced from startup_stm32f2xx.o(RESET)
 <LI><a href="#[3a]">FSMC_IRQHandler</a> from startup_stm32f2xx.o(.text) referenced from startup_stm32f2xx.o(RESET)
 <LI><a href="#[5a]">HASH_RNG_IRQHandler</a> from startup_stm32f2xx.o(.text) referenced from startup_stm32f2xx.o(RESET)
 <LI><a href="#[2]">HardFault_Handler</a> from stm32f2xx_it.o(i.HardFault_Handler) referenced from startup_stm32f2xx.o(RESET)
 <LI><a href="#[63]">HelloWorld_accept</a> from helloworld.o(i.HelloWorld_accept) referenced from helloworld.o(i.Server_Task)
 <LI><a href="#[5f]">HelloWorld_conn_err</a> from helloworld.o(i.HelloWorld_conn_err) referenced from helloworld.o(i.HelloWorld_accept)
 <LI><a href="#[5f]">HelloWorld_conn_err</a> from helloworld.o(i.HelloWorld_conn_err) referenced from helloworld.o(i.pic_init)
 <LI><a href="#[60]">HelloWorld_recv</a> from helloworld.o(i.HelloWorld_recv) referenced from helloworld.o(i.HelloWorld_accept)
 <LI><a href="#[2a]">I2C1_ER_IRQHandler</a> from startup_stm32f2xx.o(.text) referenced from startup_stm32f2xx.o(RESET)
 <LI><a href="#[29]">I2C1_EV_IRQHandler</a> from startup_stm32f2xx.o(.text) referenced from startup_stm32f2xx.o(RESET)
 <LI><a href="#[2c]">I2C2_ER_IRQHandler</a> from startup_stm32f2xx.o(.text) referenced from startup_stm32f2xx.o(RESET)
 <LI><a href="#[2b]">I2C2_EV_IRQHandler</a> from startup_stm32f2xx.o(.text) referenced from startup_stm32f2xx.o(RESET)
 <LI><a href="#[53]">I2C3_ER_IRQHandler</a> from startup_stm32f2xx.o(.text) referenced from startup_stm32f2xx.o(RESET)
 <LI><a href="#[52]">I2C3_EV_IRQHandler</a> from startup_stm32f2xx.o(.text) referenced from startup_stm32f2xx.o(RESET)
 <LI><a href="#[3]">MemManage_Handler</a> from stm32f2xx_it.o(i.MemManage_Handler) referenced from startup_stm32f2xx.o(RESET)
 <LI><a href="#[1]">NMI_Handler</a> from stm32f2xx_it.o(i.NMI_Handler) referenced from startup_stm32f2xx.o(RESET)
 <LI><a href="#[4d]">OTG_FS_IRQHandler</a> from startup_stm32f2xx.o(.text) referenced from startup_stm32f2xx.o(RESET)
 <LI><a href="#[34]">OTG_FS_WKUP_IRQHandler</a> from startup_stm32f2xx.o(.text) referenced from startup_stm32f2xx.o(RESET)
 <LI><a href="#[55]">OTG_HS_EP1_IN_IRQHandler</a> from startup_stm32f2xx.o(.text) referenced from startup_stm32f2xx.o(RESET)
 <LI><a href="#[54]">OTG_HS_EP1_OUT_IRQHandler</a> from startup_stm32f2xx.o(.text) referenced from startup_stm32f2xx.o(RESET)
 <LI><a href="#[57]">OTG_HS_IRQHandler</a> from startup_stm32f2xx.o(.text) referenced from startup_stm32f2xx.o(RESET)
 <LI><a href="#[56]">OTG_HS_WKUP_IRQHandler</a> from startup_stm32f2xx.o(.text) referenced from startup_stm32f2xx.o(RESET)
 <LI><a href="#[b]">PVD_IRQHandler</a> from startup_stm32f2xx.o(.text) referenced from startup_stm32f2xx.o(RESET)
 <LI><a href="#[f]">RCC_IRQHandler</a> from startup_stm32f2xx.o(.text) referenced from startup_stm32f2xx.o(RESET)
 <LI><a href="#[33]">RTC_Alarm_IRQHandler</a> from startup_stm32f2xx.o(.text) referenced from startup_stm32f2xx.o(RESET)
 <LI><a href="#[d]">RTC_WKUP_IRQHandler</a> from startup_stm32f2xx.o(.text) referenced from startup_stm32f2xx.o(RESET)
 <LI><a href="#[0]">Reset_Handler</a> from startup_stm32f2xx.o(.text) referenced from startup_stm32f2xx.o(RESET)
 <LI><a href="#[3b]">SDIO_IRQHandler</a> from stm32f2xx_it.o(i.SDIO_IRQHandler) referenced from startup_stm32f2xx.o(RESET)
 <LI><a href="#[2d]">SPI1_IRQHandler</a> from startup_stm32f2xx.o(.text) referenced from startup_stm32f2xx.o(RESET)
 <LI><a href="#[2e]">SPI2_IRQHandler</a> from startup_stm32f2xx.o(.text) referenced from startup_stm32f2xx.o(RESET)
 <LI><a href="#[3d]">SPI3_IRQHandler</a> from startup_stm32f2xx.o(.text) referenced from startup_stm32f2xx.o(RESET)
 <LI><a href="#[69]">Server_Task</a> from helloworld.o(i.Server_Task) referenced from main.o(i.main)
 <LI><a href="#[9]">SysTick_Handler</a> from stm32f2xx_it.o(i.SysTick_Handler) referenced from startup_stm32f2xx.o(RESET)
 <LI><a href="#[5c]">SystemInit</a> from system_stm32f2xx.o(i.SystemInit) referenced from startup_stm32f2xx.o(.text)
 <LI><a href="#[c]">TAMP_STAMP_IRQHandler</a> from startup_stm32f2xx.o(.text) referenced from startup_stm32f2xx.o(RESET)
 <LI><a href="#[22]">TIM1_BRK_TIM9_IRQHandler</a> from startup_stm32f2xx.o(.text) referenced from startup_stm32f2xx.o(RESET)
 <LI><a href="#[25]">TIM1_CC_IRQHandler</a> from startup_stm32f2xx.o(.text) referenced from startup_stm32f2xx.o(RESET)
 <LI><a href="#[24]">TIM1_TRG_COM_TIM11_IRQHandler</a> from startup_stm32f2xx.o(.text) referenced from startup_stm32f2xx.o(RESET)
 <LI><a href="#[23]">TIM1_UP_TIM10_IRQHandler</a> from startup_stm32f2xx.o(.text) referenced from startup_stm32f2xx.o(RESET)
 <LI><a href="#[26]">TIM2_IRQHandler</a> from startup_stm32f2xx.o(.text) referenced from startup_stm32f2xx.o(RESET)
 <LI><a href="#[27]">TIM3_IRQHandler</a> from startup_stm32f2xx.o(.text) referenced from startup_stm32f2xx.o(RESET)
 <LI><a href="#[28]">TIM4_IRQHandler</a> from startup_stm32f2xx.o(.text) referenced from startup_stm32f2xx.o(RESET)
 <LI><a href="#[3c]">TIM5_IRQHandler</a> from startup_stm32f2xx.o(.text) referenced from startup_stm32f2xx.o(RESET)
 <LI><a href="#[40]">TIM6_DAC_IRQHandler</a> from startup_stm32f2xx.o(.text) referenced from startup_stm32f2xx.o(RESET)
 <LI><a href="#[41]">TIM7_IRQHandler</a> from startup_stm32f2xx.o(.text) referenced from startup_stm32f2xx.o(RESET)
 <LI><a href="#[35]">TIM8_BRK_TIM12_IRQHandler</a> from startup_stm32f2xx.o(.text) referenced from startup_stm32f2xx.o(RESET)
 <LI><a href="#[38]">TIM8_CC_IRQHandler</a> from startup_stm32f2xx.o(.text) referenced from startup_stm32f2xx.o(RESET)
 <LI><a href="#[37]">TIM8_TRG_COM_TIM14_IRQHandler</a> from startup_stm32f2xx.o(.text) referenced from startup_stm32f2xx.o(RESET)
 <LI><a href="#[36]">TIM8_UP_TIM13_IRQHandler</a> from startup_stm32f2xx.o(.text) referenced from startup_stm32f2xx.o(RESET)
 <LI><a href="#[6b]">Time_Task</a> from main.o(i.Time_Task) referenced from main.o(i.main)
 <LI><a href="#[3e]">UART4_IRQHandler</a> from startup_stm32f2xx.o(.text) referenced from startup_stm32f2xx.o(RESET)
 <LI><a href="#[3f]">UART5_IRQHandler</a> from startup_stm32f2xx.o(.text) referenced from startup_stm32f2xx.o(RESET)
 <LI><a href="#[2f]">USART1_IRQHandler</a> from startup_stm32f2xx.o(.text) referenced from startup_stm32f2xx.o(RESET)
 <LI><a href="#[30]">USART2_IRQHandler</a> from stm32f2xx_it.o(i.USART2_IRQHandler) referenced from startup_stm32f2xx.o(RESET)
 <LI><a href="#[31]">USART3_IRQHandler</a> from startup_stm32f2xx.o(.text) referenced from startup_stm32f2xx.o(RESET)
 <LI><a href="#[51]">USART6_IRQHandler</a> from startup_stm32f2xx.o(.text) referenced from startup_stm32f2xx.o(RESET)
 <LI><a href="#[5]">UsageFault_Handler</a> from stm32f2xx_it.o(i.UsageFault_Handler) referenced from startup_stm32f2xx.o(RESET)
 <LI><a href="#[6c]">Usart_Dma_Analysis</a> from usart_dma.o(i.Usart_Dma_Analysis) referenced from main.o(i.main)
 <LI><a href="#[a]">WWDG_IRQHandler</a> from startup_stm32f2xx.o(.text) referenced from startup_stm32f2xx.o(RESET)
 <LI><a href="#[5d]">__main</a> from entry.o(.ARM.Collect$$$$00000000) referenced from startup_stm32f2xx.o(.text)
 <LI><a href="#[65]">_sputc</a> from printf8.o(i._sputc) referenced from printf8.o(i.__0sprintf$8)
 <LI><a href="#[66]">dhcp_recv</a> from dhcp.o(i.dhcp_recv) referenced from dhcp.o(i.dhcp_start)
 <LI><a href="#[67]">etharp_output</a> from etharp.o(i.etharp_output) referenced from ethernetif.o(i.ethernetif_init)
 <LI><a href="#[61]">ethernet_input</a> from etharp.o(i.ethernet_input) referenced from netconf.o(i.LwIP_Init)
 <LI><a href="#[62]">ethernetif_init</a> from ethernetif.o(i.ethernetif_init) referenced from netconf.o(i.LwIP_Init)
 <LI><a href="#[64]">fputc</a> from serial_debug.o(i.fputc) referenced from printf8.o(i.__0printf$8)
 <LI><a href="#[68]">low_level_output</a> from ethernetif.o(i.low_level_output) referenced from ethernetif.o(i.ethernetif_init)
 <LI><a href="#[5b]">main</a> from main.o(i.main) referenced from entry8.o(.ARM.Collect$$$$00000009)
 <LI><a href="#[6d]">pbuf_free_ooseq</a> from pbuf.o(i.pbuf_free_ooseq) referenced from pbuf.o(i.pbuf_pool_is_empty)
 <LI><a href="#[5e]">pic_init</a> from helloworld.o(i.pic_init) referenced from helloworld.o(i.Get_Pic_Return)
 <LI><a href="#[6e]">pic_recv</a> from helloworld.o(i.pic_recv) referenced from helloworld.o(i.pic_init)
 <LI><a href="#[75]">prvIdleTask</a> from tasks.o(i.prvIdleTask) referenced from tasks.o(i.vTaskStartScheduler)
 <LI><a href="#[71]">tcp_accept_null</a> from tcp.o(i.tcp_accept_null) referenced from tcp.o(i.tcp_listen_with_backlog)
 <LI><a href="#[70]">tcp_recv_null</a> from tcp.o(i.tcp_recv_null) referenced from tcp.o(i.tcp_alloc)
 <LI><a href="#[74]">tcp_server_accept</a> from server.o(i.tcp_server_accept) referenced from server.o(i.udp_server_callback)
 <LI><a href="#[72]">tcp_server_recv</a> from server.o(i.tcp_server_recv) referenced from server.o(i.tcp_server_accept)
 <LI><a href="#[73]">tcpip_tcp_timer</a> from tcpip.o(i.tcpip_tcp_timer) referenced from tcpip.o(i.tcp_timer_needed)
 <LI><a href="#[73]">tcpip_tcp_timer</a> from tcpip.o(i.tcpip_tcp_timer) referenced from tcpip.o(i.tcpip_tcp_timer)
 <LI><a href="#[6f]">udp_server_callback</a> from server.o(i.udp_server_callback) referenced from server.o(i.server_init)
 <LI><a href="#[6f]">udp_server_callback</a> from server.o(i.udp_server_callback) referenced from server.o(i.udp_server_callback)
 <LI><a href="#[6]">vPortSVCHandler</a> from port.o(.emb_text) referenced from startup_stm32f2xx.o(RESET)
 <LI><a href="#[8]">xPortPendSVHandler</a> from port.o(.emb_text) referenced from startup_stm32f2xx.o(RESET)
</UL>
<P>
<H3>
Global Symbols
</H3>
<P><STRONG><a name="[5d]"></a>__main</STRONG> (Thumb, 0 bytes, Stack size unknown bytes, entry.o(.ARM.Collect$$$$00000000))
<BR>[Address Reference Count : 1]<UL><LI> startup_stm32f2xx.o(.text)
</UL>
<P><STRONG><a name="[1fc]"></a>_main_stk</STRONG> (Thumb, 0 bytes, Stack size unknown bytes, entry2.o(.ARM.Collect$$$$00000001))

<P><STRONG><a name="[76]"></a>_main_scatterload</STRONG> (Thumb, 0 bytes, Stack size unknown bytes, entry5.o(.ARM.Collect$$$$00000004))
<BR><BR>[Calls]<UL><LI><a href="#[77]">&gt;&gt;</a>&nbsp;&nbsp;&nbsp;__scatterload
</UL>

<P><STRONG><a name="[7f]"></a>__main_after_scatterload</STRONG> (Thumb, 0 bytes, Stack size unknown bytes, entry5.o(.ARM.Collect$$$$00000004))
<BR><BR>[Called By]<UL><LI><a href="#[77]">&gt;&gt;</a>&nbsp;&nbsp;&nbsp;__scatterload
</UL>

<P><STRONG><a name="[1fd]"></a>_main_clock</STRONG> (Thumb, 0 bytes, Stack size unknown bytes, entry7b.o(.ARM.Collect$$$$00000008))

<P><STRONG><a name="[1fe]"></a>_main_init</STRONG> (Thumb, 0 bytes, Stack size unknown bytes, entry8.o(.ARM.Collect$$$$00000009))

<P><STRONG><a name="[6]"></a>vPortSVCHandler</STRONG> (Thumb, 28 bytes, Stack size 0 bytes, port.o(.emb_text))
<BR>[Address Reference Count : 1]<UL><LI> startup_stm32f2xx.o(RESET)
</UL>
<P><STRONG><a name="[1f5]"></a>vPortStartFirstTask</STRONG> (Thumb, 12 bytes, Stack size 0 bytes, port.o(.emb_text))
<BR><BR>[Called By]<UL><LI><a href="#[1f4]">&gt;&gt;</a>&nbsp;&nbsp;&nbsp;xPortStartScheduler
</UL>

<P><STRONG><a name="[8]"></a>xPortPendSVHandler</STRONG> (Thumb, 56 bytes, Stack size 0 bytes, port.o(.emb_text))
<BR><BR>[Calls]<UL><LI><a href="#[78]">&gt;&gt;</a>&nbsp;&nbsp;&nbsp;vTaskSwitchContext
</UL>
<BR>[Address Reference Count : 1]<UL><LI> startup_stm32f2xx.o(RESET)
</UL>
<P><STRONG><a name="[1ed]"></a>vPortSetInterruptMask</STRONG> (Thumb, 14 bytes, Stack size 0 bytes, port.o(.emb_text))
<BR><BR>[Called By]<UL><LI><a href="#[11e]">&gt;&gt;</a>&nbsp;&nbsp;&nbsp;xPortSysTickHandler
<LI><a href="#[19f]">&gt;&gt;</a>&nbsp;&nbsp;&nbsp;vTaskStartScheduler
<LI><a href="#[1b5]">&gt;&gt;</a>&nbsp;&nbsp;&nbsp;vPortEnterCritical
</UL>

<P><STRONG><a name="[1ee]"></a>vPortClearInterruptMask</STRONG> (Thumb, 14 bytes, Stack size 0 bytes, port.o(.emb_text))
<BR><BR>[Called By]<UL><LI><a href="#[11e]">&gt;&gt;</a>&nbsp;&nbsp;&nbsp;xPortSysTickHandler
<LI><a href="#[1b7]">&gt;&gt;</a>&nbsp;&nbsp;&nbsp;vPortExitCritical
</UL>

<P><STRONG><a name="[0]"></a>Reset_Handler</STRONG> (Thumb, 8 bytes, Stack size 0 bytes, startup_stm32f2xx.o(.text))
<BR>[Address Reference Count : 1]<UL><LI> startup_stm32f2xx.o(RESET)
</UL>
<P><STRONG><a name="[1c]"></a>ADC_IRQHandler</STRONG> (Thumb, 0 bytes, Stack size 0 bytes, startup_stm32f2xx.o(.text))
<BR><BR>[Calls]<UL><LI><a href="#[1c]">&gt;&gt;</a>&nbsp;&nbsp;&nbsp;ADC_IRQHandler
</UL>
<BR>[Called By]<UL><LI><a href="#[1c]">&gt;&gt;</a>&nbsp;&nbsp;&nbsp;ADC_IRQHandler
</UL>
<BR>[Address Reference Count : 1]<UL><LI> startup_stm32f2xx.o(RESET)
</UL>
<P><STRONG><a name="[1e]"></a>CAN1_RX0_IRQHandler</STRONG> (Thumb, 0 bytes, Stack size 0 bytes, startup_stm32f2xx.o(.text))
<BR>[Address Reference Count : 1]<UL><LI> startup_stm32f2xx.o(RESET)
</UL>
<P><STRONG><a name="[1f]"></a>CAN1_RX1_IRQHandler</STRONG> (Thumb, 0 bytes, Stack size 0 bytes, startup_stm32f2xx.o(.text))
<BR>[Address Reference Count : 1]<UL><LI> startup_stm32f2xx.o(RESET)
</UL>
<P><STRONG><a name="[20]"></a>CAN1_SCE_IRQHandler</STRONG> (Thumb, 0 bytes, Stack size 0 bytes, startup_stm32f2xx.o(.text))
<BR>[Address Reference Count : 1]<UL><LI> startup_stm32f2xx.o(RESET)
</UL>
<P><STRONG><a name="[1d]"></a>CAN1_TX_IRQHandler</STRONG> (Thumb, 0 bytes, Stack size 0 bytes, startup_stm32f2xx.o(.text))
<BR>[Address Reference Count : 1]<UL><LI> startup_stm32f2xx.o(RESET)
</UL>
<P><STRONG><a name="[4a]"></a>CAN2_RX0_IRQHandler</STRONG> (Thumb, 0 bytes, Stack size 0 bytes, startup_stm32f2xx.o(.text))
<BR>[Address Reference Count : 1]<UL><LI> startup_stm32f2xx.o(RESET)
</UL>
<P><STRONG><a name="[4b]"></a>CAN2_RX1_IRQHandler</STRONG> (Thumb, 0 bytes, Stack size 0 bytes, startup_stm32f2xx.o(.text))
<BR>[Address Reference Count : 1]<UL><LI> startup_stm32f2xx.o(RESET)
</UL>
<P><STRONG><a name="[4c]"></a>CAN2_SCE_IRQHandler</STRONG> (Thumb, 0 bytes, Stack size 0 bytes, startup_stm32f2xx.o(.text))
<BR>[Address Reference Count : 1]<UL><LI> startup_stm32f2xx.o(RESET)
</UL>
<P><STRONG><a name="[49]"></a>CAN2_TX_IRQHandler</STRONG> (Thumb, 0 bytes, Stack size 0 bytes, startup_stm32f2xx.o(.text))
<BR>[Address Reference Count : 1]<UL><LI> startup_stm32f2xx.o(RESET)
</UL>
<P><STRONG><a name="[59]"></a>CRYP_IRQHandler</STRONG> (Thumb, 0 bytes, Stack size 0 bytes, startup_stm32f2xx.o(.text))
<BR>[Address Reference Count : 1]<UL><LI> startup_stm32f2xx.o(RESET)
</UL>
<P><STRONG><a name="[58]"></a>DCMI_IRQHandler</STRONG> (Thumb, 0 bytes, Stack size 0 bytes, startup_stm32f2xx.o(.text))
<BR>[Address Reference Count : 1]<UL><LI> startup_stm32f2xx.o(RESET)
</UL>
<P><STRONG><a name="[15]"></a>DMA1_Stream0_IRQHandler</STRONG> (Thumb, 0 bytes, Stack size 0 bytes, startup_stm32f2xx.o(.text))
<BR>[Address Reference Count : 1]<UL><LI> startup_stm32f2xx.o(RESET)
</UL>
<P><STRONG><a name="[16]"></a>DMA1_Stream1_IRQHandler</STRONG> (Thumb, 0 bytes, Stack size 0 bytes, startup_stm32f2xx.o(.text))
<BR>[Address Reference Count : 1]<UL><LI> startup_stm32f2xx.o(RESET)
</UL>
<P><STRONG><a name="[17]"></a>DMA1_Stream2_IRQHandler</STRONG> (Thumb, 0 bytes, Stack size 0 bytes, startup_stm32f2xx.o(.text))
<BR>[Address Reference Count : 1]<UL><LI> startup_stm32f2xx.o(RESET)
</UL>
<P><STRONG><a name="[18]"></a>DMA1_Stream3_IRQHandler</STRONG> (Thumb, 0 bytes, Stack size 0 bytes, startup_stm32f2xx.o(.text))
<BR>[Address Reference Count : 1]<UL><LI> startup_stm32f2xx.o(RESET)
</UL>
<P><STRONG><a name="[19]"></a>DMA1_Stream4_IRQHandler</STRONG> (Thumb, 0 bytes, Stack size 0 bytes, startup_stm32f2xx.o(.text))
<BR>[Address Reference Count : 1]<UL><LI> startup_stm32f2xx.o(RESET)
</UL>
<P><STRONG><a name="[39]"></a>DMA1_Stream7_IRQHandler</STRONG> (Thumb, 0 bytes, Stack size 0 bytes, startup_stm32f2xx.o(.text))
<BR>[Address Reference Count : 1]<UL><LI> startup_stm32f2xx.o(RESET)
</UL>
<P><STRONG><a name="[42]"></a>DMA2_Stream0_IRQHandler</STRONG> (Thumb, 0 bytes, Stack size 0 bytes, startup_stm32f2xx.o(.text))
<BR>[Address Reference Count : 1]<UL><LI> startup_stm32f2xx.o(RESET)
</UL>
<P><STRONG><a name="[43]"></a>DMA2_Stream1_IRQHandler</STRONG> (Thumb, 0 bytes, Stack size 0 bytes, startup_stm32f2xx.o(.text))
<BR>[Address Reference Count : 1]<UL><LI> startup_stm32f2xx.o(RESET)
</UL>
<P><STRONG><a name="[44]"></a>DMA2_Stream2_IRQHandler</STRONG> (Thumb, 0 bytes, Stack size 0 bytes, startup_stm32f2xx.o(.text))
<BR>[Address Reference Count : 1]<UL><LI> startup_stm32f2xx.o(RESET)
</UL>
<P><STRONG><a name="[45]"></a>DMA2_Stream3_IRQHandler</STRONG> (Thumb, 0 bytes, Stack size 0 bytes, startup_stm32f2xx.o(.text))
<BR>[Address Reference Count : 1]<UL><LI> startup_stm32f2xx.o(RESET)
</UL>
<P><STRONG><a name="[46]"></a>DMA2_Stream4_IRQHandler</STRONG> (Thumb, 0 bytes, Stack size 0 bytes, startup_stm32f2xx.o(.text))
<BR>[Address Reference Count : 1]<UL><LI> startup_stm32f2xx.o(RESET)
</UL>
<P><STRONG><a name="[4e]"></a>DMA2_Stream5_IRQHandler</STRONG> (Thumb, 0 bytes, Stack size 0 bytes, startup_stm32f2xx.o(.text))
<BR>[Address Reference Count : 1]<UL><LI> startup_stm32f2xx.o(RESET)
</UL>
<P><STRONG><a name="[4f]"></a>DMA2_Stream6_IRQHandler</STRONG> (Thumb, 0 bytes, Stack size 0 bytes, startup_stm32f2xx.o(.text))
<BR>[Address Reference Count : 1]<UL><LI> startup_stm32f2xx.o(RESET)
</UL>
<P><STRONG><a name="[50]"></a>DMA2_Stream7_IRQHandler</STRONG> (Thumb, 0 bytes, Stack size 0 bytes, startup_stm32f2xx.o(.text))
<BR>[Address Reference Count : 1]<UL><LI> startup_stm32f2xx.o(RESET)
</UL>
<P><STRONG><a name="[48]"></a>ETH_WKUP_IRQHandler</STRONG> (Thumb, 0 bytes, Stack size 0 bytes, startup_stm32f2xx.o(.text))
<BR>[Address Reference Count : 1]<UL><LI> startup_stm32f2xx.o(RESET)
</UL>
<P><STRONG><a name="[10]"></a>EXTI0_IRQHandler</STRONG> (Thumb, 0 bytes, Stack size 0 bytes, startup_stm32f2xx.o(.text))
<BR>[Address Reference Count : 1]<UL><LI> startup_stm32f2xx.o(RESET)
</UL>
<P><STRONG><a name="[32]"></a>EXTI15_10_IRQHandler</STRONG> (Thumb, 0 bytes, Stack size 0 bytes, startup_stm32f2xx.o(.text))
<BR>[Address Reference Count : 1]<UL><LI> startup_stm32f2xx.o(RESET)
</UL>
<P><STRONG><a name="[11]"></a>EXTI1_IRQHandler</STRONG> (Thumb, 0 bytes, Stack size 0 bytes, startup_stm32f2xx.o(.text))
<BR>[Address Reference Count : 1]<UL><LI> startup_stm32f2xx.o(RESET)
</UL>
<P><STRONG><a name="[12]"></a>EXTI2_IRQHandler</STRONG> (Thumb, 0 bytes, Stack size 0 bytes, startup_stm32f2xx.o(.text))
<BR>[Address Reference Count : 1]<UL><LI> startup_stm32f2xx.o(RESET)
</UL>
<P><STRONG><a name="[13]"></a>EXTI3_IRQHandler</STRONG> (Thumb, 0 bytes, Stack size 0 bytes, startup_stm32f2xx.o(.text))
<BR>[Address Reference Count : 1]<UL><LI> startup_stm32f2xx.o(RESET)
</UL>
<P><STRONG><a name="[14]"></a>EXTI4_IRQHandler</STRONG> (Thumb, 0 bytes, Stack size 0 bytes, startup_stm32f2xx.o(.text))
<BR>[Address Reference Count : 1]<UL><LI> startup_stm32f2xx.o(RESET)
</UL>
<P><STRONG><a name="[21]"></a>EXTI9_5_IRQHandler</STRONG> (Thumb, 0 bytes, Stack size 0 bytes, startup_stm32f2xx.o(.text))
<BR>[Address Reference Count : 1]<UL><LI> startup_stm32f2xx.o(RESET)
</UL>
<P><STRONG><a name="[e]"></a>FLASH_IRQHandler</STRONG> (Thumb, 0 bytes, Stack size 0 bytes, startup_stm32f2xx.o(.text))
<BR>[Address Reference Count : 1]<UL><LI> startup_stm32f2xx.o(RESET)
</UL>
<P><STRONG><a name="[3a]"></a>FSMC_IRQHandler</STRONG> (Thumb, 0 bytes, Stack size 0 bytes, startup_stm32f2xx.o(.text))
<BR>[Address Reference Count : 1]<UL><LI> startup_stm32f2xx.o(RESET)
</UL>
<P><STRONG><a name="[5a]"></a>HASH_RNG_IRQHandler</STRONG> (Thumb, 0 bytes, Stack size 0 bytes, startup_stm32f2xx.o(.text))
<BR>[Address Reference Count : 1]<UL><LI> startup_stm32f2xx.o(RESET)
</UL>
<P><STRONG><a name="[2a]"></a>I2C1_ER_IRQHandler</STRONG> (Thumb, 0 bytes, Stack size 0 bytes, startup_stm32f2xx.o(.text))
<BR>[Address Reference Count : 1]<UL><LI> startup_stm32f2xx.o(RESET)
</UL>
<P><STRONG><a name="[29]"></a>I2C1_EV_IRQHandler</STRONG> (Thumb, 0 bytes, Stack size 0 bytes, startup_stm32f2xx.o(.text))
<BR>[Address Reference Count : 1]<UL><LI> startup_stm32f2xx.o(RESET)
</UL>
<P><STRONG><a name="[2c]"></a>I2C2_ER_IRQHandler</STRONG> (Thumb, 0 bytes, Stack size 0 bytes, startup_stm32f2xx.o(.text))
<BR>[Address Reference Count : 1]<UL><LI> startup_stm32f2xx.o(RESET)
</UL>
<P><STRONG><a name="[2b]"></a>I2C2_EV_IRQHandler</STRONG> (Thumb, 0 bytes, Stack size 0 bytes, startup_stm32f2xx.o(.text))
<BR>[Address Reference Count : 1]<UL><LI> startup_stm32f2xx.o(RESET)
</UL>
<P><STRONG><a name="[53]"></a>I2C3_ER_IRQHandler</STRONG> (Thumb, 0 bytes, Stack size 0 bytes, startup_stm32f2xx.o(.text))
<BR>[Address Reference Count : 1]<UL><LI> startup_stm32f2xx.o(RESET)
</UL>
<P><STRONG><a name="[52]"></a>I2C3_EV_IRQHandler</STRONG> (Thumb, 0 bytes, Stack size 0 bytes, startup_stm32f2xx.o(.text))
<BR>[Address Reference Count : 1]<UL><LI> startup_stm32f2xx.o(RESET)
</UL>
<P><STRONG><a name="[4d]"></a>OTG_FS_IRQHandler</STRONG> (Thumb, 0 bytes, Stack size 0 bytes, startup_stm32f2xx.o(.text))
<BR>[Address Reference Count : 1]<UL><LI> startup_stm32f2xx.o(RESET)
</UL>
<P><STRONG><a name="[34]"></a>OTG_FS_WKUP_IRQHandler</STRONG> (Thumb, 0 bytes, Stack size 0 bytes, startup_stm32f2xx.o(.text))
<BR>[Address Reference Count : 1]<UL><LI> startup_stm32f2xx.o(RESET)
</UL>
<P><STRONG><a name="[55]"></a>OTG_HS_EP1_IN_IRQHandler</STRONG> (Thumb, 0 bytes, Stack size 0 bytes, startup_stm32f2xx.o(.text))
<BR>[Address Reference Count : 1]<UL><LI> startup_stm32f2xx.o(RESET)
</UL>
<P><STRONG><a name="[54]"></a>OTG_HS_EP1_OUT_IRQHandler</STRONG> (Thumb, 0 bytes, Stack size 0 bytes, startup_stm32f2xx.o(.text))
<BR>[Address Reference Count : 1]<UL><LI> startup_stm32f2xx.o(RESET)
</UL>
<P><STRONG><a name="[57]"></a>OTG_HS_IRQHandler</STRONG> (Thumb, 0 bytes, Stack size 0 bytes, startup_stm32f2xx.o(.text))
<BR>[Address Reference Count : 1]<UL><LI> startup_stm32f2xx.o(RESET)
</UL>
<P><STRONG><a name="[56]"></a>OTG_HS_WKUP_IRQHandler</STRONG> (Thumb, 0 bytes, Stack size 0 bytes, startup_stm32f2xx.o(.text))
<BR>[Address Reference Count : 1]<UL><LI> startup_stm32f2xx.o(RESET)
</UL>
<P><STRONG><a name="[b]"></a>PVD_IRQHandler</STRONG> (Thumb, 0 bytes, Stack size 0 bytes, startup_stm32f2xx.o(.text))
<BR>[Address Reference Count : 1]<UL><LI> startup_stm32f2xx.o(RESET)
</UL>
<P><STRONG><a name="[f]"></a>RCC_IRQHandler</STRONG> (Thumb, 0 bytes, Stack size 0 bytes, startup_stm32f2xx.o(.text))
<BR>[Address Reference Count : 1]<UL><LI> startup_stm32f2xx.o(RESET)
</UL>
<P><STRONG><a name="[33]"></a>RTC_Alarm_IRQHandler</STRONG> (Thumb, 0 bytes, Stack size 0 bytes, startup_stm32f2xx.o(.text))
<BR>[Address Reference Count : 1]<UL><LI> startup_stm32f2xx.o(RESET)
</UL>
<P><STRONG><a name="[d]"></a>RTC_WKUP_IRQHandler</STRONG> (Thumb, 0 bytes, Stack size 0 bytes, startup_stm32f2xx.o(.text))
<BR>[Address Reference Count : 1]<UL><LI> startup_stm32f2xx.o(RESET)
</UL>
<P><STRONG><a name="[2d]"></a>SPI1_IRQHandler</STRONG> (Thumb, 0 bytes, Stack size 0 bytes, startup_stm32f2xx.o(.text))
<BR>[Address Reference Count : 1]<UL><LI> startup_stm32f2xx.o(RESET)
</UL>
<P><STRONG><a name="[2e]"></a>SPI2_IRQHandler</STRONG> (Thumb, 0 bytes, Stack size 0 bytes, startup_stm32f2xx.o(.text))
<BR>[Address Reference Count : 1]<UL><LI> startup_stm32f2xx.o(RESET)
</UL>
<P><STRONG><a name="[3d]"></a>SPI3_IRQHandler</STRONG> (Thumb, 0 bytes, Stack size 0 bytes, startup_stm32f2xx.o(.text))
<BR>[Address Reference Count : 1]<UL><LI> startup_stm32f2xx.o(RESET)
</UL>
<P><STRONG><a name="[c]"></a>TAMP_STAMP_IRQHandler</STRONG> (Thumb, 0 bytes, Stack size 0 bytes, startup_stm32f2xx.o(.text))
<BR>[Address Reference Count : 1]<UL><LI> startup_stm32f2xx.o(RESET)
</UL>
<P><STRONG><a name="[22]"></a>TIM1_BRK_TIM9_IRQHandler</STRONG> (Thumb, 0 bytes, Stack size 0 bytes, startup_stm32f2xx.o(.text))
<BR>[Address Reference Count : 1]<UL><LI> startup_stm32f2xx.o(RESET)
</UL>
<P><STRONG><a name="[25]"></a>TIM1_CC_IRQHandler</STRONG> (Thumb, 0 bytes, Stack size 0 bytes, startup_stm32f2xx.o(.text))
<BR>[Address Reference Count : 1]<UL><LI> startup_stm32f2xx.o(RESET)
</UL>
<P><STRONG><a name="[24]"></a>TIM1_TRG_COM_TIM11_IRQHandler</STRONG> (Thumb, 0 bytes, Stack size 0 bytes, startup_stm32f2xx.o(.text))
<BR>[Address Reference Count : 1]<UL><LI> startup_stm32f2xx.o(RESET)
</UL>
<P><STRONG><a name="[23]"></a>TIM1_UP_TIM10_IRQHandler</STRONG> (Thumb, 0 bytes, Stack size 0 bytes, startup_stm32f2xx.o(.text))
<BR>[Address Reference Count : 1]<UL><LI> startup_stm32f2xx.o(RESET)
</UL>
<P><STRONG><a name="[26]"></a>TIM2_IRQHandler</STRONG> (Thumb, 0 bytes, Stack size 0 bytes, startup_stm32f2xx.o(.text))
<BR>[Address Reference Count : 1]<UL><LI> startup_stm32f2xx.o(RESET)
</UL>
<P><STRONG><a name="[27]"></a>TIM3_IRQHandler</STRONG> (Thumb, 0 bytes, Stack size 0 bytes, startup_stm32f2xx.o(.text))
<BR>[Address Reference Count : 1]<UL><LI> startup_stm32f2xx.o(RESET)
</UL>
<P><STRONG><a name="[28]"></a>TIM4_IRQHandler</STRONG> (Thumb, 0 bytes, Stack size 0 bytes, startup_stm32f2xx.o(.text))
<BR>[Address Reference Count : 1]<UL><LI> startup_stm32f2xx.o(RESET)
</UL>
<P><STRONG><a name="[3c]"></a>TIM5_IRQHandler</STRONG> (Thumb, 0 bytes, Stack size 0 bytes, startup_stm32f2xx.o(.text))
<BR>[Address Reference Count : 1]<UL><LI> startup_stm32f2xx.o(RESET)
</UL>
<P><STRONG><a name="[40]"></a>TIM6_DAC_IRQHandler</STRONG> (Thumb, 0 bytes, Stack size 0 bytes, startup_stm32f2xx.o(.text))
<BR>[Address Reference Count : 1]<UL><LI> startup_stm32f2xx.o(RESET)
</UL>
<P><STRONG><a name="[41]"></a>TIM7_IRQHandler</STRONG> (Thumb, 0 bytes, Stack size 0 bytes, startup_stm32f2xx.o(.text))
<BR>[Address Reference Count : 1]<UL><LI> startup_stm32f2xx.o(RESET)
</UL>
<P><STRONG><a name="[35]"></a>TIM8_BRK_TIM12_IRQHandler</STRONG> (Thumb, 0 bytes, Stack size 0 bytes, startup_stm32f2xx.o(.text))
<BR>[Address Reference Count : 1]<UL><LI> startup_stm32f2xx.o(RESET)
</UL>
<P><STRONG><a name="[38]"></a>TIM8_CC_IRQHandler</STRONG> (Thumb, 0 bytes, Stack size 0 bytes, startup_stm32f2xx.o(.text))
<BR>[Address Reference Count : 1]<UL><LI> startup_stm32f2xx.o(RESET)
</UL>
<P><STRONG><a name="[37]"></a>TIM8_TRG_COM_TIM14_IRQHandler</STRONG> (Thumb, 0 bytes, Stack size 0 bytes, startup_stm32f2xx.o(.text))
<BR>[Address Reference Count : 1]<UL><LI> startup_stm32f2xx.o(RESET)
</UL>
<P><STRONG><a name="[36]"></a>TIM8_UP_TIM13_IRQHandler</STRONG> (Thumb, 0 bytes, Stack size 0 bytes, startup_stm32f2xx.o(.text))
<BR>[Address Reference Count : 1]<UL><LI> startup_stm32f2xx.o(RESET)
</UL>
<P><STRONG><a name="[3e]"></a>UART4_IRQHandler</STRONG> (Thumb, 0 bytes, Stack size 0 bytes, startup_stm32f2xx.o(.text))
<BR>[Address Reference Count : 1]<UL><LI> startup_stm32f2xx.o(RESET)
</UL>
<P><STRONG><a name="[3f]"></a>UART5_IRQHandler</STRONG> (Thumb, 0 bytes, Stack size 0 bytes, startup_stm32f2xx.o(.text))
<BR>[Address Reference Count : 1]<UL><LI> startup_stm32f2xx.o(RESET)
</UL>
<P><STRONG><a name="[2f]"></a>USART1_IRQHandler</STRONG> (Thumb, 0 bytes, Stack size 0 bytes, startup_stm32f2xx.o(.text))
<BR>[Address Reference Count : 1]<UL><LI> startup_stm32f2xx.o(RESET)
</UL>
<P><STRONG><a name="[31]"></a>USART3_IRQHandler</STRONG> (Thumb, 0 bytes, Stack size 0 bytes, startup_stm32f2xx.o(.text))
<BR>[Address Reference Count : 1]<UL><LI> startup_stm32f2xx.o(RESET)
</UL>
<P><STRONG><a name="[51]"></a>USART6_IRQHandler</STRONG> (Thumb, 0 bytes, Stack size 0 bytes, startup_stm32f2xx.o(.text))
<BR>[Address Reference Count : 1]<UL><LI> startup_stm32f2xx.o(RESET)
</UL>
<P><STRONG><a name="[a]"></a>WWDG_IRQHandler</STRONG> (Thumb, 0 bytes, Stack size 0 bytes, startup_stm32f2xx.o(.text))
<BR>[Address Reference Count : 1]<UL><LI> startup_stm32f2xx.o(RESET)
</UL>
<P><STRONG><a name="[118]"></a>__aeabi_memcpy</STRONG> (Thumb, 36 bytes, Stack size 0 bytes, memcpya.o(.text))
<BR><BR>[Called By]<UL><LI><a href="#[ee]">&gt;&gt;</a>&nbsp;&nbsp;&nbsp;ethernetif_input
<LI><a href="#[192]">&gt;&gt;</a>&nbsp;&nbsp;&nbsp;pbuf_copy
<LI><a href="#[d0]">&gt;&gt;</a>&nbsp;&nbsp;&nbsp;Save_Cmd
<LI><a href="#[1d4]">&gt;&gt;</a>&nbsp;&nbsp;&nbsp;tcp_enqueue
<LI><a href="#[172]">&gt;&gt;</a>&nbsp;&nbsp;&nbsp;pbuf_copy_partial
<LI><a href="#[68]">&gt;&gt;</a>&nbsp;&nbsp;&nbsp;low_level_output
<LI><a href="#[18c]">&gt;&gt;</a>&nbsp;&nbsp;&nbsp;icmp_dest_unreach
<LI><a href="#[1ba]">&gt;&gt;</a>&nbsp;&nbsp;&nbsp;prvCopyDataToQueue
<LI><a href="#[1b9]">&gt;&gt;</a>&nbsp;&nbsp;&nbsp;prvCopyDataFromQueue
</UL>

<P><STRONG><a name="[1e7]"></a>__aeabi_memcpy4</STRONG> (Thumb, 0 bytes, Stack size 0 bytes, memcpya.o(.text))
<BR><BR>[Called By]<UL><LI><a href="#[1e5]">&gt;&gt;</a>&nbsp;&nbsp;&nbsp;tcp_seg_copy
</UL>

<P><STRONG><a name="[1ff]"></a>__aeabi_memcpy8</STRONG> (Thumb, 0 bytes, Stack size 0 bytes, memcpya.o(.text), UNUSED)

<P><STRONG><a name="[7a]"></a>__aeabi_memset</STRONG> (Thumb, 14 bytes, Stack size 0 bytes, memseta.o(.text))
<BR><BR>[Called By]<UL><LI><a href="#[19e]">&gt;&gt;</a>&nbsp;&nbsp;&nbsp;xTaskGenericCreate
<LI><a href="#[7b]">&gt;&gt;</a>&nbsp;&nbsp;&nbsp;_memset$wrapper
<LI><a href="#[79]">&gt;&gt;</a>&nbsp;&nbsp;&nbsp;__aeabi_memclr
</UL>

<P><STRONG><a name="[200]"></a>__aeabi_memset4</STRONG> (Thumb, 0 bytes, Stack size 0 bytes, memseta.o(.text), UNUSED)

<P><STRONG><a name="[201]"></a>__aeabi_memset8</STRONG> (Thumb, 0 bytes, Stack size 0 bytes, memseta.o(.text), UNUSED)

<P><STRONG><a name="[79]"></a>__aeabi_memclr</STRONG> (Thumb, 4 bytes, Stack size 0 bytes, memseta.o(.text))
<BR><BR>[Calls]<UL><LI><a href="#[7a]">&gt;&gt;</a>&nbsp;&nbsp;&nbsp;__aeabi_memset
</UL>
<BR>[Called By]<UL><LI><a href="#[6a]">&gt;&gt;</a>&nbsp;&nbsp;&nbsp;Analysis_Task
<LI><a href="#[8e]">&gt;&gt;</a>&nbsp;&nbsp;&nbsp;Device_Add
<LI><a href="#[c8]">&gt;&gt;</a>&nbsp;&nbsp;&nbsp;mem_calloc
</UL>

<P><STRONG><a name="[132]"></a>__aeabi_memclr4</STRONG> (Thumb, 0 bytes, Stack size 0 bytes, memseta.o(.text))
<BR><BR>[Called By]<UL><LI><a href="#[e7]">&gt;&gt;</a>&nbsp;&nbsp;&nbsp;dhcp_start
<LI><a href="#[16e]">&gt;&gt;</a>&nbsp;&nbsp;&nbsp;udp_new
<LI><a href="#[84]">&gt;&gt;</a>&nbsp;&nbsp;&nbsp;Write_Date
<LI><a href="#[1cd]">&gt;&gt;</a>&nbsp;&nbsp;&nbsp;tcp_alloc
</UL>

<P><STRONG><a name="[202]"></a>__aeabi_memclr8</STRONG> (Thumb, 0 bytes, Stack size 0 bytes, memseta.o(.text), UNUSED)

<P><STRONG><a name="[7b]"></a>_memset$wrapper</STRONG> (Thumb, 18 bytes, Stack size 8 bytes, memseta.o(.text), UNUSED)
<BR><BR>[Calls]<UL><LI><a href="#[7a]">&gt;&gt;</a>&nbsp;&nbsp;&nbsp;__aeabi_memset
</UL>

<P><STRONG><a name="[1f9]"></a>strncpy</STRONG> (Thumb, 24 bytes, Stack size 8 bytes, strncpy.o(.text))
<BR><BR>[Stack]<UL><LI>Max Depth = 8<LI>Call Chain = strncpy
</UL>
<BR>[Called By]<UL><LI><a href="#[19e]">&gt;&gt;</a>&nbsp;&nbsp;&nbsp;xTaskGenericCreate
</UL>

<P><STRONG><a name="[13e]"></a>memcmp</STRONG> (Thumb, 26 bytes, Stack size 12 bytes, memcmp.o(.text))
<BR><BR>[Stack]<UL><LI>Max Depth = 12<LI>Call Chain = memcmp
</UL>
<BR>[Called By]<UL><LI><a href="#[13d]">&gt;&gt;</a>&nbsp;&nbsp;&nbsp;autoip_arp_reply
</UL>

<P><STRONG><a name="[7c]"></a>__aeabi_uldivmod</STRONG> (Thumb, 98 bytes, Stack size 40 bytes, uldiv.o(.text), UNUSED)
<BR><BR>[Calls]<UL><LI><a href="#[7d]">&gt;&gt;</a>&nbsp;&nbsp;&nbsp;__aeabi_llsr
<LI><a href="#[7e]">&gt;&gt;</a>&nbsp;&nbsp;&nbsp;__aeabi_llsl
</UL>
<BR>[Called By]<UL><LI><a href="#[137]">&gt;&gt;</a>&nbsp;&nbsp;&nbsp;_printf_core
</UL>

<P><STRONG><a name="[77]"></a>__scatterload</STRONG> (Thumb, 28 bytes, Stack size 0 bytes, init.o(.text))
<BR><BR>[Calls]<UL><LI><a href="#[7f]">&gt;&gt;</a>&nbsp;&nbsp;&nbsp;__main_after_scatterload
</UL>
<BR>[Called By]<UL><LI><a href="#[76]">&gt;&gt;</a>&nbsp;&nbsp;&nbsp;_main_scatterload
</UL>

<P><STRONG><a name="[203]"></a>__scatterload_rt2</STRONG> (Thumb, 0 bytes, Stack size 0 bytes, init.o(.text), UNUSED)

<P><STRONG><a name="[7e]"></a>__aeabi_llsl</STRONG> (Thumb, 30 bytes, Stack size 0 bytes, llshl.o(.text), UNUSED)
<BR><BR>[Called By]<UL><LI><a href="#[7c]">&gt;&gt;</a>&nbsp;&nbsp;&nbsp;__aeabi_uldivmod
</UL>

<P><STRONG><a name="[204]"></a>_ll_shift_l</STRONG> (Thumb, 0 bytes, Stack size 0 bytes, llshl.o(.text), UNUSED)

<P><STRONG><a name="[7d]"></a>__aeabi_llsr</STRONG> (Thumb, 32 bytes, Stack size 0 bytes, llushr.o(.text), UNUSED)
<BR><BR>[Called By]<UL><LI><a href="#[7c]">&gt;&gt;</a>&nbsp;&nbsp;&nbsp;__aeabi_uldivmod
</UL>

<P><STRONG><a name="[205]"></a>_ll_ushift_r</STRONG> (Thumb, 0 bytes, Stack size 0 bytes, llushr.o(.text), UNUSED)

<P><STRONG><a name="[206]"></a>__decompress</STRONG> (Thumb, 0 bytes, Stack size unknown bytes, __dczerorl2.o(.text), UNUSED)

<P><STRONG><a name="[207]"></a>__decompress1</STRONG> (Thumb, 92 bytes, Stack size unknown bytes, __dczerorl2.o(.text), UNUSED)

<P><STRONG><a name="[6a]"></a>Analysis_Task</STRONG> (Thumb, 70 bytes, Stack size 0 bytes, main_task.o(i.Analysis_Task))
<BR><BR>[Stack]<UL><LI>Max Depth = 472<LI>Call Chain = Analysis_Task &rArr; Tcp_Cmd_Analysis &rArr; Get_Pic_Return &rArr; tcp_new &rArr; tcp_alloc &rArr; tcp_abandon &rArr; tcp_pcb_remove &rArr; tcp_output &rArr; tcp_send_empty_ack &rArr; pbuf_alloc &rArr; pbuf_free &rArr; mem_free &rArr; sys_arch_sem_wait &rArr; xQueueGenericReceive &rArr; xTaskResumeAll &rArr; vTaskIncrementTick
</UL>
<BR>[Calls]<UL><LI><a href="#[81]">&gt;&gt;</a>&nbsp;&nbsp;&nbsp;vTaskDelay
<LI><a href="#[80]">&gt;&gt;</a>&nbsp;&nbsp;&nbsp;Tcp_Cmd_Analysis
<LI><a href="#[79]">&gt;&gt;</a>&nbsp;&nbsp;&nbsp;__aeabi_memclr
</UL>
<BR>[Address Reference Count : 1]<UL><LI> main.o(i.main)
</UL>
<P><STRONG><a name="[4]"></a>BusFault_Handler</STRONG> (Thumb, 2 bytes, Stack size 0 bytes, stm32f2xx_it.o(i.BusFault_Handler))
<BR><BR>[Calls]<UL><LI><a href="#[4]">&gt;&gt;</a>&nbsp;&nbsp;&nbsp;BusFault_Handler
</UL>
<BR>[Called By]<UL><LI><a href="#[4]">&gt;&gt;</a>&nbsp;&nbsp;&nbsp;BusFault_Handler
</UL>
<BR>[Address Reference Count : 1]<UL><LI> startup_stm32f2xx.o(RESET)
</UL>
<P><STRONG><a name="[82]"></a>Change_System_Mode</STRONG> (Thumb, 92 bytes, Stack size 8 bytes, main_task.o(i.Change_System_Mode))
<BR><BR>[Stack]<UL><LI>Max Depth = 540<LI>Call Chain = Change_System_Mode &rArr; Write_Date &rArr; f_open &rArr; follow_path &rArr; dir_next &rArr; create_chain &rArr; put_fat &rArr; move_window &rArr; disk_write &rArr; SD_WriteMultiBlocks &rArr; SD_LowLevel_DMA_TxConfig &rArr; DMA_DeInit
</UL>
<BR>[Calls]<UL><LI><a href="#[83]">&gt;&gt;</a>&nbsp;&nbsp;&nbsp;Usart_Send
<LI><a href="#[84]">&gt;&gt;</a>&nbsp;&nbsp;&nbsp;Write_Date
</UL>
<BR>[Called By]<UL><LI><a href="#[6b]">&gt;&gt;</a>&nbsp;&nbsp;&nbsp;Time_Task
</UL>

<P><STRONG><a name="[1a]"></a>DMA1_Stream5_IRQHandler</STRONG> (Thumb, 140 bytes, Stack size 24 bytes, stm32f2xx_it.o(i.DMA1_Stream5_IRQHandler))
<BR><BR>[Stack]<UL><LI>Max Depth = 24<LI>Call Chain = DMA1_Stream5_IRQHandler
</UL>
<BR>[Calls]<UL><LI><a href="#[8a]">&gt;&gt;</a>&nbsp;&nbsp;&nbsp;DMA_Cmd
<LI><a href="#[8b]">&gt;&gt;</a>&nbsp;&nbsp;&nbsp;DMA_ClearITPendingBit
</UL>
<BR>[Address Reference Count : 1]<UL><LI> startup_stm32f2xx.o(RESET)
</UL>
<P><STRONG><a name="[1b]"></a>DMA1_Stream6_IRQHandler</STRONG> (Thumb, 82 bytes, Stack size 8 bytes, stm32f2xx_it.o(i.DMA1_Stream6_IRQHandler))
<BR><BR>[Stack]<UL><LI>Max Depth = 16<LI>Call Chain = DMA1_Stream6_IRQHandler &rArr; Fill_Buffer
</UL>
<BR>[Calls]<UL><LI><a href="#[8c]">&gt;&gt;</a>&nbsp;&nbsp;&nbsp;Fill_Buffer
<LI><a href="#[8a]">&gt;&gt;</a>&nbsp;&nbsp;&nbsp;DMA_Cmd
<LI><a href="#[8b]">&gt;&gt;</a>&nbsp;&nbsp;&nbsp;DMA_ClearITPendingBit
</UL>
<BR>[Address Reference Count : 1]<UL><LI> startup_stm32f2xx.o(RESET)
</UL>
<P><STRONG><a name="[107]"></a>DMA_ClearFlag</STRONG> (Thumb, 32 bytes, Stack size 0 bytes, stm32f2xx_dma.o(i.DMA_ClearFlag))
<BR><BR>[Called By]<UL><LI><a href="#[10b]">&gt;&gt;</a>&nbsp;&nbsp;&nbsp;SD_LowLevel_DMA_TxConfig
<LI><a href="#[106]">&gt;&gt;</a>&nbsp;&nbsp;&nbsp;SD_LowLevel_DMA_RxConfig
</UL>

<P><STRONG><a name="[8b]"></a>DMA_ClearITPendingBit</STRONG> (Thumb, 32 bytes, Stack size 0 bytes, stm32f2xx_dma.o(i.DMA_ClearITPendingBit))
<BR><BR>[Called By]<UL><LI><a href="#[1b]">&gt;&gt;</a>&nbsp;&nbsp;&nbsp;DMA1_Stream6_IRQHandler
<LI><a href="#[1a]">&gt;&gt;</a>&nbsp;&nbsp;&nbsp;DMA1_Stream5_IRQHandler
</UL>

<P><STRONG><a name="[8a]"></a>DMA_Cmd</STRONG> (Thumb, 20 bytes, Stack size 0 bytes, stm32f2xx_dma.o(i.DMA_Cmd))
<BR><BR>[Called By]<UL><LI><a href="#[8d]">&gt;&gt;</a>&nbsp;&nbsp;&nbsp;DMA_Send
<LI><a href="#[1b]">&gt;&gt;</a>&nbsp;&nbsp;&nbsp;DMA1_Stream6_IRQHandler
<LI><a href="#[1a]">&gt;&gt;</a>&nbsp;&nbsp;&nbsp;DMA1_Stream5_IRQHandler
<LI><a href="#[12d]">&gt;&gt;</a>&nbsp;&nbsp;&nbsp;USART_DMA_Config
<LI><a href="#[10b]">&gt;&gt;</a>&nbsp;&nbsp;&nbsp;SD_LowLevel_DMA_TxConfig
<LI><a href="#[106]">&gt;&gt;</a>&nbsp;&nbsp;&nbsp;SD_LowLevel_DMA_RxConfig
</UL>

<P><STRONG><a name="[108]"></a>DMA_DeInit</STRONG> (Thumb, 272 bytes, Stack size 28 bytes, stm32f2xx_dma.o(i.DMA_DeInit))
<BR><BR>[Stack]<UL><LI>Max Depth = 28<LI>Call Chain = DMA_DeInit
</UL>
<BR>[Called By]<UL><LI><a href="#[12d]">&gt;&gt;</a>&nbsp;&nbsp;&nbsp;USART_DMA_Config
<LI><a href="#[10b]">&gt;&gt;</a>&nbsp;&nbsp;&nbsp;SD_LowLevel_DMA_TxConfig
<LI><a href="#[106]">&gt;&gt;</a>&nbsp;&nbsp;&nbsp;SD_LowLevel_DMA_RxConfig
</UL>

<P><STRONG><a name="[10a]"></a>DMA_FlowControllerConfig</STRONG> (Thumb, 20 bytes, Stack size 0 bytes, stm32f2xx_dma.o(i.DMA_FlowControllerConfig))
<BR><BR>[Called By]<UL><LI><a href="#[10b]">&gt;&gt;</a>&nbsp;&nbsp;&nbsp;SD_LowLevel_DMA_TxConfig
<LI><a href="#[106]">&gt;&gt;</a>&nbsp;&nbsp;&nbsp;SD_LowLevel_DMA_RxConfig
</UL>

<P><STRONG><a name="[11f]"></a>DMA_GetCurrDataCounter</STRONG> (Thumb, 6 bytes, Stack size 0 bytes, stm32f2xx_dma.o(i.DMA_GetCurrDataCounter))
<BR><BR>[Called By]<UL><LI><a href="#[9]">&gt;&gt;</a>&nbsp;&nbsp;&nbsp;SysTick_Handler
</UL>

<P><STRONG><a name="[f8]"></a>DMA_GetFlagStatus</STRONG> (Thumb, 40 bytes, Stack size 0 bytes, stm32f2xx_dma.o(i.DMA_GetFlagStatus))
<BR><BR>[Called By]<UL><LI><a href="#[f7]">&gt;&gt;</a>&nbsp;&nbsp;&nbsp;SD_DMAEndOfTransferStatus
</UL>

<P><STRONG><a name="[12e]"></a>DMA_ITConfig</STRONG> (Thumb, 44 bytes, Stack size 0 bytes, stm32f2xx_dma.o(i.DMA_ITConfig))
<BR><BR>[Called By]<UL><LI><a href="#[12d]">&gt;&gt;</a>&nbsp;&nbsp;&nbsp;USART_DMA_Config
</UL>

<P><STRONG><a name="[109]"></a>DMA_Init</STRONG> (Thumb, 80 bytes, Stack size 12 bytes, stm32f2xx_dma.o(i.DMA_Init))
<BR><BR>[Stack]<UL><LI>Max Depth = 12<LI>Call Chain = DMA_Init
</UL>
<BR>[Called By]<UL><LI><a href="#[12d]">&gt;&gt;</a>&nbsp;&nbsp;&nbsp;USART_DMA_Config
<LI><a href="#[10b]">&gt;&gt;</a>&nbsp;&nbsp;&nbsp;SD_LowLevel_DMA_TxConfig
<LI><a href="#[106]">&gt;&gt;</a>&nbsp;&nbsp;&nbsp;SD_LowLevel_DMA_RxConfig
</UL>

<P><STRONG><a name="[8d]"></a>DMA_Send</STRONG> (Thumb, 84 bytes, Stack size 16 bytes, usart_dma.o(i.DMA_Send))
<BR><BR>[Stack]<UL><LI>Max Depth = 24<LI>Call Chain = DMA_Send &rArr; Fill_Buffer
</UL>
<BR>[Calls]<UL><LI><a href="#[8c]">&gt;&gt;</a>&nbsp;&nbsp;&nbsp;Fill_Buffer
<LI><a href="#[8a]">&gt;&gt;</a>&nbsp;&nbsp;&nbsp;DMA_Cmd
</UL>
<BR>[Called By]<UL><LI><a href="#[83]">&gt;&gt;</a>&nbsp;&nbsp;&nbsp;Usart_Send
</UL>

<P><STRONG><a name="[7]"></a>DebugMon_Handler</STRONG> (Thumb, 2 bytes, Stack size 0 bytes, stm32f2xx_it.o(i.DebugMon_Handler))
<BR>[Address Reference Count : 1]<UL><LI> startup_stm32f2xx.o(RESET)
</UL>
<P><STRONG><a name="[97]"></a>Delay</STRONG> (Thumb, 10 bytes, Stack size 0 bytes, main.o(i.Delay))
<BR><BR>[Called By]<UL><LI><a href="#[95]">&gt;&gt;</a>&nbsp;&nbsp;&nbsp;Display_Periodic_Handle
</UL>

<P><STRONG><a name="[8e]"></a>Device_Add</STRONG> (Thumb, 244 bytes, Stack size 32 bytes, usr_cpu.o(i.Device_Add))
<BR><BR>[Stack]<UL><LI>Max Depth = 320<LI>Call Chain = Device_Add &rArr; tcp_write &rArr; tcp_enqueue &rArr; pbuf_alloc &rArr; pbuf_free &rArr; mem_free &rArr; sys_arch_sem_wait &rArr; xQueueGenericReceive &rArr; xTaskResumeAll &rArr; vTaskIncrementTick
</UL>
<BR>[Calls]<UL><LI><a href="#[83]">&gt;&gt;</a>&nbsp;&nbsp;&nbsp;Usart_Send
<LI><a href="#[90]">&gt;&gt;</a>&nbsp;&nbsp;&nbsp;tcp_write
<LI><a href="#[91]">&gt;&gt;</a>&nbsp;&nbsp;&nbsp;LCD_GetFont
<LI><a href="#[92]">&gt;&gt;</a>&nbsp;&nbsp;&nbsp;LCD_DisplayStringLine
<LI><a href="#[8f]">&gt;&gt;</a>&nbsp;&nbsp;&nbsp;Room_Dev_Add
<LI><a href="#[79]">&gt;&gt;</a>&nbsp;&nbsp;&nbsp;__aeabi_memclr
</UL>
<BR>[Called By]<UL><LI><a href="#[80]">&gt;&gt;</a>&nbsp;&nbsp;&nbsp;Tcp_Cmd_Analysis
</UL>

<P><STRONG><a name="[93]"></a>Device_Delete</STRONG> (Thumb, 126 bytes, Stack size 32 bytes, usr_cpu.o(i.Device_Delete))
<BR><BR>[Stack]<UL><LI>Max Depth = 320<LI>Call Chain = Device_Delete &rArr; tcp_write &rArr; tcp_enqueue &rArr; pbuf_alloc &rArr; pbuf_free &rArr; mem_free &rArr; sys_arch_sem_wait &rArr; xQueueGenericReceive &rArr; xTaskResumeAll &rArr; vTaskIncrementTick
</UL>
<BR>[Calls]<UL><LI><a href="#[90]">&gt;&gt;</a>&nbsp;&nbsp;&nbsp;tcp_write
<LI><a href="#[94]">&gt;&gt;</a>&nbsp;&nbsp;&nbsp;Room_Dev_Delete
</UL>
<BR>[Called By]<UL><LI><a href="#[80]">&gt;&gt;</a>&nbsp;&nbsp;&nbsp;Tcp_Cmd_Analysis
</UL>

<P><STRONG><a name="[95]"></a>Display_Periodic_Handle</STRONG> (Thumb, 316 bytes, Stack size 56 bytes, netconf.o(i.Display_Periodic_Handle))
<BR><BR>[Stack]<UL><LI>Max Depth = 416<LI>Call Chain = Display_Periodic_Handle &rArr; netif_set_addr &rArr; netif_set_ipaddr &rArr; tcp_abandon &rArr; tcp_pcb_remove &rArr; tcp_output &rArr; tcp_send_empty_ack &rArr; pbuf_alloc &rArr; pbuf_free &rArr; mem_free &rArr; sys_arch_sem_wait &rArr; xQueueGenericReceive &rArr; xTaskResumeAll &rArr; vTaskIncrementTick
</UL>
<BR>[Calls]<UL><LI><a href="#[9a]">&gt;&gt;</a>&nbsp;&nbsp;&nbsp;server_init
<LI><a href="#[9d]">&gt;&gt;</a>&nbsp;&nbsp;&nbsp;netif_set_addr
<LI><a href="#[9c]">&gt;&gt;</a>&nbsp;&nbsp;&nbsp;htonl
<LI><a href="#[9b]">&gt;&gt;</a>&nbsp;&nbsp;&nbsp;dhcp_stop
<LI><a href="#[99]">&gt;&gt;</a>&nbsp;&nbsp;&nbsp;ETH_ReadPHYRegister
<LI><a href="#[98]">&gt;&gt;</a>&nbsp;&nbsp;&nbsp;ETH_GetMACAddress
<LI><a href="#[97]">&gt;&gt;</a>&nbsp;&nbsp;&nbsp;Delay
<LI><a href="#[96]">&gt;&gt;</a>&nbsp;&nbsp;&nbsp;__2sprintf
</UL>
<BR>[Called By]<UL><LI><a href="#[6b]">&gt;&gt;</a>&nbsp;&nbsp;&nbsp;Time_Task
</UL>

<P><STRONG><a name="[9e]"></a>ETH_BSP_Config</STRONG> (Thumb, 76 bytes, Stack size 24 bytes, stm32f2x7_eth_bsp.o(i.ETH_BSP_Config))
<BR><BR>[Stack]<UL><LI>Max Depth = 272<LI>Call Chain = ETH_BSP_Config &rArr; ETH_MACDMA_Config &rArr; ETH_Init &rArr; RCC_GetClocksFreq
</UL>
<BR>[Calls]<UL><LI><a href="#[a0]">&gt;&gt;</a>&nbsp;&nbsp;&nbsp;NVIC_PriorityGroupConfig
<LI><a href="#[a1]">&gt;&gt;</a>&nbsp;&nbsp;&nbsp;NVIC_Init
<LI><a href="#[a2]">&gt;&gt;</a>&nbsp;&nbsp;&nbsp;ETH_MACDMA_Config
<LI><a href="#[9f]">&gt;&gt;</a>&nbsp;&nbsp;&nbsp;ETH_GPIO_Config
</UL>
<BR>[Called By]<UL><LI><a href="#[5b]">&gt;&gt;</a>&nbsp;&nbsp;&nbsp;main
</UL>

<P><STRONG><a name="[ae]"></a>ETH_DMAClearITPendingBit</STRONG> (Thumb, 6 bytes, Stack size 0 bytes, stm32f2x7_eth.o(i.ETH_DMAClearITPendingBit))
<BR><BR>[Called By]<UL><LI><a href="#[47]">&gt;&gt;</a>&nbsp;&nbsp;&nbsp;ETH_IRQHandler
</UL>

<P><STRONG><a name="[b6]"></a>ETH_DMAITConfig</STRONG> (Thumb, 18 bytes, Stack size 0 bytes, stm32f2x7_eth.o(i.ETH_DMAITConfig))
<BR><BR>[Called By]<UL><LI><a href="#[a2]">&gt;&gt;</a>&nbsp;&nbsp;&nbsp;ETH_MACDMA_Config
</UL>

<P><STRONG><a name="[bc]"></a>ETH_DMAReceptionCmd</STRONG> (Thumb, 22 bytes, Stack size 0 bytes, stm32f2x7_eth.o(i.ETH_DMAReceptionCmd))
<BR><BR>[Called By]<UL><LI><a href="#[b7]">&gt;&gt;</a>&nbsp;&nbsp;&nbsp;ETH_Start
</UL>

<P><STRONG><a name="[19a]"></a>ETH_DMARxDescChainInit</STRONG> (Thumb, 74 bytes, Stack size 20 bytes, stm32f2x7_eth.o(i.ETH_DMARxDescChainInit))
<BR><BR>[Stack]<UL><LI>Max Depth = 20<LI>Call Chain = ETH_DMARxDescChainInit
</UL>
<BR>[Called By]<UL><LI><a href="#[183]">&gt;&gt;</a>&nbsp;&nbsp;&nbsp;low_level_init
</UL>

<P><STRONG><a name="[19b]"></a>ETH_DMARxDescReceiveITConfig</STRONG> (Thumb, 18 bytes, Stack size 0 bytes, stm32f2x7_eth.o(i.ETH_DMARxDescReceiveITConfig))
<BR><BR>[Called By]<UL><LI><a href="#[183]">&gt;&gt;</a>&nbsp;&nbsp;&nbsp;low_level_init
</UL>

<P><STRONG><a name="[bb]"></a>ETH_DMATransmissionCmd</STRONG> (Thumb, 22 bytes, Stack size 0 bytes, stm32f2x7_eth.o(i.ETH_DMATransmissionCmd))
<BR><BR>[Called By]<UL><LI><a href="#[b7]">&gt;&gt;</a>&nbsp;&nbsp;&nbsp;ETH_Start
</UL>

<P><STRONG><a name="[199]"></a>ETH_DMATxDescChainInit</STRONG> (Thumb, 62 bytes, Stack size 20 bytes, stm32f2x7_eth.o(i.ETH_DMATxDescChainInit))
<BR><BR>[Stack]<UL><LI>Max Depth = 20<LI>Call Chain = ETH_DMATxDescChainInit
</UL>
<BR>[Called By]<UL><LI><a href="#[183]">&gt;&gt;</a>&nbsp;&nbsp;&nbsp;low_level_init
</UL>

<P><STRONG><a name="[19c]"></a>ETH_DMATxDescChecksumInsertionConfig</STRONG> (Thumb, 8 bytes, Stack size 0 bytes, stm32f2x7_eth.o(i.ETH_DMATxDescChecksumInsertionConfig))
<BR><BR>[Called By]<UL><LI><a href="#[183]">&gt;&gt;</a>&nbsp;&nbsp;&nbsp;low_level_init
</UL>

<P><STRONG><a name="[a3]"></a>ETH_DeInit</STRONG> (Thumb, 24 bytes, Stack size 8 bytes, stm32f2x7_eth.o(i.ETH_DeInit))
<BR><BR>[Stack]<UL><LI>Max Depth = 8<LI>Call Chain = ETH_DeInit
</UL>
<BR>[Calls]<UL><LI><a href="#[a4]">&gt;&gt;</a>&nbsp;&nbsp;&nbsp;RCC_AHB1PeriphResetCmd
</UL>
<BR>[Called By]<UL><LI><a href="#[a2]">&gt;&gt;</a>&nbsp;&nbsp;&nbsp;ETH_MACDMA_Config
</UL>

<P><STRONG><a name="[b9]"></a>ETH_FlushTransmitFIFO</STRONG> (Thumb, 12 bytes, Stack size 0 bytes, stm32f2x7_eth.o(i.ETH_FlushTransmitFIFO))
<BR><BR>[Called By]<UL><LI><a href="#[b7]">&gt;&gt;</a>&nbsp;&nbsp;&nbsp;ETH_Start
</UL>

<P><STRONG><a name="[ac]"></a>ETH_GetDMARxDescFrameLength</STRONG> (Thumb, 8 bytes, Stack size 0 bytes, stm32f2x7_eth.o(i.ETH_GetDMARxDescFrameLength))
<BR><BR>[Called By]<UL><LI><a href="#[ab]">&gt;&gt;</a>&nbsp;&nbsp;&nbsp;ETH_GetRxPktSize_1
</UL>

<P><STRONG><a name="[98]"></a>ETH_GetMACAddress</STRONG> (Thumb, 30 bytes, Stack size 0 bytes, stm32f2x7_eth.o(i.ETH_GetMACAddress))
<BR><BR>[Called By]<UL><LI><a href="#[95]">&gt;&gt;</a>&nbsp;&nbsp;&nbsp;Display_Periodic_Handle
</UL>

<P><STRONG><a name="[ab]"></a>ETH_GetRxPktSize_1</STRONG> (Thumb, 42 bytes, Stack size 4 bytes, stm32f2x7_eth.o(i.ETH_GetRxPktSize_1))
<BR><BR>[Stack]<UL><LI>Max Depth = 4<LI>Call Chain = ETH_GetRxPktSize_1
</UL>
<BR>[Calls]<UL><LI><a href="#[ac]">&gt;&gt;</a>&nbsp;&nbsp;&nbsp;ETH_GetDMARxDescFrameLength
</UL>
<BR>[Called By]<UL><LI><a href="#[47]">&gt;&gt;</a>&nbsp;&nbsp;&nbsp;ETH_IRQHandler
</UL>

<P><STRONG><a name="[b4]"></a>ETH_GetSoftwareResetStatus</STRONG> (Thumb, 14 bytes, Stack size 0 bytes, stm32f2x7_eth.o(i.ETH_GetSoftwareResetStatus))
<BR><BR>[Called By]<UL><LI><a href="#[a2]">&gt;&gt;</a>&nbsp;&nbsp;&nbsp;ETH_MACDMA_Config
</UL>

<P><STRONG><a name="[47]"></a>ETH_IRQHandler</STRONG> (Thumb, 48 bytes, Stack size 16 bytes, stm32f2xx_it.o(i.ETH_IRQHandler))
<BR><BR>[Stack]<UL><LI>Max Depth = 256<LI>Call Chain = ETH_IRQHandler &rArr; LwIP_Pkt_Handle &rArr; ethernetif_input &rArr; pbuf_alloc &rArr; pbuf_free &rArr; mem_free &rArr; sys_arch_sem_wait &rArr; xQueueGenericReceive &rArr; xTaskResumeAll &rArr; vTaskIncrementTick
</UL>
<BR>[Calls]<UL><LI><a href="#[ab]">&gt;&gt;</a>&nbsp;&nbsp;&nbsp;ETH_GetRxPktSize_1
<LI><a href="#[ae]">&gt;&gt;</a>&nbsp;&nbsp;&nbsp;ETH_DMAClearITPendingBit
<LI><a href="#[ad]">&gt;&gt;</a>&nbsp;&nbsp;&nbsp;LwIP_Pkt_Handle
</UL>
<BR>[Address Reference Count : 1]<UL><LI> startup_stm32f2xx.o(RESET)
</UL>
<P><STRONG><a name="[af]"></a>ETH_Init</STRONG> (Thumb, 486 bytes, Stack size 40 bytes, stm32f2x7_eth.o(i.ETH_Init))
<BR><BR>[Stack]<UL><LI>Max Depth = 56<LI>Call Chain = ETH_Init &rArr; RCC_GetClocksFreq
</UL>
<BR>[Calls]<UL><LI><a href="#[99]">&gt;&gt;</a>&nbsp;&nbsp;&nbsp;ETH_ReadPHYRegister
<LI><a href="#[b0]">&gt;&gt;</a>&nbsp;&nbsp;&nbsp;RCC_GetClocksFreq
<LI><a href="#[b1]">&gt;&gt;</a>&nbsp;&nbsp;&nbsp;ETH_WritePHYRegister
<LI><a href="#[b2]">&gt;&gt;</a>&nbsp;&nbsp;&nbsp;ETH_Delay
</UL>
<BR>[Called By]<UL><LI><a href="#[a2]">&gt;&gt;</a>&nbsp;&nbsp;&nbsp;ETH_MACDMA_Config
</UL>

<P><STRONG><a name="[11c]"></a>ETH_MACAddressConfig</STRONG> (Thumb, 22 bytes, Stack size 0 bytes, stm32f2x7_eth.o(i.ETH_MACAddressConfig))
<BR><BR>[Called By]<UL><LI><a href="#[e4]">&gt;&gt;</a>&nbsp;&nbsp;&nbsp;Set_MAC_Address
</UL>

<P><STRONG><a name="[ba]"></a>ETH_MACReceptionCmd</STRONG> (Thumb, 22 bytes, Stack size 0 bytes, stm32f2x7_eth.o(i.ETH_MACReceptionCmd))
<BR><BR>[Called By]<UL><LI><a href="#[b7]">&gt;&gt;</a>&nbsp;&nbsp;&nbsp;ETH_Start
</UL>

<P><STRONG><a name="[b8]"></a>ETH_MACTransmissionCmd</STRONG> (Thumb, 22 bytes, Stack size 0 bytes, stm32f2x7_eth.o(i.ETH_MACTransmissionCmd))
<BR><BR>[Called By]<UL><LI><a href="#[b7]">&gt;&gt;</a>&nbsp;&nbsp;&nbsp;ETH_Start
</UL>

<P><STRONG><a name="[99]"></a>ETH_ReadPHYRegister</STRONG> (Thumb, 70 bytes, Stack size 12 bytes, stm32f2x7_eth.o(i.ETH_ReadPHYRegister))
<BR><BR>[Stack]<UL><LI>Max Depth = 12<LI>Call Chain = ETH_ReadPHYRegister
</UL>
<BR>[Called By]<UL><LI><a href="#[af]">&gt;&gt;</a>&nbsp;&nbsp;&nbsp;ETH_Init
<LI><a href="#[95]">&gt;&gt;</a>&nbsp;&nbsp;&nbsp;Display_Periodic_Handle
</UL>

<P><STRONG><a name="[184]"></a>ETH_RxPkt_ChainMode</STRONG> (Thumb, 80 bytes, Stack size 12 bytes, ethernetif.o(i.ETH_RxPkt_ChainMode))
<BR><BR>[Stack]<UL><LI>Max Depth = 12<LI>Call Chain = ETH_RxPkt_ChainMode
</UL>
<BR>[Called By]<UL><LI><a href="#[ee]">&gt;&gt;</a>&nbsp;&nbsp;&nbsp;ethernetif_input
</UL>

<P><STRONG><a name="[b3]"></a>ETH_SoftwareReset</STRONG> (Thumb, 12 bytes, Stack size 0 bytes, stm32f2x7_eth.o(i.ETH_SoftwareReset))
<BR><BR>[Called By]<UL><LI><a href="#[a2]">&gt;&gt;</a>&nbsp;&nbsp;&nbsp;ETH_MACDMA_Config
</UL>

<P><STRONG><a name="[b7]"></a>ETH_Start</STRONG> (Thumb, 34 bytes, Stack size 4 bytes, stm32f2x7_eth.o(i.ETH_Start))
<BR><BR>[Stack]<UL><LI>Max Depth = 4<LI>Call Chain = ETH_Start
</UL>
<BR>[Calls]<UL><LI><a href="#[b8]">&gt;&gt;</a>&nbsp;&nbsp;&nbsp;ETH_MACTransmissionCmd
<LI><a href="#[ba]">&gt;&gt;</a>&nbsp;&nbsp;&nbsp;ETH_MACReceptionCmd
<LI><a href="#[b9]">&gt;&gt;</a>&nbsp;&nbsp;&nbsp;ETH_FlushTransmitFIFO
<LI><a href="#[bb]">&gt;&gt;</a>&nbsp;&nbsp;&nbsp;ETH_DMATransmissionCmd
<LI><a href="#[bc]">&gt;&gt;</a>&nbsp;&nbsp;&nbsp;ETH_DMAReceptionCmd
</UL>
<BR>[Called By]<UL><LI><a href="#[183]">&gt;&gt;</a>&nbsp;&nbsp;&nbsp;low_level_init
</UL>

<P><STRONG><a name="[b5]"></a>ETH_StructInit</STRONG> (Thumb, 136 bytes, Stack size 0 bytes, stm32f2x7_eth.o(i.ETH_StructInit))
<BR><BR>[Called By]<UL><LI><a href="#[a2]">&gt;&gt;</a>&nbsp;&nbsp;&nbsp;ETH_MACDMA_Config
</UL>

<P><STRONG><a name="[19d]"></a>ETH_TxPkt_ChainMode</STRONG> (Thumb, 60 bytes, Stack size 0 bytes, ethernetif.o(i.ETH_TxPkt_ChainMode))
<BR><BR>[Called By]<UL><LI><a href="#[68]">&gt;&gt;</a>&nbsp;&nbsp;&nbsp;low_level_output
</UL>

<P><STRONG><a name="[b1]"></a>ETH_WritePHYRegister</STRONG> (Thumb, 66 bytes, Stack size 16 bytes, stm32f2x7_eth.o(i.ETH_WritePHYRegister))
<BR><BR>[Stack]<UL><LI>Max Depth = 16<LI>Call Chain = ETH_WritePHYRegister
</UL>
<BR>[Called By]<UL><LI><a href="#[af]">&gt;&gt;</a>&nbsp;&nbsp;&nbsp;ETH_Init
</UL>

<P><STRONG><a name="[117]"></a>EXTI_Init</STRONG> (Thumb, 108 bytes, Stack size 12 bytes, stm32f2xx_exti.o(i.EXTI_Init))
<BR><BR>[Stack]<UL><LI>Max Depth = 12<LI>Call Chain = EXTI_Init
</UL>
<BR>[Called By]<UL><LI><a href="#[df]">&gt;&gt;</a>&nbsp;&nbsp;&nbsp;STM_EVAL_PBInit
</UL>

<P><STRONG><a name="[8c]"></a>Fill_Buffer</STRONG> (Thumb, 20 bytes, Stack size 8 bytes, usart_dma.o(i.Fill_Buffer))
<BR><BR>[Stack]<UL><LI>Max Depth = 8<LI>Call Chain = Fill_Buffer
</UL>
<BR>[Called By]<UL><LI><a href="#[8d]">&gt;&gt;</a>&nbsp;&nbsp;&nbsp;DMA_Send
<LI><a href="#[9]">&gt;&gt;</a>&nbsp;&nbsp;&nbsp;SysTick_Handler
<LI><a href="#[1b]">&gt;&gt;</a>&nbsp;&nbsp;&nbsp;DMA1_Stream6_IRQHandler
</UL>

<P><STRONG><a name="[a7]"></a>GPIO_Init</STRONG> (Thumb, 162 bytes, Stack size 20 bytes, stm32f2xx_gpio.o(i.GPIO_Init))
<BR><BR>[Stack]<UL><LI>Max Depth = 20<LI>Call Chain = GPIO_Init
</UL>
<BR>[Called By]<UL><LI><a href="#[9f]">&gt;&gt;</a>&nbsp;&nbsp;&nbsp;ETH_GPIO_Config
<LI><a href="#[df]">&gt;&gt;</a>&nbsp;&nbsp;&nbsp;STM_EVAL_PBInit
<LI><a href="#[dd]">&gt;&gt;</a>&nbsp;&nbsp;&nbsp;STM_EVAL_LEDInit
<LI><a href="#[129]">&gt;&gt;</a>&nbsp;&nbsp;&nbsp;USART_Config
<LI><a href="#[101]">&gt;&gt;</a>&nbsp;&nbsp;&nbsp;SD_LowLevel_Init
</UL>

<P><STRONG><a name="[aa]"></a>GPIO_PinAFConfig</STRONG> (Thumb, 32 bytes, Stack size 8 bytes, stm32f2xx_gpio.o(i.GPIO_PinAFConfig))
<BR><BR>[Stack]<UL><LI>Max Depth = 8<LI>Call Chain = GPIO_PinAFConfig
</UL>
<BR>[Called By]<UL><LI><a href="#[9f]">&gt;&gt;</a>&nbsp;&nbsp;&nbsp;ETH_GPIO_Config
<LI><a href="#[129]">&gt;&gt;</a>&nbsp;&nbsp;&nbsp;USART_Config
<LI><a href="#[101]">&gt;&gt;</a>&nbsp;&nbsp;&nbsp;SD_LowLevel_Init
</UL>

<P><STRONG><a name="[fa]"></a>GPIO_ReadInputDataBit</STRONG> (Thumb, 14 bytes, Stack size 0 bytes, stm32f2xx_gpio.o(i.GPIO_ReadInputDataBit))
<BR><BR>[Called By]<UL><LI><a href="#[115]">&gt;&gt;</a>&nbsp;&nbsp;&nbsp;STM_EVAL_PBGetState
<LI><a href="#[f9]">&gt;&gt;</a>&nbsp;&nbsp;&nbsp;SD_Detect
</UL>

<P><STRONG><a name="[c3]"></a>Get_Pic_Return</STRONG> (Thumb, 76 bytes, Stack size 24 bytes, helloworld.o(i.Get_Pic_Return))
<BR><BR>[Stack]<UL><LI>Max Depth = 376<LI>Call Chain = Get_Pic_Return &rArr; tcp_new &rArr; tcp_alloc &rArr; tcp_abandon &rArr; tcp_pcb_remove &rArr; tcp_output &rArr; tcp_send_empty_ack &rArr; pbuf_alloc &rArr; pbuf_free &rArr; mem_free &rArr; sys_arch_sem_wait &rArr; xQueueGenericReceive &rArr; xTaskResumeAll &rArr; vTaskIncrementTick
</UL>
<BR>[Calls]<UL><LI><a href="#[c4]">&gt;&gt;</a>&nbsp;&nbsp;&nbsp;tcp_new
<LI><a href="#[c7]">&gt;&gt;</a>&nbsp;&nbsp;&nbsp;tcp_connect
<LI><a href="#[c6]">&gt;&gt;</a>&nbsp;&nbsp;&nbsp;tcp_bind
<LI><a href="#[90]">&gt;&gt;</a>&nbsp;&nbsp;&nbsp;tcp_write
<LI><a href="#[c5]">&gt;&gt;</a>&nbsp;&nbsp;&nbsp;__2printf
</UL>
<BR>[Called By]<UL><LI><a href="#[80]">&gt;&gt;</a>&nbsp;&nbsp;&nbsp;Tcp_Cmd_Analysis
</UL>

<P><STRONG><a name="[2]"></a>HardFault_Handler</STRONG> (Thumb, 2 bytes, Stack size 0 bytes, stm32f2xx_it.o(i.HardFault_Handler))
<BR><BR>[Calls]<UL><LI><a href="#[2]">&gt;&gt;</a>&nbsp;&nbsp;&nbsp;HardFault_Handler
</UL>
<BR>[Called By]<UL><LI><a href="#[2]">&gt;&gt;</a>&nbsp;&nbsp;&nbsp;HardFault_Handler
</UL>
<BR>[Address Reference Count : 1]<UL><LI> startup_stm32f2xx.o(RESET)
</UL>
<P><STRONG><a name="[d2]"></a>Init_Pic_Store</STRONG> (Thumb, 118 bytes, Stack size 128 bytes, usr_sd.o(i.Init_Pic_Store))
<BR><BR>[Stack]<UL><LI>Max Depth = 508<LI>Call Chain = Init_Pic_Store &rArr; f_open &rArr; follow_path &rArr; dir_next &rArr; create_chain &rArr; put_fat &rArr; move_window &rArr; disk_write &rArr; SD_WriteMultiBlocks &rArr; SD_LowLevel_DMA_TxConfig &rArr; DMA_DeInit
</UL>
<BR>[Calls]<UL><LI><a href="#[d7]">&gt;&gt;</a>&nbsp;&nbsp;&nbsp;f_opendir
<LI><a href="#[d8]">&gt;&gt;</a>&nbsp;&nbsp;&nbsp;f_open
<LI><a href="#[d4]">&gt;&gt;</a>&nbsp;&nbsp;&nbsp;f_mount
<LI><a href="#[d3]">&gt;&gt;</a>&nbsp;&nbsp;&nbsp;f_close
<LI><a href="#[d6]">&gt;&gt;</a>&nbsp;&nbsp;&nbsp;disk_initialize
<LI><a href="#[d5]">&gt;&gt;</a>&nbsp;&nbsp;&nbsp;SD_GetCardInfo
<LI><a href="#[96]">&gt;&gt;</a>&nbsp;&nbsp;&nbsp;__2sprintf
</UL>
<BR>[Called By]<UL><LI><a href="#[6e]">&gt;&gt;</a>&nbsp;&nbsp;&nbsp;pic_recv
<LI><a href="#[f0]">&gt;&gt;</a>&nbsp;&nbsp;&nbsp;Pic_Status_Clean
</UL>

<P><STRONG><a name="[d9]"></a>LCD_DisplayChar</STRONG> (Thumb, 26 bytes, Stack size 4 bytes, stm322xg_eval_lcd.o(i.LCD_DisplayChar))
<BR><BR>[Stack]<UL><LI>Max Depth = 36<LI>Call Chain = LCD_DisplayChar &rArr; LCD_DrawChar &rArr; LCD_SetCursor
</UL>
<BR>[Calls]<UL><LI><a href="#[da]">&gt;&gt;</a>&nbsp;&nbsp;&nbsp;LCD_DrawChar
</UL>
<BR>[Called By]<UL><LI><a href="#[92]">&gt;&gt;</a>&nbsp;&nbsp;&nbsp;LCD_DisplayStringLine
</UL>

<P><STRONG><a name="[92]"></a>LCD_DisplayStringLine</STRONG> (Thumb, 52 bytes, Stack size 20 bytes, stm322xg_eval_lcd.o(i.LCD_DisplayStringLine))
<BR><BR>[Stack]<UL><LI>Max Depth = 56<LI>Call Chain = LCD_DisplayStringLine &rArr; LCD_DisplayChar &rArr; LCD_DrawChar &rArr; LCD_SetCursor
</UL>
<BR>[Calls]<UL><LI><a href="#[d9]">&gt;&gt;</a>&nbsp;&nbsp;&nbsp;LCD_DisplayChar
</UL>
<BR>[Called By]<UL><LI><a href="#[131]">&gt;&gt;</a>&nbsp;&nbsp;&nbsp;Zigbee_Cmd_Analysis
<LI><a href="#[80]">&gt;&gt;</a>&nbsp;&nbsp;&nbsp;Tcp_Cmd_Analysis
<LI><a href="#[94]">&gt;&gt;</a>&nbsp;&nbsp;&nbsp;Room_Dev_Delete
<LI><a href="#[f1]">&gt;&gt;</a>&nbsp;&nbsp;&nbsp;Room_Add
<LI><a href="#[cc]">&gt;&gt;</a>&nbsp;&nbsp;&nbsp;Pcb_Update
<LI><a href="#[8e]">&gt;&gt;</a>&nbsp;&nbsp;&nbsp;Device_Add
</UL>

<P><STRONG><a name="[da]"></a>LCD_DrawChar</STRONG> (Thumb, 120 bytes, Stack size 28 bytes, stm322xg_eval_lcd.o(i.LCD_DrawChar))
<BR><BR>[Stack]<UL><LI>Max Depth = 32<LI>Call Chain = LCD_DrawChar &rArr; LCD_SetCursor
</UL>
<BR>[Calls]<UL><LI><a href="#[db]">&gt;&gt;</a>&nbsp;&nbsp;&nbsp;LCD_SetCursor
</UL>
<BR>[Called By]<UL><LI><a href="#[d9]">&gt;&gt;</a>&nbsp;&nbsp;&nbsp;LCD_DisplayChar
</UL>

<P><STRONG><a name="[91]"></a>LCD_GetFont</STRONG> (Thumb, 6 bytes, Stack size 0 bytes, stm322xg_eval_lcd.o(i.LCD_GetFont))
<BR><BR>[Called By]<UL><LI><a href="#[131]">&gt;&gt;</a>&nbsp;&nbsp;&nbsp;Zigbee_Cmd_Analysis
<LI><a href="#[80]">&gt;&gt;</a>&nbsp;&nbsp;&nbsp;Tcp_Cmd_Analysis
<LI><a href="#[94]">&gt;&gt;</a>&nbsp;&nbsp;&nbsp;Room_Dev_Delete
<LI><a href="#[f1]">&gt;&gt;</a>&nbsp;&nbsp;&nbsp;Room_Add
<LI><a href="#[cc]">&gt;&gt;</a>&nbsp;&nbsp;&nbsp;Pcb_Update
<LI><a href="#[8e]">&gt;&gt;</a>&nbsp;&nbsp;&nbsp;Device_Add
</UL>

<P><STRONG><a name="[dc]"></a>LCD_LED_KEY_Init</STRONG> (Thumb, 62 bytes, Stack size 8 bytes, main.o(i.LCD_LED_KEY_Init))
<BR><BR>[Stack]<UL><LI>Max Depth = 68<LI>Call Chain = LCD_LED_KEY_Init &rArr; STM_EVAL_PBInit &rArr; GPIO_Init
</UL>
<BR>[Calls]<UL><LI><a href="#[df]">&gt;&gt;</a>&nbsp;&nbsp;&nbsp;STM_EVAL_PBInit
<LI><a href="#[de]">&gt;&gt;</a>&nbsp;&nbsp;&nbsp;STM_EVAL_LEDOff
<LI><a href="#[dd]">&gt;&gt;</a>&nbsp;&nbsp;&nbsp;STM_EVAL_LEDInit
</UL>
<BR>[Called By]<UL><LI><a href="#[5b]">&gt;&gt;</a>&nbsp;&nbsp;&nbsp;main
</UL>

<P><STRONG><a name="[db]"></a>LCD_SetCursor</STRONG> (Thumb, 24 bytes, Stack size 4 bytes, stm322xg_eval_lcd.o(i.LCD_SetCursor))
<BR><BR>[Stack]<UL><LI>Max Depth = 4<LI>Call Chain = LCD_SetCursor
</UL>
<BR>[Calls]<UL><LI><a href="#[e0]">&gt;&gt;</a>&nbsp;&nbsp;&nbsp;LCD_WriteReg
</UL>
<BR>[Called By]<UL><LI><a href="#[da]">&gt;&gt;</a>&nbsp;&nbsp;&nbsp;LCD_DrawChar
</UL>

<P><STRONG><a name="[e0]"></a>LCD_WriteReg</STRONG> (Thumb, 10 bytes, Stack size 0 bytes, stm322xg_eval_lcd.o(i.LCD_WriteReg))
<BR><BR>[Called By]<UL><LI><a href="#[db]">&gt;&gt;</a>&nbsp;&nbsp;&nbsp;LCD_SetCursor
</UL>

<P><STRONG><a name="[e1]"></a>LwIP_Init</STRONG> (Thumb, 76 bytes, Stack size 32 bytes, netconf.o(i.LwIP_Init))
<BR><BR>[Stack]<UL><LI>Max Depth = 416<LI>Call Chain = LwIP_Init &rArr; netif_add &rArr; netif_set_addr &rArr; netif_set_ipaddr &rArr; tcp_abandon &rArr; tcp_pcb_remove &rArr; tcp_output &rArr; tcp_send_empty_ack &rArr; pbuf_alloc &rArr; pbuf_free &rArr; mem_free &rArr; sys_arch_sem_wait &rArr; xQueueGenericReceive &rArr; xTaskResumeAll &rArr; vTaskIncrementTick
</UL>
<BR>[Calls]<UL><LI><a href="#[e8]">&gt;&gt;</a>&nbsp;&nbsp;&nbsp;netif_set_up
<LI><a href="#[e6]">&gt;&gt;</a>&nbsp;&nbsp;&nbsp;netif_set_default
<LI><a href="#[e5]">&gt;&gt;</a>&nbsp;&nbsp;&nbsp;netif_add
<LI><a href="#[e3]">&gt;&gt;</a>&nbsp;&nbsp;&nbsp;memp_init
<LI><a href="#[e2]">&gt;&gt;</a>&nbsp;&nbsp;&nbsp;mem_init
<LI><a href="#[e7]">&gt;&gt;</a>&nbsp;&nbsp;&nbsp;dhcp_start
<LI><a href="#[e4]">&gt;&gt;</a>&nbsp;&nbsp;&nbsp;Set_MAC_Address
</UL>
<BR>[Called By]<UL><LI><a href="#[5b]">&gt;&gt;</a>&nbsp;&nbsp;&nbsp;main
</UL>

<P><STRONG><a name="[e9]"></a>LwIP_Periodic_Handle</STRONG> (Thumb, 78 bytes, Stack size 16 bytes, netconf.o(i.LwIP_Periodic_Handle))
<BR><BR>[Stack]<UL><LI>Max Depth = 416<LI>Call Chain = LwIP_Periodic_Handle &rArr; dhcp_fine_tmr &rArr; dhcp_timeout &rArr; dhcp_bind &rArr; netif_set_ipaddr &rArr; tcp_abandon &rArr; tcp_pcb_remove &rArr; tcp_output &rArr; tcp_send_empty_ack &rArr; pbuf_alloc &rArr; pbuf_free &rArr; mem_free &rArr; sys_arch_sem_wait &rArr; xQueueGenericReceive &rArr; xTaskResumeAll &rArr; vTaskIncrementTick
</UL>
<BR>[Calls]<UL><LI><a href="#[ea]">&gt;&gt;</a>&nbsp;&nbsp;&nbsp;tcp_tmr
<LI><a href="#[eb]">&gt;&gt;</a>&nbsp;&nbsp;&nbsp;etharp_tmr
<LI><a href="#[ec]">&gt;&gt;</a>&nbsp;&nbsp;&nbsp;dhcp_fine_tmr
<LI><a href="#[ed]">&gt;&gt;</a>&nbsp;&nbsp;&nbsp;dhcp_coarse_tmr
</UL>
<BR>[Called By]<UL><LI><a href="#[6b]">&gt;&gt;</a>&nbsp;&nbsp;&nbsp;Time_Task
</UL>

<P><STRONG><a name="[ad]"></a>LwIP_Pkt_Handle</STRONG> (Thumb, 6 bytes, Stack size 0 bytes, netconf.o(i.LwIP_Pkt_Handle))
<BR><BR>[Stack]<UL><LI>Max Depth = 240<LI>Call Chain = LwIP_Pkt_Handle &rArr; ethernetif_input &rArr; pbuf_alloc &rArr; pbuf_free &rArr; mem_free &rArr; sys_arch_sem_wait &rArr; xQueueGenericReceive &rArr; xTaskResumeAll &rArr; vTaskIncrementTick
</UL>
<BR>[Calls]<UL><LI><a href="#[ee]">&gt;&gt;</a>&nbsp;&nbsp;&nbsp;ethernetif_input
</UL>
<BR>[Called By]<UL><LI><a href="#[47]">&gt;&gt;</a>&nbsp;&nbsp;&nbsp;ETH_IRQHandler
</UL>

<P><STRONG><a name="[3]"></a>MemManage_Handler</STRONG> (Thumb, 2 bytes, Stack size 0 bytes, stm32f2xx_it.o(i.MemManage_Handler))
<BR><BR>[Calls]<UL><LI><a href="#[3]">&gt;&gt;</a>&nbsp;&nbsp;&nbsp;MemManage_Handler
</UL>
<BR>[Called By]<UL><LI><a href="#[3]">&gt;&gt;</a>&nbsp;&nbsp;&nbsp;MemManage_Handler
</UL>
<BR>[Address Reference Count : 1]<UL><LI> startup_stm32f2xx.o(RESET)
</UL>
<P><STRONG><a name="[1]"></a>NMI_Handler</STRONG> (Thumb, 2 bytes, Stack size 0 bytes, stm32f2xx_it.o(i.NMI_Handler))
<BR>[Address Reference Count : 1]<UL><LI> startup_stm32f2xx.o(RESET)
</UL>
<P><STRONG><a name="[a1]"></a>NVIC_Init</STRONG> (Thumb, 92 bytes, Stack size 16 bytes, misc.o(i.NVIC_Init))
<BR><BR>[Stack]<UL><LI>Max Depth = 16<LI>Call Chain = NVIC_Init
</UL>
<BR>[Called By]<UL><LI><a href="#[df]">&gt;&gt;</a>&nbsp;&nbsp;&nbsp;STM_EVAL_PBInit
<LI><a href="#[9e]">&gt;&gt;</a>&nbsp;&nbsp;&nbsp;ETH_BSP_Config
<LI><a href="#[129]">&gt;&gt;</a>&nbsp;&nbsp;&nbsp;USART_Config
<LI><a href="#[d6]">&gt;&gt;</a>&nbsp;&nbsp;&nbsp;disk_initialize
</UL>

<P><STRONG><a name="[a0]"></a>NVIC_PriorityGroupConfig</STRONG> (Thumb, 10 bytes, Stack size 0 bytes, misc.o(i.NVIC_PriorityGroupConfig))
<BR><BR>[Called By]<UL><LI><a href="#[9e]">&gt;&gt;</a>&nbsp;&nbsp;&nbsp;ETH_BSP_Config
<LI><a href="#[d6]">&gt;&gt;</a>&nbsp;&nbsp;&nbsp;disk_initialize
</UL>

<P><STRONG><a name="[cc]"></a>Pcb_Update</STRONG> (Thumb, 128 bytes, Stack size 24 bytes, usr_cpu.o(i.Pcb_Update))
<BR><BR>[Stack]<UL><LI>Max Depth = 80<LI>Call Chain = Pcb_Update &rArr; LCD_DisplayStringLine &rArr; LCD_DisplayChar &rArr; LCD_DrawChar &rArr; LCD_SetCursor
</UL>
<BR>[Calls]<UL><LI><a href="#[91]">&gt;&gt;</a>&nbsp;&nbsp;&nbsp;LCD_GetFont
<LI><a href="#[92]">&gt;&gt;</a>&nbsp;&nbsp;&nbsp;LCD_DisplayStringLine
</UL>
<BR>[Called By]<UL><LI><a href="#[60]">&gt;&gt;</a>&nbsp;&nbsp;&nbsp;HelloWorld_recv
<LI><a href="#[63]">&gt;&gt;</a>&nbsp;&nbsp;&nbsp;HelloWorld_accept
</UL>

<P><STRONG><a name="[ef]"></a>Pcb_Write</STRONG> (Thumb, 40 bytes, Stack size 16 bytes, usr_cpu.o(i.Pcb_Write))
<BR><BR>[Stack]<UL><LI>Max Depth = 304<LI>Call Chain = Pcb_Write &rArr; tcp_write &rArr; tcp_enqueue &rArr; pbuf_alloc &rArr; pbuf_free &rArr; mem_free &rArr; sys_arch_sem_wait &rArr; xQueueGenericReceive &rArr; xTaskResumeAll &rArr; vTaskIncrementTick
</UL>
<BR>[Calls]<UL><LI><a href="#[90]">&gt;&gt;</a>&nbsp;&nbsp;&nbsp;tcp_write
</UL>
<BR>[Called By]<UL><LI><a href="#[131]">&gt;&gt;</a>&nbsp;&nbsp;&nbsp;Zigbee_Cmd_Analysis
</UL>

<P><STRONG><a name="[1b0]"></a>Pic_Cnt_Check</STRONG> (Thumb, 38 bytes, Stack size 12 bytes, helloworld.o(i.Pic_Cnt_Check))
<BR><BR>[Stack]<UL><LI>Max Depth = 12<LI>Call Chain = Pic_Cnt_Check
</UL>
<BR>[Called By]<UL><LI><a href="#[6e]">&gt;&gt;</a>&nbsp;&nbsp;&nbsp;pic_recv
</UL>

<P><STRONG><a name="[f0]"></a>Pic_Status_Clean</STRONG> (Thumb, 80 bytes, Stack size 16 bytes, helloworld.o(i.Pic_Status_Clean))
<BR><BR>[Stack]<UL><LI>Max Depth = 524<LI>Call Chain = Pic_Status_Clean &rArr; Init_Pic_Store &rArr; f_open &rArr; follow_path &rArr; dir_next &rArr; create_chain &rArr; put_fat &rArr; move_window &rArr; disk_write &rArr; SD_WriteMultiBlocks &rArr; SD_LowLevel_DMA_TxConfig &rArr; DMA_DeInit
</UL>
<BR>[Calls]<UL><LI><a href="#[d2]">&gt;&gt;</a>&nbsp;&nbsp;&nbsp;Init_Pic_Store
<LI><a href="#[d1]">&gt;&gt;</a>&nbsp;&nbsp;&nbsp;tcp_close
<LI><a href="#[c5]">&gt;&gt;</a>&nbsp;&nbsp;&nbsp;__2printf
</UL>
<BR>[Called By]<UL><LI><a href="#[6e]">&gt;&gt;</a>&nbsp;&nbsp;&nbsp;pic_recv
</UL>

<P><STRONG><a name="[a5]"></a>RCC_AHB1PeriphClockCmd</STRONG> (Thumb, 18 bytes, Stack size 0 bytes, stm32f2xx_rcc.o(i.RCC_AHB1PeriphClockCmd))
<BR><BR>[Called By]<UL><LI><a href="#[a2]">&gt;&gt;</a>&nbsp;&nbsp;&nbsp;ETH_MACDMA_Config
<LI><a href="#[9f]">&gt;&gt;</a>&nbsp;&nbsp;&nbsp;ETH_GPIO_Config
<LI><a href="#[df]">&gt;&gt;</a>&nbsp;&nbsp;&nbsp;STM_EVAL_PBInit
<LI><a href="#[dd]">&gt;&gt;</a>&nbsp;&nbsp;&nbsp;STM_EVAL_LEDInit
<LI><a href="#[129]">&gt;&gt;</a>&nbsp;&nbsp;&nbsp;USART_Config
<LI><a href="#[101]">&gt;&gt;</a>&nbsp;&nbsp;&nbsp;SD_LowLevel_Init
</UL>

<P><STRONG><a name="[a4]"></a>RCC_AHB1PeriphResetCmd</STRONG> (Thumb, 18 bytes, Stack size 0 bytes, stm32f2xx_rcc.o(i.RCC_AHB1PeriphResetCmd))
<BR><BR>[Called By]<UL><LI><a href="#[a3]">&gt;&gt;</a>&nbsp;&nbsp;&nbsp;ETH_DeInit
</UL>

<P><STRONG><a name="[12a]"></a>RCC_APB1PeriphClockCmd</STRONG> (Thumb, 18 bytes, Stack size 0 bytes, stm32f2xx_rcc.o(i.RCC_APB1PeriphClockCmd))
<BR><BR>[Called By]<UL><LI><a href="#[129]">&gt;&gt;</a>&nbsp;&nbsp;&nbsp;USART_Config
</UL>

<P><STRONG><a name="[a6]"></a>RCC_APB2PeriphClockCmd</STRONG> (Thumb, 18 bytes, Stack size 0 bytes, stm32f2xx_rcc.o(i.RCC_APB2PeriphClockCmd))
<BR><BR>[Called By]<UL><LI><a href="#[9f]">&gt;&gt;</a>&nbsp;&nbsp;&nbsp;ETH_GPIO_Config
<LI><a href="#[df]">&gt;&gt;</a>&nbsp;&nbsp;&nbsp;STM_EVAL_PBInit
<LI><a href="#[101]">&gt;&gt;</a>&nbsp;&nbsp;&nbsp;SD_LowLevel_Init
</UL>

<P><STRONG><a name="[f5]"></a>RCC_APB2PeriphResetCmd</STRONG> (Thumb, 18 bytes, Stack size 0 bytes, stm32f2xx_rcc.o(i.RCC_APB2PeriphResetCmd))
<BR><BR>[Called By]<UL><LI><a href="#[f4]">&gt;&gt;</a>&nbsp;&nbsp;&nbsp;SDIO_DeInit
</UL>

<P><STRONG><a name="[b0]"></a>RCC_GetClocksFreq</STRONG> (Thumb, 134 bytes, Stack size 16 bytes, stm32f2xx_rcc.o(i.RCC_GetClocksFreq))
<BR><BR>[Stack]<UL><LI>Max Depth = 16<LI>Call Chain = RCC_GetClocksFreq
</UL>
<BR>[Called By]<UL><LI><a href="#[af]">&gt;&gt;</a>&nbsp;&nbsp;&nbsp;ETH_Init
<LI><a href="#[12b]">&gt;&gt;</a>&nbsp;&nbsp;&nbsp;USART_Init
</UL>

<P><STRONG><a name="[a8]"></a>RCC_MCO1Config</STRONG> (Thumb, 16 bytes, Stack size 0 bytes, stm32f2xx_rcc.o(i.RCC_MCO1Config))
<BR><BR>[Called By]<UL><LI><a href="#[9f]">&gt;&gt;</a>&nbsp;&nbsp;&nbsp;ETH_GPIO_Config
</UL>

<P><STRONG><a name="[f1]"></a>Room_Add</STRONG> (Thumb, 96 bytes, Stack size 16 bytes, usr_cpu.o(i.Room_Add))
<BR><BR>[Stack]<UL><LI>Max Depth = 304<LI>Call Chain = Room_Add &rArr; tcp_write &rArr; tcp_enqueue &rArr; pbuf_alloc &rArr; pbuf_free &rArr; mem_free &rArr; sys_arch_sem_wait &rArr; xQueueGenericReceive &rArr; xTaskResumeAll &rArr; vTaskIncrementTick
</UL>
<BR>[Calls]<UL><LI><a href="#[90]">&gt;&gt;</a>&nbsp;&nbsp;&nbsp;tcp_write
<LI><a href="#[91]">&gt;&gt;</a>&nbsp;&nbsp;&nbsp;LCD_GetFont
<LI><a href="#[92]">&gt;&gt;</a>&nbsp;&nbsp;&nbsp;LCD_DisplayStringLine
</UL>
<BR>[Called By]<UL><LI><a href="#[80]">&gt;&gt;</a>&nbsp;&nbsp;&nbsp;Tcp_Cmd_Analysis
</UL>

<P><STRONG><a name="[f2]"></a>Room_Delete</STRONG> (Thumb, 52 bytes, Stack size 8 bytes, usr_cpu.o(i.Room_Delete))
<BR><BR>[Stack]<UL><LI>Max Depth = 296<LI>Call Chain = Room_Delete &rArr; tcp_write &rArr; tcp_enqueue &rArr; pbuf_alloc &rArr; pbuf_free &rArr; mem_free &rArr; sys_arch_sem_wait &rArr; xQueueGenericReceive &rArr; xTaskResumeAll &rArr; vTaskIncrementTick
</UL>
<BR>[Calls]<UL><LI><a href="#[90]">&gt;&gt;</a>&nbsp;&nbsp;&nbsp;tcp_write
</UL>
<BR>[Called By]<UL><LI><a href="#[80]">&gt;&gt;</a>&nbsp;&nbsp;&nbsp;Tcp_Cmd_Analysis
</UL>

<P><STRONG><a name="[8f]"></a>Room_Dev_Add</STRONG> (Thumb, 52 bytes, Stack size 12 bytes, usr_cpu.o(i.Room_Dev_Add))
<BR><BR>[Stack]<UL><LI>Max Depth = 12<LI>Call Chain = Room_Dev_Add
</UL>
<BR>[Called By]<UL><LI><a href="#[80]">&gt;&gt;</a>&nbsp;&nbsp;&nbsp;Tcp_Cmd_Analysis
<LI><a href="#[8e]">&gt;&gt;</a>&nbsp;&nbsp;&nbsp;Device_Add
</UL>

<P><STRONG><a name="[94]"></a>Room_Dev_Delete</STRONG> (Thumb, 78 bytes, Stack size 16 bytes, usr_cpu.o(i.Room_Dev_Delete))
<BR><BR>[Stack]<UL><LI>Max Depth = 72<LI>Call Chain = Room_Dev_Delete &rArr; LCD_DisplayStringLine &rArr; LCD_DisplayChar &rArr; LCD_DrawChar &rArr; LCD_SetCursor
</UL>
<BR>[Calls]<UL><LI><a href="#[91]">&gt;&gt;</a>&nbsp;&nbsp;&nbsp;LCD_GetFont
<LI><a href="#[92]">&gt;&gt;</a>&nbsp;&nbsp;&nbsp;LCD_DisplayStringLine
</UL>
<BR>[Called By]<UL><LI><a href="#[80]">&gt;&gt;</a>&nbsp;&nbsp;&nbsp;Tcp_Cmd_Analysis
<LI><a href="#[93]">&gt;&gt;</a>&nbsp;&nbsp;&nbsp;Device_Delete
</UL>

<P><STRONG><a name="[121]"></a>Room_Dev_Search</STRONG> (Thumb, 44 bytes, Stack size 0 bytes, usr_cpu.o(i.Room_Dev_Search))
<BR><BR>[Called By]<UL><LI><a href="#[80]">&gt;&gt;</a>&nbsp;&nbsp;&nbsp;Tcp_Cmd_Analysis
</UL>

<P><STRONG><a name="[86]"></a>SDIO_ClearFlag</STRONG> (Thumb, 6 bytes, Stack size 0 bytes, stm32f2xx_sdio.o(i.SDIO_ClearFlag))
<BR><BR>[Called By]<UL><LI><a href="#[113]">&gt;&gt;</a>&nbsp;&nbsp;&nbsp;SD_WaitWriteOperation
<LI><a href="#[102]">&gt;&gt;</a>&nbsp;&nbsp;&nbsp;SD_PowerON
<LI><a href="#[bd]">&gt;&gt;</a>&nbsp;&nbsp;&nbsp;FindSCR
<LI><a href="#[87]">&gt;&gt;</a>&nbsp;&nbsp;&nbsp;CmdResp6Error
<LI><a href="#[85]">&gt;&gt;</a>&nbsp;&nbsp;&nbsp;CmdResp2Error
</UL>

<P><STRONG><a name="[10e]"></a>SDIO_ClearITPendingBit</STRONG> (Thumb, 6 bytes, Stack size 0 bytes, stm32f2xx_sdio.o(i.SDIO_ClearITPendingBit))
<BR><BR>[Called By]<UL><LI><a href="#[f6]">&gt;&gt;</a>&nbsp;&nbsp;&nbsp;SD_ProcessIRQSrc
</UL>

<P><STRONG><a name="[10d]"></a>SDIO_ClockCmd</STRONG> (Thumb, 6 bytes, Stack size 0 bytes, stm32f2xx_sdio.o(i.SDIO_ClockCmd))
<BR><BR>[Called By]<UL><LI><a href="#[102]">&gt;&gt;</a>&nbsp;&nbsp;&nbsp;SD_PowerON
</UL>

<P><STRONG><a name="[111]"></a>SDIO_DMACmd</STRONG> (Thumb, 6 bytes, Stack size 0 bytes, stm32f2xx_sdio.o(i.SDIO_DMACmd))
<BR><BR>[Called By]<UL><LI><a href="#[114]">&gt;&gt;</a>&nbsp;&nbsp;&nbsp;SD_WriteMultiBlocks
<LI><a href="#[110]">&gt;&gt;</a>&nbsp;&nbsp;&nbsp;SD_ReadMultiBlocks
</UL>

<P><STRONG><a name="[c0]"></a>SDIO_DataConfig</STRONG> (Thumb, 42 bytes, Stack size 8 bytes, stm32f2xx_sdio.o(i.SDIO_DataConfig))
<BR><BR>[Stack]<UL><LI>Max Depth = 8<LI>Call Chain = SDIO_DataConfig
</UL>
<BR>[Called By]<UL><LI><a href="#[114]">&gt;&gt;</a>&nbsp;&nbsp;&nbsp;SD_WriteMultiBlocks
<LI><a href="#[110]">&gt;&gt;</a>&nbsp;&nbsp;&nbsp;SD_ReadMultiBlocks
<LI><a href="#[bd]">&gt;&gt;</a>&nbsp;&nbsp;&nbsp;FindSCR
</UL>

<P><STRONG><a name="[f4]"></a>SDIO_DeInit</STRONG> (Thumb, 24 bytes, Stack size 8 bytes, stm32f2xx_sdio.o(i.SDIO_DeInit))
<BR><BR>[Stack]<UL><LI>Max Depth = 8<LI>Call Chain = SDIO_DeInit
</UL>
<BR>[Calls]<UL><LI><a href="#[f5]">&gt;&gt;</a>&nbsp;&nbsp;&nbsp;RCC_APB2PeriphResetCmd
</UL>
<BR>[Called By]<UL><LI><a href="#[100]">&gt;&gt;</a>&nbsp;&nbsp;&nbsp;SD_Init
</UL>

<P><STRONG><a name="[88]"></a>SDIO_GetCommandResponse</STRONG> (Thumb, 8 bytes, Stack size 0 bytes, stm32f2xx_sdio.o(i.SDIO_GetCommandResponse))
<BR><BR>[Called By]<UL><LI><a href="#[87]">&gt;&gt;</a>&nbsp;&nbsp;&nbsp;CmdResp6Error
</UL>

<P><STRONG><a name="[c1]"></a>SDIO_GetFlagStatus</STRONG> (Thumb, 16 bytes, Stack size 0 bytes, stm32f2xx_sdio.o(i.SDIO_GetFlagStatus))
<BR><BR>[Called By]<UL><LI><a href="#[102]">&gt;&gt;</a>&nbsp;&nbsp;&nbsp;SD_PowerON
<LI><a href="#[bd]">&gt;&gt;</a>&nbsp;&nbsp;&nbsp;FindSCR
</UL>

<P><STRONG><a name="[105]"></a>SDIO_GetPowerState</STRONG> (Thumb, 10 bytes, Stack size 0 bytes, stm32f2xx_sdio.o(i.SDIO_GetPowerState))
<BR><BR>[Called By]<UL><LI><a href="#[103]">&gt;&gt;</a>&nbsp;&nbsp;&nbsp;SD_InitializeCards
</UL>

<P><STRONG><a name="[89]"></a>SDIO_GetResponse</STRONG> (Thumb, 6 bytes, Stack size 0 bytes, stm32f2xx_sdio.o(i.SDIO_GetResponse))
<BR><BR>[Called By]<UL><LI><a href="#[102]">&gt;&gt;</a>&nbsp;&nbsp;&nbsp;SD_PowerON
<LI><a href="#[103]">&gt;&gt;</a>&nbsp;&nbsp;&nbsp;SD_InitializeCards
<LI><a href="#[f3]">&gt;&gt;</a>&nbsp;&nbsp;&nbsp;SDEnWideBus
<LI><a href="#[87]">&gt;&gt;</a>&nbsp;&nbsp;&nbsp;CmdResp6Error
</UL>

<P><STRONG><a name="[3b]"></a>SDIO_IRQHandler</STRONG> (Thumb, 4 bytes, Stack size 0 bytes, stm32f2xx_it.o(i.SDIO_IRQHandler))
<BR><BR>[Stack]<UL><LI>Max Depth = 16<LI>Call Chain = SDIO_IRQHandler &rArr; SD_ProcessIRQSrc
</UL>
<BR>[Calls]<UL><LI><a href="#[f6]">&gt;&gt;</a>&nbsp;&nbsp;&nbsp;SD_ProcessIRQSrc
</UL>
<BR>[Address Reference Count : 1]<UL><LI> startup_stm32f2xx.o(RESET)
</UL>
<P><STRONG><a name="[10f]"></a>SDIO_ITConfig</STRONG> (Thumb, 18 bytes, Stack size 0 bytes, stm32f2xx_sdio.o(i.SDIO_ITConfig))
<BR><BR>[Called By]<UL><LI><a href="#[f6]">&gt;&gt;</a>&nbsp;&nbsp;&nbsp;SD_ProcessIRQSrc
<LI><a href="#[114]">&gt;&gt;</a>&nbsp;&nbsp;&nbsp;SD_WriteMultiBlocks
<LI><a href="#[110]">&gt;&gt;</a>&nbsp;&nbsp;&nbsp;SD_ReadMultiBlocks
</UL>

<P><STRONG><a name="[fc]"></a>SDIO_Init</STRONG> (Thumb, 40 bytes, Stack size 12 bytes, stm32f2xx_sdio.o(i.SDIO_Init))
<BR><BR>[Stack]<UL><LI>Max Depth = 12<LI>Call Chain = SDIO_Init
</UL>
<BR>[Called By]<UL><LI><a href="#[100]">&gt;&gt;</a>&nbsp;&nbsp;&nbsp;SD_Init
<LI><a href="#[fb]">&gt;&gt;</a>&nbsp;&nbsp;&nbsp;SD_EnableWideBusOperation
<LI><a href="#[102]">&gt;&gt;</a>&nbsp;&nbsp;&nbsp;SD_PowerON
</UL>

<P><STRONG><a name="[c2]"></a>SDIO_ReadData</STRONG> (Thumb, 6 bytes, Stack size 0 bytes, stm32f2xx_sdio.o(i.SDIO_ReadData))
<BR><BR>[Called By]<UL><LI><a href="#[bd]">&gt;&gt;</a>&nbsp;&nbsp;&nbsp;FindSCR
</UL>

<P><STRONG><a name="[be]"></a>SDIO_SendCommand</STRONG> (Thumb, 36 bytes, Stack size 8 bytes, stm32f2xx_sdio.o(i.SDIO_SendCommand))
<BR><BR>[Stack]<UL><LI>Max Depth = 8<LI>Call Chain = SDIO_SendCommand
</UL>
<BR>[Called By]<UL><LI><a href="#[104]">&gt;&gt;</a>&nbsp;&nbsp;&nbsp;SD_SelectDeselect
[...]
</UL>
<BR>[Calls]<UL><LI><a href="#[17e]">&gt;&gt;</a>&nbsp;&nbsp;&nbsp;ip_addr_isbroadcast
<LI><a href="#[142]">&gt;&gt;</a>&nbsp;&nbsp;&nbsp;ntohl
<LI><a href="#[180]">&gt;&gt;</a>&nbsp;&nbsp;&nbsp;find_entry
</UL>
<BR>[Called By]<UL><LI><a href="#[17a]">&gt;&gt;</a>&nbsp;&nbsp;&nbsp;etharp_arp_input
</UL>

<P><STRONG><a name="[183]"></a>low_level_init</STRONG> (Thumb, 124 bytes, Stack size 16 bytes, ethernetif.o(i.low_level_init))
<BR><BR>[Stack]<UL><LI>Max Depth = 36<LI>Call Chain = low_level_init &rArr; ETH_DMATxDescChainInit
</UL>
<BR>[Calls]<UL><LI><a href="#[b7]">&gt;&gt;</a>&nbsp;&nbsp;&nbsp;ETH_Start
<LI><a href="#[19c]">&gt;&gt;</a>&nbsp;&nbsp;&nbsp;ETH_DMATxDescChecksumInsertionConfig
<LI><a href="#[199]">&gt;&gt;</a>&nbsp;&nbsp;&nbsp;ETH_DMATxDescChainInit
<LI><a href="#[19b]">&gt;&gt;</a>&nbsp;&nbsp;&nbsp;ETH_DMARxDescReceiveITConfig
<LI><a href="#[19a]">&gt;&gt;</a>&nbsp;&nbsp;&nbsp;ETH_DMARxDescChainInit
</UL>
<BR>[Called By]<UL><LI><a href="#[62]">&gt;&gt;</a>&nbsp;&nbsp;&nbsp;ethernetif_init
</UL>

<P><STRONG><a name="[68]"></a>low_level_output</STRONG> (Thumb, 44 bytes, Stack size 16 bytes, ethernetif.o(i.low_level_output))
<BR><BR>[Stack]<UL><LI>Max Depth = 16<LI>Call Chain = low_level_output
</UL>
<BR>[Calls]<UL><LI><a href="#[19d]">&gt;&gt;</a>&nbsp;&nbsp;&nbsp;ETH_TxPkt_ChainMode
<LI><a href="#[118]">&gt;&gt;</a>&nbsp;&nbsp;&nbsp;__aeabi_memcpy
</UL>
<BR>[Address Reference Count : 1]<UL><LI> ethernetif.o(i.ethernetif_init)
</UL>
<P><STRONG><a name="[72]"></a>tcp_server_recv</STRONG> (Thumb, 52 bytes, Stack size 8 bytes, server.o(i.tcp_server_recv))
<BR><BR>[Stack]<UL><LI>Max Depth = 168<LI>Call Chain = tcp_server_recv &rArr; pbuf_free &rArr; mem_free &rArr; sys_arch_sem_wait &rArr; xQueueGenericReceive &rArr; xTaskResumeAll &rArr; vTaskIncrementTick
</UL>
<BR>[Calls]<UL><LI><a href="#[122]">&gt;&gt;</a>&nbsp;&nbsp;&nbsp;STM_EVAL_LEDToggle
<LI><a href="#[cf]">&gt;&gt;</a>&nbsp;&nbsp;&nbsp;pbuf_free
</UL>
<BR>[Address Reference Count : 1]<UL><LI> server.o(i.tcp_server_accept)
</UL>
<P><STRONG><a name="[63]"></a>HelloWorld_accept</STRONG> (Thumb, 56 bytes, Stack size 8 bytes, helloworld.o(i.HelloWorld_accept))
<BR><BR>[Stack]<UL><LI>Max Depth = 176<LI>Call Chain = HelloWorld_accept &rArr; mem_calloc &rArr; mem_malloc &rArr; sys_arch_sem_wait &rArr; xQueueGenericReceive &rArr; xTaskResumeAll &rArr; vTaskIncrementTick
</UL>
<BR>[Calls]<UL><LI><a href="#[cb]">&gt;&gt;</a>&nbsp;&nbsp;&nbsp;tcp_recv
<LI><a href="#[ca]">&gt;&gt;</a>&nbsp;&nbsp;&nbsp;tcp_err
<LI><a href="#[c9]">&gt;&gt;</a>&nbsp;&nbsp;&nbsp;tcp_arg
<LI><a href="#[cc]">&gt;&gt;</a>&nbsp;&nbsp;&nbsp;Pcb_Update
<LI><a href="#[c8]">&gt;&gt;</a>&nbsp;&nbsp;&nbsp;mem_calloc
</UL>
<BR>[Address Reference Count : 1]<UL><LI> helloworld.o(i.Server_Task)
</UL>
<P><STRONG><a name="[5f]"></a>HelloWorld_conn_err</STRONG> (Thumb, 4 bytes, Stack size 0 bytes, helloworld.o(i.HelloWorld_conn_err))
<BR><BR>[Stack]<UL><LI>Max Depth = 144<LI>Call Chain = HelloWorld_conn_err &rArr; mem_free &rArr; sys_arch_sem_wait &rArr; xQueueGenericReceive &rArr; xTaskResumeAll &rArr; vTaskIncrementTick
</UL>
<BR>[Calls]<UL><LI><a href="#[cd]">&gt;&gt;</a>&nbsp;&nbsp;&nbsp;mem_free
</UL>
<BR>[Address Reference Count : 2]<UL><LI> helloworld.o(i.HelloWorld_accept)
<LI> helloworld.o(i.pic_init)
</UL>
<P><STRONG><a name="[60]"></a>HelloWorld_recv</STRONG> (Thumb, 140 bytes, Stack size 56 bytes, helloworld.o(i.HelloWorld_recv))
<BR><BR>[Stack]<UL><LI>Max Depth = 360<LI>Call Chain = HelloWorld_recv &rArr; tcp_close &rArr; tcp_send_ctrl &rArr; tcp_enqueue &rArr; pbuf_alloc &rArr; pbuf_free &rArr; mem_free &rArr; sys_arch_sem_wait &rArr; xQueueGenericReceive &rArr; xTaskResumeAll &rArr; vTaskIncrementTick
</UL>
<BR>[Calls]<UL><LI><a href="#[cd]">&gt;&gt;</a>&nbsp;&nbsp;&nbsp;mem_free
<LI><a href="#[ce]">&gt;&gt;</a>&nbsp;&nbsp;&nbsp;tcp_recved
<LI><a href="#[cf]">&gt;&gt;</a>&nbsp;&nbsp;&nbsp;pbuf_free
<LI><a href="#[d0]">&gt;&gt;</a>&nbsp;&nbsp;&nbsp;Save_Cmd
<LI><a href="#[d1]">&gt;&gt;</a>&nbsp;&nbsp;&nbsp;tcp_close
<LI><a href="#[cc]">&gt;&gt;</a>&nbsp;&nbsp;&nbsp;Pcb_Update
</UL>
<BR>[Address Reference Count : 1]<UL><LI> helloworld.o(i.HelloWorld_accept)
</UL>
<P><STRONG><a name="[b2]"></a>ETH_Delay</STRONG> (Thumb, 10 bytes, Stack size 0 bytes, stm32f2x7_eth.o(i.ETH_Delay))
<BR><BR>[Called By]<UL><LI><a href="#[af]">&gt;&gt;</a>&nbsp;&nbsp;&nbsp;ETH_Init
</UL>

<P><STRONG><a name="[bf]"></a>CmdResp1Error</STRONG> (Thumb, 32 bytes, Stack size 0 bytes, stm32_eval_sdio_sd.o(i.CmdResp1Error))
<BR><BR>[Called By]<UL><LI><a href="#[f6]">&gt;&gt;</a>&nbsp;&nbsp;&nbsp;SD_ProcessIRQSrc
<LI><a href="#[104]">&gt;&gt;</a>&nbsp;&nbsp;&nbsp;SD_SelectDeselect
<LI><a href="#[114]">&gt;&gt;</a>&nbsp;&nbsp;&nbsp;SD_WriteMultiBlocks
<LI><a href="#[fe]">&gt;&gt;</a>&nbsp;&nbsp;&nbsp;SD_SendStatus
<LI><a href="#[110]">&gt;&gt;</a>&nbsp;&nbsp;&nbsp;SD_ReadMultiBlocks
<LI><a href="#[102]">&gt;&gt;</a>&nbsp;&nbsp;&nbsp;SD_PowerON
<LI><a href="#[f3]">&gt;&gt;</a>&nbsp;&nbsp;&nbsp;SDEnWideBus
<LI><a href="#[bd]">&gt;&gt;</a>&nbsp;&nbsp;&nbsp;FindSCR
</UL>

<P><STRONG><a name="[85]"></a>CmdResp2Error</STRONG> (Thumb, 50 bytes, Stack size 8 bytes, stm32_eval_sdio_sd.o(i.CmdResp2Error))
<BR><BR>[Stack]<UL><LI>Max Depth = 8<LI>Call Chain = CmdResp2Error
</UL>
<BR>[Calls]<UL><LI><a href="#[86]">&gt;&gt;</a>&nbsp;&nbsp;&nbsp;SDIO_ClearFlag
</UL>
<BR>[Called By]<UL><LI><a href="#[103]">&gt;&gt;</a>&nbsp;&nbsp;&nbsp;SD_InitializeCards
</UL>

<P><STRONG><a name="[87]"></a>CmdResp6Error</STRONG> (Thumb, 112 bytes, Stack size 16 bytes, stm32_eval_sdio_sd.o(i.CmdResp6Error))
<BR><BR>[Stack]<UL><LI>Max Depth = 16<LI>Call Chain = CmdResp6Error
</UL>
<BR>[Calls]<UL><LI><a href="#[89]">&gt;&gt;</a>&nbsp;&nbsp;&nbsp;SDIO_GetResponse
<LI><a href="#[88]">&gt;&gt;</a>&nbsp;&nbsp;&nbsp;SDIO_GetCommandResponse
<LI><a href="#[86]">&gt;&gt;</a>&nbsp;&nbsp;&nbsp;SDIO_ClearFlag
</UL>
<BR>[Called By]<UL><LI><a href="#[103]">&gt;&gt;</a>&nbsp;&nbsp;&nbsp;SD_InitializeCards
</UL>

<P><STRONG><a name="[bd]"></a>FindSCR</STRONG> (Thumb, 296 bytes, Stack size 48 bytes, stm32_eval_sdio_sd.o(i.FindSCR))
<BR><BR>[Stack]<UL><LI>Max Depth = 56<LI>Call Chain = FindSCR &rArr; SDIO_SendCommand
</UL>
<BR>[Calls]<UL><LI><a href="#[be]">&gt;&gt;</a>&nbsp;&nbsp;&nbsp;SDIO_SendCommand
<LI><a href="#[c2]">&gt;&gt;</a>&nbsp;&nbsp;&nbsp;SDIO_ReadData
<LI><a href="#[c1]">&gt;&gt;</a>&nbsp;&nbsp;&nbsp;SDIO_GetFlagStatus
<LI><a href="#[c0]">&gt;&gt;</a>&nbsp;&nbsp;&nbsp;SDIO_DataConfig
<LI><a href="#[86]">&gt;&gt;</a>&nbsp;&nbsp;&nbsp;SDIO_ClearFlag
<LI><a href="#[bf]">&gt;&gt;</a>&nbsp;&nbsp;&nbsp;CmdResp1Error
</UL>
<BR>[Called By]<UL><LI><a href="#[f3]">&gt;&gt;</a>&nbsp;&nbsp;&nbsp;SDEnWideBus
</UL>

<P><STRONG><a name="[f3]"></a>SDEnWideBus</STRONG> (Thumb, 182 bytes, Stack size 40 bytes, stm32_eval_sdio_sd.o(i.SDEnWideBus))
<BR><BR>[Stack]<UL><LI>Max Depth = 96<LI>Call Chain = SDEnWideBus &rArr; FindSCR &rArr; SDIO_SendCommand
</UL>
<BR>[Calls]<UL><LI><a href="#[be]">&gt;&gt;</a>&nbsp;&nbsp;&nbsp;SDIO_SendCommand
<LI><a href="#[89]">&gt;&gt;</a>&nbsp;&nbsp;&nbsp;SDIO_GetResponse
<LI><a href="#[bd]">&gt;&gt;</a>&nbsp;&nbsp;&nbsp;FindSCR
<LI><a href="#[bf]">&gt;&gt;</a>&nbsp;&nbsp;&nbsp;CmdResp1Error
</UL>
<BR>[Called By]<UL><LI><a href="#[fb]">&gt;&gt;</a>&nbsp;&nbsp;&nbsp;SD_EnableWideBusOperation
</UL>

<P><STRONG><a name="[1b2]"></a>prvCheckTasksWaitingTermination</STRONG> (Thumb, 86 bytes, Stack size 16 bytes, tasks.o(i.prvCheckTasksWaitingTermination))
<BR><BR>[Stack]<UL><LI>Max Depth = 72<LI>Call Chain = prvCheckTasksWaitingTermination &rArr; vPortFree &rArr; xTaskResumeAll &rArr; vTaskIncrementTick
</UL>
<BR>[Calls]<UL><LI><a href="#[1b7]">&gt;&gt;</a>&nbsp;&nbsp;&nbsp;vPortExitCritical
<LI><a href="#[1b5]">&gt;&gt;</a>&nbsp;&nbsp;&nbsp;vPortEnterCritical
<LI><a href="#[1b6]">&gt;&gt;</a>&nbsp;&nbsp;&nbsp;vListRemove
<LI><a href="#[1b4]">&gt;&gt;</a>&nbsp;&nbsp;&nbsp;xTaskResumeAll
<LI><a href="#[1b3]">&gt;&gt;</a>&nbsp;&nbsp;&nbsp;vTaskSuspendAll
<LI><a href="#[1b8]">&gt;&gt;</a>&nbsp;&nbsp;&nbsp;vPortFree
</UL>
<BR>[Called By]<UL><LI><a href="#[75]">&gt;&gt;</a>&nbsp;&nbsp;&nbsp;prvIdleTask
</UL>

<P><STRONG><a name="[75]"></a>prvIdleTask</STRONG> (Thumb, 20 bytes, Stack size 0 bytes, tasks.o(i.prvIdleTask))
<BR><BR>[Stack]<UL><LI>Max Depth = 72<LI>Call Chain = prvIdleTask &rArr; prvCheckTasksWaitingTermination &rArr; vPortFree &rArr; xTaskResumeAll &rArr; vTaskIncrementTick
</UL>
<BR>[Calls]<UL><LI><a href="#[1b2]">&gt;&gt;</a>&nbsp;&nbsp;&nbsp;prvCheckTasksWaitingTermination
<LI><a href="#[1bc]">&gt;&gt;</a>&nbsp;&nbsp;&nbsp;vPortYieldFromISR
</UL>
<BR>[Address Reference Count : 1]<UL><LI> tasks.o(i.vTaskStartScheduler)
</UL>
<P><STRONG><a name="[1b9]"></a>prvCopyDataFromQueue</STRONG> (Thumb, 40 bytes, Stack size 8 bytes, queue.o(i.prvCopyDataFromQueue))
<BR><BR>[Stack]<UL><LI>Max Depth = 8<LI>Call Chain = prvCopyDataFromQueue
</UL>
<BR>[Calls]<UL><LI><a href="#[118]">&gt;&gt;</a>&nbsp;&nbsp;&nbsp;__aeabi_memcpy
</UL>
<BR>[Called By]<UL><LI><a href="#[1c3]">&gt;&gt;</a>&nbsp;&nbsp;&nbsp;xQueueGenericReceive
</UL>

<P><STRONG><a name="[1ba]"></a>prvCopyDataToQueue</STRONG> (Thumb, 90 bytes, Stack size 8 bytes, queue.o(i.prvCopyDataToQueue))
<BR><BR>[Stack]<UL><LI>Max Depth = 16<LI>Call Chain = prvCopyDataToQueue &rArr; vTaskPriorityDisinherit
</UL>
<BR>[Calls]<UL><LI><a href="#[1bb]">&gt;&gt;</a>&nbsp;&nbsp;&nbsp;vTaskPriorityDisinherit
<LI><a href="#[118]">&gt;&gt;</a>&nbsp;&nbsp;&nbsp;__aeabi_memcpy
</UL>
<BR>[Called By]<UL><LI><a href="#[1c7]">&gt;&gt;</a>&nbsp;&nbsp;&nbsp;xQueueGenericSend
</UL>

<P><STRONG><a name="[1bd]"></a>prvUnlockQueue</STRONG> (Thumb, 100 bytes, Stack size 16 bytes, queue.o(i.prvUnlockQueue))
<BR><BR>[Stack]<UL><LI>Max Depth = 32<LI>Call Chain = prvUnlockQueue &rArr; xTaskRemoveFromEventList
</UL>
<BR>[Calls]<UL><LI><a href="#[1b7]">&gt;&gt;</a>&nbsp;&nbsp;&nbsp;vPortExitCritical
<LI><a href="#[1b5]">&gt;&gt;</a>&nbsp;&nbsp;&nbsp;vPortEnterCritical
<LI><a href="#[1be]">&gt;&gt;</a>&nbsp;&nbsp;&nbsp;xTaskRemoveFromEventList
<LI><a href="#[1bf]">&gt;&gt;</a>&nbsp;&nbsp;&nbsp;vTaskMissedYield
</UL>
<BR>[Called By]<UL><LI><a href="#[1c7]">&gt;&gt;</a>&nbsp;&nbsp;&nbsp;xQueueGenericSend
<LI><a href="#[1c3]">&gt;&gt;</a>&nbsp;&nbsp;&nbsp;xQueueGenericReceive
</UL>

<P><STRONG><a name="[145]"></a>check_fs</STRONG> (Thumb, 86 bytes, Stack size 8 bytes, ff.o(i.check_fs))
<BR><BR>[Stack]<UL><LI>Max Depth = 172<LI>Call Chain = check_fs &rArr; disk_read &rArr; SD_ReadMultiBlocks &rArr; SD_LowLevel_DMA_RxConfig &rArr; DMA_DeInit
</UL>
<BR>[Calls]<UL><LI><a href="#[146]">&gt;&gt;</a>&nbsp;&nbsp;&nbsp;disk_read
</UL>
<BR>[Called By]<UL><LI><a href="#[147]">&gt;&gt;</a>&nbsp;&nbsp;&nbsp;chk_mounted
</UL>

<P><STRONG><a name="[147]"></a>chk_mounted</STRONG> (Thumb, 510 bytes, Stack size 32 bytes, ff.o(i.chk_mounted))
<BR><BR>[Stack]<UL><LI>Max Depth = 204<LI>Call Chain = chk_mounted &rArr; check_fs &rArr; disk_read &rArr; SD_ReadMultiBlocks &rArr; SD_LowLevel_DMA_RxConfig &rArr; DMA_DeInit
</UL>
<BR>[Calls]<UL><LI><a href="#[d6]">&gt;&gt;</a>&nbsp;&nbsp;&nbsp;disk_initialize
<LI><a href="#[148]">&gt;&gt;</a>&nbsp;&nbsp;&nbsp;disk_status
<LI><a href="#[146]">&gt;&gt;</a>&nbsp;&nbsp;&nbsp;disk_read
<LI><a href="#[145]">&gt;&gt;</a>&nbsp;&nbsp;&nbsp;check_fs
</UL>
<BR>[Called By]<UL><LI><a href="#[d7]">&gt;&gt;</a>&nbsp;&nbsp;&nbsp;f_opendir
<LI><a href="#[d8]">&gt;&gt;</a>&nbsp;&nbsp;&nbsp;f_open
</UL>

<P><STRONG><a name="[149]"></a>create_chain</STRONG> (Thumb, 150 bytes, Stack size 24 bytes, ff.o(i.create_chain))
<BR><BR>[Stack]<UL><LI>Max Depth = 244<LI>Call Chain = create_chain &rArr; put_fat &rArr; move_window &rArr; disk_write &rArr; SD_WriteMultiBlocks &rArr; SD_LowLevel_DMA_TxConfig &rArr; DMA_DeInit
</UL>
<BR>[Calls]<UL><LI><a href="#[14b]">&gt;&gt;</a>&nbsp;&nbsp;&nbsp;put_fat
<LI><a href="#[14a]">&gt;&gt;</a>&nbsp;&nbsp;&nbsp;get_fat
</UL>
<BR>[Called By]<UL><LI><a href="#[134]">&gt;&gt;</a>&nbsp;&nbsp;&nbsp;f_write
<LI><a href="#[133]">&gt;&gt;</a>&nbsp;&nbsp;&nbsp;f_lseek
<LI><a href="#[173]">&gt;&gt;</a>&nbsp;&nbsp;&nbsp;dir_next
</UL>

<P><STRONG><a name="[14c]"></a>create_name</STRONG> (Thumb, 266 bytes, Stack size 32 bytes, ff.o(i.create_name))
<BR><BR>[Stack]<UL><LI>Max Depth = 32<LI>Call Chain = create_name
</UL>
<BR>[Calls]<UL><LI><a href="#[14d]">&gt;&gt;</a>&nbsp;&nbsp;&nbsp;mem_set
</UL>
<BR>[Called By]<UL><LI><a href="#[187]">&gt;&gt;</a>&nbsp;&nbsp;&nbsp;follow_path
</UL>

<P><STRONG><a name="[173]"></a>dir_next</STRONG> (Thumb, 238 bytes, Stack size 24 bytes, ff.o(i.dir_next))
<BR><BR>[Stack]<UL><LI>Max Depth = 268<LI>Call Chain = dir_next &rArr; create_chain &rArr; put_fat &rArr; move_window &rArr; disk_write &rArr; SD_WriteMultiBlocks &rArr; SD_LowLevel_DMA_TxConfig &rArr; DMA_DeInit
</UL>
<BR>[Calls]<UL><LI><a href="#[14a]">&gt;&gt;</a>&nbsp;&nbsp;&nbsp;get_fat
<LI><a href="#[175]">&gt;&gt;</a>&nbsp;&nbsp;&nbsp;clust2sect
<LI><a href="#[174]">&gt;&gt;</a>&nbsp;&nbsp;&nbsp;move_window
<LI><a href="#[14d]">&gt;&gt;</a>&nbsp;&nbsp;&nbsp;mem_set
<LI><a href="#[149]">&gt;&gt;</a>&nbsp;&nbsp;&nbsp;create_chain
</UL>
<BR>[Called By]<UL><LI><a href="#[187]">&gt;&gt;</a>&nbsp;&nbsp;&nbsp;follow_path
<LI><a href="#[176]">&gt;&gt;</a>&nbsp;&nbsp;&nbsp;dir_register
</UL>

<P><STRONG><a name="[176]"></a>dir_register</STRONG> (Thumb, 92 bytes, Stack size 16 bytes, ff.o(i.dir_register))
<BR><BR>[Stack]<UL><LI>Max Depth = 284<LI>Call Chain = dir_register &rArr; dir_next &rArr; create_chain &rArr; put_fat &rArr; move_window &rArr; disk_write &rArr; SD_WriteMultiBlocks &rArr; SD_LowLevel_DMA_TxConfig &rArr; DMA_DeInit
</UL>
<BR>[Calls]<UL><LI><a href="#[174]">&gt;&gt;</a>&nbsp;&nbsp;&nbsp;move_window
<LI><a href="#[14d]">&gt;&gt;</a>&nbsp;&nbsp;&nbsp;mem_set
<LI><a href="#[178]">&gt;&gt;</a>&nbsp;&nbsp;&nbsp;mem_cpy
<LI><a href="#[177]">&gt;&gt;</a>&nbsp;&nbsp;&nbsp;dir_sdi
<LI><a href="#[173]">&gt;&gt;</a>&nbsp;&nbsp;&nbsp;dir_next
</UL>
<BR>[Called By]<UL><LI><a href="#[d8]">&gt;&gt;</a>&nbsp;&nbsp;&nbsp;f_open
</UL>

<P><STRONG><a name="[177]"></a>dir_sdi</STRONG> (Thumb, 126 bytes, Stack size 16 bytes, ff.o(i.dir_sdi))
<BR><BR>[Stack]<UL><LI>Max Depth = 228<LI>Call Chain = dir_sdi &rArr; get_fat &rArr; move_window &rArr; disk_write &rArr; SD_WriteMultiBlocks &rArr; SD_LowLevel_DMA_TxConfig &rArr; DMA_DeInit
</UL>
<BR>[Calls]<UL><LI><a href="#[14a]">&gt;&gt;</a>&nbsp;&nbsp;&nbsp;get_fat
<LI><a href="#[175]">&gt;&gt;</a>&nbsp;&nbsp;&nbsp;clust2sect
</UL>
<BR>[Called By]<UL><LI><a href="#[d7]">&gt;&gt;</a>&nbsp;&nbsp;&nbsp;f_opendir
<LI><a href="#[187]">&gt;&gt;</a>&nbsp;&nbsp;&nbsp;follow_path
<LI><a href="#[176]">&gt;&gt;</a>&nbsp;&nbsp;&nbsp;dir_register
</UL>

<P><STRONG><a name="[187]"></a>follow_path</STRONG> (Thumb, 172 bytes, Stack size 24 bytes, ff.o(i.follow_path))
<BR><BR>[Stack]<UL><LI>Max Depth = 292<LI>Call Chain = follow_path &rArr; dir_next &rArr; create_chain &rArr; put_fat &rArr; move_window &rArr; disk_write &rArr; SD_WriteMultiBlocks &rArr; SD_LowLevel_DMA_TxConfig &rArr; DMA_DeInit
</UL>
<BR>[Calls]<UL><LI><a href="#[174]">&gt;&gt;</a>&nbsp;&nbsp;&nbsp;move_window
<LI><a href="#[177]">&gt;&gt;</a>&nbsp;&nbsp;&nbsp;dir_sdi
<LI><a href="#[173]">&gt;&gt;</a>&nbsp;&nbsp;&nbsp;dir_next
<LI><a href="#[14c]">&gt;&gt;</a>&nbsp;&nbsp;&nbsp;create_name
</UL>
<BR>[Called By]<UL><LI><a href="#[d7]">&gt;&gt;</a>&nbsp;&nbsp;&nbsp;f_opendir
<LI><a href="#[d8]">&gt;&gt;</a>&nbsp;&nbsp;&nbsp;f_open
</UL>

<P><STRONG><a name="[178]"></a>mem_cpy</STRONG> (Thumb, 18 bytes, Stack size 0 bytes, ff.o(i.mem_cpy))
<BR><BR>[Called By]<UL><LI><a href="#[134]">&gt;&gt;</a>&nbsp;&nbsp;&nbsp;f_write
<LI><a href="#[176]">&gt;&gt;</a>&nbsp;&nbsp;&nbsp;dir_register
</UL>

<P><STRONG><a name="[14d]"></a>mem_set</STRONG> (Thumb, 14 bytes, Stack size 0 bytes, ff.o(i.mem_set))
<BR><BR>[Called By]<UL><LI><a href="#[18a]">&gt;&gt;</a>&nbsp;&nbsp;&nbsp;sync
<LI><a href="#[176]">&gt;&gt;</a>&nbsp;&nbsp;&nbsp;dir_register
<LI><a href="#[173]">&gt;&gt;</a>&nbsp;&nbsp;&nbsp;dir_next
<LI><a href="#[14c]">&gt;&gt;</a>&nbsp;&nbsp;&nbsp;create_name
</UL>

<P><STRONG><a name="[174]"></a>move_window</STRONG> (Thumb, 106 bytes, Stack size 24 bytes, ff.o(i.move_window))
<BR><BR>[Stack]<UL><LI>Max Depth = 188<LI>Call Chain = move_window &rArr; disk_write &rArr; SD_WriteMultiBlocks &rArr; SD_LowLevel_DMA_TxConfig &rArr; DMA_DeInit
</UL>
<BR>[Calls]<UL><LI><a href="#[179]">&gt;&gt;</a>&nbsp;&nbsp;&nbsp;disk_write
<LI><a href="#[146]">&gt;&gt;</a>&nbsp;&nbsp;&nbsp;disk_read
</UL>
<BR>[Called By]<UL><LI><a href="#[d8]">&gt;&gt;</a>&nbsp;&nbsp;&nbsp;f_open
<LI><a href="#[14b]">&gt;&gt;</a>&nbsp;&nbsp;&nbsp;put_fat
<LI><a href="#[14a]">&gt;&gt;</a>&nbsp;&nbsp;&nbsp;get_fat
<LI><a href="#[185]">&gt;&gt;</a>&nbsp;&nbsp;&nbsp;f_sync
<LI><a href="#[18a]">&gt;&gt;</a>&nbsp;&nbsp;&nbsp;sync
<LI><a href="#[187]">&gt;&gt;</a>&nbsp;&nbsp;&nbsp;follow_path
<LI><a href="#[176]">&gt;&gt;</a>&nbsp;&nbsp;&nbsp;dir_register
<LI><a href="#[173]">&gt;&gt;</a>&nbsp;&nbsp;&nbsp;dir_next
</UL>

<P><STRONG><a name="[189]"></a>remove_chain</STRONG> (Thumb, 98 bytes, Stack size 24 bytes, ff.o(i.remove_chain))
<BR><BR>[Stack]<UL><LI>Max Depth = 244<LI>Call Chain = remove_chain &rArr; put_fat &rArr; move_window &rArr; disk_write &rArr; SD_WriteMultiBlocks &rArr; SD_LowLevel_DMA_TxConfig &rArr; DMA_DeInit
</UL>
<BR>[Calls]<UL><LI><a href="#[14b]">&gt;&gt;</a>&nbsp;&nbsp;&nbsp;put_fat
<LI><a href="#[14a]">&gt;&gt;</a>&nbsp;&nbsp;&nbsp;get_fat
</UL>
<BR>[Called By]<UL><LI><a href="#[d8]">&gt;&gt;</a>&nbsp;&nbsp;&nbsp;f_open
</UL>

<P><STRONG><a name="[18a]"></a>sync</STRONG> (Thumb, 184 bytes, Stack size 24 bytes, ff.o(i.sync))
<BR><BR>[Stack]<UL><LI>Max Depth = 212<LI>Call Chain = sync &rArr; move_window &rArr; disk_write &rArr; SD_WriteMultiBlocks &rArr; SD_LowLevel_DMA_TxConfig &rArr; DMA_DeInit
</UL>
<BR>[Calls]<UL><LI><a href="#[179]">&gt;&gt;</a>&nbsp;&nbsp;&nbsp;disk_write
<LI><a href="#[1c1]">&gt;&gt;</a>&nbsp;&nbsp;&nbsp;disk_ioctl
<LI><a href="#[174]">&gt;&gt;</a>&nbsp;&nbsp;&nbsp;move_window
<LI><a href="#[14d]">&gt;&gt;</a>&nbsp;&nbsp;&nbsp;mem_set
</UL>
<BR>[Called By]<UL><LI><a href="#[185]">&gt;&gt;</a>&nbsp;&nbsp;&nbsp;f_sync
</UL>

<P><STRONG><a name="[186]"></a>validate</STRONG> (Thumb, 32 bytes, Stack size 8 bytes, ff.o(i.validate))
<BR><BR>[Stack]<UL><LI>Max Depth = 8<LI>Call Chain = validate
</UL>
<BR>[Calls]<UL><LI><a href="#[148]">&gt;&gt;</a>&nbsp;&nbsp;&nbsp;disk_status
</UL>
<BR>[Called By]<UL><LI><a href="#[134]">&gt;&gt;</a>&nbsp;&nbsp;&nbsp;f_write
<LI><a href="#[133]">&gt;&gt;</a>&nbsp;&nbsp;&nbsp;f_lseek
<LI><a href="#[185]">&gt;&gt;</a>&nbsp;&nbsp;&nbsp;f_sync
</UL>

<P><STRONG><a name="[137]"></a>_printf_core</STRONG> (Thumb, 996 bytes, Stack size 104 bytes, printf8.o(i._printf_core), UNUSED)
<BR><BR>[Calls]<UL><LI><a href="#[7c]">&gt;&gt;</a>&nbsp;&nbsp;&nbsp;__aeabi_uldivmod
<LI><a href="#[139]">&gt;&gt;</a>&nbsp;&nbsp;&nbsp;_printf_pre_padding
<LI><a href="#[13a]">&gt;&gt;</a>&nbsp;&nbsp;&nbsp;_printf_post_padding
</UL>
<BR>[Called By]<UL><LI><a href="#[138]">&gt;&gt;</a>&nbsp;&nbsp;&nbsp;__0sprintf$8
<LI><a href="#[136]">&gt;&gt;</a>&nbsp;&nbsp;&nbsp;__0printf$8
</UL>

<P><STRONG><a name="[13a]"></a>_printf_post_padding</STRONG> (Thumb, 38 bytes, Stack size 24 bytes, printf8.o(i._printf_post_padding), UNUSED)
<BR><BR>[Called By]<UL><LI><a href="#[137]">&gt;&gt;</a>&nbsp;&nbsp;&nbsp;_printf_core
</UL>

<P><STRONG><a name="[139]"></a>_printf_pre_padding</STRONG> (Thumb, 48 bytes, Stack size 24 bytes, printf8.o(i._printf_pre_padding), UNUSED)
<BR><BR>[Called By]<UL><LI><a href="#[137]">&gt;&gt;</a>&nbsp;&nbsp;&nbsp;_printf_core
</UL>

<P><STRONG><a name="[65]"></a>_sputc</STRONG> (Thumb, 10 bytes, Stack size 0 bytes, printf8.o(i._sputc))
<BR><BR>[Called By]<UL><LI><a href="#[138]">&gt;&gt;</a>&nbsp;&nbsp;&nbsp;__0sprintf$8
</UL>
<BR>[Address Reference Count : 1]<UL><LI> printf8.o(i.__0sprintf$8)
</UL><P>
<H3>
Undefined Global Symbols
</H3><HR></body></html>
