ARM Linker, 5.02 [Build 28] [MDK-ARM Standard]

==============================================================================

Section Cross References

    system_stm32f2xx.o(i.SystemCoreClockUpdate) refers to system_stm32f2xx.o(.data) for .data
    system_stm32f2xx.o(i.SystemInit) refers to system_stm32f2xx.o(i.SetSysClock) for SetSysClock
    startup_stm32f2xx.o(RESET) refers to startup_stm32f2xx.o(STACK) for __initial_sp
    startup_stm32f2xx.o(RESET) refers to startup_stm32f2xx.o(.text) for Reset_Handler
    startup_stm32f2xx.o(RESET) refers to stm32f2xx_it.o(i.NMI_Handler) for NMI_Handler
    startup_stm32f2xx.o(RESET) refers to stm32f2xx_it.o(i.HardFault_Handler) for HardFault_Handler
    startup_stm32f2xx.o(RESET) refers to stm32f2xx_it.o(i.MemManage_Handler) for MemManage_Handler
    startup_stm32f2xx.o(RESET) refers to stm32f2xx_it.o(i.BusFault_Handler) for BusFault_Handler
    startup_stm32f2xx.o(RESET) refers to stm32f2xx_it.o(i.UsageFault_Handler) for UsageFault_Handler
    startup_stm32f2xx.o(RESET) refers to port.o(.emb_text) for vPortSVCHandler
    startup_stm32f2xx.o(RESET) refers to stm32f2xx_it.o(i.DebugMon_Handler) for DebugMon_Handler
    startup_stm32f2xx.o(RESET) refers to stm32f2xx_it.o(i.SysTick_Handler) for SysTick_Handler
    startup_stm32f2xx.o(RESET) refers to stm32f2xx_it.o(i.DMA1_Stream5_IRQHandler) for DMA1_Stream5_IRQHandler
    startup_stm32f2xx.o(RESET) refers to stm32f2xx_it.o(i.DMA1_Stream6_IRQHandler) for DMA1_Stream6_IRQHandler
    startup_stm32f2xx.o(RESET) refers to stm32f2xx_it.o(i.USART2_IRQHandler) for USART2_IRQHandler
    startup_stm32f2xx.o(RESET) refers to stm32f2xx_it.o(i.SDIO_IRQHandler) for SDIO_IRQHandler
    startup_stm32f2xx.o(RESET) refers to stm32f2xx_it.o(i.ETH_IRQHandler) for ETH_IRQHandler
    startup_stm32f2xx.o(.text) refers to system_stm32f2xx.o(i.SystemInit) for SystemInit
    startup_stm32f2xx.o(.text) refers to entry.o(.ARM.Collect$$$$00000000) for __main
    main.o(i.LCD_LED_KEY_Init) refers to stm322xg_eval.o(i.STM_EVAL_LEDInit) for STM_EVAL_LEDInit
    main.o(i.LCD_LED_KEY_Init) refers to stm322xg_eval.o(i.STM_EVAL_LEDOff) for STM_EVAL_LEDOff
    main.o(i.LCD_LED_KEY_Init) refers to stm322xg_eval.o(i.STM_EVAL_PBInit) for STM_EVAL_PBInit
    main.o(i.Time_Task) refers to netconf.o(i.Display_Periodic_Handle) for Display_Periodic_Handle
    main.o(i.Time_Task) refers to netconf.o(i.LwIP_Periodic_Handle) for LwIP_Periodic_Handle
    main.o(i.Time_Task) refers to stm322xg_eval.o(i.STM_EVAL_LEDToggle) for STM_EVAL_LEDToggle
    main.o(i.Time_Task) refers to icmp.o(i.ping) for ping
    main.o(i.Time_Task) refers to stm322xg_eval.o(i.STM_EVAL_PBGetState) for STM_EVAL_PBGetState
    main.o(i.Time_Task) refers to main_task.o(i.Change_System_Mode) for Change_System_Mode
    main.o(i.Time_Task) refers to tasks.o(i.vTaskDelay) for vTaskDelay
    main.o(i.Time_Task) refers to main.o(.data) for .data
    main.o(i.Time_Task) refers to usr_cpu.o(.data) for CONFIG_MODE
    main.o(i.Time_Update) refers to main.o(.data) for .data
    main.o(i.main) refers to usart_dma.o(i.USART_DMA_Config) for USART_DMA_Config
    main.o(i.main) refers to main.o(i.LCD_LED_KEY_Init) for LCD_LED_KEY_Init
    main.o(i.main) refers to stm32f2x7_eth_bsp.o(i.ETH_BSP_Config) for ETH_BSP_Config
    main.o(i.main) refers to netconf.o(i.LwIP_Init) for LwIP_Init
    main.o(i.main) refers to tasks.o(i.xTaskGenericCreate) for xTaskGenericCreate
    main.o(i.main) refers to tasks.o(i.vTaskStartScheduler) for vTaskStartScheduler
    main.o(i.main) refers to helloworld.o(i.Server_Task) for Server_Task
    main.o(i.main) refers to main_task.o(i.Analysis_Task) for Analysis_Task
    main.o(i.main) refers to main.o(i.Time_Task) for Time_Task
    main.o(i.main) refers to usart_dma.o(i.Usart_Dma_Analysis) for Usart_Dma_Analysis
    netconf.o(i.Display_Periodic_Handle) refers to printf8.o(i.__0sprintf$8) for __2sprintf
    netconf.o(i.Display_Periodic_Handle) refers to main.o(i.Delay) for Delay
    netconf.o(i.Display_Periodic_Handle) refers to stm32f2x7_eth.o(i.ETH_GetMACAddress) for ETH_GetMACAddress
    netconf.o(i.Display_Periodic_Handle) refers to stm32f2x7_eth.o(i.ETH_ReadPHYRegister) for ETH_ReadPHYRegister
    netconf.o(i.Display_Periodic_Handle) refers to server.o(i.server_init) for server_init
    netconf.o(i.Display_Periodic_Handle) refers to dhcp.o(i.dhcp_stop) for dhcp_stop
    netconf.o(i.Display_Periodic_Handle) refers to inet.o(i.htonl) for htonl
    netconf.o(i.Display_Periodic_Handle) refers to netif.o(i.netif_set_addr) for netif_set_addr
    netconf.o(i.Display_Periodic_Handle) refers to netconf.o(.data) for .data
    netconf.o(i.Display_Periodic_Handle) refers to netconf.o(.bss) for .bss
    netconf.o(i.LwIP_Init) refers to mem.o(i.mem_init) for mem_init
    netconf.o(i.LwIP_Init) refers to memp.o(i.memp_init) for memp_init
    netconf.o(i.LwIP_Init) refers to ethernetif.o(i.Set_MAC_Address) for Set_MAC_Address
[...]
    RCC_APB2PeriphClockCmd                   0x08001d61   Thumb Code    18  stm32f2xx_rcc.o(i.RCC_APB2PeriphClockCmd)
    RCC_APB2PeriphResetCmd                   0x08001d79   Thumb Code    18  stm32f2xx_rcc.o(i.RCC_APB2PeriphResetCmd)
    RCC_GetClocksFreq                        0x08001d91   Thumb Code   134  stm32f2xx_rcc.o(i.RCC_GetClocksFreq)
    RCC_MCO1Config                           0x08001e29   Thumb Code    16  stm32f2xx_rcc.o(i.RCC_MCO1Config)
    Room_Add                                 0x08001e3d   Thumb Code    96  usr_cpu.o(i.Room_Add)
    Room_Delete                              0x08001ead   Thumb Code    52  usr_cpu.o(i.Room_Delete)
    Room_Dev_Add                             0x08001ee5   Thumb Code    52  usr_cpu.o(i.Room_Dev_Add)
    Room_Dev_Delete                          0x08001f1d   Thumb Code    78  usr_cpu.o(i.Room_Dev_Delete)
    Room_Dev_Search                          0x08001f79   Thumb Code    44  usr_cpu.o(i.Room_Dev_Search)
    SDIO_ClearFlag                           0x08002069   Thumb Code     6  stm32f2xx_sdio.o(i.SDIO_ClearFlag)
    SDIO_ClearITPendingBit                   0x08002075   Thumb Code     6  stm32f2xx_sdio.o(i.SDIO_ClearITPendingBit)
    SDIO_ClockCmd                            0x08002081   Thumb Code     6  stm32f2xx_sdio.o(i.SDIO_ClockCmd)
    SDIO_DMACmd                              0x0800208d   Thumb Code     6  stm32f2xx_sdio.o(i.SDIO_DMACmd)
    SDIO_DataConfig                          0x08002099   Thumb Code    42  stm32f2xx_sdio.o(i.SDIO_DataConfig)
    SDIO_DeInit                              0x080020c9   Thumb Code    24  stm32f2xx_sdio.o(i.SDIO_DeInit)
    SDIO_GetCommandResponse                  0x080020e1   Thumb Code     8  stm32f2xx_sdio.o(i.SDIO_GetCommandResponse)
    SDIO_GetFlagStatus                       0x080020ed   Thumb Code    16  stm32f2xx_sdio.o(i.SDIO_GetFlagStatus)
    SDIO_GetPowerState                       0x08002101   Thumb Code    10  stm32f2xx_sdio.o(i.SDIO_GetPowerState)
    SDIO_GetResponse                         0x08002111   Thumb Code     6  stm32f2xx_sdio.o(i.SDIO_GetResponse)
    SDIO_IRQHandler                          0x0800211d   Thumb Code     4  stm32f2xx_it.o(i.SDIO_IRQHandler)
    SDIO_ITConfig                            0x08002121   Thumb Code    18  stm32f2xx_sdio.o(i.SDIO_ITConfig)
    SDIO_Init                                0x08002139   Thumb Code    40  stm32f2xx_sdio.o(i.SDIO_Init)
    SDIO_ReadData                            0x08002165   Thumb Code     6  stm32f2xx_sdio.o(i.SDIO_ReadData)
    SDIO_SendCommand                         0x08002171   Thumb Code    36  stm32f2xx_sdio.o(i.SDIO_SendCommand)
    SDIO_SetPowerState                       0x08002199   Thumb Code     6  stm32f2xx_sdio.o(i.SDIO_SetPowerState)
    SD_DMAEndOfTransferStatus                0x080021a5   Thumb Code    10  stm322xg_eval.o(i.SD_DMAEndOfTransferStatus)
    SD_Detect                                0x080021b5   Thumb Code    20  stm32_eval_sdio_sd.o(i.SD_Detect)
    SD_EnableWideBusOperation                0x080021cd   Thumb Code   106  stm32_eval_sdio_sd.o(i.SD_EnableWideBusOperation)
    SD_GetCardInfo                           0x08002241   Thumb Code   564  stm32_eval_sdio_sd.o(i.SD_GetCardInfo)
    SD_GetState                              0x0800247d   Thumb Code    34  stm32_eval_sdio_sd.o(i.SD_GetState)
    SD_GetStatus                             0x0800249f   Thumb Code    26  stm32_eval_sdio_sd.o(i.SD_GetStatus)
    SD_Init                                  0x080024b9   Thumb Code    90  stm32_eval_sdio_sd.o(i.SD_Init)
    SD_InitializeCards                       0x08002519   Thumb Code   246  stm32_eval_sdio_sd.o(i.SD_InitializeCards)
    SD_LowLevel_DMA_RxConfig                 0x08002619   Thumb Code   116  stm322xg_eval.o(i.SD_LowLevel_DMA_RxConfig)
    SD_LowLevel_DMA_TxConfig                 0x08002695   Thumb Code   118  stm322xg_eval.o(i.SD_LowLevel_DMA_TxConfig)
    SD_LowLevel_Init                         0x08002715   Thumb Code   182  stm322xg_eval.o(i.SD_LowLevel_Init)
    SD_PowerON                               0x080027d9   Thumb Code   434  stm32_eval_sdio_sd.o(i.SD_PowerON)
    SD_ProcessIRQSrc                         0x0800299d   Thumb Code    58  stm32_eval_sdio_sd.o(i.SD_ProcessIRQSrc)
    SD_ReadMultiBlocks                       0x080029e1   Thumb Code   174  stm32_eval_sdio_sd.o(i.SD_ReadMultiBlocks)
    SD_SelectDeselect                        0x08002a9d   Thumb Code    40  stm32_eval_sdio_sd.o(i.SD_SelectDeselect)
    SD_SendStatus                            0x08002ac9   Thumb Code    42  stm32_eval_sdio_sd.o(i.SD_SendStatus)
    SD_WaitReadOperation                     0x08002afd   Thumb Code    36  stm32_eval_sdio_sd.o(i.SD_WaitReadOperation)
    SD_WaitWriteOperation                    0x08002b25   Thumb Code    44  stm32_eval_sdio_sd.o(i.SD_WaitWriteOperation)
    SD_WriteMultiBlocks                      0x08002b55   Thumb Code   210  stm32_eval_sdio_sd.o(i.SD_WriteMultiBlocks)
    STM_EVAL_LEDInit                         0x08002c35   Thumb Code    62  stm322xg_eval.o(i.STM_EVAL_LEDInit)
    STM_EVAL_LEDOff                          0x08002c7d   Thumb Code    16  stm322xg_eval.o(i.STM_EVAL_LEDOff)
    STM_EVAL_LEDToggle                       0x08002c95   Thumb Code    20  stm322xg_eval.o(i.STM_EVAL_LEDToggle)
    STM_EVAL_PBGetState                      0x08002cb1   Thumb Code    16  stm322xg_eval.o(i.STM_EVAL_PBGetState)
    STM_EVAL_PBInit                          0x08002cc9   Thumb Code   150  stm322xg_eval.o(i.STM_EVAL_PBInit)
    SYSCFG_ETH_MediaInterfaceConfig          0x08002d69   Thumb Code     6  stm32f2xx_syscfg.o(i.SYSCFG_ETH_MediaInterfaceConfig)
    SYSCFG_EXTILineConfig                    0x08002d75   Thumb Code    34  stm32f2xx_syscfg.o(i.SYSCFG_EXTILineConfig)
    Save_Cmd                                 0x08002d9d   Thumb Code    86  main_task.o(i.Save_Cmd)
    Server_Task                              0x08002df9   Thumb Code    40  helloworld.o(i.Server_Task)
    Set_MAC_Address                          0x08002ead   Thumb Code    34  ethernetif.o(i.Set_MAC_Address)
    SysTick_Handler                          0x08002ed5   Thumb Code    94  stm32f2xx_it.o(i.SysTick_Handler)
    SystemInit                               0x08002f45   Thumb Code    62  system_stm32f2xx.o(i.SystemInit)
    Tcp_Cmd_Analysis                         0x08002f95   Thumb Code  2486  usr_cpu.o(i.Tcp_Cmd_Analysis)
    Time_Task                                0x0800394d   Thumb Code   146  main.o(i.Time_Task)
    Time_Update                              0x080039e9   Thumb Code    16  main.o(i.Time_Update)
    USART2_IRQHandler                        0x080039fd   Thumb Code    68  stm32f2xx_it.o(i.USART2_IRQHandler)
    USART_ClearFlag                          0x08003a45   Thumb Code     6  stm32f2xx_usart.o(i.USART_ClearFlag)
    USART_Cmd                                0x08003a4b   Thumb Code    20  stm32f2xx_usart.o(i.USART_Cmd)
    USART_DMACmd                             0x08003b59   Thumb Code    16  stm32f2xx_usart.o(i.USART_DMACmd)
    USART_DMA_Config                         0x08003b69   Thumb Code   144  usart_dma.o(i.USART_DMA_Config)
    USART_GetFlagStatus                      0x08003c05   Thumb Code    14  stm32f2xx_usart.o(i.USART_GetFlagStatus)
    USART_GetITStatus                        0x08003c13   Thumb Code    62  stm32f2xx_usart.o(i.USART_GetITStatus)
    USART_ITConfig                           0x08003c51   Thumb Code    48  stm32f2xx_usart.o(i.USART_ITConfig)
    USART_Init                               0x08003c81   Thumb Code   174  stm32f2xx_usart.o(i.USART_Init)
    USART_ReceiveData                        0x08003d39   Thumb Code     8  stm32f2xx_usart.o(i.USART_ReceiveData)
    USART_SendData                           0x08003d41   Thumb Code     8  stm32f2xx_usart.o(i.USART_SendData)
    UsageFault_Handler                       0x08003d49   Thumb Code     2  stm32f2xx_it.o(i.UsageFault_Handler)
    Usart_Dma_Analysis                       0x08003d4d   Thumb Code    62  usart_dma.o(i.Usart_Dma_Analysis)
    Usart_Send                               0x08003d91   Thumb Code     4  serial_debug.o(i.Usart_Send)
    Write_Date                               0x08003d95   Thumb Code   130  usr_sd.o(i.Write_Date)
    Write_Pic_Date                           0x08003e25   Thumb Code    28  usr_sd.o(i.Write_Pic_Date)
    Zigbee_Cmd_Analysis                      0x08003e49   Thumb Code   224  usr_cpu.o(i.Zigbee_Cmd_Analysis)
    Zigbee_Usart                             0x08003f55   Thumb Code   140  serial_debug.o(i.Zigbee_Usart)
    __0printf$8                              0x08003fed   Thumb Code    22  printf8.o(i.__0printf$8)
    __1printf$8                              0x08003fed   Thumb Code     0  printf8.o(i.__0printf$8)
    __2printf                                0x08003fed   Thumb Code     0  printf8.o(i.__0printf$8)
    __0sprintf$8                             0x0800400d   Thumb Code    34  printf8.o(i.__0sprintf$8)
    __1sprintf$8                             0x0800400d   Thumb Code     0  printf8.o(i.__0sprintf$8)
    __2sprintf                               0x0800400d   Thumb Code     0  printf8.o(i.__0sprintf$8)
    __scatterload_copy                       0x08004035   Thumb Code    14  handlers.o(i.__scatterload_copy)
    __scatterload_null                       0x08004043   Thumb Code     2  handlers.o(i.__scatterload_null)
    __scatterload_zeroinit                   0x08004045   Thumb Code    14  handlers.o(i.__scatterload_zeroinit)
    autoip_arp_reply                         0x080044ed   Thumb Code   150  autoip.o(i.autoip_arp_reply)
    autoip_start                             0x08004585   Thumb Code   140  autoip.o(i.autoip_start)
    clust2sect                               0x080048c9   Thumb Code    24  ff.o(i.clust2sect)
    dhcp_arp_reply                           0x08004a95   Thumb Code    30  dhcp.o(i.dhcp_arp_reply)
    dhcp_coarse_tmr                          0x08004bb5   Thumb Code    90  dhcp.o(i.dhcp_coarse_tmr)
    dhcp_fine_tmr                            0x08004e81   Thumb Code    46  dhcp.o(i.dhcp_fine_tmr)
    dhcp_release                             0x08005379   Thumb Code   176  dhcp.o(i.dhcp_release)
    dhcp_renew                               0x0800542d   Thumb Code   144  dhcp.o(i.dhcp_renew)
    dhcp_start                               0x080055c5   Thumb Code   148  dhcp.o(i.dhcp_start)
    dhcp_stop                                0x08005661   Thumb Code    46  dhcp.o(i.dhcp_stop)
    disk_initialize                          0x08005949   Thumb Code    44  diskio.o(i.disk_initialize)
    disk_ioctl                               0x08005975   Thumb Code    34  diskio.o(i.disk_ioctl)
    disk_read                                0x08005997   Thumb Code    38  diskio.o(i.disk_read)
    disk_status                              0x080059bd   Thumb Code     8  diskio.o(i.disk_status)
    disk_write                               0x080059c5   Thumb Code    38  diskio.o(i.disk_write)
    etharp_arp_input                         0x080059ed   Thumb Code   250  etharp.o(i.etharp_arp_input)
    etharp_output                            0x08005aed   Thumb Code   178  etharp.o(i.etharp_output)
    etharp_query                             0x08005ba5   Thumb Code   138  etharp.o(i.etharp_query)
    etharp_raw                               0x08005c35   Thumb Code   178  etharp.o(i.etharp_raw)
    etharp_request                           0x08005ced   Thumb Code    32  etharp.o(i.etharp_request)
    etharp_tmr                               0x08005d49   Thumb Code    54  etharp.o(i.etharp_tmr)
    ethernet_input                           0x08005d85   Thumb Code    76  etharp.o(i.ethernet_input)
    ethernetif_init                          0x08005dd1   Thumb Code    56  ethernetif.o(i.ethernetif_init)
    ethernetif_input                         0x08005e11   Thumb Code   116  ethernetif.o(i.ethernetif_input)
    f_close                                  0x08005e89   Thumb Code    18  ff.o(i.f_close)
    f_lseek                                  0x08005e9b   Thumb Code   306  ff.o(i.f_lseek)
    f_mount                                  0x08005fcd   Thumb Code    26  ff.o(i.f_mount)
    f_open                                   0x08005fed   Thumb Code   308  ff.o(i.f_open)
    f_opendir                                0x08006121   Thumb Code    78  ff.o(i.f_opendir)
    f_sync                                   0x0800616f   Thumb Code   164  ff.o(i.f_sync)
    f_write                                  0x08006213   Thumb Code   398  ff.o(i.f_write)
    fputc                                    0x0800653d   Thumb Code    30  serial_debug.o(i.fputc)
    get_fat                                  0x08006561   Thumb Code   184  ff.o(i.get_fat)
    get_fattime                              0x08006619   Thumb Code     4  diskio.o(i.get_fattime)
    htonl                                    0x08006621   Thumb Code     4  inet.o(i.htonl)
    htons                                    0x08006625   Thumb Code     6  inet.o(i.htons)
    icmp_dest_unreach                        0x0800662b   Thumb Code   102  icmp.o(i.icmp_dest_unreach)
    icmp_input                               0x08006691   Thumb Code   288  icmp.o(i.icmp_input)
    inet_chksum                              0x080067b5   Thumb Code    12  inet_chksum.o(i.inet_chksum)
    inet_chksum_pbuf                         0x080067c1   Thumb Code    72  inet_chksum.o(i.inet_chksum_pbuf)
    ip_addr_isbroadcast                      0x08006809   Thumb Code    48  ip_addr.o(i.ip_addr_isbroadcast)
    ip_input                                 0x08006839   Thumb Code   376  ip.o(i.ip_input)
    ip_output                                0x080069b9   Thumb Code    52  ip.o(i.ip_output)
    ip_output_if                             0x080069ed   Thumb Code   174  ip.o(i.ip_output_if)
    ip_route                                 0x08006aa1   Thumb Code    62  ip.o(i.ip_route)
    main                                     0x08006bdd   Thumb Code   134  main.o(i.main)
    mem_calloc                               0x08006cb1   Thumb Code    26  mem.o(i.mem_calloc)
    mem_free                                 0x08006ce1   Thumb Code    60  mem.o(i.mem_free)
    mem_init                                 0x08006d21   Thumb Code    52  mem.o(i.mem_init)
    mem_malloc                               0x08006d5d   Thumb Code   194  mem.o(i.mem_malloc)
    mem_realloc                              0x08006e25   Thumb Code   214  mem.o(i.mem_realloc)
    memp_free                                0x08006f11   Thumb Code    18  memp.o(i.memp_free)
    memp_init                                0x08006f29   Thumb Code    78  memp.o(i.memp_init)
    memp_malloc                              0x08006f81   Thumb Code    28  memp.o(i.memp_malloc)
    my_tcp_process                           0x0800700b   Thumb Code     4  tcp_in.o(i.my_tcp_process)
    netif_add                                0x08007011   Thumb Code    70  netif.o(i.netif_add)
    netif_is_up                              0x0800705d   Thumb Code    10  netif.o(i.netif_is_up)
    netif_set_addr                           0x08007067   Thumb Code    32  netif.o(i.netif_set_addr)
    netif_set_default                        0x08007089   Thumb Code     6  netif.o(i.netif_set_default)
    netif_set_down                           0x08007095   Thumb Code    18  netif.o(i.netif_set_down)
    netif_set_gw                             0x080070a7   Thumb Code     8  netif.o(i.netif_set_gw)
    netif_set_ipaddr                         0x080070b1   Thumb Code    96  netif.o(i.netif_set_ipaddr)
    netif_set_netmask                        0x08007119   Thumb Code     8  netif.o(i.netif_set_netmask)
    netif_set_up                             0x08007121   Thumb Code    28  netif.o(i.netif_set_up)
    ntohl                                    0x0800713d   Thumb Code     4  inet.o(i.ntohl)
    ntohs                                    0x08007141   Thumb Code     6  inet.o(i.ntohs)
    pbuf_alloc                               0x08007147   Thumb Code   284  pbuf.o(i.pbuf_alloc)
    pbuf_cat                                 0x08007263   Thumb Code    40  pbuf.o(i.pbuf_cat)
    pbuf_chain                               0x0800728b   Thumb Code    18  pbuf.o(i.pbuf_chain)
    pbuf_clen                                0x0800729d   Thumb Code    18  pbuf.o(i.pbuf_clen)
    pbuf_copy                                0x080072af   Thumb Code   144  pbuf.o(i.pbuf_copy)
    pbuf_copy_partial                        0x0800733f   Thumb Code   104  pbuf.o(i.pbuf_copy_partial)
    pbuf_free                                0x080073a7   Thumb Code    68  pbuf.o(i.pbuf_free)
    pbuf_header                              0x08007419   Thumb Code    96  pbuf.o(i.pbuf_header)
    pbuf_realloc                             0x080074a5   Thumb Code    78  pbuf.o(i.pbuf_realloc)
    pbuf_ref                                 0x080074f3   Thumb Code    12  pbuf.o(i.pbuf_ref)
    pic_init                                 0x08007501   Thumb Code    40  helloworld.o(i.pic_init)
    pic_recv                                 0x08007531   Thumb Code   212  helloworld.o(i.pic_recv)
    pic_send                                 0x08007621   Thumb Code    14  helloworld.o(i.pic_send)
    ping                                     0x08007635   Thumb Code    72  icmp.o(i.ping)
    put_fat                                  0x08007839   Thumb Code   250  ff.o(i.put_fat)
    pvPortMalloc                             0x08007935   Thumb Code   168  heap_2.o(i.pvPortMalloc)
    pxPortInitialiseStack                    0x080079e5   Thumb Code    24  port.o(i.pxPortInitialiseStack)
    raw_input                                0x080079fd   Thumb Code   100  raw.o(i.raw_input)
    server_init                              0x08007ac9   Thumb Code    32  server.o(i.server_init)
    sys_arch_sem_wait                        0x08007ba9   Thumb Code    66  sys_arch.o(i.sys_arch_sem_wait)
    sys_arch_timeouts                        0x08007bed   Thumb Code    40  sys_arch.o(i.sys_arch_timeouts)
    sys_mbox_post                            0x08007c1d   Thumb Code    26  sys_arch.o(i.sys_mbox_post)
    sys_mbox_trypost                         0x08007c37   Thumb Code    26  sys_arch.o(i.sys_mbox_trypost)
    sys_sem_new                              0x08007c51   Thumb Code    50  sys_arch.o(i.sys_sem_new)
    sys_sem_signal                           0x08007c83   Thumb Code    10  sys_arch.o(i.sys_sem_signal)
    sys_timeout                              0x08007c8d   Thumb Code   100  sys.o(i.sys_timeout)
    tcp_abandon                              0x08007cf1   Thumb Code   152  tcp.o(i.tcp_abandon)
    tcp_accept                               0x08007d8d   Thumb Code     4  tcp.o(i.tcp_accept)
    tcp_alloc                                0x08007d99   Thumb Code   234  tcp.o(i.tcp_alloc)
    tcp_arg                                  0x08007e91   Thumb Code     4  tcp.o(i.tcp_arg)
    tcp_bind                                 0x08007e95   Thumb Code   186  tcp.o(i.tcp_bind)
    tcp_close                                0x08007f55   Thumb Code   154  tcp.o(i.tcp_close)
    tcp_connect                              0x08007ff5   Thumb Code   188  tcp.o(i.tcp_connect)
    tcp_eff_send_mss                         0x080080b5   Thumb Code    32  tcp.o(i.tcp_eff_send_mss)
    tcp_enqueue                              0x080080d5   Thumb Code   830  tcp_out.o(i.tcp_enqueue)
    tcp_err                                  0x08008413   Thumb Code     6  tcp.o(i.tcp_err)
    tcp_fasttmr                              0x08008419   Thumb Code    90  tcp.o(i.tcp_fasttmr)
    tcp_input                                0x08008479   Thumb Code   758  tcp_in.o(i.tcp_input)
    tcp_keepalive                            0x08008785   Thumb Code    70  tcp_out.o(i.tcp_keepalive)
    tcp_listen_with_backlog                  0x080088b9   Thumb Code   122  tcp.o(i.tcp_listen_with_backlog)
    tcp_new                                  0x0800893d   Thumb Code     6  tcp.o(i.tcp_new)
    tcp_next_iss                             0x080089a5   Thumb Code    12  tcp.o(i.tcp_next_iss)
    tcp_output                               0x08008a45   Thumb Code   424  tcp_out.o(i.tcp_output)
    tcp_pcb_purge                            0x08008da1   Thumb Code    66  tcp.o(i.tcp_pcb_purge)
    tcp_pcb_remove                           0x08008de5   Thumb Code    86  tcp.o(i.tcp_pcb_remove)
    tcp_recv                                 0x08009839   Thumb Code     6  tcp.o(i.tcp_recv)
    tcp_recv_null                            0x0800983f   Thumb Code    36  tcp.o(i.tcp_recv_null)
    tcp_recved                               0x08009863   Thumb Code    58  tcp.o(i.tcp_recved)
    tcp_rexmit                               0x0800989d   Thumb Code    72  tcp_out.o(i.tcp_rexmit)
    tcp_rexmit_fast                          0x080098e5   Thumb Code    90  tcp_out.o(i.tcp_rexmit_fast)
    tcp_rexmit_rto                           0x0800993f   Thumb Code    46  tcp_out.o(i.tcp_rexmit_rto)
    tcp_rst                                  0x0800996d   Thumb Code   156  tcp_out.o(i.tcp_rst)
    tcp_seg_copy                             0x08009a09   Thumb Code    36  tcp.o(i.tcp_seg_copy)
    tcp_seg_free                             0x08009a2d   Thumb Code    32  tcp.o(i.tcp_seg_free)
    tcp_segs_free                            0x08009a4d   Thumb Code    26  tcp.o(i.tcp_segs_free)
    tcp_send_ctrl                            0x08009a67   Thumb Code    22  tcp_out.o(i.tcp_send_ctrl)
    tcp_send_empty_ack                       0x08009a7d   Thumb Code    86  tcp_out.o(i.tcp_send_empty_ack)
    tcp_server_accept                        0x08009ad5   Thumb Code    14  server.o(i.tcp_server_accept)
    tcp_slowtmr                              0x08009b1d   Thumb Code   588  tcp.o(i.tcp_slowtmr)
    tcp_timer_needed                         0x08009d79   Thumb Code    36  tcpip.o(i.tcp_timer_needed)
    tcp_tmr                                  0x08009e19   Thumb Code    28  tcp.o(i.tcp_tmr)
    tcp_update_rcv_ann_wnd                   0x08009e39   Thumb Code    52  tcp.o(i.tcp_update_rcv_ann_wnd)
    tcp_write                                0x08009e6d   Thumb Code    46  tcp_out.o(i.tcp_write)
    tcp_zero_window_probe                    0x08009e9b   Thumb Code   144  tcp_out.o(i.tcp_zero_window_probe)
    tcpip_callback_with_block                0x08009f2d   Thumb Code    86  tcpip.o(i.tcpip_callback_with_block)
    udp_bind                                 0x08009fc1   Thumb Code    86  udp.o(i.udp_bind)
    udp_connect                              0x0800a01d   Thumb Code    70  udp.o(i.udp_connect)
    udp_disconnect                           0x0800a069   Thumb Code    20  udp.o(i.udp_disconnect)
    udp_input                                0x0800a081   Thumb Code   396  udp.o(i.udp_input)
    udp_new                                  0x0800a211   Thumb Code    26  udp.o(i.udp_new)
    udp_recv                                 0x0800a22b   Thumb Code     6  udp.o(i.udp_recv)
    udp_remove                               0x0800a231   Thumb Code    40  udp.o(i.udp_remove)
    udp_send                                 0x0800a25d   Thumb Code     8  udp.o(i.udp_send)
    udp_sendto                               0x0800a265   Thumb Code    40  udp.o(i.udp_sendto)
    udp_sendto_if                            0x0800a28d   Thumb Code   176  udp.o(i.udp_sendto_if)
    udp_server_callback                      0x0800a33d   Thumb Code   216  server.o(i.udp_server_callback)
    vListInitialise                          0x0800a4a9   Thumb Code    22  list.o(i.vListInitialise)
    vListInitialiseItem                      0x0800a4bf   Thumb Code     6  list.o(i.vListInitialiseItem)
    vListInsert                              0x0800a4c5   Thumb Code    48  list.o(i.vListInsert)
    vListInsertEnd                           0x0800a4f5   Thumb Code    28  list.o(i.vListInsertEnd)
    vListRemove                              0x0800a511   Thumb Code    36  list.o(i.vListRemove)
    vPortEnterCritical                       0x0800a535   Thumb Code    16  port.o(i.vPortEnterCritical)
    vPortExitCritical                        0x0800a549   Thumb Code    16  port.o(i.vPortExitCritical)
    vPortFree                                0x0800a55d   Thumb Code    56  heap_2.o(i.vPortFree)
    vPortYieldFromISR                        0x0800a599   Thumb Code    10  port.o(i.vPortYieldFromISR)
    vTaskDelay                               0x0800a5a9   Thumb Code    68  tasks.o(i.vTaskDelay)
    vTaskIncrementTick                       0x0800a5f1   Thumb Code   114  tasks.o(i.vTaskIncrementTick)
    vTaskMissedYield                         0x0800a66d   Thumb Code     8  tasks.o(i.vTaskMissedYield)
    vTaskPlaceOnEventList                    0x0800a679   Thumb Code    74  tasks.o(i.vTaskPlaceOnEventList)
    vTaskPriorityDisinherit                  0x0800a6cd   Thumb Code    64  tasks.o(i.vTaskPriorityDisinherit)
    vTaskPriorityInherit                     0x0800a715   Thumb Code    90  tasks.o(i.vTaskPriorityInherit)
    vTaskSetTimeOutState                     0x0800a779   Thumb Code    12  tasks.o(i.vTaskSetTimeOutState)
    vTaskStartScheduler                      0x0800a789   Thumb Code    50  tasks.o(i.vTaskStartScheduler)
    vTaskSuspend                             0x0800a7cd   Thumb Code    94  tasks.o(i.vTaskSuspend)
    vTaskSuspendAll                          0x0800a835   Thumb Code    10  tasks.o(i.vTaskSuspendAll)
    vTaskSwitchContext                       0x0800a845   Thumb Code    66  tasks.o(i.vTaskSwitchContext)
    xPortStartScheduler                      0x0800a8b1   Thumb Code    46  port.o(i.xPortStartScheduler)
    xPortSysTickHandler                      0x0800a8ed   Thumb Code    26  port.o(i.xPortSysTickHandler)
    xQueueCreate                             0x0800a90d   Thumb Code    94  queue.o(i.xQueueCreate)
    xQueueGenericReceive                     0x0800a96d   Thumb Code   264  queue.o(i.xQueueGenericReceive)
    xQueueGenericSend                        0x0800aa75   Thumb Code   210  queue.o(i.xQueueGenericSend)
    xTaskCheckForTimeOut                     0x0800ab49   Thumb Code    72  tasks.o(i.xTaskCheckForTimeOut)
    xTaskGenericCreate                       0x0800ab95   Thumb Code   340  tasks.o(i.xTaskGenericCreate)
    xTaskGetCurrentTaskHandle                0x0800acf1   Thumb Code     6  tasks.o(i.xTaskGetCurrentTaskHandle)
    xTaskGetTickCount                        0x0800acfd   Thumb Code    18  tasks.o(i.xTaskGetTickCount)
    xTaskRemoveFromEventList                 0x0800ad15   Thumb Code    88  tasks.o(i.xTaskRemoveFromEventList)
    xTaskResumeAll                           0x0800ad75   Thumb Code   168  tasks.o(i.xTaskResumeAll)
    tcp_persist_backoff                      0x0800ae54   Data           7  tcp.o(.constdata)
    tcp_backoff                              0x0800ae5b   Data          13  tcp.o(.constdata)
    ip_addr_any                              0x0800ae68   Data           4  ip_addr.o(.constdata)
    ip_addr_broadcast                        0x0800ae6c   Data           4  ip_addr.o(.constdata)
    ethbroadcast                             0x0800ae70   Data           6  etharp.o(.constdata)
    ethzero                                  0x0800ae76   Data           6  etharp.o(.constdata)
    COM_TX_PIN_SOURCE                        0x0800ae7c   Data           1  stm322xg_eval.o(.constdata)
    COM_RX_PIN_SOURCE                        0x0800ae7d   Data           1  stm322xg_eval.o(.constdata)
    COM_TX_AF                                0x0800ae7e   Data           1  stm322xg_eval.o(.constdata)
    COM_RX_AF                                0x0800ae7f   Data           1  stm322xg_eval.o(.constdata)
    COM_TX_PIN                               0x0800ae80   Data           2  stm322xg_eval.o(.constdata)
    COM_RX_PIN                               0x0800ae82   Data           2  stm322xg_eval.o(.constdata)
    BUTTON_PORT_SOURCE                       0x0800ae84   Data           3  stm322xg_eval.o(.constdata)
    BUTTON_PIN_SOURCE                        0x0800ae87   Data           3  stm322xg_eval.o(.constdata)
    BUTTON_IRQn                              0x0800ae8a   Data           3  stm322xg_eval.o(.constdata)
    COM_USART_CLK                            0x0800ae90   Data           4  stm322xg_eval.o(.constdata)
    COM_TX_PORT_CLK                          0x0800ae94   Data           4  stm322xg_eval.o(.constdata)
    COM_RX_PORT_CLK                          0x0800ae98   Data           4  stm322xg_eval.o(.constdata)
    BUTTON_PIN                               0x0800ae9c   Data           6  stm322xg_eval.o(.constdata)
    BUTTON_EXTI_LINE                         0x0800aea2   Data           6  stm322xg_eval.o(.constdata)
    GPIO_PIN                                 0x0800aea8   Data           8  stm322xg_eval.o(.constdata)
    GPIO_CLK                                 0x0800aeb0   Data          16  stm322xg_eval.o(.constdata)
    BUTTON_CLK                               0x0800aec0   Data          12  stm322xg_eval.o(.constdata)
    ASCII16x24_Table                         0x0800aecc   Data        4560  stm322xg_eval_lcd.o(.constdata)
    Region$$Table$$Base                      0x0800c104   Number         0  anon$$obj.o(Region$$Table)
    Region$$Table$$Limit                     0x0800c124   Number         0  anon$$obj.o(Region$$Table)
    usart_check                              0x20000000   Data           4  main.o(.data)
    ping_check                               0x20000004   Data           4  main.o(.data)
    second                                   0x20000008   Data           4  main.o(.data)
    LocalTime                                0x20000014   Data           4  main.o(.data)
    we                                       0x20000018   Data           4  main.o(.data)
    we1                                      0x2000001c   Data           4  main.o(.data)
    we2                                      0x20000020   Data           4  main.o(.data)
    wer                                      0x20000024   Data          24  main.o(.data)
    wer1                                     0x2000003c   Data          24  main.o(.data)
    wer2                                     0x20000054   Data          24  main.o(.data)
    LedToggle                                0x2000006c   Data           1  netconf.o(.data)
    Server                                   0x2000006d   Data           1  netconf.o(.data)
    TCPTimer                                 0x20000070   Data           4  netconf.o(.data)
    ARPTimer                                 0x20000074   Data           4  netconf.o(.data)
    DHCPfineTimer                            0x20000078   Data           4  netconf.o(.data)
    DHCPcoarseTimer                          0x2000007c   Data           4  netconf.o(.data)
    IPaddress                                0x20000080   Data           4  netconf.o(.data)
    DisplayTimer                             0x20000084   Data           4  netconf.o(.data)
    data_complete                            0x20000088   Data           1  stm32f2xx_it.o(.data)
    eth_check                                0x2000008c   Data           4  stm32f2xx_it.o(.data)
    tx_now_send                              0x20000090   Data           4  stm32f2xx_it.o(.data)
    tx_count                                 0x20000094   Data           4  stm32f2xx_it.o(.data)
    rx_count                                 0x20000098   Data           4  stm32f2xx_it.o(.data)
    date_count                               0x2000009c   Data           4  stm32f2xx_it.o(.data)
    right_data_count                         0x200000a0   Data           4  stm32f2xx_it.o(.data)
    byte                                     0x200000a4   Data           1  serial_debug.o(.data)
    s                                        0x200000a8   Data           4  serial_debug.o(.data)
    status_check_once                        0x200000ac   Data           1  usr_cpu.o(.data)
    pic_timeout                              0x200000ad   Data           1  usr_cpu.o(.data)
    dev_list                                 0x200000b0   Data           4  usr_cpu.o(.data)
    devices_cnt                              0x200000b4   Data           4  usr_cpu.o(.data)
    room_list                                0x200000b8   Data           4  usr_cpu.o(.data)
    rooms_cnt                                0x200000bc   Data           4  usr_cpu.o(.data)
    room_dev_list                            0x200000c0   Data           4  usr_cpu.o(.data)
    scene_list                               0x200000c4   Data           4  usr_cpu.o(.data)
    pad_dev_list                             0x200000c8   Data           4  usr_cpu.o(.data)
    pic_check_key                            0x200000cc   Data           4  usr_cpu.o(.data)
    CONFIG_MODE                              0x200000d0   Data           4  usr_cpu.o(.data)
    tcp_device                               0x200000d4   Data           4  usr_cpu.o(.data)
    dev_offset                               0x200000d8   Data           4  usr_cpu.o(.data)
    single_control                           0x200000dc   Data           8  usr_cpu.o(.data)
    cmd_reply                                0x200000e4   Data          24  usr_cpu.o(.data)
    pad_devices_cnt                          0x200000fc   Data           4  usr_cpu.o(.data)
    block_size                               0x20000100   Data           4  usr_sd.o(.data)
    wang1                                    0x20000104   Data           4  usr_sd.o(.data)
    br                                       0x20000108   Data           4  usr_sd.o(.data)
    bw                                       0x2000010c   Data           4  usr_sd.o(.data)
    cmd_list                                 0x20000110   Data           4  main_task.o(.data)
    rev_offset                               0x20000114   Data           4  main_task.o(.data)
    tcp_dev_new                              0x20000118   Data           4  main_task.o(.data)
    cmd_to_usart                             0x2000011c   Data         120  main_task.o(.data)
    system_id                                0x20000194   Data          24  main_task.o(.data)
    macaddress                               0x200001ac   Data           6  main_task.o(.data)
    netif_list                               0x200001dc   Data           4  netif.o(.data)
    netif_default                            0x200001e0   Data           4  netif.o(.data)
    tcp_ticks                                0x200001f4   Data           4  tcp.o(.data)
    tcp_bound_pcbs                           0x200001f8   Data           4  tcp.o(.data)
    tcp_listen_pcbs                          0x200001fc   Data           4  tcp.o(.data)
    tcp_active_pcbs                          0x20000200   Data           4  tcp.o(.data)
    tcp_tw_pcbs                              0x20000204   Data           4  tcp.o(.data)
    tcp_tmp_pcb                              0x20000208   Data           4  tcp.o(.data)
    tcp_state_str                            0x2000020c   Data          44  tcp.o(.data)
    tcp_input_pcb                            0x20000250   Data           4  tcp_in.o(.data)
    udp_pcbs                                 0x20000254   Data           4  udp.o(.data)
    current_netif                            0x2000025c   Data           4  ip.o(.data)
    current_header                           0x20000260   Data           4  ip.o(.data)
    MACaddr                                  0x20000265   Data           6  ethernetif.o(.data)
    pic_len                                  0x20000270   Data           4  helloworld.o(.data)
    pic_len_cnt                              0x20000274   Data           4  helloworld.o(.data)
    pic_check_done                           0x20000278   Data           4  helloworld.o(.data)
    pic_list                                 0x2000027c   Data           4  helloworld.o(.data)
    pic_check_head_done                      0x20000280   Data           4  helloworld.o(.data)
    seq_cnt                                  0x20000284   Data           4  helloworld.o(.data)
    pic_pcb                                  0x20000288   Data           4  helloworld.o(.data)
    buff                                     0x2000028c   Data         252  helloworld.o(.data)
    DMATxDescToSet                           0x20000398   Data           4  stm32f2x7_eth.o(.data)
    DMARxDescToGet                           0x2000039c   Data           4  stm32f2x7_eth.o(.data)
    DMA_RX_FRAME_infos                       0x200003a0   Data           4  stm32f2x7_eth.o(.data)
    COM_USART                                0x200003a4   Data           4  stm322xg_eval.o(.data)
    COM_TX_PORT                              0x200003a8   Data           4  stm322xg_eval.o(.data)
    COM_RX_PORT                              0x200003ac   Data           4  stm322xg_eval.o(.data)
    NVIC_InitStructure                       0x200003b0   Data           4  stm322xg_eval.o(.data)
    GPIO_PORT                                0x200003b4   Data          16  stm322xg_eval.o(.data)
    BUTTON_PORT                              0x200003c4   Data          12  stm322xg_eval.o(.data)
    Font16x24                                0x200003d8   Data           8  stm322xg_eval_lcd.o(.data)
    TransferError                            0x200003e0   Data           1  stm32_eval_sdio_sd.o(.data)
    StopCondition                            0x200003ec   Data           4  stm32_eval_sdio_sd.o(.data)
    TransferEnd                              0x200003f0   Data           4  stm32_eval_sdio_sd.o(.data)
    pxCurrentTCB                             0x20000410   Data           4  tasks.o(.data)
    __stdout                                 0x20000450   Data           4  stdout.o(.data)
    netif                                    0x20000454   Data          56  netconf.o(.bss)
    RxBuffer_dma_save                        0x2000048c   Data         240  stm32f2xx_it.o(.bss)
    Rx_right_data                            0x2000057c   Data          24  stm32f2xx_it.o(.bss)
    zig_msg                                  0x20000594   Data          24  serial_debug.o(.bss)
    dev_info                                 0x200005ac   Data        4112  usr_cpu.o(.bss)
    room_info                                0x200015bc   Data         496  usr_cpu.o(.bss)
    room_dev_info                            0x200017ac   Data         860  usr_cpu.o(.bss)
    scene_info                               0x20001b08   Data        9000  usr_cpu.o(.bss)
    secret                                   0x20003e30   Data          13  usr_cpu.o(.bss)
    zigbee_status                            0x20003e3d   Data          10  usr_cpu.o(.bss)
    pad_info                                 0x20003e48   Data         160  usr_cpu.o(.bss)
    fs                                       0x20003ee8   Data         560  usr_sd.o(.bss)
    fsrc                                     0x20004118   Data         548  usr_sd.o(.bss)
    pic_fsrc                                 0x2000433c   Data         548  usr_sd.o(.bss)
    file_Name                                0x20004560   Data          20  usr_sd.o(.bss)
    cmd_info                                 0x20004574   Data        2800  main_task.o(.bss)
    DMA_InitStructure                        0x20005064   Data          60  usart_dma.o(.bss)
    TxBuffer_dma_save                        0x200050a0   Data         240  usart_dma.o(.bss)
    TxBuffer_dma                             0x20005190   Data          24  usart_dma.o(.bss)
    RxBuffer_dma                             0x200051a8   Data          24  usart_dma.o(.bss)
    DMARxDscrTab                             0x2000a8a4   Data         160  ethernetif.o(.bss)
    DMATxDscrTab                             0x2000a944   Data         160  ethernetif.o(.bss)
    Rx_Buff                                  0x2000a9e4   Data        7620  ethernetif.o(.bss)
    Tx_Buff                                  0x2000c7a8   Data        7620  ethernetif.o(.bss)
    seq                                      0x2000e59c   Data         400  helloworld.o(.bss)
    RX_Frame_Descriptor                      0x2000e72c   Data          12  stm32f2x7_eth.o(.bss)
    SDCardInfo                               0x2000e768   Data          80  stm32_eval_sdio_sd.o(.bss)
    SDIO_InitStructure                       0x2000e7b8   Data          24  stm32_eval_sdio_sd.o(.bss)
    SDIO_CmdInitStructure                    0x2000e7d0   Data          20  stm32_eval_sdio_sd.o(.bss)
    SDIO_DataInitStructure                   0x2000e7e4   Data          24  stm32_eval_sdio_sd.o(.bss)
    __initial_sp                             0x200128f0   Data           0  startup_stm32f2xx.o(STACK)



==============================================================================

Memory Map of the image

  Image Entry point : 0x08000185

  Load Region LR_IROM1 (Base: 0x08000000, Size: 0x0000c578, Max: 0x00100000, ABSOLUTE, COMPRESSED[0x0000c2e0])

    Execution Region ER_IROM1 (Base: 0x08000000, Size: 0x0000c124, Max: 0x00100000, ABSOLUTE)

    Base Addr    Size         Type   Attr      Idx    E Section Name        Object

    0x08000000   0x00000184   Data   RO          171    RESET               startup_stm32f2xx.o
    0x08000184   0x00000000   Code   RO         6403  * .ARM.Collect$$$$00000000  mc_w.l(entry.o)
    0x08000184   0x00000004   Code   RO         6685    .ARM.Collect$$$$00000001  mc_w.l(entry2.o)
    0x08000188   0x00000004   Code   RO         6688    .ARM.Collect$$$$00000004  mc_w.l(entry5.o)
    0x0800018c   0x00000000   Code   RO         6690    .ARM.Collect$$$$00000008  mc_w.l(entry7b.o)
    0x0800018c   0x00000008   Code   RO         6691    .ARM.Collect$$$$00000009  mc_w.l(entry8.o)
    0x08000194   0x00000004   Code   RO         6686    .ARM.Collect$$$$00002712  mc_w.l(entry2.o)
    0x08000198   0x00000088   Code   RO         5696    .emb_text           port.o
    0x08000220   0x00000024   Code   RO          172    .text               startup_stm32f2xx.o
    0x08000244   0x00000024   Code   RO         6406    .text               mc_w.l(memcpya.o)
    0x08000268   0x00000024   Code   RO         6408    .text               mc_w.l(memseta.o)
    0x0800028c   0x00000018   Code   RO         6410    .text               mc_w.l(strncpy.o)
    0x080002a4   0x0000001a   Code   RO         6412    .text               mc_w.l(memcmp.o)
    0x080002be   0x00000062   Code   RO         6695    .text               mc_w.l(uldiv.o)
    0x08000320   0x00000024   Code   RO         6708    .text               mc_w.l(init.o)
    0x08000344   0x0000001e   Code   RO         6710    .text               mc_w.l(llshl.o)
    0x08000362   0x00000020   Code   RO         6712    .text               mc_w.l(llushr.o)
    0x08000382   0x0000005c   Code   RO         6724    .text               mc_w.l(__dczerorl2.o)
    0x080003de   0x00000002   PAD
    0x080003e0   0x00000054   Code   RO          724    i.Analysis_Task     main_task.o
    0x08000434   0x00000002   Code   RO          408    i.BusFault_Handler  stm32f2xx_it.o
    0x08000436   0x00000002   PAD
    0x08000438   0x000000a0   Code   RO          725    i.Change_System_Mode  main_task.o
    0x080004d8   0x00000024   Code   RO         5504    i.CmdResp1Error     stm32_eval_sdio_sd.o
    0x080004fc   0x00000038   Code   RO         5505    i.CmdResp2Error     stm32_eval_sdio_sd.o
    0x08000534   0x00000074   Code   RO         5506    i.CmdResp6Error     stm32_eval_sdio_sd.o
    0x080005a8   0x000000a0   Code   RO          409    i.DMA1_Stream5_IRQHandler  stm32f2xx_it.o
    0x08000648   0x00000068   Code   RO          410    i.DMA1_Stream6_IRQHandler  stm32f2xx_it.o
    0x080006b0   0x0000002c   Code   RO         3348    i.DMA_ClearFlag     stm32f2xx_dma.o
    0x080006dc   0x0000002c   Code   RO         3349    i.DMA_ClearITPendingBit  stm32f2xx_dma.o
    0x08000708   0x00000014   Code   RO         3350    i.DMA_Cmd           stm32f2xx_dma.o
    0x0800071c   0x00000124   Code   RO         3351    i.DMA_DeInit        stm32f2xx_dma.o
    0x08000840   0x00000014   Code   RO         3354    i.DMA_FlowControllerConfig  stm32f2xx_dma.o
    0x08000854   0x00000006   Code   RO         3356    i.DMA_GetCurrDataCounter  stm32f2xx_dma.o
    0x0800085a   0x00000002   PAD
    0x0800085c   0x00000034   Code   RO         3359    i.DMA_GetFlagStatus  stm32f2xx_dma.o
    0x08000890   0x0000002c   Code   RO         3361    i.DMA_ITConfig      stm32f2xx_dma.o
    0x080008bc   0x00000054   Code   RO         3362    i.DMA_Init          stm32f2xx_dma.o
    0x08000910   0x00000068   Code   RO          763    i.DMA_Send          usart_dma.o
    0x08000978   0x00000002   Code   RO          411    i.DebugMon_Handler  stm32f2xx_it.o
    0x0800097a   0x0000000a   Code   RO          177    i.Delay             main.o
    0x08000984   0x00000108   Code   RO          544    i.Device_Add        usr_cpu.o
    0x08000a8c   0x00000084   Code   RO          545    i.Device_Delete     usr_cpu.o
    0x08000b10   0x0000018c   Code   RO          303    i.Display_Periodic_Handle  netconf.o
    0x08000c9c   0x0000004c   Code   RO          386    i.ETH_BSP_Config    stm32f2x7_eth_bsp.o
    0x08000ce8   0x0000000c   Code   RO         4625    i.ETH_DMAClearITPendingBit  stm32f2x7_eth.o
    0x08000cf4   0x00000018   Code   RO         4626    i.ETH_DMAITConfig   stm32f2x7_eth.o
    0x08000d0c   0x0000001c   Code   RO         4627    i.ETH_DMAReceptionCmd  stm32f2x7_eth.o
    0x08000d28   0x00000058   Code   RO         4628    i.ETH_DMARxDescChainInit  stm32f2x7_eth.o
    0x08000d80   0x00000012   Code   RO         4629    i.ETH_DMARxDescReceiveITConfig  stm32f2x7_eth.o
    0x08000d92   0x00000002   PAD
    0x08000d94   0x0000001c   Code   RO         4630    i.ETH_DMATransmissionCmd  stm32f2x7_eth.o
    0x08000db0   0x00000048   Code   RO         4633    i.ETH_DMATxDescChainInit  stm32f2x7_eth.o
    0x08000df8   0x00000008   Code   RO         4634    i.ETH_DMATxDescChecksumInsertionConfig  stm32f2x7_eth.o
    0x08000e00   0x00000018   Code   RO         4639    i.ETH_DeInit        stm32f2x7_eth.o
    0x08000e18   0x0000000a   Code   RO         4640    i.ETH_Delay         stm32f2x7_eth.o
    0x08000e22   0x00000002   PAD
    0x08000e24   0x00000010   Code   RO         4642    i.ETH_FlushTransmitFIFO  stm32f2x7_eth.o
    0x08000e34   0x000000dc   Code   RO          387    i.ETH_GPIO_Config   stm32f2x7_eth_bsp.o
    0x08000f10   0x00000008   Code   RO         4654    i.ETH_GetDMARxDescFrameLength  stm32f2x7_eth.o
    0x08000f18   0x00000024   Code   RO         4659    i.ETH_GetMACAddress  stm32f2x7_eth.o
    0x08000f3c   0x00000030   Code   RO         4668    i.ETH_GetRxPktSize_1  stm32f2x7_eth.o
    0x08000f6c   0x00000014   Code   RO         4669    i.ETH_GetSoftwareResetStatus  stm32f2x7_eth.o
    0x08000f80   0x00000034   Code   RO          412    i.ETH_IRQHandler    stm32f2xx_it.o
    0x08000fb4   0x00000218   Code   RO         4674    i.ETH_Init          stm32f2x7_eth.o
    0x080011cc   0x0000001c   Code   RO         4676    i.ETH_MACAddressConfig  stm32f2x7_eth.o
    0x080011e8   0x0000007c   Code   RO          388    i.ETH_MACDMA_Config  stm32f2x7_eth_bsp.o
    0x08001264   0x0000001c   Code   RO         4681    i.ETH_MACReceptionCmd  stm32f2x7_eth.o
    0x08001280   0x0000001c   Code   RO         4682    i.ETH_MACTransmissionCmd  stm32f2x7_eth.o
    0x0800129c   0x00000050   Code   RO         4694    i.ETH_ReadPHYRegister  stm32f2x7_eth.o
    0x080012ec   0x00000058   Code   RO         2623    i.ETH_RxPkt_ChainMode  ethernetif.o
    0x08001344   0x00000010   Code   RO         4702    i.ETH_SoftwareReset  stm32f2x7_eth.o
    0x08001354   0x00000022   Code   RO         4703    i.ETH_Start         stm32f2x7_eth.o
    0x08001376   0x00000088   Code   RO         4704    i.ETH_StructInit    stm32f2x7_eth.o
    0x080013fe   0x00000002   PAD
    0x08001400   0x00000044   Code   RO         2624    i.ETH_TxPkt_ChainMode  ethernetif.o
    0x08001444   0x0000004c   Code   RO         4706    i.ETH_WritePHYRegister  stm32f2x7_eth.o
    0x08001490   0x00000070   Code   RO         3474    i.EXTI_Init         stm32f2xx_exti.o
    0x08001500   0x00000014   Code   RO          764    i.Fill_Buffer       usart_dma.o
    0x08001514   0x00000134   Code   RO         5507    i.FindSCR           stm32_eval_sdio_sd.o
    0x08001648   0x000000a2   Code   RO         3829    i.GPIO_Init         stm32f2xx_gpio.o
    0x080016ea   0x00000020   Code   RO         3830    i.GPIO_PinAFConfig  stm32f2xx_gpio.o
    0x0800170a   0x0000000e   Code   RO         3833    i.GPIO_ReadInputDataBit  stm32f2xx_gpio.o
    0x08001718   0x00000084   Code   RO         2823    i.Get_Pic_Return    helloworld.o
    0x0800179c   0x00000002   Code   RO          413    i.HardFault_Handler  stm32f2xx_it.o
    0x0800179e   0x00000002   PAD
    0x080017a0   0x00000044   Code   RO         2824    i.HelloWorld_accept  helloworld.o
    0x080017e4   0x00000004   Code   RO         2825    i.HelloWorld_conn_err  helloworld.o
    0x080017e8   0x00000094   Code   RO         2826    i.HelloWorld_recv   helloworld.o
    0x0800187c   0x0000009c   Code   RO          658    i.Init_Pic_Store    usr_sd.o
    0x08001918   0x00000020   Code   RO         5244    i.LCD_DisplayChar   stm322xg_eval_lcd.o
    0x08001938   0x00000038   Code   RO         5247    i.LCD_DisplayStringLine  stm322xg_eval_lcd.o
    0x08001970   0x0000007c   Code   RO         5248    i.LCD_DrawChar      stm322xg_eval_lcd.o
    0x080019ec   0x0000000c   Code   RO         5259    i.LCD_GetFont       stm322xg_eval_lcd.o
    0x080019f8   0x0000003e   Code   RO          178    i.LCD_LED_KEY_Init  main.o
    0x08001a36   0x00000018   Code   RO         5268    i.LCD_SetCursor     stm322xg_eval_lcd.o
    0x08001a4e   0x0000000a   Code   RO         5276    i.LCD_WriteReg      stm322xg_eval_lcd.o
    0x08001a58   0x00000060   Code   RO          304    i.LwIP_Init         netconf.o
    0x08001ab8   0x00000054   Code   RO          305    i.LwIP_Periodic_Handle  netconf.o
    0x08001b0c   0x0000000c   Code   RO          306    i.LwIP_Pkt_Handle   netconf.o
    0x08001b18   0x00000002   Code   RO          414    i.MemManage_Handler  stm32f2xx_it.o
    0x08001b1a   0x00000002   Code   RO          415    i.NMI_Handler       stm32f2xx_it.o
    0x08001b1c   0x00000064   Code   RO         3078    i.NVIC_Init         misc.o
    0x08001b80   0x00000014   Code   RO         3079    i.NVIC_PriorityGroupConfig  misc.o
    0x08001b94   0x000000b4   Code   RO          546    i.Pcb_Update        usr_cpu.o
    0x08001c48   0x0000002c   Code   RO          547    i.Pcb_Write         usr_cpu.o
    0x08001c74   0x0000002c   Code   RO         2827    i.Pic_Cnt_Check     helloworld.o
    0x08001ca0   0x00000078   Code   RO         2828    i.Pic_Status_Clean  helloworld.o
    0x08001d18   0x00000018   Code   RO         3918    i.RCC_AHB1PeriphClockCmd  stm32f2xx_rcc.o
    0x08001d30   0x00000018   Code   RO         3920    i.RCC_AHB1PeriphResetCmd  stm32f2xx_rcc.o
    0x08001d48   0x00000018   Code   RO         3927    i.RCC_APB1PeriphClockCmd  stm32f2xx_rcc.o
    0x08001d60   0x00000018   Code   RO         3930    i.RCC_APB2PeriphClockCmd  stm32f2xx_rcc.o
    0x08001d78   0x00000018   Code   RO         3932    i.RCC_APB2PeriphResetCmd  stm32f2xx_rcc.o
    0x08001d90   0x00000098   Code   RO         3939    i.RCC_GetClocksFreq  stm32f2xx_rcc.o
    0x08001e28   0x00000014   Code   RO         3950    i.RCC_MCO1Config    stm32f2xx_rcc.o
    0x08001e3c   0x00000070   Code   RO          548    i.Room_Add          usr_cpu.o
    0x08001eac   0x00000038   Code   RO          549    i.Room_Delete       usr_cpu.o
    0x08001ee4   0x00000038   Code   RO          550    i.Room_Dev_Add      usr_cpu.o
    0x08001f1c   0x0000005c   Code   RO          551    i.Room_Dev_Delete   usr_cpu.o
    0x08001f78   0x00000030   Code   RO          552    i.Room_Dev_Search   usr_cpu.o
    0x08001fa8   0x000000c0   Code   RO         5509    i.SDEnWideBus       stm32_eval_sdio_sd.o
    0x08002068   0x0000000c   Code   RO         4191    i.SDIO_ClearFlag    stm32f2xx_sdio.o
    0x08002074   0x0000000c   Code   RO         4192    i.SDIO_ClearITPendingBit  stm32f2xx_sdio.o
    0x08002080   0x0000000c   Code   RO         4193    i.SDIO_ClockCmd     stm32f2xx_sdio.o
    0x0800208c   0x0000000c   Code   RO         4196    i.SDIO_DMACmd       stm32f2xx_sdio.o
    0x08002098   0x00000030   Code   RO         4197    i.SDIO_DataConfig   stm32f2xx_sdio.o
    0x080020c8   0x00000018   Code   RO         4199    i.SDIO_DeInit       stm32f2xx_sdio.o
    0x080020e0   0x0000000c   Code   RO         4200    i.SDIO_GetCommandResponse  stm32f2xx_sdio.o
    0x080020ec   0x00000014   Code   RO         4203    i.SDIO_GetFlagStatus  stm32f2xx_sdio.o
    0x08002100   0x00000010   Code   RO         4205    i.SDIO_GetPowerState  stm32f2xx_sdio.o
    0x08002110   0x0000000c   Code   RO         4206    i.SDIO_GetResponse  stm32f2xx_sdio.o
    0x0800211c   0x00000004   Code   RO          417    i.SDIO_IRQHandler   stm32f2xx_it.o
    0x08002120   0x00000018   Code   RO         4207    i.SDIO_ITConfig     stm32f2xx_sdio.o
    0x08002138   0x0000002c   Code   RO         4208    i.SDIO_Init         stm32f2xx_sdio.o
    0x08002164   0x0000000c   Code   RO         4209    i.SDIO_ReadData     stm32f2xx_sdio.o
    0x08002170   0x00000028   Code   RO         4211    i.SDIO_SendCommand  stm32f2xx_sdio.o
    0x08002198   0x0000000c   Code   RO         4213    i.SDIO_SetPowerState  stm32f2xx_sdio.o
    0x080021a4   0x00000010   Code   RO         5137    i.SD_DMAEndOfTransferStatus  stm322xg_eval.o
    0x080021b4   0x00000018   Code   RO         5511    i.SD_Detect         stm32_eval_sdio_sd.o
    0x080021cc   0x00000074   Code   RO         5512    i.SD_EnableWideBusOperation  stm32_eval_sdio_sd.o
    0x08002240   0x0000023c   Code   RO         5514    i.SD_GetCardInfo    stm32_eval_sdio_sd.o
    0x0800247c   0x00000022   Code   RO         5516    i.SD_GetState       stm32_eval_sdio_sd.o
    0x0800249e   0x0000001a   Code   RO         5517    i.SD_GetStatus      stm32_eval_sdio_sd.o
    0x080024b8   0x00000060   Code   RO         5519    i.SD_Init           stm32_eval_sdio_sd.o
    0x08002518   0x00000100   Code   RO         5520    i.SD_InitializeCards  stm32_eval_sdio_sd.o
    0x08002618   0x0000007c   Code   RO         5138    i.SD_LowLevel_DMA_RxConfig  stm322xg_eval.o
    0x08002694   0x00000080   Code   RO         5139    i.SD_LowLevel_DMA_TxConfig  stm322xg_eval.o
    0x08002714   0x000000c4   Code   RO         5141    i.SD_LowLevel_Init  stm322xg_eval.o
    0x080027d8   0x000001c4   Code   RO         5522    i.SD_PowerON        stm32_eval_sdio_sd.o
    0x0800299c   0x00000044   Code   RO         5523    i.SD_ProcessIRQSrc  stm32_eval_sdio_sd.o
    0x080029e0   0x000000bc   Code   RO         5525    i.SD_ReadMultiBlocks  stm32_eval_sdio_sd.o
    0x08002a9c   0x0000002c   Code   RO         5526    i.SD_SelectDeselect  stm32_eval_sdio_sd.o
    0x08002ac8   0x00000034   Code   RO         5528    i.SD_SendStatus     stm32_eval_sdio_sd.o
    0x08002afc   0x00000028   Code   RO         5530    i.SD_WaitReadOperation  stm32_eval_sdio_sd.o
    0x08002b24   0x00000030   Code   RO         5531    i.SD_WaitWriteOperation  stm32_eval_sdio_sd.o
    0x08002b54   0x000000e0   Code   RO         5533    i.SD_WriteMultiBlocks  stm32_eval_sdio_sd.o
    0x08002c34   0x00000048   Code   RO         5143    i.STM_EVAL_LEDInit  stm322xg_eval.o
    0x08002c7c   0x00000018   Code   RO         5144    i.STM_EVAL_LEDOff   stm322xg_eval.o
    0x08002c94   0x0000001c   Code   RO         5146    i.STM_EVAL_LEDToggle  stm322xg_eval.o
    0x08002cb0   0x00000018   Code   RO         5147    i.STM_EVAL_PBGetState  stm322xg_eval.o
    0x08002cc8   0x000000a0   Code   RO         5148    i.STM_EVAL_PBInit   stm322xg_eval.o
    0x08002d68   0x0000000c   Code   RO         4378    i.SYSCFG_ETH_MediaInterfaceConfig  stm32f2xx_syscfg.o
    0x08002d74   0x00000028   Code   RO         4379    i.SYSCFG_EXTILineConfig  stm32f2xx_syscfg.o
    0x08002d9c   0x0000005c   Code   RO          726    i.Save_Cmd          main_task.o
    0x08002df8   0x00000030   Code   RO         2829    i.Server_Task       helloworld.o
    0x08002e28   0x00000084   Code   RO            1    i.SetSysClock       system_stm32f2xx.o
    0x08002eac   0x00000028   Code   RO         2625    i.Set_MAC_Address   ethernetif.o
    0x08002ed4   0x00000070   Code   RO          419    i.SysTick_Handler   stm32f2xx_it.o
    0x08002f44   0x00000050   Code   RO            3    i.SystemInit        system_stm32f2xx.o
    0x08002f94   0x000009b6   Code   RO          553    i.Tcp_Cmd_Analysis  usr_cpu.o
    0x0800394a   0x00000002   PAD
    0x0800394c   0x0000009c   Code   RO          179    i.Time_Task         main.o
    0x080039e8   0x00000014   Code   RO          180    i.Time_Update       main.o
    0x080039fc   0x00000048   Code   RO          420    i.USART2_IRQHandler  stm32f2xx_it.o
    0x08003a44   0x00000006   Code   RO         2898    i.USART_ClearFlag   stm32f2xx_usart.o
    0x08003a4a   0x00000014   Code   RO         2902    i.USART_Cmd         stm32f2xx_usart.o
    0x08003a5e   0x00000002   PAD
    0x08003a60   0x000000f8   Code   RO          765    i.USART_Config      usart_dma.o
    0x08003b58   0x00000010   Code   RO         2903    i.USART_DMACmd      stm32f2xx_usart.o
    0x08003b68   0x0000009c   Code   RO          766    i.USART_DMA_Config  usart_dma.o
    0x08003c04   0x0000000e   Code   RO         2905    i.USART_GetFlagStatus  stm32f2xx_usart.o
    0x08003c12   0x0000003e   Code   RO         2906    i.USART_GetITStatus  stm32f2xx_usart.o
    0x08003c50   0x00000030   Code   RO         2908    i.USART_ITConfig    stm32f2xx_usart.o
    0x08003c80   0x000000b8   Code   RO         2909    i.USART_Init        stm32f2xx_usart.o
    0x08003d38   0x00000008   Code   RO         2916    i.USART_ReceiveData  stm32f2xx_usart.o
    0x08003d40   0x00000008   Code   RO         2919    i.USART_SendData    stm32f2xx_usart.o
    0x08003d48   0x00000002   Code   RO          421    i.UsageFault_Handler  stm32f2xx_it.o
    0x08003d4a   0x00000002   PAD
    0x08003d4c   0x00000044   Code   RO          767    i.Usart_Dma_Analysis  usart_dma.o
    0x08003d90   0x00000004   Code   RO          511    i.Usart_Send        serial_debug.o
    0x08003d94   0x00000090   Code   RO          661    i.Write_Date        usr_sd.o
    0x08003e24   0x00000024   Code   RO          662    i.Write_Pic_Date    usr_sd.o
    0x08003e48   0x0000010c   Code   RO          554    i.Zigbee_Cmd_Analysis  usr_cpu.o
    0x08003f54   0x00000098   Code   RO          512    i.Zigbee_Usart      serial_debug.o
    0x08003fec   0x00000020   Code   RO         6623    i.__0printf$8       mc_w.l(printf8.o)
    0x0800400c   0x00000028   Code   RO         6625    i.__0sprintf$8      mc_w.l(printf8.o)
    0x08004034   0x0000000e   Code   RO         6718    i.__scatterload_copy  mc_w.l(handlers.o)
    0x08004042   0x00000002   Code   RO         6719    i.__scatterload_null  mc_w.l(handlers.o)
    0x08004044   0x0000000e   Code   RO         6720    i.__scatterload_zeroinit  mc_w.l(handlers.o)
    0x08004052   0x00000002   PAD
    0x08004054   0x00000410   Code   RO         6630    i._printf_core      mc_w.l(printf8.o)
    0x08004464   0x00000026   Code   RO         6631    i._printf_post_padding  mc_w.l(printf8.o)
    0x0800448a   0x00000030   Code   RO         6632    i._printf_pre_padding  mc_w.l(printf8.o)
    0x080044ba   0x0000000a   Code   RO         6634    i._sputc            mc_w.l(printf8.o)
    0x080044c4   0x00000028   Code   RO         2295    i.autoip_arp_announce  autoip.o
    0x080044ec   0x00000096   Code   RO         2296    i.autoip_arp_reply  autoip.o
    0x08004582   0x00000002   PAD
    0x08004584   0x00000098   Code   RO         2299    i.autoip_start      autoip.o
    0x0800461c   0x00000044   Code   RO         2300    i.autoip_start_probing  autoip.o
    0x08004660   0x0000005c   Code   RO         6148    i.check_fs          ff.o
    0x080046bc   0x0000020c   Code   RO         6149    i.chk_mounted       ff.o
    0x080048c8   0x00000018   Code   RO         6150    i.clust2sect        ff.o
    0x080048e0   0x00000096   Code   RO         6151    i.create_chain      ff.o
    0x08004976   0x00000002   PAD
    0x08004978   0x0000011c   Code   RO         6152    i.create_name       ff.o
    0x08004a94   0x0000001e   Code   RO         1279    i.dhcp_arp_reply    dhcp.o
    0x08004ab2   0x00000002   PAD
    0x08004ab4   0x000000d8   Code   RO         1280    i.dhcp_bind         dhcp.o
    0x08004b8c   0x00000026   Code   RO         1281    i.dhcp_check        dhcp.o
    0x08004bb2   0x00000002   PAD
    0x08004bb4   0x00000060   Code   RO         1282    i.dhcp_coarse_tmr   dhcp.o
    0x08004c14   0x00000104   Code   RO         1283    i.dhcp_create_request  dhcp.o
    0x08004d18   0x0000007c   Code   RO         1284    i.dhcp_decline      dhcp.o
    0x08004d94   0x0000001c   Code   RO         1285    i.dhcp_delete_request  dhcp.o
    0x08004db0   0x000000d0   Code   RO         1286    i.dhcp_discover     dhcp.o
    0x08004e80   0x00000034   Code   RO         1287    i.dhcp_fine_tmr     dhcp.o
    0x08004eb4   0x00000020   Code   RO         1288    i.dhcp_free_reply   dhcp.o
    0x08004ed4   0x00000016   Code   RO         1289    i.dhcp_get_option_long  dhcp.o
    0x08004eea   0x00000082   Code   RO         1290    i.dhcp_get_option_ptr  dhcp.o
    0x08004f6c   0x000000dc   Code   RO         1291    i.dhcp_handle_ack   dhcp.o
    0x08005048   0x00000020   Code   RO         1294    i.dhcp_option       dhcp.o
    0x08005068   0x00000010   Code   RO         1295    i.dhcp_option_byte  dhcp.o
    0x08005078   0x00000042   Code   RO         1296    i.dhcp_option_long  dhcp.o
    0x080050ba   0x00000022   Code   RO         1297    i.dhcp_option_short  dhcp.o
    0x080050dc   0x00000030   Code   RO         1298    i.dhcp_option_trailer  dhcp.o
    0x0800510c   0x00000094   Code   RO         1299    i.dhcp_rebind       dhcp.o
    0x080051a0   0x000000ac   Code   RO         1300    i.dhcp_reboot       dhcp.o
    0x0800524c   0x0000012c   Code   RO         1301    i.dhcp_recv         dhcp.o
    0x08005378   0x000000b4   Code   RO         1302    i.dhcp_release      dhcp.o
    0x0800542c   0x00000090   Code   RO         1303    i.dhcp_renew        dhcp.o
    0x080054bc   0x000000f8   Code   RO         1304    i.dhcp_select       dhcp.o
    0x080055b4   0x0000000e   Code   RO         1305    i.dhcp_set_state    dhcp.o
    0x080055c2   0x00000002   PAD
    0x080055c4   0x0000009c   Code   RO         1306    i.dhcp_start        dhcp.o
    0x08005660   0x0000002e   Code   RO         1307    i.dhcp_stop         dhcp.o
    0x0800568e   0x00000088   Code   RO         1308    i.dhcp_timeout      dhcp.o
    0x08005716   0x0000006a   Code   RO         1309    i.dhcp_unfold_reply  dhcp.o
    0x08005780   0x000000ee   Code   RO         6153    i.dir_next          ff.o
    0x0800586e   0x0000005c   Code   RO         6155    i.dir_register      ff.o
    0x080058ca   0x0000007e   Code   RO         6157    i.dir_sdi           ff.o
    0x08005948   0x0000002c   Code   RO         6361    i.disk_initialize   diskio.o
    0x08005974   0x00000022   Code   RO         6362    i.disk_ioctl        diskio.o
    0x08005996   0x00000026   Code   RO         6363    i.disk_read         diskio.o
    0x080059bc   0x00000008   Code   RO         6364    i.disk_status       diskio.o
    0x080059c4   0x00000026   Code   RO         6365    i.disk_write        diskio.o
    0x080059ea   0x00000002   PAD
    0x080059ec   0x00000100   Code   RO         2524    i.etharp_arp_input  etharp.o
    0x08005aec   0x000000b8   Code   RO         2527    i.etharp_output     etharp.o
    0x08005ba4   0x00000090   Code   RO         2528    i.etharp_query      etharp.o
    0x08005c34   0x000000b8   Code   RO         2529    i.etharp_raw        etharp.o
    0x08005cec   0x00000024   Code   RO         2530    i.etharp_request    etharp.o
    0x08005d10   0x00000036   Code   RO         2531    i.etharp_send_ip    etharp.o
    0x08005d46   0x00000002   PAD
    0x08005d48   0x0000003c   Code   RO         2532    i.etharp_tmr        etharp.o
    0x08005d84   0x0000004c   Code   RO         2533    i.ethernet_input    etharp.o
    0x08005dd0   0x00000040   Code   RO         2626    i.ethernetif_init   ethernetif.o
    0x08005e10   0x00000078   Code   RO         2627    i.ethernetif_input  ethernetif.o
    0x08005e88   0x00000012   Code   RO         6159    i.f_close           ff.o
    0x08005e9a   0x00000132   Code   RO         6161    i.f_lseek           ff.o
    0x08005fcc   0x00000020   Code   RO         6163    i.f_mount           ff.o
    0x08005fec   0x00000134   Code   RO         6164    i.f_open            ff.o
    0x08006120   0x0000004e   Code   RO         6165    i.f_opendir         ff.o
    0x0800616e   0x000000a4   Code   RO         6170    i.f_sync            ff.o
    0x08006212   0x0000018e   Code   RO         6174    i.f_write           ff.o
    0x080063a0   0x000000f0   Code   RO         2534    i.find_entry        etharp.o
    0x08006490   0x000000ac   Code   RO         6175    i.follow_path       ff.o
    0x0800653c   0x00000024   Code   RO          513    i.fputc             serial_debug.o
    0x08006560   0x000000b8   Code   RO         6176    i.get_fat           ff.o
    0x08006618   0x00000008   Code   RO         6366    i.get_fattime       diskio.o
    0x08006620   0x00000004   Code   RO         2381    i.htonl             inet.o
    0x08006624   0x00000006   Code   RO         2382    i.htons             inet.o
    0x0800662a   0x00000066   Code   RO         2350    i.icmp_dest_unreach  icmp.o
    0x08006690   0x00000124   Code   RO         2351    i.icmp_input        icmp.o
    0x080067b4   0x0000000c   Code   RO         2430    i.inet_chksum       inet_chksum.o
    0x080067c0   0x00000048   Code   RO         2431    i.inet_chksum_pbuf  inet_chksum.o
    0x08006808   0x00000030   Code   RO         2495    i.ip_addr_isbroadcast  ip_addr.o
    0x08006838   0x00000180   Code   RO         2459    i.ip_input          ip.o
    0x080069b8   0x00000034   Code   RO         2460    i.ip_output         ip.o
    0x080069ec   0x000000b4   Code   RO         2461    i.ip_output_if      ip.o
    0x08006aa0   0x00000048   Code   RO         2462    i.ip_route          ip.o
    0x08006ae8   0x00000088   Code   RO         2628    i.low_level_init    ethernetif.o
    0x08006b70   0x00000030   Code   RO         2629    i.low_level_output  ethernetif.o
    0x08006ba0   0x0000003a   Code   RO         2433    i.lwip_standard_chksum  inet_chksum.o
    0x08006bda   0x00000002   PAD
    0x08006bdc   0x000000d4   Code   RO          181    i.main              main.o
    0x08006cb0   0x0000001a   Code   RO         1492    i.mem_calloc        mem.o
    0x08006cca   0x00000002   PAD
    0x08006ccc   0x00000012   Code   RO         6178    i.mem_cpy           ff.o
    0x08006cde   0x00000002   PAD
    0x08006ce0   0x00000040   Code   RO         1493    i.mem_free          mem.o
    0x08006d20   0x0000003c   Code   RO         1494    i.mem_init          mem.o
    0x08006d5c   0x000000c8   Code   RO         1495    i.mem_malloc        mem.o
    0x08006e24   0x000000dc   Code   RO         1496    i.mem_realloc       mem.o
    0x08006f00   0x0000000e   Code   RO         6179    i.mem_set           ff.o
    0x08006f0e   0x00000002   PAD
    0x08006f10   0x00000018   Code   RO         1536    i.memp_free         memp.o
    0x08006f28   0x00000058   Code   RO         1537    i.memp_init         memp.o
    0x08006f80   0x00000020   Code   RO         1538    i.memp_malloc       memp.o
    0x08006fa0   0x0000006a   Code   RO         6180    i.move_window       ff.o
    0x0800700a   0x00000004   Code   RO         2071    i.my_tcp_process    tcp_in.o
    0x0800700e   0x00000002   PAD
    0x08007010   0x0000004c   Code   RO         1577    i.netif_add         netif.o
    0x0800705c   0x0000000a   Code   RO         1579    i.netif_is_up       netif.o
    0x08007066   0x00000020   Code   RO         1581    i.netif_set_addr    netif.o
    0x08007086   0x00000002   PAD
    0x08007088   0x0000000c   Code   RO         1582    i.netif_set_default  netif.o
    0x08007094   0x00000012   Code   RO         1583    i.netif_set_down    netif.o
    0x080070a6   0x00000008   Code   RO         1584    i.netif_set_gw      netif.o
    0x080070ae   0x00000002   PAD
    0x080070b0   0x00000068   Code   RO         1585    i.netif_set_ipaddr  netif.o
    0x08007118   0x00000008   Code   RO         1586    i.netif_set_netmask  netif.o
    0x08007120   0x0000001c   Code   RO         1587    i.netif_set_up      netif.o
    0x0800713c   0x00000004   Code   RO         2386    i.ntohl             inet.o
    0x08007140   0x00000006   Code   RO         2387    i.ntohs             inet.o
    0x08007146   0x0000011c   Code   RO         1656    i.pbuf_alloc        pbuf.o
    0x08007262   0x00000028   Code   RO         1657    i.pbuf_cat          pbuf.o
    0x0800728a   0x00000012   Code   RO         1658    i.pbuf_chain        pbuf.o
    0x0800729c   0x00000012   Code   RO         1659    i.pbuf_clen         pbuf.o
    0x080072ae   0x00000090   Code   RO         1661    i.pbuf_copy         pbuf.o
    0x0800733e   0x00000068   Code   RO         1662    i.pbuf_copy_partial  pbuf.o
    0x080073a6   0x00000044   Code   RO         1664    i.pbuf_free         pbuf.o
    0x080073ea   0x00000002   PAD
    0x080073ec   0x0000002c   Code   RO         1665    i.pbuf_free_ooseq   pbuf.o
    0x08007418   0x00000060   Code   RO         1666    i.pbuf_header       pbuf.o
    0x08007478   0x0000002c   Code   RO         1667    i.pbuf_pool_is_empty  pbuf.o
    0x080074a4   0x0000004e   Code   RO         1668    i.pbuf_realloc      pbuf.o
    0x080074f2   0x0000000c   Code   RO         1669    i.pbuf_ref          pbuf.o
    0x080074fe   0x00000002   PAD
    0x08007500   0x00000030   Code   RO         2830    i.pic_init          helloworld.o
    0x08007530   0x000000f0   Code   RO         2831    i.pic_recv          helloworld.o
    0x08007620   0x00000014   Code   RO         2833    i.pic_send          helloworld.o
    0x08007634   0x00000050   Code   RO         2352    i.ping              icmp.o
    0x08007684   0x00000054   Code   RO         1497    i.plug_holes        mem.o
    0x080076d8   0x00000060   Code   RO         5789    i.prvCheckTasksWaitingTermination  tasks.o
    0x08007738   0x00000028   Code   RO         6052    i.prvCopyDataFromQueue  queue.o
    0x08007760   0x0000005a   Code   RO         6053    i.prvCopyDataToQueue  queue.o
    0x080077ba   0x00000002   PAD
    0x080077bc   0x00000018   Code   RO         5790    i.prvIdleTask       tasks.o
    0x080077d4   0x00000064   Code   RO         6054    i.prvUnlockQueue    queue.o
    0x08007838   0x000000fa   Code   RO         6181    i.put_fat           ff.o
    0x08007932   0x00000002   PAD
    0x08007934   0x000000b0   Code   RO         5750    i.pvPortMalloc      heap_2.o
    0x080079e4   0x00000018   Code   RO         5697    i.pxPortInitialiseStack  port.o
    0x080079fc   0x00000068   Code   RO         1766    i.raw_input         raw.o
    0x08007a64   0x00000062   Code   RO         6182    i.remove_chain      ff.o
    0x08007ac6   0x00000002   PAD
    0x08007ac8   0x00000028   Code   RO         2793    i.server_init       server.o
    0x08007af0   0x000000b8   Code   RO         6183    i.sync              ff.o
    0x08007ba8   0x00000042   Code   RO         2685    i.sys_arch_sem_wait  sys_arch.o
    0x08007bea   0x00000002   PAD
    0x08007bec   0x00000030   Code   RO         2686    i.sys_arch_timeouts  sys_arch.o
    0x08007c1c   0x0000001a   Code   RO         2692    i.sys_mbox_post     sys_arch.o
    0x08007c36   0x0000001a   Code   RO         2693    i.sys_mbox_trypost  sys_arch.o
    0x08007c50   0x00000032   Code   RO         2695    i.sys_sem_new       sys_arch.o
    0x08007c82   0x0000000a   Code   RO         2696    i.sys_sem_signal    sys_arch.o
    0x08007c8c   0x00000064   Code   RO         1831    i.sys_timeout       sys.o
    0x08007cf0   0x0000009c   Code   RO         1882    i.tcp_abandon       tcp.o
    0x08007d8c   0x00000004   Code   RO         1883    i.tcp_accept        tcp.o
    0x08007d90   0x00000006   Code   RO         1884    i.tcp_accept_null   tcp.o
    0x08007d96   0x00000002   PAD
    0x08007d98   0x000000f8   Code   RO         1885    i.tcp_alloc         tcp.o
    0x08007e90   0x00000004   Code   RO         1886    i.tcp_arg           tcp.o
    0x08007e94   0x000000c0   Code   RO         1887    i.tcp_bind          tcp.o
    0x08007f54   0x000000a0   Code   RO         1888    i.tcp_close         tcp.o
    0x08007ff4   0x000000c0   Code   RO         1889    i.tcp_connect       tcp.o
    0x080080b4   0x00000020   Code   RO         1891    i.tcp_eff_send_mss  tcp.o
    0x080080d4   0x0000033e   Code   RO         2130    i.tcp_enqueue       tcp_out.o
    0x08008412   0x00000006   Code   RO         1892    i.tcp_err           tcp.o
    0x08008418   0x00000060   Code   RO         1893    i.tcp_fasttmr       tcp.o
    0x08008478   0x0000030c   Code   RO         2072    i.tcp_input         tcp_in.o
    0x08008784   0x00000046   Code   RO         2131    i.tcp_keepalive     tcp_out.o
    0x080087ca   0x00000002   PAD
    0x080087cc   0x000000ec   Code   RO         2073    i.tcp_listen_input  tcp_in.o
    0x080088b8   0x00000084   Code   RO         1894    i.tcp_listen_with_backlog  tcp.o
    0x0800893c   0x00000006   Code   RO         1895    i.tcp_new           tcp.o
    0x08008942   0x00000002   PAD
    0x08008944   0x00000060   Code   RO         1896    i.tcp_new_port      tcp.o
    0x080089a4   0x00000010   Code   RO         1897    i.tcp_next_iss      tcp.o
    0x080089b4   0x00000090   Code   RO         2074    i.tcp_oos_insert_segment  tcp_in.o
    0x08008a44   0x000001ac   Code   RO         2132    i.tcp_output        tcp_out.o
    0x08008bf0   0x000000b4   Code   RO         2133    i.tcp_output_segment  tcp_out.o
    0x08008ca4   0x0000007c   Code   RO         2134    i.tcp_output_set_header  tcp_out.o
    0x08008d20   0x00000080   Code   RO         2075    i.tcp_parseopt      tcp_in.o
    0x08008da0   0x00000042   Code   RO         1898    i.tcp_pcb_purge     tcp.o
    0x08008de2   0x00000002   PAD
    0x08008de4   0x0000005c   Code   RO         1899    i.tcp_pcb_remove    tcp.o
    0x08008e40   0x00000354   Code   RO         2076    i.tcp_process       tcp_in.o
    0x08009194   0x000006a4   Code   RO         2077    i.tcp_receive       tcp_in.o
    0x08009838   0x00000006   Code   RO         1901    i.tcp_recv          tcp.o
    0x0800983e   0x00000024   Code   RO         1902    i.tcp_recv_null     tcp.o
    0x08009862   0x0000003a   Code   RO         1903    i.tcp_recved        tcp.o
    0x0800989c   0x00000048   Code   RO         2135    i.tcp_rexmit        tcp_out.o
    0x080098e4   0x0000005a   Code   RO         2136    i.tcp_rexmit_fast   tcp_out.o
    0x0800993e   0x0000002e   Code   RO         2137    i.tcp_rexmit_rto    tcp_out.o
    0x0800996c   0x0000009c   Code   RO         2138    i.tcp_rst           tcp_out.o
    0x08009a08   0x00000024   Code   RO         1904    i.tcp_seg_copy      tcp.o
    0x08009a2c   0x00000020   Code   RO         1905    i.tcp_seg_free      tcp.o
    0x08009a4c   0x0000001a   Code   RO         1906    i.tcp_segs_free     tcp.o
    0x08009a66   0x00000016   Code   RO         2139    i.tcp_send_ctrl     tcp_out.o
    0x08009a7c   0x00000056   Code   RO         2140    i.tcp_send_empty_ack  tcp_out.o
    0x08009ad2   0x00000002   PAD
    0x08009ad4   0x00000014   Code   RO         2794    i.tcp_server_accept  server.o
    0x08009ae8   0x00000034   Code   RO         2795    i.tcp_server_recv   server.o
    0x08009b1c   0x0000025c   Code   RO         1909    i.tcp_slowtmr       tcp.o
    0x08009d78   0x00000034   Code   RO         1160    i.tcp_timer_needed  tcpip.o
    0x08009dac   0x0000006c   Code   RO         2078    i.tcp_timewait_input  tcp_in.o
    0x08009e18   0x00000020   Code   RO         1910    i.tcp_tmr           tcp.o
    0x08009e38   0x00000034   Code   RO         1911    i.tcp_update_rcv_ann_wnd  tcp.o
    0x08009e6c   0x0000002e   Code   RO         2141    i.tcp_write         tcp_out.o
    0x08009e9a   0x00000090   Code   RO         2142    i.tcp_zero_window_probe  tcp_out.o
    0x08009f2a   0x00000002   PAD
    0x08009f2c   0x0000005c   Code   RO         1162    i.tcpip_callback_with_block  tcpip.o
    0x08009f88   0x00000038   Code   RO         1165    i.tcpip_tcp_timer   tcpip.o
    0x08009fc0   0x0000005c   Code   RO         2212    i.udp_bind          udp.o
    0x0800a01c   0x0000004c   Code   RO         2213    i.udp_connect       udp.o
    0x0800a068   0x00000018   Code   RO         2214    i.udp_disconnect    udp.o
    0x0800a080   0x00000190   Code   RO         2215    i.udp_input         udp.o
    0x0800a210   0x0000001a   Code   RO         2216    i.udp_new           udp.o
    0x0800a22a   0x00000006   Code   RO         2217    i.udp_recv          udp.o
    0x0800a230   0x0000002c   Code   RO         2218    i.udp_remove        udp.o
    0x0800a25c   0x00000008   Code   RO         2219    i.udp_send          udp.o
    0x0800a264   0x00000028   Code   RO         2220    i.udp_sendto        udp.o
    0x0800a28c   0x000000b0   Code   RO         2221    i.udp_sendto_if     udp.o
    0x0800a33c   0x000000fc   Code   RO         2796    i.udp_server_callback  server.o
    0x0800a438   0x00000070   Code   RO         2535    i.update_arp_entry  etharp.o
    0x0800a4a8   0x00000016   Code   RO         6016    i.vListInitialise   list.o
    0x0800a4be   0x00000006   Code   RO         6017    i.vListInitialiseItem  list.o
    0x0800a4c4   0x00000030   Code   RO         6018    i.vListInsert       list.o
    0x0800a4f4   0x0000001c   Code   RO         6019    i.vListInsertEnd    list.o
    0x0800a510   0x00000024   Code   RO         6020    i.vListRemove       list.o
    0x0800a534   0x00000014   Code   RO         5699    i.vPortEnterCritical  port.o
    0x0800a548   0x00000014   Code   RO         5700    i.vPortExitCritical  port.o
    0x0800a55c   0x0000003c   Code   RO         5751    i.vPortFree         heap_2.o
    0x0800a598   0x00000010   Code   RO         5701    i.vPortYieldFromISR  port.o
    0x0800a5a8   0x00000048   Code   RO         5793    i.vTaskDelay        tasks.o
    0x0800a5f0   0x0000007c   Code   RO         5796    i.vTaskIncrementTick  tasks.o
    0x0800a66c   0x0000000c   Code   RO         5797    i.vTaskMissedYield  tasks.o
    0x0800a678   0x00000054   Code   RO         5798    i.vTaskPlaceOnEventList  tasks.o
    0x0800a6cc   0x00000048   Code   RO         5799    i.vTaskPriorityDisinherit  tasks.o
    0x0800a714   0x00000064   Code   RO         5800    i.vTaskPriorityInherit  tasks.o
    0x0800a778   0x00000010   Code   RO         5803    i.vTaskSetTimeOutState  tasks.o
    0x0800a788   0x00000044   Code   RO         5804    i.vTaskStartScheduler  tasks.o
    0x0800a7cc   0x00000068   Code   RO         5805    i.vTaskSuspend      tasks.o
    0x0800a834   0x00000010   Code   RO         5806    i.vTaskSuspendAll   tasks.o
    0x0800a844   0x0000004c   Code   RO         5807    i.vTaskSwitchContext  tasks.o
    0x0800a890   0x00000020   Code   RO         6184    i.validate          ff.o
    0x0800a8b0   0x0000003c   Code   RO         5702    i.xPortStartScheduler  port.o
    0x0800a8ec   0x00000020   Code   RO         5703    i.xPortSysTickHandler  port.o
    0x0800a90c   0x0000005e   Code   RO         6058    i.xQueueCreate      queue.o
    0x0800a96a   0x00000002   PAD
    0x0800a96c   0x00000108   Code   RO         6061    i.xQueueGenericReceive  queue.o
    0x0800aa74   0x000000d2   Code   RO         6062    i.xQueueGenericSend  queue.o
    0x0800ab46   0x00000002   PAD
    0x0800ab48   0x0000004c   Code   RO         5808    i.xTaskCheckForTimeOut  tasks.o
    0x0800ab94   0x0000015c   Code   RO         5809    i.xTaskGenericCreate  tasks.o
    0x0800acf0   0x0000000c   Code   RO         5810    i.xTaskGetCurrentTaskHandle  tasks.o
    0x0800acfc   0x00000018   Code   RO         5811    i.xTaskGetTickCount  tasks.o
    0x0800ad14   0x00000060   Code   RO         5814    i.xTaskRemoveFromEventList  tasks.o
    0x0800ad74   0x000000b0   Code   RO         5815    i.xTaskResumeAll    tasks.o
    0x0800ae24   0x00000030   Data   RO         1540    .constdata          memp.o
    0x0800ae54   0x00000014   Data   RO         1912    .constdata          tcp.o
    0x0800ae68   0x00000004   Data   RO         2496    .constdata          ip_addr.o
    0x0800ae6c   0x00000004   Data   RO         2497    .constdata          ip_addr.o
    0x0800ae70   0x0000000c   Data   RO         2537    .constdata          etharp.o
    0x0800ae7c   0x00000050   Data   RO         5153    .constdata          stm322xg_eval.o
    0x0800aecc   0x000011d0   Data   RO         5280    .constdata          stm322xg_eval_lcd.o
    0x0800c09c   0x00000068   Data   RO         1913    .conststring        tcp.o
    0x0800c104   0x00000020   Data   RO         6716    Region$$Table       anon$$obj.o


    Execution Region RW_IRAM1 (Base: 0x20000000, Size: 0x000128f0, Max: 0x00020000, ABSOLUTE, COMPRESSED[0x000001bc])

    Base Addr    Size         Type   Attr      Idx    E Section Name        Object

    0x20000000   0x0000006c   Data   RW          182    .data               main.o
    0x2000006c   0x0000001c   Data   RW          308    .data               netconf.o
    0x20000088   0x0000001c   Data   RW          423    .data               stm32f2xx_it.o
    0x200000a4   0x00000008   Data   RW          515    .data               serial_debug.o
    0x200000ac   0x00000050   Data   RW          561    .data               usr_cpu.o
    0x200000fc   0x00000004   Data   RW          562    .data               usr_cpu.o
    0x20000100   0x00000010   Data   RW          666    .data               usr_sd.o
    0x20000110   0x00000084   Data   RW          728    .data               main_task.o
    0x20000194   0x00000018   Data   RW          729    .data               main_task.o
    0x200001ac   0x00000006   Data   RW          730    .data               main_task.o
    0x200001b2   0x00000002   PAD
    0x200001b4   0x00000010   Data   RW         1169    .data               tcpip.o
    0x200001c4   0x00000004   Data   RW         1310    .data               dhcp.o
    0x200001c8   0x00000010   Data   RW         1499    .data               mem.o
    0x200001d8   0x0000000c   Data   RW         1588    .data               netif.o
    0x200001e4   0x00000001   Data   RW         1671    .data               pbuf.o
    0x200001e5   0x00000003   PAD
    0x200001e8   0x00000004   Data   RW         1772    .data               raw.o
    0x200001ec   0x0000004c   Data   RW         1914    .data               tcp.o
    0x20000238   0x0000001c   Data   RW         2080    .data               tcp_in.o
    0x20000254   0x00000004   Data   RW         2222    .data               udp.o
    0x20000258   0x0000000c   Data   RW         2463    .data               ip.o
    0x20000264   0x00000001   Data   RW         2538    .data               etharp.o
    0x20000265   0x00000006   Data   RW         2634    .data               ethernetif.o
    0x2000026b   0x00000001   PAD
    0x2000026c   0x00000002   Data   RW         2699    .data               sys_arch.o
    0x2000026e   0x00000002   PAD
    0x20000270   0x00000118   Data   RW         2835    .data               helloworld.o
    0x20000388   0x00000010   Data   RW         3962    .data               stm32f2xx_rcc.o
    0x20000398   0x0000000c   Data   RW         4708    .data               stm32f2x7_eth.o
    0x200003a4   0x0000002c   Data   RW         5154    .data               stm322xg_eval.o
    0x200003d0   0x00000010   Data   RW         5284    .data               stm322xg_eval_lcd.o
    0x200003e0   0x00000014   Data   RW         5536    .data               stm32_eval_sdio_sd.o
    0x200003f4   0x00000004   Data   RW         5704    .data               port.o
    0x200003f8   0x00000018   Data   RW         5755    .data               heap_2.o
    0x20000410   0x00000038   Data   RW         5818    .data               tasks.o
    0x20000448   0x00000008   Data   RW         6185    .data               ff.o
    0x20000450   0x00000004   Data   RW         6692    .data               mc_w.l(stdout.o)
    0x20000454   0x00000038   Zero   RW          307    .bss                netconf.o
    0x2000048c   0x00000108   Zero   RW          422    .bss                stm32f2xx_it.o
    0x20000594   0x00000018   Zero   RW          514    .bss                serial_debug.o
    0x200005ac   0x00001010   Zero   RW          555    .bss                usr_cpu.o
    0x200015bc   0x000001f0   Zero   RW          556    .bss                usr_cpu.o
    0x200017ac   0x0000035c   Zero   RW          557    .bss                usr_cpu.o
    0x20001b08   0x00002328   Zero   RW          558    .bss                usr_cpu.o
    0x20003e30   0x00000017   Zero   RW          559    .bss                usr_cpu.o
    0x20003e47   0x00000001   PAD
    0x20003e48   0x000000a0   Zero   RW          560    .bss                usr_cpu.o
    0x20003ee8   0x0000068c   Zero   RW          663    .bss                usr_sd.o
    0x20004574   0x00000af0   Zero   RW          727    .bss                main_task.o
    0x20005064   0x0000015c   Zero   RW          768    .bss                usart_dma.o
    0x200051c0   0x00002014   Zero   RW         1498    .bss                mem.o
    0x200071d4   0x0000361b   Zero   RW         1539    .bss                memp.o
    0x2000a7ef   0x00000001   PAD
    0x2000a7f0   0x00000014   Zero   RW         2079    .bss                tcp_in.o
    0x2000a804   0x000000a0   Zero   RW         2536    .bss                etharp.o
    0x2000a8a4   0x00003cc8   Zero   RW         2630    .bss                ethernetif.o
    0x2000e56c   0x00000030   Zero   RW         2698    .bss                sys_arch.o
    0x2000e59c   0x00000190   Zero   RW         2834    .bss                helloworld.o
    0x2000e72c   0x0000000c   Zero   RW         4707    .bss                stm32f2x7_eth.o
    0x2000e738   0x000000c4   Zero   RW         5535    .bss                stm32_eval_sdio_sd.o
    0x2000e7fc   0x00000004   PAD
    0x2000e800   0x00003c00   Zero   RW         5754    .bss                heap_2.o
    0x20012400   0x000000f0   Zero   RW         5817    .bss                tasks.o
    0x200124f0   0x00000400   Zero   RW          169    STACK               startup_stm32f2xx.o


==============================================================================

Image component sizes


      Code (inc. data)   RO Data    RW Data    ZI Data      Debug   Object Name

         0          0          0          0          0        740   api_lib.o
       410         20          0          0          0       4326   autoip.o
      3302         74          0          4          0      20908   dhcp.o
       170          4          0          0          0       4300   diskio.o
      1346         46         12          1        160      10981   etharp.o
       564         50          0          6      15560       7003   ethernetif.o
      3892         44          0          8          0      21587   ff.o
       236         12          0         24      15360       4899   heap_2.o
       872        172          0        280        400       8101   helloworld.o
       474         12          0          0          0       3355   icmp.o
        20          0          0          0          0       3052   inet.o
       142          0          0          0          0       2825   inet_chksum.o
         0          0          0          0          0       1319   init.o
       688         24          0         12          0       6892   ip.o
        48          0          8          0          0       5781   ip_addr.o
       140          0          0          0          0       3289   list.o
       460         92          0        108          0      55501   main.o
       336         88          0        162       2800       3051   main_task.o
       654         30          0         16       8212       5686   mem.o
       144         20         48          0      13851       3438   memp.o
       120         18          0          0          0       1667   misc.o
       588        112          0         28         56      22199   netconf.o
       296         20          0         12          0       7686   netif.o
       950         20          0          1          0       9765   pbuf.o
       308         46          0          4          0       5937   port.o
       798          0          0          0          0       6502   queue.o
       104          4          0          4          0       1744   raw.o
       192         18          0          8         24       2429   serial_debug.o
       364         50          0          0          0       3408   server.o
        36          8        388          0       1024        796   startup_stm32f2xx.o
       772         82         80         44          0       7903   stm322xg_eval.o
       258         20       4560         16          0       6792   stm322xg_eval_lcd.o
      2948        152          0         20        196      24594   stm32_eval_sdio_sd.o
      1402        162          0         12         12      15856   stm32f2x7_eth.o
       420         18          0          0          0       2173   stm32f2x7_eth_bsp.o
       606         60          0          0          0       7253   stm32f2xx_dma.o
       112          4          0          0          0       1124   stm32f2xx_exti.o
       208          0          0          0          0       2495   stm32f2xx_gpio.o
       516         68          0         28        264      13190   stm32f2xx_it.o
       292         52          0         16          0       6350   stm32f2xx_rcc.o
       312         76          0          0          0      10471   stm32f2xx_sdio.o
        52         12          0          0          0       1266   stm32f2xx_syscfg.o
       366         10          0          0          0       6662   stm32f2xx_usart.o
       100          0          0          0          0       1250   sys.o
       226          8          0          2         48       5014   sys_arch.o
       212         32          0          0          0     271129   system_stm32f2xx.o
      1596        148          0         56        240      16107   tasks.o
      2386         92        124         76          0      26561   tcp.o
      3952         94          0         28         20      16537   tcp_in.o
      2294         14          0          0          0      11102   tcp_out.o
       200         38          0         16          0      11769   tcpip.o
       892         24          0          4          0      16601   udp.o
       596         50          0          0        348       3889   usart_dma.o
      3738        256          0         84      14651      24216   usr_cpu.o
       336         60          0         16       1676      11351   usr_sd.o

    ----------------------------------------------------------------------
     42520       2516       5252       1104      74908     760822   Object Totals
         0          0         32          0          0          0   (incl. Generated)
        74          0          0          8          6          0   (incl. Padding)

    ----------------------------------------------------------------------

      Code (inc. data)   RO Data    RW Data    ZI Data      Debug   Library Member Name

        92          0          0          0          0          0   __dczerorl2.o
         0          0          0          0          0          0   entry.o
         8          4          0          0          0          0   entry2.o
         4          0          0          0          0          0   entry5.o
         0          0          0          0          0          0   entry7b.o
         8          4          0          0          0          0   entry8.o
        30          0          0          0          0          0   handlers.o
        36          8          0          0          0         68   init.o
        30          0          0          0          0         68   llshl.o
        32          0          0          0          0         68   llushr.o
        26          0          0          0          0         80   memcmp.o
        36          0          0          0          0         68   memcpya.o
        36          0          0          0          0        108   memseta.o
      1208         60          0          0          0        504   printf8.o
         0          0          0          4          0          0   stdout.o
        24          0          0          0          0         76   strncpy.o
        98          0          0          0          0         92   uldiv.o

    ----------------------------------------------------------------------
      1672         76          0          4          0       1132   Library Totals
         4          0          0          0          0          0   (incl. Padding)

    ----------------------------------------------------------------------

      Code (inc. data)   RO Data    RW Data    ZI Data      Debug   Library Name

      1668         76          0          4          0       1132   mc_w.l

    ----------------------------------------------------------------------
      1672         76          0          4          0       1132   Library Totals

    ----------------------------------------------------------------------

==============================================================================


      Code (inc. data)   RO Data    RW Data    ZI Data      Debug   

     44192       2592       5252       1108      74908     740634   Grand Totals
     44192       2592       5252        444      74908     740634   ELF Image Totals (compressed)
     44192       2592       5252        444          0          0   ROM Totals

==============================================================================

    Total RO  Size (Code + RO Data)                49444 (  48.29kB)
    Total RW  Size (RW Data + ZI Data)             76016 (  74.23kB)
    Total ROM Size (Code + RO Data + RW Data)      49888 (  48.72kB)

==============================================================================

