<html>
<body>
<pre>
<h1>µVision Build Log</h1>
<h2>Project:</h2>
C:\stm32_test\STM32f207_now\STM32_backmode_dma\Project\center_freertos_stm32f207\MDK-ARM\center_freertos_stm32f207.uvproj
Project File Date:  12/30/2012

<h2>Output:</h2>
Build target 'center_freertos_stm32f207'
compiling system_stm32f2xx.c...
assembling startup_stm32f2xx.s...
compiling main.c...
..\src\main.c(95): warning:  #177-D: variable "PicTimer" was declared but never referenced
..\src\main.c(222): warning:  #167-D: argument of type "void (*)(void)" is incompatible with parameter of type "pdTASK_CODE"
..\src\main.c(226): warning:  #167-D: argument of type "void (*)(void)" is incompatible with parameter of type "pdTASK_CODE"
compiling main_task.c...
compiling netconf.c...
compiling serial_debug.c...
compiling stm32f2x7_eth_bsp.c...
compiling stm32f2xx_it.c...
compiling usart_dma.c...
compiling usr_cpu.c...
compiling usr_sd.c...
..\src\usr_sd.c(66): warning:  #550-D: variable "res" was set but never used
..\src\usr_sd.c(119): warning:  #550-D: variable "res" was set but never used
..\src\usr_sd.c(257): warning:  #177-D: variable "res" was declared but never referenced
compiling udp.c...
compiling dhcp.c...
compiling dns.c...
compiling init.c...
compiling mem.c...
compiling memp.c...
compiling netif.c...
compiling pbuf.c...
compiling raw.c...
compiling stats.c...
compiling sys.c...
compiling tcp.c...
compiling tcp_in.c...
compiling tcp_out.c...
..\..\..\Utilities\Third_Party\lwip\src\core\tcp_out.c(465): warning:  #550-D: variable "tcphdr" was set but never used
..\..\..\Utilities\Third_Party\lwip\src\core\tcp_out.c(935): warning:  #550-D: variable "tcphdr" was set but never used
compiling autoip.c...
compiling icmp.c...
compiling igmp.c...
compiling inet.c...
compiling inet_chksum.c...
compiling ip.c...
compiling ip_addr.c...
compiling ip_frag.c...
compiling etharp.c...
compiling loopif.c...
compiling slipif.c...
compiling helloworld.c...
..\..\..\Utilities\Third_Party\lwip\port\helloworld.c(285): warning:  #167-D: argument of type "void (*)(void *, struct tcp_pcb *, err_t)" is incompatible with parameter of type "err_t (*)(void *, struct tcp_pcb *, err_t)"
..\..\..\Utilities\Third_Party\lwip\port\helloworld.c(306): warning:  #550-D: variable "w" was set but never used
compiling server.c...
compiling ethernetif.c...
compiling sys_arch.c...
compiling stm32f2xx_dma.c...
compiling stm32f2xx_gpio.c...
compiling stm32f2xx_rcc.c...
compiling stm32f2xx_sdio.c...
compiling stm32f2xx_spi.c...
compiling stm32f2xx_usart.c...
compiling misc.c...
compiling stm32f2xx_syscfg.c...
compiling stm32f2xx_flash.c...
compiling stm32f2xx_rtc.c...
compiling stm32f2x7_eth.c...
..\..\..\Libraries\STM32F2x7_ETH_Driver\src\stm32f2x7_eth.c(1692): warning:  #167-D: argument of type "volatile ETH_DMADESCTypeDef *" is incompatible with parameter of type "ETH_DMADESCTypeDef *"
compiling stm32_eval_sdio_sd.c...
compiling stm32_eval.c...
compiling croutine.c...
compiling list.c...
compiling queue.c...
compiling tasks.c...
compiling port.c...
compiling heap_2.c...
compiling diskio.c...
compiling ff.c...
linking...
.\STM322xG_EVAL\center_freertos_stm32f207.axf: Error: L6218E: Undefined symbol LCD_DisplayStringLine (referred from usr_cpu.o).
.\STM322xG_EVAL\center_freertos_stm32f207.axf: Error: L6218E: Undefined symbol LCD_GetFont (referred from usr_cpu.o).
.\STM322xG_EVAL\center_freertos_stm32f207.axf: Error: L6218E: Undefined symbol tcpip_callback_with_block (referred from pbuf.o).
.\STM322xG_EVAL\center_freertos_stm32f207.axf: Error: L6218E: Undefined symbol tcp_timer_needed (referred from tcp.o).
.\STM322xG_EVAL\center_freertos_stm32f207.axf: Error: L6218E: Undefined symbol EXTI_Init (referred from stm32_eval.o).
.\STM322xG_EVAL\center_freertos_stm32f207.axf: Error: L6218E: Undefined symbol I2C_Cmd (referred from stm32_eval.o).
.\STM322xG_EVAL\center_freertos_stm32f207.axf: Error: L6218E: Undefined symbol I2C_DeInit (referred from stm32_eval.o).
Target not created
Build target 'center_freertos_stm32f207'
compiling stm32f2xx_exti.c...
compiling stm32f2xx_i2c.c...
linking...
.\STM322xG_EVAL\center_freertos_stm32f207.axf: Error: L6218E: Undefined symbol LCD_DisplayStringLine (referred from usr_cpu.o).
.\STM322xG_EVAL\center_freertos_stm32f207.axf: Error: L6218E: Undefined symbol LCD_GetFont (referred from usr_cpu.o).
.\STM322xG_EVAL\center_freertos_stm32f207.axf: Error: L6218E: Undefined symbol tcpip_callback_with_block (referred from pbuf.o).
.\STM322xG_EVAL\center_freertos_stm32f207.axf: Error: L6218E: Undefined symbol tcp_timer_needed (referred from tcp.o).
Target not created
Build target 'center_freertos_stm32f207'
compiling stm322xg_eval_lcd.c...
linking...
.\STM322xG_EVAL\center_freertos_stm32f207.axf: Error: L6218E: Undefined symbol tcpip_callback_with_block (referred from pbuf.o).
.\STM322xG_EVAL\center_freertos_stm32f207.axf: Error: L6218E: Undefined symbol tcp_timer_needed (referred from tcp.o).
.\STM322xG_EVAL\center_freertos_stm32f207.axf: Error: L6218E: Undefined symbol FSMC_NORSRAMCmd (referred from stm322xg_eval_lcd.o).
.\STM322xG_EVAL\center_freertos_stm32f207.axf: Error: L6218E: Undefined symbol FSMC_NORSRAMDeInit (referred from stm322xg_eval_lcd.o).
.\STM322xG_EVAL\center_freertos_stm32f207.axf: Error: L6218E: Undefined symbol FSMC_NORSRAMInit (referred from stm322xg_eval_lcd.o).
Target not created
Build target 'center_freertos_stm32f207'
compiling stm32f2xx_fsmc.c...
linking...
.\STM322xG_EVAL\center_freertos_stm32f207.axf: Error: L6218E: Undefined symbol tcpip_callback_with_block (referred from pbuf.o).
.\STM322xG_EVAL\center_freertos_stm32f207.axf: Error: L6218E: Undefined symbol tcp_timer_needed (referred from tcp.o).
Target not created
Build target 'center_freertos_stm32f207'
compiling tcpip.c...
linking...
Program Size: Code=61544 RO-data=5344 RW-data=1132 ZI-data=74980  
FromELF: creating hex file...
".\STM322xG_EVAL\center_freertos_stm32f207.axf" - 0 Error(s), 0 Warning(s).
Load "C:\\stm32_test\\STM32f207_now\\STM32_backmode_dma\\Project\\center_freertos_stm32f207\\MDK-ARM\\STM322xG_EVAL\\center_freertos_stm32f207.AXF" 
Set JLink Project File to "C:\stm32_test\STM32f207_now\STM32_backmode_dma\Project\center_freertos_stm32f207\MDK-ARM\JLinkSettings.ini"
 
JLink info:
------------
DLL: V4.15n, compiled Jun 18 2010 19:55:09
Firmware: J-Link ARM V8 compiled May 20 2010 17:07:46
Hardware: V8.00
S/N : 20100214 
Feature(s) : RDI,FlashDL,FlashBP,JFlash,GDBFull 
 
* JLink Info: TotalIRLen = 9, IRPrint = 0x0011
* JLink Info: Found Cortex-M3 r2p0, Little endian.
* JLink Info: TPIU fitted.
* JLink Info: ETM fitted.
* JLink Info:   FPUnit: 6 code (BP) slots and 2 literal slots
ROMTableAddr = 0xE00FF003
 
Target info:
------------
Device: STM32F207VG
VTarget = 3.306V
State of Pins: 
TCK: 1, TDI: 0, TDO: 1, TMS: 0, TRES: 1, TRST: 1
Hardware-Breakpoints: 6
Software-Breakpoints: 2048
Watchpoints:          4
JTAG speed: 9600 kHz
 
Erase Done.
Programming Done.
Verify OK.
* JLink Info: TotalIRLen = 9, IRPrint = 0x0011
* JLink Info: Found Cortex-M3 r2p0, Little endian.
* JLink Info: TPIU fitted.
* JLink Info: ETM fitted.
* JLink Info:   FPUnit: 6 code (BP) slots and 2 literal slots
Application running ...
Build target 'center_freertos_stm32f207'
linking...
Program Size: Code=61544 RO-data=5344 RW-data=1132 ZI-data=74980  
FromELF: creating hex file...
".\STM322xG_EVAL\center_freertos_stm32f207.axf" - 0 Error(s), 0 Warning(s).
Rebuild target 'center_freertos_stm32f207'
compiling system_stm32f2xx.c...
assembling startup_stm32f2xx.s...
compiling main.c...
..\src\main.c(95): warning:  #177-D: variable "PicTimer" was declared but never referenced
..\src\main.c(222): warning:  #167-D: argument of type "void (*)(void)" is incompatible with parameter of type "pdTASK_CODE"
..\src\main.c(226): warning:  #167-D: argument of type "void (*)(void)" is incompatible with parameter of type "pdTASK_CODE"
compiling main_task.c...
compiling netconf.c...
compiling serial_debug.c...
compiling stm32f2x7_eth_bsp.c...
compiling stm32f2xx_it.c...
compiling usart_dma.c...
compiling usr_cpu.c...
compiling usr_sd.c...
..\src\usr_sd.c(66): warning:  #550-D: variable "res" was set but never used
..\src\usr_sd.c(119): warning:  #550-D: variable "res" was set but never used
..\src\usr_sd.c(257): warning:  #177-D: variable "res" was declared but never referenced
compiling udp.c...
compiling dhcp.c...
compiling dns.c...
compiling init.c...
compiling mem.c...
compiling memp.c...
compiling netif.c...
compiling pbuf.c...
compiling raw.c...
compiling stats.c...
compiling sys.c...
compiling tcp.c...
compiling tcp_in.c...
compiling tcp_out.c...
..\..\..\Utilities\Third_Party\lwip\src\core\tcp_out.c(465): warning:  #550-D: variable "tcphdr" was set but never used
..\..\..\Utilities\Third_Party\lwip\src\core\tcp_out.c(935): warning:  #550-D: variable "tcphdr" was set but never used
compiling autoip.c...
compiling icmp.c...
compiling igmp.c...
compiling inet.c...
compiling inet_chksum.c...
compiling ip.c...
compiling ip_addr.c...
compiling ip_frag.c...
compiling etharp.c...
compiling loopif.c...
compiling slipif.c...
compiling helloworld.c...
..\..\..\Utilities\Third_Party\lwip\port\helloworld.c(285): warning:  #167-D: argument of type "void (*)(void *, struct tcp_pcb *, err_t)" is incompatible with parameter of type "err_t (*)(void *, struct tcp_pcb *, err_t)"
..\..\..\Utilities\Third_Party\lwip\port\helloworld.c(306): warning:  #550-D: variable "w" was set but never used
compiling server.c...
compiling ethernetif.c...
compiling sys_arch.c...
compiling tcpip.c...
compiling stm32f2xx_dma.c...
compiling stm32f2xx_gpio.c...
compiling stm32f2xx_rcc.c...
compiling stm32f2xx_sdio.c...
compiling stm32f2xx_spi.c...
compiling stm32f2xx_usart.c...
compiling misc.c...
compiling stm32f2xx_syscfg.c...
compiling stm32f2xx_flash.c...
compiling stm32f2xx_rtc.c...
compiling stm32f2xx_exti.c...
compiling stm32f2xx_i2c.c...
compiling stm32f2xx_fsmc.c...
compiling stm32f2x7_eth.c...
..\..\..\Libraries\STM32F2x7_ETH_Driver\src\stm32f2x7_eth.c(1692): warning:  #167-D: argument of type "volatile ETH_DMADESCTypeDef *" is incompatible with parameter of type "ETH_DMADESCTypeDef *"
compiling stm32_eval_sdio_sd.c...
compiling stm32_eval.c...
compiling stm322xg_eval_lcd.c...
compiling croutine.c...
compiling list.c...
compiling queue.c...
compiling tasks.c...
compiling port.c...
compiling heap_2.c...
compiling diskio.c...
compiling ff.c...
linking...
Program Size: Code=61672 RO-data=5344 RW-data=1136 ZI-data=74984  
FromELF: creating hex file...
".\STM322xG_EVAL\center_freertos_stm32f207.axf" - 0 Error(s), 11 Warning(s).
Rebuild target 'center_freertos_stm32f207'
compiling system_stm32f2xx.c...
assembling startup_stm32f2xx.s...
compiling main.c...
..\src\main.c(95): warning:  #177-D: variable "PicTimer" was declared but never referenced
..\src\main.c(222): warning:  #167-D: argument of type "void (*)(void)" is incompatible with parameter of type "pdTASK_CODE"
..\src\main.c(226): warning:  #167-D: argument of type "void (*)(void)" is incompatible with parameter of type "pdTASK_CODE"
compiling main_task.c...
compiling netconf.c...
compiling serial_debug.c...
compiling stm32f2x7_eth_bsp.c...
compiling stm32f2xx_it.c...
compiling usart_dma.c...
compiling usr_cpu.c...
compiling usr_sd.c...
..\src\usr_sd.c(66): warning:  #550-D: variable "res" was set but never used
..\src\usr_sd.c(119): warning:  #550-D: variable "res" was set but never used
..\src\usr_sd.c(257): warning:  #177-D: variable "res" was declared but never referenced
compiling udp.c...
compiling dhcp.c...
compiling dns.c...
compiling init.c...
compiling mem.c...
compiling memp.c...
compiling netif.c...
compiling pbuf.c...
compiling raw.c...
compiling stats.c...
compiling sys.c...
compiling tcp.c...
compiling tcp_in.c...
compiling tcp_out.c...
..\..\..\Utilities\Third_Party\lwip\src\core\tcp_out.c(465): warning:  #550-D: variable "tcphdr" was set but never used
..\..\..\Utilities\Third_Party\lwip\src\core\tcp_out.c(935): warning:  #550-D: variable "tcphdr" was set but never used
compiling autoip.c...
compiling icmp.c...
compiling igmp.c...
compiling inet.c...
compiling inet_chksum.c...
compiling ip.c...
compiling ip_addr.c...
compiling ip_frag.c...
compiling etharp.c...
compiling loopif.c...
compiling slipif.c...
compiling helloworld.c...
..\..\..\Utilities\Third_Party\lwip\port\helloworld.c(285): warning:  #167-D: argument of type "void (*)(void *, struct tcp_pcb *, err_t)" is incompatible with parameter of type "err_t (*)(void *, struct tcp_pcb *, err_t)"
..\..\..\Utilities\Third_Party\lwip\port\helloworld.c(306): warning:  #550-D: variable "w" was set but never used
compiling server.c...
compiling ethernetif.c...
compiling sys_arch.c...
compiling tcpip.c...
compiling stm32f2xx_dma.c...
compiling stm32f2xx_gpio.c...
compiling stm32f2xx_rcc.c...
compiling stm32f2xx_sdio.c...
compiling stm32f2xx_spi.c...
compiling stm32f2xx_usart.c...
compiling misc.c...
compiling stm32f2xx_syscfg.c...
compiling stm32f2xx_flash.c...
compiling stm32f2xx_rtc.c...
compiling stm32f2xx_exti.c...
compiling stm32f2xx_i2c.c...
compiling stm32f2xx_fsmc.c...
compiling stm32f2x7_eth.c...
..\..\..\Libraries\STM32F2x7_ETH_Driver\src\stm32f2x7_eth.c(1692): warning:  #167-D: argument of type "volatile ETH_DMADESCTypeDef *" is incompatible with parameter of type "ETH_DMADESCTypeDef *"
compiling stm32_eval_sdio_sd.c...
compiling stm32_eval.c...
compiling stm322xg_eval_lcd.c...
compiling croutine.c...
compiling list.c...
compiling queue.c...
compiling tasks.c...
compiling port.c...
compiling heap_2.c...
compiling diskio.c...
compiling ff.c...
linking...
Program Size: Code=61676 RO-data=5344 RW-data=1136 ZI-data=74984  
FromELF: creating hex file...
".\STM322xG_EVAL\center_freertos_stm32f207.axf" - 0 Error(s), 11 Warning(s).
Load "C:\\stm32_test\\STM32f207_now\\STM32_backmode_dma\\Project\\center_freertos_stm32f207\\MDK-ARM\\STM322xG_EVAL\\center_freertos_stm32f207.AXF" 
Set JLink Project File to "C:\stm32_test\STM32f207_now\STM32_backmode_dma\Project\center_freertos_stm32f207\MDK-ARM\JLinkSettings.ini"
 
JLink info:
------------
DLL: V4.15n, compiled Jun 18 2010 19:55:09
Firmware: J-Link ARM V8 compiled May 20 2010 17:07:46
Hardware: V8.00
S/N : 20100214 
Feature(s) : RDI,FlashDL,FlashBP,JFlash,GDBFull 
 
* JLink Info: TotalIRLen = 9, IRPrint = 0x0011
* JLink Info: Found Cortex-M3 r2p0, Little endian.
* JLink Info: TPIU fitted.
* JLink Info: ETM fitted.
* JLink Info:   FPUnit: 6 code (BP) slots and 2 literal slots
ROMTableAddr = 0xE00FF003
 
Target info:
------------
Device: STM32F207VG
VTarget = 3.306V
State of Pins: 
TCK: 1, TDI: 0, TDO: 1, TMS: 0, TRES: 1, TRST: 1
Hardware-Breakpoints: 6
Software-Breakpoints: 2048
Watchpoints:          4
JTAG speed: 9600 kHz
 
Erase Done.
Programming Done.
Verify OK.
* JLink Info: TotalIRLen = 9, IRPrint = 0x0011
* JLink Info: Found Cortex-M3 r2p0, Little endian.
* JLink Info: TPIU fitted.
* JLink Info: ETM fitted.
* JLink Info:   FPUnit: 6 code (BP) slots and 2 literal slots
Application running ...
