Product: MDK-ARM Professional 5.10
Component: ARM Compiler 5.04 update 1 (build 49)
Tool: armlink [5040049]

==============================================================================

Section Cross References

    system_stm32f2xx.o(.text) refers to system_stm32f2xx.o(.data) for .data
    startup_stm32f2xx.o(RESET) refers to startup_stm32f2xx.o(STACK) for __initial_sp
    startup_stm32f2xx.o(RESET) refers to startup_stm32f2xx.o(.text) for Reset_Handler
    startup_stm32f2xx.o(RESET) refers to stm32f2xx_it.o(.text) for NMI_Handler
    startup_stm32f2xx.o(RESET) refers to port.o(.emb_text) for vPortSVCHandler
    startup_stm32f2xx.o(.text) refers to flash.o(.text) for HardFault_Handler_copy
    startup_stm32f2xx.o(.text) refers to system_stm32f2xx.o(.text) for SystemInit
    startup_stm32f2xx.o(.text) refers to entry.o(.ARM.Collect$$$$00000000) for __main
    main.o(.text) refers to usr_sd.o(.text) for Write_SystermState
    main.o(.text) refers to usr_net.o(.text) for Display_Periodic_Handle
    main.o(.text) refers to stm32_eval.o(.text) for STM_EVAL_LEDToggle
    main.o(.text) refers to net_server.o(.text) for Server_Function
    main.o(.text) refers to usr_bsp.o(.text) for Feed_IWDG
    main.o(.text) refers to flash.o(.text) for My_Clean_Data
    main.o(.text) refers to usr_api.o(.text) for Usart_ResetFunction
    main.o(.text) refers to usart_dma.o(.text) for UsartDMA_Send
    main.o(.text) refers to usr_cpu.o(.text) for Dev_Check_Living
    main.o(.text) refers to stm32f2x7_eth.o(.text) for ETH_Init
    main.o(.text) refers to main_time.o(.text) for UpdateTime_Send
    main.o(.text) refers to tasks.o(.text) for vTaskDelay
    main.o(.text) refers to misc.o(.text) for NVIC_SetVectorTable
    main.o(.text) refers to usart3_debug.o(.text) for Usart3_DebugInit
    main.o(.text) refers to stm32f2x7_eth_bsp.o(.text) for ETH_BSP_Config
    main.o(.text) refers to helloworld.o(.text) for Server_Task
    main.o(.text) refers to server.o(.text) for udp_port_reply
    main.o(.text) refers to usr_cpu.o(.data) for sys_info_change
    main.o(.text) refers to main.o(.data) for .data
    main.o(.text) refers to flash.o(.data) for center_NoID
    main.o(.text) refers to stm32f2x7_eth_bsp.o(.data) for eth_error
    main.o(.text) refers to usr_api.o(.data) for cmd_to_usart
    main.o(.text) refers to stm32f2x7_eth_bsp.o(.bss) for ETH_InitStructure
    main.o(.text) refers to ethernetif.o(.text) for EthernetTask
    stm32f2xx_it.o(.text) refers to main.o(.text) for Time_Update
    stm32f2xx_it.o(.text) refers to port.o(.text) for xPortSysTickHandler
    stm32f2xx_it.o(.text) refers to stm32f2x7_eth.o(.text) for ETH_GetDMAFlagStatus
    stm32f2xx_it.o(.text) refers to queue.o(.text) for xQueueGenericSendFromISR
    stm32f2xx_it.o(.text) refers to stm32f2xx_usart.o(.text) for USART_GetITStatus
    stm32f2xx_it.o(.text) refers to stm32_eval_sdio_sd.o(.text) for SD_ProcessIRQSrc
    stm32f2xx_it.o(.text) refers to stm32f2xx_dma.o(.text) for DMA_Cmd
    stm32f2xx_it.o(.text) refers to usart_dma.o(.text) for Fill_Buffer
    stm32f2xx_it.o(.text) refers to memcpya.o(.text) for __aeabi_memcpy
    stm32f2xx_it.o(.text) refers to stm32f2xx_exti.o(.text) for EXTI_GetITStatus
    stm32f2xx_it.o(.text) refers to stm32f2xx_rtc.o(.text) for RTC_GetITStatus
    stm32f2xx_it.o(.text) refers to ethernetif.o(.data) for s_xSemaphore
    stm32f2xx_it.o(.text) refers to usart_dma.o(.data) for tx_now_send
    stm32f2xx_it.o(.text) refers to usart_dma.o(.bss) for TxBuffer_dma_save
    stm32f2xx_it.o(.text) refers to main.o(.data) for shake_happen
    usart_dma.o(.text) refers to usr_cpu.o(.text) for Zigbee_Cmd_Analysis
    usart_dma.o(.text) refers to main_time.o(.text) for TaskTimer_Check
    usart_dma.o(.text) refers to tasks.o(.text) for vTaskDelay
    usart_dma.o(.text) refers to stm32f2xx_dma.o(.text) for DMA_Cmd
    usart_dma.o(.text) refers to stm32f2xx_rcc.o(.text) for RCC_AHB1PeriphClockCmd
    usart_dma.o(.text) refers to stm32f2xx_gpio.o(.text) for GPIO_PinAFConfig
    usart_dma.o(.text) refers to stm32f2xx_usart.o(.text) for USART_Init
    usart_dma.o(.text) refers to misc.o(.text) for NVIC_Init
    usart_dma.o(.text) refers to memseta.o(.text) for __aeabi_memclr4
    usart_dma.o(.text) refers to usart_dma.o(.bss) for .bss
    usart_dma.o(.text) refers to usart_dma.o(.data) for .data
    usart_dma.o(.text) refers to main.o(.data) for usart_reset_key
    usr_cpu.o(.text) refers to memseta.o(.text) for __aeabi_memclr
    usr_cpu.o(.text) refers to memcpya.o(.text) for __aeabi_memcpy4
    usr_cpu.o(.text) refers to tasks.o(.text) for vTaskDelay
    usr_cpu.o(.text) refers to tcp_out.o(.text) for tcp_write
    usr_cpu.o(.text) refers to main_time.o(.text) for Get_RTCtime
    usr_cpu.o(.text) refers to usr_sd.o(.text) for Write_Warn_Date
    usr_cpu.o(.text) refers to usr_cpu.o(.data) for .data
    usr_cpu.o(.text) refers to main.o(.data) for usart_reset_key
    usr_cpu.o(.text) refers to usr_api.o(.data) for cmd_to_usart
[...]
    SPI_Cmd                                  0x080134e1   Thumb Code    20  stm32f2xx_spi.o(.text)
    I2S_Cmd                                  0x080134f5   Thumb Code    20  stm32f2xx_spi.o(.text)
    SPI_DataSizeConfig                       0x08013509   Thumb Code    16  stm32f2xx_spi.o(.text)
    SPI_BiDirectionalLineConfig              0x08013519   Thumb Code    22  stm32f2xx_spi.o(.text)
    SPI_NSSInternalSoftwareConfig            0x0801352f   Thumb Code    24  stm32f2xx_spi.o(.text)
    SPI_SSOutputCmd                          0x08013547   Thumb Code    20  stm32f2xx_spi.o(.text)
    SPI_TIModeCmd                            0x0801355b   Thumb Code    20  stm32f2xx_spi.o(.text)
    SPI_I2S_ReceiveData                      0x0801356f   Thumb Code     4  stm32f2xx_spi.o(.text)
    SPI_I2S_SendData                         0x08013573   Thumb Code     4  stm32f2xx_spi.o(.text)
    SPI_CalculateCRC                         0x08013577   Thumb Code    20  stm32f2xx_spi.o(.text)
    SPI_TransmitCRC                          0x0801358b   Thumb Code    10  stm32f2xx_spi.o(.text)
    SPI_GetCRC                               0x08013595   Thumb Code    12  stm32f2xx_spi.o(.text)
    SPI_GetCRCPolynomial                     0x080135a1   Thumb Code     4  stm32f2xx_spi.o(.text)
    SPI_I2S_DMACmd                           0x080135a5   Thumb Code    16  stm32f2xx_spi.o(.text)
    SPI_I2S_ITConfig                         0x080135b5   Thumb Code    24  stm32f2xx_spi.o(.text)
    SPI_I2S_GetFlagStatus                    0x080135cd   Thumb Code    14  stm32f2xx_spi.o(.text)
    SPI_I2S_ClearFlag                        0x080135db   Thumb Code     6  stm32f2xx_spi.o(.text)
    SPI_I2S_GetITStatus                      0x080135e1   Thumb Code    42  stm32f2xx_spi.o(.text)
    SPI_I2S_ClearITPendingBit                0x0801360b   Thumb Code    14  stm32f2xx_spi.o(.text)
    USART_DeInit                             0x0801362d   Thumb Code   114  stm32f2xx_usart.o(.text)
    USART_Init                               0x0801369f   Thumb Code   164  stm32f2xx_usart.o(.text)
    USART_StructInit                         0x08013743   Thumb Code    22  stm32f2xx_usart.o(.text)
    USART_ClockInit                          0x08013759   Thumb Code    28  stm32f2xx_usart.o(.text)
    USART_ClockStructInit                    0x08013775   Thumb Code    12  stm32f2xx_usart.o(.text)
    USART_Cmd                                0x08013781   Thumb Code    20  stm32f2xx_usart.o(.text)
    USART_SetPrescaler                       0x08013795   Thumb Code    16  stm32f2xx_usart.o(.text)
    USART_OverSampling8Cmd                   0x080137a5   Thumb Code    20  stm32f2xx_usart.o(.text)
    USART_OneBitMethodCmd                    0x080137b9   Thumb Code    20  stm32f2xx_usart.o(.text)
    USART_SendData                           0x080137cd   Thumb Code     8  stm32f2xx_usart.o(.text)
    USART_ReceiveData                        0x080137d5   Thumb Code     8  stm32f2xx_usart.o(.text)
    USART_SetAddress                         0x080137dd   Thumb Code    16  stm32f2xx_usart.o(.text)
    USART_ReceiverWakeUpCmd                  0x080137ed   Thumb Code    20  stm32f2xx_usart.o(.text)
    USART_WakeUpConfig                       0x08013801   Thumb Code    16  stm32f2xx_usart.o(.text)
    USART_LINBreakDetectLengthConfig         0x08013811   Thumb Code    16  stm32f2xx_usart.o(.text)
    USART_LINCmd                             0x08013821   Thumb Code    20  stm32f2xx_usart.o(.text)
    USART_SendBreak                          0x08013835   Thumb Code    10  stm32f2xx_usart.o(.text)
    USART_HalfDuplexCmd                      0x0801383f   Thumb Code    20  stm32f2xx_usart.o(.text)
    USART_SetGuardTime                       0x08013853   Thumb Code    16  stm32f2xx_usart.o(.text)
    USART_SmartCardCmd                       0x08013863   Thumb Code    20  stm32f2xx_usart.o(.text)
    USART_SmartCardNACKCmd                   0x08013877   Thumb Code    20  stm32f2xx_usart.o(.text)
    USART_IrDAConfig                         0x0801388b   Thumb Code    16  stm32f2xx_usart.o(.text)
    USART_IrDACmd                            0x0801389b   Thumb Code    20  stm32f2xx_usart.o(.text)
    USART_DMACmd                             0x080138af   Thumb Code    16  stm32f2xx_usart.o(.text)
    USART_ITConfig                           0x080138bf   Thumb Code    48  stm32f2xx_usart.o(.text)
    USART_GetFlagStatus                      0x080138ef   Thumb Code    14  stm32f2xx_usart.o(.text)
    USART_ClearFlag                          0x080138fd   Thumb Code     6  stm32f2xx_usart.o(.text)
    USART_GetITStatus                        0x08013903   Thumb Code    62  stm32f2xx_usart.o(.text)
    USART_ClearITPendingBit                  0x08013941   Thumb Code    12  stm32f2xx_usart.o(.text)
    NVIC_PriorityGroupConfig                 0x08013965   Thumb Code    10  misc.o(.text)
    NVIC_Init                                0x0801396f   Thumb Code    96  misc.o(.text)
    NVIC_SetVectorTable                      0x080139cf   Thumb Code    14  misc.o(.text)
    NVIC_SystemLPConfig                      0x080139dd   Thumb Code    20  misc.o(.text)
    SysTick_CLKSourceConfig                  0x080139f1   Thumb Code    24  misc.o(.text)
    SYSCFG_DeInit                            0x08013a15   Thumb Code    24  stm32f2xx_syscfg.o(.text)
    SYSCFG_MemoryRemapConfig                 0x08013a2d   Thumb Code     6  stm32f2xx_syscfg.o(.text)
    SYSCFG_EXTILineConfig                    0x08013a33   Thumb Code    42  stm32f2xx_syscfg.o(.text)
    SYSCFG_ETH_MediaInterfaceConfig          0x08013a5d   Thumb Code     8  stm32f2xx_syscfg.o(.text)
    SYSCFG_CompensationCellCmd               0x08013a65   Thumb Code     6  stm32f2xx_syscfg.o(.text)
    SYSCFG_GetCompensationCellStatus         0x08013a6b   Thumb Code    16  stm32f2xx_syscfg.o(.text)
    FLASH_SetLatency                         0x08013a8d   Thumb Code     6  stm32f2xx_flash.o(.text)
    FLASH_PrefetchBufferCmd                  0x08013a93   Thumb Code    22  stm32f2xx_flash.o(.text)
    FLASH_InstructionCacheCmd                0x08013aa9   Thumb Code    22  stm32f2xx_flash.o(.text)
    FLASH_DataCacheCmd                       0x08013abf   Thumb Code    22  stm32f2xx_flash.o(.text)
    FLASH_InstructionCacheReset              0x08013ad5   Thumb Code    12  stm32f2xx_flash.o(.text)
    FLASH_DataCacheReset                     0x08013ae1   Thumb Code    12  stm32f2xx_flash.o(.text)
    FLASH_Unlock                             0x08013aed   Thumb Code    24  stm32f2xx_flash.o(.text)
    FLASH_Lock                               0x08013b05   Thumb Code    14  stm32f2xx_flash.o(.text)
    FLASH_GetStatus                          0x08013b13   Thumb Code    48  stm32f2xx_flash.o(.text)
    FLASH_WaitForLastOperation               0x08013b43   Thumb Code    32  stm32f2xx_flash.o(.text)
    FLASH_EraseSector                        0x08013b63   Thumb Code   106  stm32f2xx_flash.o(.text)
    FLASH_EraseAllSectors                    0x08013bcd   Thumb Code    88  stm32f2xx_flash.o(.text)
    FLASH_ProgramDoubleWord                  0x08013c25   Thumb Code    62  stm32f2xx_flash.o(.text)
    FLASH_ProgramWord                        0x08013c63   Thumb Code    58  stm32f2xx_flash.o(.text)
    FLASH_ProgramHalfWord                    0x08013c9d   Thumb Code    58  stm32f2xx_flash.o(.text)
    FLASH_ProgramByte                        0x08013cd7   Thumb Code    54  stm32f2xx_flash.o(.text)
    FLASH_OB_Unlock                          0x08013d0d   Thumb Code    24  stm32f2xx_flash.o(.text)
    FLASH_OB_Lock                            0x08013d25   Thumb Code    14  stm32f2xx_flash.o(.text)
    FLASH_OB_WRPConfig                       0x08013d33   Thumb Code    32  stm32f2xx_flash.o(.text)
    FLASH_OB_RDPConfig                       0x08013d53   Thumb Code    20  stm32f2xx_flash.o(.text)
    FLASH_OB_UserConfig                      0x08013d67   Thumb Code    36  stm32f2xx_flash.o(.text)
    FLASH_OB_BORConfig                       0x08013d8b   Thumb Code    20  stm32f2xx_flash.o(.text)
    FLASH_OB_Launch                          0x08013d9f   Thumb Code    14  stm32f2xx_flash.o(.text)
    FLASH_OB_GetUser                         0x08013dad   Thumb Code    12  stm32f2xx_flash.o(.text)
    FLASH_OB_GetWRP                          0x08013db9   Thumb Code     8  stm32f2xx_flash.o(.text)
    FLASH_OB_GetRDP                          0x08013dc1   Thumb Code    16  stm32f2xx_flash.o(.text)
    FLASH_OB_GetBOR                          0x08013dd1   Thumb Code    12  stm32f2xx_flash.o(.text)
    FLASH_ITConfig                           0x08013ddd   Thumb Code    20  stm32f2xx_flash.o(.text)
    FLASH_GetFlagStatus                      0x08013df1   Thumb Code    18  stm32f2xx_flash.o(.text)
    FLASH_ClearFlag                          0x08013e03   Thumb Code     8  stm32f2xx_flash.o(.text)
    RTC_WaitForSynchro                       0x08013e21   Thumb Code    68  stm32f2xx_rtc.o(.text)
    RTC_EnterInitMode                        0x08013e65   Thumb Code    58  stm32f2xx_rtc.o(.text)
    RTC_DeInit                               0x08013e9f   Thumb Code   142  stm32f2xx_rtc.o(.text)
    RTC_ExitInitMode                         0x08013f2d   Thumb Code    14  stm32f2xx_rtc.o(.text)
    RTC_Init                                 0x08013f3b   Thumb Code    74  stm32f2xx_rtc.o(.text)
    RTC_StructInit                           0x08013f85   Thumb Code    14  stm32f2xx_rtc.o(.text)
    RTC_WriteProtectionCmd                   0x08013f93   Thumb Code    18  stm32f2xx_rtc.o(.text)
    RTC_RefClockCmd                          0x08013fa5   Thumb Code    56  stm32f2xx_rtc.o(.text)
    RTC_SetTime                              0x08013fdd   Thumb Code   140  stm32f2xx_rtc.o(.text)
    RTC_TimeStructInit                       0x08014069   Thumb Code    12  stm32f2xx_rtc.o(.text)
    RTC_GetTime                              0x08014075   Thumb Code    70  stm32f2xx_rtc.o(.text)
    RTC_SetDate                              0x080140bb   Thumb Code   136  stm32f2xx_rtc.o(.text)
    RTC_DateStructInit                       0x08014143   Thumb Code    14  stm32f2xx_rtc.o(.text)
    RTC_GetDate                              0x08014151   Thumb Code    66  stm32f2xx_rtc.o(.text)
    RTC_SetAlarm                             0x08014193   Thumb Code   176  stm32f2xx_rtc.o(.text)
    RTC_AlarmStructInit                      0x08014243   Thumb Code    20  stm32f2xx_rtc.o(.text)
    RTC_GetAlarm                             0x08014257   Thumb Code   102  stm32f2xx_rtc.o(.text)
    RTC_AlarmCmd                             0x080142bd   Thumb Code    80  stm32f2xx_rtc.o(.text)
    RTC_WakeUpClockConfig                    0x0801430d   Thumb Code    36  stm32f2xx_rtc.o(.text)
    RTC_SetWakeUpCounter                     0x08014331   Thumb Code    24  stm32f2xx_rtc.o(.text)
    RTC_GetWakeUpCounter                     0x08014349   Thumb Code    10  stm32f2xx_rtc.o(.text)
    RTC_WakeUpCmd                            0x08014353   Thumb Code    86  stm32f2xx_rtc.o(.text)
    RTC_DayLightSavingConfig                 0x080143a9   Thumb Code    40  stm32f2xx_rtc.o(.text)
    RTC_GetStoreOperation                    0x080143d1   Thumb Code    12  stm32f2xx_rtc.o(.text)
    RTC_OutputConfig                         0x080143dd   Thumb Code    40  stm32f2xx_rtc.o(.text)
    RTC_CoarseCalibConfig                    0x08014405   Thumb Code    48  stm32f2xx_rtc.o(.text)
    RTC_CoarseCalibCmd                       0x08014435   Thumb Code    58  stm32f2xx_rtc.o(.text)
    RTC_CalibOutputCmd                       0x0801446f   Thumb Code    40  stm32f2xx_rtc.o(.text)
    RTC_TimeStampCmd                         0x08014497   Thumb Code    44  stm32f2xx_rtc.o(.text)
    RTC_GetTimeStamp                         0x080144c3   Thumb Code   130  stm32f2xx_rtc.o(.text)
    RTC_TamperTriggerConfig                  0x08014545   Thumb Code    24  stm32f2xx_rtc.o(.text)
    RTC_TamperCmd                            0x0801455d   Thumb Code    20  stm32f2xx_rtc.o(.text)
    RTC_WriteBackupRegister                  0x08014571   Thumb Code    16  stm32f2xx_rtc.o(.text)
    RTC_ReadBackupRegister                   0x08014581   Thumb Code    16  stm32f2xx_rtc.o(.text)
    RTC_TamperPinSelection                   0x08014591   Thumb Code    20  stm32f2xx_rtc.o(.text)
    RTC_TimeStampPinSelection                0x080145a5   Thumb Code    20  stm32f2xx_rtc.o(.text)
    RTC_OutputTypeConfig                     0x080145b9   Thumb Code    20  stm32f2xx_rtc.o(.text)
    RTC_ITConfig                             0x080145cd   Thumb Code    62  stm32f2xx_rtc.o(.text)
    RTC_GetFlagStatus                        0x0801460b   Thumb Code    34  stm32f2xx_rtc.o(.text)
    RTC_ClearFlag                            0x0801462d   Thumb Code    22  stm32f2xx_rtc.o(.text)
    RTC_GetITStatus                          0x08014643   Thumb Code    48  stm32f2xx_rtc.o(.text)
    RTC_ClearITPendingBit                    0x08014673   Thumb Code    24  stm32f2xx_rtc.o(.text)
    EXTI_DeInit                              0x080146b9   Thumb Code    28  stm32f2xx_exti.o(.text)
    EXTI_Init                                0x080146d5   Thumb Code   108  stm32f2xx_exti.o(.text)
    EXTI_StructInit                          0x08014741   Thumb Code    14  stm32f2xx_exti.o(.text)
    EXTI_GenerateSWInterrupt                 0x0801474f   Thumb Code    12  stm32f2xx_exti.o(.text)
    EXTI_GetFlagStatus                       0x0801475b   Thumb Code    18  stm32f2xx_exti.o(.text)
    EXTI_ClearFlag                           0x0801476d   Thumb Code     8  stm32f2xx_exti.o(.text)
    EXTI_GetITStatus                         0x08014775   Thumb Code    28  stm32f2xx_exti.o(.text)
    EXTI_ClearITPendingBit                   0x08014791   Thumb Code     8  stm32f2xx_exti.o(.text)
    I2C_DeInit                               0x080147a1   Thumb Code    56  stm32f2xx_i2c.o(.text)
    I2C_Init                                 0x080147d9   Thumb Code   174  stm32f2xx_i2c.o(.text)
    I2C_StructInit                           0x08014887   Thumb Code    28  stm32f2xx_i2c.o(.text)
    I2C_Cmd                                  0x080148a3   Thumb Code    20  stm32f2xx_i2c.o(.text)
    I2C_GenerateSTART                        0x080148b7   Thumb Code    20  stm32f2xx_i2c.o(.text)
    I2C_GenerateSTOP                         0x080148cb   Thumb Code    20  stm32f2xx_i2c.o(.text)
    I2C_Send7bitAddress                      0x080148df   Thumb Code    16  stm32f2xx_i2c.o(.text)
    I2C_AcknowledgeConfig                    0x080148ef   Thumb Code    20  stm32f2xx_i2c.o(.text)
    I2C_OwnAddress2Config                    0x08014903   Thumb Code    16  stm32f2xx_i2c.o(.text)
    I2C_DualAddressCmd                       0x08014913   Thumb Code    20  stm32f2xx_i2c.o(.text)
    I2C_GeneralCallCmd                       0x08014927   Thumb Code    20  stm32f2xx_i2c.o(.text)
    I2C_SoftwareResetCmd                     0x0801493b   Thumb Code    20  stm32f2xx_i2c.o(.text)
    I2C_StretchClockCmd                      0x0801494f   Thumb Code    20  stm32f2xx_i2c.o(.text)
    I2C_FastModeDutyCycleConfig              0x08014963   Thumb Code    22  stm32f2xx_i2c.o(.text)
    I2C_NACKPositionConfig                   0x08014979   Thumb Code    22  stm32f2xx_i2c.o(.text)
    I2C_SMBusAlertConfig                     0x0801498f   Thumb Code    22  stm32f2xx_i2c.o(.text)
    I2C_ARPCmd                               0x080149a5   Thumb Code    20  stm32f2xx_i2c.o(.text)
    I2C_SendData                             0x080149b9   Thumb Code     4  stm32f2xx_i2c.o(.text)
    I2C_ReceiveData                          0x080149bd   Thumb Code     6  stm32f2xx_i2c.o(.text)
    I2C_TransmitPEC                          0x080149c3   Thumb Code    20  stm32f2xx_i2c.o(.text)
    I2C_PECPositionConfig                    0x080149d7   Thumb Code    22  stm32f2xx_i2c.o(.text)
    I2C_CalculatePEC                         0x080149ed   Thumb Code    20  stm32f2xx_i2c.o(.text)
    I2C_GetPEC                               0x08014a01   Thumb Code     6  stm32f2xx_i2c.o(.text)
    I2C_DMACmd                               0x08014a07   Thumb Code    20  stm32f2xx_i2c.o(.text)
    I2C_DMALastTransferCmd                   0x08014a1b   Thumb Code    20  stm32f2xx_i2c.o(.text)
    I2C_ReadRegister                         0x08014a2f   Thumb Code    10  stm32f2xx_i2c.o(.text)
    I2C_ITConfig                             0x08014a39   Thumb Code    16  stm32f2xx_i2c.o(.text)
    I2C_CheckEvent                           0x08014a49   Thumb Code    24  stm32f2xx_i2c.o(.text)
    I2C_GetLastEvent                         0x08014a61   Thumb Code    14  stm32f2xx_i2c.o(.text)
    I2C_GetFlagStatus                        0x08014a6f   Thumb Code    42  stm32f2xx_i2c.o(.text)
    I2C_ClearFlag                            0x08014a99   Thumb Code     6  stm32f2xx_i2c.o(.text)
    I2C_GetITStatus                          0x08014a9f   Thumb Code    36  stm32f2xx_i2c.o(.text)
    I2C_ClearITPendingBit                    0x08014ac3   Thumb Code     6  stm32f2xx_i2c.o(.text)
    PWR_DeInit                               0x08014add   Thumb Code    24  stm32f2xx_pwr.o(.text)
    PWR_BackupAccessCmd                      0x08014af5   Thumb Code     6  stm32f2xx_pwr.o(.text)
    PWR_PVDLevelConfig                       0x08014afb   Thumb Code    14  stm32f2xx_pwr.o(.text)
    PWR_PVDCmd                               0x08014b09   Thumb Code     6  stm32f2xx_pwr.o(.text)
    PWR_WakeUpPinCmd                         0x08014b0f   Thumb Code     8  stm32f2xx_pwr.o(.text)
    PWR_BackupRegulatorCmd                   0x08014b17   Thumb Code     8  stm32f2xx_pwr.o(.text)
    PWR_FlashPowerDownCmd                    0x08014b1f   Thumb Code     6  stm32f2xx_pwr.o(.text)
    PWR_EnterSTOPMode                        0x08014b25   Thumb Code    42  stm32f2xx_pwr.o(.text)
    PWR_EnterSTANDBYMode                     0x08014b4f   Thumb Code    32  stm32f2xx_pwr.o(.text)
    PWR_GetFlagStatus                        0x08014b6f   Thumb Code    16  stm32f2xx_pwr.o(.text)
    PWR_ClearFlag                            0x08014b7f   Thumb Code    12  stm32f2xx_pwr.o(.text)
    IWDG_WriteAccessCmd                      0x08014b99   Thumb Code     6  stm32f2xx_iwdg.o(.text)
    IWDG_SetPrescaler                        0x08014b9f   Thumb Code     6  stm32f2xx_iwdg.o(.text)
    IWDG_SetReload                           0x08014ba5   Thumb Code     6  stm32f2xx_iwdg.o(.text)
    IWDG_ReloadCounter                       0x08014bab   Thumb Code    10  stm32f2xx_iwdg.o(.text)
    IWDG_Enable                              0x08014bb5   Thumb Code    10  stm32f2xx_iwdg.o(.text)
    IWDG_GetFlagStatus                       0x08014bbf   Thumb Code    16  stm32f2xx_iwdg.o(.text)
    RNG_DeInit                               0x08014bd5   Thumb Code    22  stm32f2xx_rng.o(.text)
    RNG_Cmd                                  0x08014beb   Thumb Code    22  stm32f2xx_rng.o(.text)
    RNG_GetRandomNumber                      0x08014c01   Thumb Code     8  stm32f2xx_rng.o(.text)
    RNG_ITConfig                             0x08014c09   Thumb Code    22  stm32f2xx_rng.o(.text)
    RNG_GetFlagStatus                        0x08014c1f   Thumb Code    18  stm32f2xx_rng.o(.text)
    RNG_ClearFlag                            0x08014c31   Thumb Code    12  stm32f2xx_rng.o(.text)
    RNG_GetITStatus                          0x08014c3d   Thumb Code    18  stm32f2xx_rng.o(.text)
    RNG_ClearITPendingBit                    0x08014c4f   Thumb Code    12  stm32f2xx_rng.o(.text)
    ETH_DeInit                               0x08014c61   Thumb Code    24  stm32f2x7_eth.o(.text)
    ETH_StructInit                           0x08014c79   Thumb Code   136  stm32f2x7_eth.o(.text)
    ETH_WritePHYRegister                     0x08014d01   Thumb Code    76  stm32f2x7_eth.o(.text)
    ETH_ReadPHYRegister                      0x08014d4d   Thumb Code    80  stm32f2x7_eth.o(.text)
    ETH_Init                                 0x08014d9d   Thumb Code   504  stm32f2x7_eth.o(.text)
    ETH_DMAReceptionCmd                      0x08014f95   Thumb Code    22  stm32f2x7_eth.o(.text)
    ETH_DMATransmissionCmd                   0x08014fab   Thumb Code    22  stm32f2x7_eth.o(.text)
    ETH_MACReceptionCmd                      0x08014fc1   Thumb Code    22  stm32f2x7_eth.o(.text)
    ETH_FlushTransmitFIFO                    0x08014fd7   Thumb Code    12  stm32f2x7_eth.o(.text)
    ETH_MACTransmissionCmd                   0x08014fe3   Thumb Code    22  stm32f2x7_eth.o(.text)
    ETH_Start                                0x08014ff9   Thumb Code    32  stm32f2x7_eth.o(.text)
    ETH_GetFlowControlBusyStatus             0x08015019   Thumb Code    14  stm32f2x7_eth.o(.text)
    ETH_InitiatePauseControlFrame            0x08015027   Thumb Code    12  stm32f2x7_eth.o(.text)
    ETH_BackPressureActivationCmd            0x08015033   Thumb Code    22  stm32f2x7_eth.o(.text)
    ETH_GetMACFlagStatus                     0x08015049   Thumb Code    16  stm32f2x7_eth.o(.text)
    ETH_GetMACITStatus                       0x08015059   Thumb Code    16  stm32f2x7_eth.o(.text)
    ETH_MACITConfig                          0x08015069   Thumb Code    18  stm32f2x7_eth.o(.text)
    ETH_MACAddressConfig                     0x0801507b   Thumb Code    22  stm32f2x7_eth.o(.text)
    ETH_GetMACAddress                        0x08015091   Thumb Code    30  stm32f2x7_eth.o(.text)
    ETH_MACAddressPerfectFilterCmd           0x080150af   Thumb Code    24  stm32f2x7_eth.o(.text)
    ETH_MACAddressFilterConfig               0x080150c7   Thumb Code    24  stm32f2x7_eth.o(.text)
    ETH_MACAddressMaskBytesFilterConfig      0x080150df   Thumb Code    70  stm32f2x7_eth.o(.text)
    ETH_Get_Received_Frame                   0x08015125   Thumb Code    42  stm32f2x7_eth.o(.text)
    ETH_Get_Received_Frame_interrupt         0x0801514f   Thumb Code   134  stm32f2x7_eth.o(.text)
    ETH_Prepare_Transmit_Descriptors         0x080151d5   Thumb Code   164  stm32f2x7_eth.o(.text)
    ETH_DMARxDescChainInit                   0x08015279   Thumb Code    74  stm32f2x7_eth.o(.text)
    ETH_CheckFrameReceived                   0x080152c3   Thumb Code    96  stm32f2x7_eth.o(.text)
    ETH_DMATxDescChainInit                   0x08015323   Thumb Code    64  stm32f2x7_eth.o(.text)
    ETH_GetDMATxDescFlagStatus               0x08015363   Thumb Code    14  stm32f2x7_eth.o(.text)
    ETH_GetDMATxDescCollisionCount           0x08015371   Thumb Code     8  stm32f2x7_eth.o(.text)
    ETH_SetDMATxDescOwnBit                   0x08015379   Thumb Code    10  stm32f2x7_eth.o(.text)
    ETH_DMATxDescTransmitITConfig            0x08015383   Thumb Code    20  stm32f2x7_eth.o(.text)
    ETH_DMATxDescFrameSegmentConfig          0x08015397   Thumb Code     8  stm32f2x7_eth.o(.text)
    ETH_DMATxDescChecksumInsertionConfig     0x0801539f   Thumb Code     8  stm32f2x7_eth.o(.text)
    ETH_DMATxDescCRCCmd                      0x080153a7   Thumb Code    20  stm32f2x7_eth.o(.text)
    ETH_DMATxDescSecondAddressChainedCmd     0x080153bb   Thumb Code    20  stm32f2x7_eth.o(.text)
    ETH_DMATxDescShortFramePaddingCmd        0x080153cf   Thumb Code    20  stm32f2x7_eth.o(.text)
    ETH_DMATxDescBufferSizeConfig            0x080153e3   Thumb Code    12  stm32f2x7_eth.o(.text)
    ETH_GetDMARxDescFlagStatus               0x080153ef   Thumb Code    14  stm32f2x7_eth.o(.text)
    ETH_GetDMAPTPRxDescExtendedFlagStatus    0x080153fd   Thumb Code    14  stm32f2x7_eth.o(.text)
    ETH_SetDMARxDescOwnBit                   0x0801540b   Thumb Code    10  stm32f2x7_eth.o(.text)
    ETH_GetDMARxDescFrameLength              0x08015415   Thumb Code     8  stm32f2x7_eth.o(.text)
    ETH_DMARxDescReceiveITConfig             0x0801541d   Thumb Code    18  stm32f2x7_eth.o(.text)
    ETH_GetDMARxDescBufferSize               0x0801542f   Thumb Code    16  stm32f2x7_eth.o(.text)
    ETH_GetRxPktSize                         0x0801543f   Thumb Code    30  stm32f2x7_eth.o(.text)
    ETH_GetRxPktSize_1                       0x0801545d   Thumb Code    42  stm32f2x7_eth.o(.text)
    ETH_EnhancedDescriptorCmd                0x08015487   Thumb Code    22  stm32f2x7_eth.o(.text)
    ETH_SoftwareReset                        0x0801549d   Thumb Code    12  stm32f2x7_eth.o(.text)
    ETH_GetSoftwareResetStatus               0x080154a9   Thumb Code    14  stm32f2x7_eth.o(.text)
    ETH_GetDMAFlagStatus                     0x080154b7   Thumb Code    16  stm32f2x7_eth.o(.text)
    ETH_DMAClearFlag                         0x080154c7   Thumb Code     6  stm32f2x7_eth.o(.text)
    ETH_DMAITConfig                          0x080154cd   Thumb Code    18  stm32f2x7_eth.o(.text)
    ETH_GetDMAITStatus                       0x080154df   Thumb Code    16  stm32f2x7_eth.o(.text)
    ETH_DMAClearITPendingBit                 0x080154ef   Thumb Code     6  stm32f2x7_eth.o(.text)
    ETH_GetTransmitProcessState              0x080154f5   Thumb Code    10  stm32f2x7_eth.o(.text)
    ETH_GetReceiveProcessState               0x080154ff   Thumb Code    22  stm32f2x7_eth.o(.text)
    ETH_GetFlushTransmitFIFOStatus           0x08015515   Thumb Code    14  stm32f2x7_eth.o(.text)
    ETH_GetDMAOverflowStatus                 0x08015523   Thumb Code    16  stm32f2x7_eth.o(.text)
    ETH_GetRxOverflowMissedFrameCounter      0x08015533   Thumb Code    10  stm32f2x7_eth.o(.text)
    ETH_GetBufferUnavailableMissedFrameCounter 0x0801553d   Thumb Code     8  stm32f2x7_eth.o(.text)
    ETH_GetCurrentTxDescStartAddress         0x08015545   Thumb Code     6  stm32f2x7_eth.o(.text)
    ETH_GetCurrentRxDescStartAddress         0x0801554b   Thumb Code     6  stm32f2x7_eth.o(.text)
    ETH_GetCurrentTxBufferAddress            0x08015551   Thumb Code     6  stm32f2x7_eth.o(.text)
    ETH_GetCurrentRxBufferAddress            0x08015557   Thumb Code     6  stm32f2x7_eth.o(.text)
    ETH_ResumeDMATransmission                0x0801555d   Thumb Code     8  stm32f2x7_eth.o(.text)
    ETH_ResumeDMAReception                   0x08015565   Thumb Code     8  stm32f2x7_eth.o(.text)
    ETH_SetReceiveWatchdogTimer              0x0801556d   Thumb Code     6  stm32f2x7_eth.o(.text)
    ETH_PHYLoopBackCmd                       0x08015573   Thumb Code    40  stm32f2x7_eth.o(.text)
    ETH_ResetWakeUpFrameFilterRegisterPointer 0x0801559b   Thumb Code    12  stm32f2x7_eth.o(.text)
    ETH_SetWakeUpFrameFilterRegister         0x080155a7   Thumb Code    20  stm32f2x7_eth.o(.text)
    ETH_GlobalUnicastWakeUpCmd               0x080155bb   Thumb Code    22  stm32f2x7_eth.o(.text)
    ETH_GetPMTFlagStatus                     0x080155d1   Thumb Code    16  stm32f2x7_eth.o(.text)
    ETH_WakeUpFrameDetectionCmd              0x080155e1   Thumb Code    22  stm32f2x7_eth.o(.text)
    ETH_MagicPacketDetectionCmd              0x080155f7   Thumb Code    22  stm32f2x7_eth.o(.text)
    ETH_PowerDownCmd                         0x0801560d   Thumb Code    22  stm32f2x7_eth.o(.text)
    ETH_MMCCounterFullPreset                 0x08015623   Thumb Code    16  stm32f2x7_eth.o(.text)
    ETH_MMCCounterHalfPreset                 0x08015633   Thumb Code    28  stm32f2x7_eth.o(.text)
    ETH_MMCCounterFreezeCmd                  0x0801564f   Thumb Code    26  stm32f2x7_eth.o(.text)
    ETH_MMCResetOnReadCmd                    0x08015669   Thumb Code    26  stm32f2x7_eth.o(.text)
    ETH_MMCCounterRolloverCmd                0x08015683   Thumb Code    26  stm32f2x7_eth.o(.text)
    ETH_MMCCountersReset                     0x0801569d   Thumb Code    16  stm32f2x7_eth.o(.text)
    ETH_MMCITConfig                          0x080156ad   Thumb Code    50  stm32f2x7_eth.o(.text)
    ETH_GetMMCITStatus                       0x080156df   Thumb Code    36  stm32f2x7_eth.o(.text)
    ETH_GetMMCRegister                       0x08015703   Thumb Code     6  stm32f2x7_eth.o(.text)
    ETH_BSP_Config                           0x080157a5   Thumb Code   136  stm32f2x7_eth_bsp.o(.text)
    SD_DeInit                                0x08015905   Thumb Code     4  stm32_eval_sdio_sd.o(.text)
    SD_EnableWideBusOperation                0x08015bd3   Thumb Code   110  stm32_eval_sdio_sd.o(.text)
    SD_SelectDeselect                        0x08015c41   Thumb Code    38  stm32_eval_sdio_sd.o(.text)
    SD_GetCardInfo                           0x08015c67   Thumb Code   590  stm32_eval_sdio_sd.o(.text)
    SD_InitializeCards                       0x08015ee3   Thumb Code   248  stm32_eval_sdio_sd.o(.text)
    SD_PowerON                               0x08015fdb   Thumb Code   496  stm32_eval_sdio_sd.o(.text)
    SD_Init                                  0x080161cb   Thumb Code   140  stm32_eval_sdio_sd.o(.text)
    SD_SendStatus                            0x08016257   Thumb Code    66  stm32_eval_sdio_sd.o(.text)
    SD_Detect                                0x08016299   Thumb Code    30  stm32_eval_sdio_sd.o(.text)
    SD_GetState                              0x080162b7   Thumb Code    34  stm32_eval_sdio_sd.o(.text)
    SD_GetStatus                             0x080162d9   Thumb Code    26  stm32_eval_sdio_sd.o(.text)
    SD_PowerOFF                              0x080162f3   Thumb Code    14  stm32_eval_sdio_sd.o(.text)
    SD_SendSDStatus                          0x08016301   Thumb Code   336  stm32_eval_sdio_sd.o(.text)
    SD_GetCardStatus                         0x08016451   Thumb Code   128  stm32_eval_sdio_sd.o(.text)
    SD_ReadBlock                             0x080164d1   Thumb Code   164  stm32_eval_sdio_sd.o(.text)
    SD_ReadMultiBlocks                       0x08016575   Thumb Code   196  stm32_eval_sdio_sd.o(.text)
    SD_StopTransfer                          0x08016639   Thumb Code    36  stm32_eval_sdio_sd.o(.text)
    SD_WaitReadOperation                     0x0801665d   Thumb Code    88  stm32_eval_sdio_sd.o(.text)
    SD_WriteBlock                            0x080166b5   Thumb Code   160  stm32_eval_sdio_sd.o(.text)
    SD_WriteMultiBlocks                      0x08016755   Thumb Code   244  stm32_eval_sdio_sd.o(.text)
    SD_WaitWriteOperation                    0x08016849   Thumb Code    88  stm32_eval_sdio_sd.o(.text)
    SD_GetTransferState                      0x080168a1   Thumb Code    14  stm32_eval_sdio_sd.o(.text)
    SD_Erase                                 0x080169e9   Thumb Code   268  stm32_eval_sdio_sd.o(.text)
    SD_ProcessIRQSrc                         0x08016af5   Thumb Code   140  stm32_eval_sdio_sd.o(.text)
    SD_ProcessDMAIRQ                         0x08016b81   Thumb Code    30  stm32_eval_sdio_sd.o(.text)
    convert_from_bytes_to_power_of_two       0x08016b9f   Thumb Code    18  stm32_eval_sdio_sd.o(.text)
    STM_EVAL_LEDInit                         0x08016c2d   Thumb Code    62  stm32_eval.o(.text)
    STM_EVAL_LEDOn                           0x08016c6b   Thumb Code    18  stm32_eval.o(.text)
    STM_EVAL_LEDOff                          0x08016c7d   Thumb Code    18  stm32_eval.o(.text)
    STM_EVAL_LEDToggle                       0x08016c8f   Thumb Code    22  stm32_eval.o(.text)
    STM_EVAL_PBInit                          0x08016ca5   Thumb Code   154  stm32_eval.o(.text)
    STM_EVAL_PBGetState                      0x08016d3f   Thumb Code    20  stm32_eval.o(.text)
    STM_EVAL_COMInit                         0x08016d53   Thumb Code   190  stm32_eval.o(.text)
    SD_LowLevel_DeInit                       0x08016e11   Thumb Code   142  stm32_eval.o(.text)
    SD_LowLevel_Init                         0x08016e9f   Thumb Code   178  stm32_eval.o(.text)
    SD_LowLevel_DMA_TxConfig                 0x08016f51   Thumb Code   118  stm32_eval.o(.text)
    SD_LowLevel_DMA_RxConfig                 0x08016fc7   Thumb Code   140  stm32_eval.o(.text)
    SD_DMAEndOfTransferStatus                0x08017053   Thumb Code    10  stm32_eval.o(.text)
    sEE_LowLevel_DeInit                      0x0801705d   Thumb Code   132  stm32_eval.o(.text)
    sEE_LowLevel_Init                        0x080170e1   Thumb Code   292  stm32_eval.o(.text)
    sEE_LowLevel_DMAConfig                   0x08017205   Thumb Code    36  stm32_eval.o(.text)
    vListInitialise                          0x08017249   Thumb Code    22  list.o(.text)
    vListInitialiseItem                      0x0801725f   Thumb Code     6  list.o(.text)
    vListInsertEnd                           0x08017265   Thumb Code    28  list.o(.text)
    vListInsert                              0x08017281   Thumb Code    48  list.o(.text)
    vListRemove                              0x080172b1   Thumb Code    36  list.o(.text)
    xQueueGenericReset                       0x080172d5   Thumb Code    88  queue.o(.text)
    xQueueGenericCreate                      0x0801732d   Thumb Code    66  queue.o(.text)
    xQueueGenericSend                        0x0801742d   Thumb Code   208  queue.o(.text)
    xQueueCreateMutex                        0x080174fd   Thumb Code    68  queue.o(.text)
    xQueueCreateCountingSemaphore            0x08017541   Thumb Code    20  queue.o(.text)
    xQueueGenericSendFromISR                 0x08017555   Thumb Code    88  queue.o(.text)
    xQueueGenericReceive                     0x080175d5   Thumb Code   264  queue.o(.text)
    xQueueReceiveFromISR                     0x080176dd   Thumb Code    84  queue.o(.text)
    uxQueueMessagesWaiting                   0x08017731   Thumb Code    18  queue.o(.text)
    uxQueueMessagesWaitingFromISR            0x08017743   Thumb Code     4  queue.o(.text)
    vQueueDelete                             0x08017747   Thumb Code    20  queue.o(.text)
    xQueueIsQueueEmptyFromISR                0x0801775b   Thumb Code    12  queue.o(.text)
    xQueueIsQueueFullFromISR                 0x08017767   Thumb Code    16  queue.o(.text)
    xTaskGenericCreate                       0x08017779   Thumb Code   350  tasks.o(.text)
    vTaskDelete                              0x080178d7   Thumb Code    92  tasks.o(.text)
    vTaskIncrementTick                       0x08017933   Thumb Code   150  tasks.o(.text)
    xTaskResumeAll                           0x080179c9   Thumb Code   160  tasks.o(.text)
    vTaskSuspendAll                          0x08017a99   Thumb Code    10  tasks.o(.text)
    vTaskDelay                               0x08017aa3   Thumb Code    48  tasks.o(.text)
    uxTaskPriorityGet                        0x08017ad3   Thumb Code    24  tasks.o(.text)
    vTaskPrioritySet                         0x08017aeb   Thumb Code   144  tasks.o(.text)
    vTaskSwitchContext                       0x08017b7b   Thumb Code    66  tasks.o(.text)
    vTaskSuspend                             0x08017bbd   Thumb Code   110  tasks.o(.text)
    xTaskIsTaskSuspended                     0x08017c2b   Thumb Code    28  tasks.o(.text)
    vTaskResume                              0x08017c47   Thumb Code    86  tasks.o(.text)
    xTaskResumeFromISR                       0x08017c9d   Thumb Code    94  tasks.o(.text)
    vTaskStartScheduler                      0x08017d11   Thumb Code    50  tasks.o(.text)
    vTaskEndScheduler                        0x08017d43   Thumb Code    20  tasks.o(.text)
    xTaskGetTickCount                        0x08017d57   Thumb Code    18  tasks.o(.text)
    xTaskGetTickCountFromISR                 0x08017d69   Thumb Code    18  tasks.o(.text)
    uxTaskGetNumberOfTasks                   0x08017d7b   Thumb Code     6  tasks.o(.text)
    vTaskPlaceOnEventList                    0x08017d81   Thumb Code    50  tasks.o(.text)
    xTaskRemoveFromEventList                 0x08017db3   Thumb Code    82  tasks.o(.text)
    vTaskSetTimeOutState                     0x08017e05   Thumb Code    12  tasks.o(.text)
    xTaskCheckForTimeOut                     0x08017e11   Thumb Code    72  tasks.o(.text)
    vTaskMissedYield                         0x08017e59   Thumb Code     8  tasks.o(.text)
    xTaskGetCurrentTaskHandle                0x08017e61   Thumb Code     6  tasks.o(.text)
    vTaskPriorityInherit                     0x08017e67   Thumb Code    92  tasks.o(.text)
    vTaskPriorityDisinherit                  0x08017ec3   Thumb Code    66  tasks.o(.text)
    pxPortInitialiseStack                    0x08017f69   Thumb Code    28  port.o(.text)
    xPortStartScheduler                      0x08017f85   Thumb Code    46  port.o(.text)
    vPortEndScheduler                        0x08017fb3   Thumb Code     2  port.o(.text)
    vPortYieldFromISR                        0x08017fb5   Thumb Code    12  port.o(.text)
    vPortEnterCritical                       0x08017fc1   Thumb Code    16  port.o(.text)
    vPortExitCritical                        0x08017fd1   Thumb Code    16  port.o(.text)
    xPortSysTickHandler                      0x08017fe1   Thumb Code    28  port.o(.text)
    pvPortMalloc                             0x08018009   Thumb Code   170  heap_2.o(.text)
    vPortFree                                0x080180b3   Thumb Code    56  heap_2.o(.text)
    xPortGetFreeHeapSize                     0x080180eb   Thumb Code     6  heap_2.o(.text)
    vPortInitialiseBlocks                    0x080180f1   Thumb Code     2  heap_2.o(.text)
    disk_initialize                          0x080180fd   Thumb Code     4  diskio.o(.text)
    disk_status                              0x08018101   Thumb Code    18  diskio.o(.text)
    disk_read                                0x08018113   Thumb Code    48  diskio.o(.text)
    disk_write                               0x08018143   Thumb Code    48  diskio.o(.text)
    get_fattime                              0x08018173   Thumb Code     4  diskio.o(.text)
    disk_ioctl                               0x08018177   Thumb Code    34  diskio.o(.text)
    clust2sect                               0x080182bd   Thumb Code    24  ff.o(.text)
    get_fat                                  0x080182d5   Thumb Code   182  ff.o(.text)
    put_fat                                  0x0801838b   Thumb Code   248  ff.o(.text)
    f_mount                                  0x08018c4b   Thumb Code    62  ff.o(.text)
    f_open                                   0x08018c89   Thumb Code   308  ff.o(.text)
    f_read                                   0x08018dbd   Thumb Code   334  ff.o(.text)
    f_write                                  0x08018f0b   Thumb Code   402  ff.o(.text)
    f_sync                                   0x0801909d   Thumb Code   152  ff.o(.text)
    f_close                                  0x08019135   Thumb Code    18  ff.o(.text)
    f_lseek                                  0x08019147   Thumb Code   302  ff.o(.text)
    f_opendir                                0x08019275   Thumb Code    92  ff.o(.text)
    f_readdir                                0x080192d1   Thumb Code    76  ff.o(.text)
    f_stat                                   0x0801931d   Thumb Code    58  ff.o(.text)
    f_getfree                                0x08019357   Thumb Code   194  ff.o(.text)
    f_truncate                               0x08019419   Thumb Code   148  ff.o(.text)
    f_unlink                                 0x080194ad   Thumb Code   160  ff.o(.text)
    f_mkdir                                  0x0801954d   Thumb Code   348  ff.o(.text)
    f_chmod                                  0x080196a9   Thumb Code    74  ff.o(.text)
    f_utime                                  0x080196f3   Thumb Code    80  ff.o(.text)
    f_rename                                 0x08019743   Thumb Code   250  ff.o(.text)
    aes_setkey_enc                           0x08019881   Thumb Code   396  aes.o(.text)
    aes_setkey_dec                           0x08019a0d   Thumb Code   208  aes.o(.text)
    aes_crypt_ecb                            0x08019add   Thumb Code  1764  aes.o(.text)
    aes_crypt_cbc                            0x0801a1c1   Thumb Code   152  aes.o(.text)
    aes_crypt_cfb128                         0x0801a259   Thumb Code   118  aes.o(.text)
    md5_starts                               0x0801a2d1   Thumb Code    28  md5.o(.text)
    md5_update                               0x0801aa61   Thumb Code   112  md5.o(.text)
    md5_finish                               0x0801aad1   Thumb Code   190  md5.o(.text)
    md5                                      0x0801ab8f   Thumb Code    44  md5.o(.text)
    md5_file                                 0x0801abbb   Thumb Code   114  md5.o(.text)
    md5_hmac_starts                          0x0801ac2d   Thumb Code   106  md5.o(.text)
    md5_hmac_update                          0x0801ac97   Thumb Code     2  md5.o(.text)
    md5_hmac_finish                          0x0801ac99   Thumb Code   196  md5.o(.text)
    md5_hmac                                 0x0801ad5d   Thumb Code    50  md5.o(.text)
    sha1_starts                              0x0801ad91   Thumb Code    32  sha1.o(.text)
    sha1_update                              0x0801bfff   Thumb Code   112  sha1.o(.text)
    sha1_finish                              0x0801c06f   Thumb Code   212  sha1.o(.text)
    sha1                                     0x0801c143   Thumb Code    44  sha1.o(.text)
    sha1_file                                0x0801c16f   Thumb Code   114  sha1.o(.text)
    sha1_hmac_starts                         0x0801c1e1   Thumb Code   114  sha1.o(.text)
    sha1_hmac_update                         0x0801c253   Thumb Code     2  sha1.o(.text)
    sha1_hmac_finish                         0x0801c255   Thumb Code    62  sha1.o(.text)
    sha1_hmac                                0x0801c293   Thumb Code    50  sha1.o(.text)
    mktime                                   0x0801c2cd   Thumb Code   142  mktime.o(.text)
    __aeabi_memcpy                           0x0801c36d   Thumb Code    36  memcpya.o(.text)
    __aeabi_memcpy4                          0x0801c36d   Thumb Code     0  memcpya.o(.text)
    __aeabi_memcpy8                          0x0801c36d   Thumb Code     0  memcpya.o(.text)
    __aeabi_memset                           0x0801c391   Thumb Code    14  memseta.o(.text)
    __aeabi_memset4                          0x0801c391   Thumb Code     0  memseta.o(.text)
    __aeabi_memset8                          0x0801c391   Thumb Code     0  memseta.o(.text)
    __aeabi_memclr                           0x0801c39f   Thumb Code     4  memseta.o(.text)
    __aeabi_memclr4                          0x0801c39f   Thumb Code     0  memseta.o(.text)
    __aeabi_memclr8                          0x0801c39f   Thumb Code     0  memseta.o(.text)
    _memset$wrapper                          0x0801c3a3   Thumb Code    18  memseta.o(.text)
    strncpy                                  0x0801c3b5   Thumb Code    24  strncpy.o(.text)
    strlen                                   0x0801c3cd   Thumb Code    14  strlen.o(.text)
    strcmp                                   0x0801c3db   Thumb Code    28  strcmp.o(.text)
    memcmp                                   0x0801c3f7   Thumb Code    26  memcmp.o(.text)
    fgetc                                    0x0801c411   Thumb Code     8  fgetc.o(.text)
    __aeabi_uldivmod                         0x0801c419   Thumb Code    98  uldiv.o(.text)
    localtime                                0x0801c47d   Thumb Code     6  localtime_w.o(.text)
    _localtime                               0x0801c489   Thumb Code   122  localtime_i.o(.text)
    __scatterload                            0x0801c509   Thumb Code    28  init.o(.text)
    __scatterload_rt2                        0x0801c509   Thumb Code     0  init.o(.text)
    __aeabi_llsl                             0x0801c52d   Thumb Code    30  llshl.o(.text)
    __semihosting_library_function           0x0801c52d   Thumb Code     0  semi.o(.text)
    _ll_shift_l                              0x0801c52d   Thumb Code     0  llshl.o(.text)
    __aeabi_llsr                             0x0801c54b   Thumb Code    32  llushr.o(.text)
    _ll_ushift_r                             0x0801c54b   Thumb Code     0  llushr.o(.text)
    __I$use$semihosting$fgetc                0x0801c56b   Thumb Code     0  iusesemig.o(.text)
    __decompress                             0x0801c56b   Thumb Code     0  __dczerorl2.o(.text)
    __decompress1                            0x0801c56b   Thumb Code    86  __dczerorl2.o(.text)
    __0printf$8                              0x0801c5c1   Thumb Code    22  printf8.o(i.__0printf$8)
    __1printf$8                              0x0801c5c1   Thumb Code     0  printf8.o(i.__0printf$8)
    __2printf                                0x0801c5c1   Thumb Code     0  printf8.o(i.__0printf$8)
    __0sprintf$8                             0x0801c5e1   Thumb Code    34  printf8.o(i.__0sprintf$8)
    __1sprintf$8                             0x0801c5e1   Thumb Code     0  printf8.o(i.__0sprintf$8)
    __2sprintf                               0x0801c5e1   Thumb Code     0  printf8.o(i.__0sprintf$8)
    __scatterload_copy                       0x0801c609   Thumb Code    14  handlers.o(i.__scatterload_copy)
    __scatterload_null                       0x0801c617   Thumb Code     2  handlers.o(i.__scatterload_null)
    __scatterload_zeroinit                   0x0801c619   Thumb Code    14  handlers.o(i.__scatterload_zeroinit)
    fread                                    0x0801ca8d   Thumb Code    52  fread.o(i.fread)
    Cmds_UsartTask                           0x0801cad0   Data          10  usr_cpu.o(.constdata)
    tcp_persist_backoff                      0x0801cb70   Data           7  tcp.o(.constdata)
    tcp_state_str                            0x0801cb78   Data          44  tcp.o(.constdata)
    tcp_backoff                              0x0801cba4   Data          13  tcp.o(.constdata)
    tcp_pcb_lists                            0x0801cbb4   Data          16  tcp.o(.constdata)
    ip_addr_any                              0x0801cbc4   Data           4  ip_addr.o(.constdata)
    ip_addr_broadcast                        0x0801cbc8   Data           4  ip_addr.o(.constdata)
    ethbroadcast                             0x0801cbcc   Data           6  etharp.o(.constdata)
    ethzero                                  0x0801cbd2   Data           6  etharp.o(.constdata)
    COM_TX_PIN_SOURCE                        0x0801cbd8   Data           2  stm32_eval.o(.constdata)
    COM_RX_PIN_SOURCE                        0x0801cbda   Data           2  stm32_eval.o(.constdata)
    COM_TX_AF                                0x0801cbdc   Data           2  stm32_eval.o(.constdata)
    COM_RX_AF                                0x0801cbde   Data           2  stm32_eval.o(.constdata)
    BUTTON_PORT_SOURCE                       0x0801cbe0   Data           3  stm32_eval.o(.constdata)
    BUTTON_PIN_SOURCE                        0x0801cbe3   Data           3  stm32_eval.o(.constdata)
    BUTTON_IRQn                              0x0801cbe6   Data           3  stm32_eval.o(.constdata)
    COM_TX_PIN                               0x0801cbea   Data           4  stm32_eval.o(.constdata)
    COM_RX_PIN                               0x0801cbee   Data           4  stm32_eval.o(.constdata)
    BUTTON_PIN                               0x0801cbf2   Data           6  stm32_eval.o(.constdata)
    BUTTON_EXTI_LINE                         0x0801cbf8   Data           6  stm32_eval.o(.constdata)
    COM_USART_CLK                            0x0801cc00   Data           8  stm32_eval.o(.constdata)
    COM_TX_PORT_CLK                          0x0801cc08   Data           8  stm32_eval.o(.constdata)
    COM_RX_PORT_CLK                          0x0801cc10   Data           8  stm32_eval.o(.constdata)
    GPIO_PIN                                 0x0801cc18   Data          10  stm32_eval.o(.constdata)
    GPIO_CLK                                 0x0801cc24   Data          20  stm32_eval.o(.constdata)
    BUTTON_CLK                               0x0801cc38   Data          12  stm32_eval.o(.constdata)
    Region$$Table$$Base                      0x0801f000   Number         0  anon$$obj.o(Region$$Table)
    Region$$Table$$Limit                     0x0801f020   Number         0  anon$$obj.o(Region$$Table)
    SystemCoreClock                          0x20000000   Data           4  system_stm32f2xx.o(.data)
    AHBPrescTable                            0x20000004   Data          16  system_stm32f2xx.o(.data)
    shake_happen                             0x20000015   Data           1  main.o(.data)
    time_to_CheckUpdate                      0x20000018   Data           4  main.o(.data)
    usart_check                              0x2000001c   Data           4  main.o(.data)
    ping_check                               0x20000020   Data           4  main.o(.data)
    usart_reset_key                          0x20000024   Data           4  main.o(.data)
    LocalTime                                0x2000004c   Data           4  main.o(.data)
    data_complete                            0x20000050   Data           1  usart_dma.o(.data)
    data_count                               0x20000051   Data           1  usart_dma.o(.data)
    rx_analysis_head                         0x20000052   Data           1  usart_dma.o(.data)
    tx_now_send                              0x20000054   Data           4  usart_dma.o(.data)
    tx_count                                 0x20000058   Data           4  usart_dma.o(.data)
    rx_head                                  0x2000005c   Data           4  usart_dma.o(.data)
    Zigbee_InitStructure                     0x20000060   Data           8  usart_dma.o(.data)
    sys_info_change                          0x20000068   Data           1  usr_cpu.o(.data)
    device_change                            0x20000069   Data           1  usr_cpu.o(.data)
    scene_change                             0x2000006a   Data           1  usr_cpu.o(.data)
    warn_dev_change                          0x2000006b   Data           1  usr_cpu.o(.data)
    dev_timer_change                         0x2000006c   Data           1  usr_cpu.o(.data)
    room_status                              0x2000006e   Data           1  usr_cpu.o(.data)
    Command_Sucess                           0x2000006f   Data           1  usr_cpu.o(.data)
    CONFIG_MODE                              0x20000070   Data           4  usr_cpu.o(.data)
    tcp_device                               0x20000074   Data           4  usr_cpu.o(.data)
    devices_cnt                              0x20000078   Data           4  usr_cpu.o(.data)
    rooms_cnt                                0x2000007c   Data           4  usr_cpu.o(.data)
    warn_ops                                 0x20000080   Data           4  usr_cpu.o(.data)
    Cmd                                      0x20000084   Data           4  usr_cpu.o(.data)
    Cmd_usart                                0x20000088   Data           4  usr_cpu.o(.data)
    pad_devices_cnt                          0x2000008c   Data           4  usr_cpu.o(.data)
    dev_offset                               0x20000090   Data           4  usr_cpu.o(.data)
    alarm_record_info                        0x20000094   Data           8  usr_cpu.o(.data)
    err_cmd                                  0x200000a4   Data          24  usr_cpu.o(.data)
    sd_error                                 0x200000bc   Data           4  usr_cpu.o(.data)
    block_size                               0x200000c0   Data           4  usr_sd.o(.data)
    br                                       0x200000c4   Data           4  usr_sd.o(.data)
    bw                                       0x200000c8   Data           4  usr_sd.o(.data)
    alarm_hl                                 0x200000cc   Data           1  main_time.o(.data)
    alarm_hm                                 0x200000cd   Data           1  main_time.o(.data)
    alarm_hs                                 0x200000ce   Data           1  main_time.o(.data)
    AsynchPrediv                             0x200000d0   Data           4  main_time.o(.data)
    SynchPrediv                              0x200000d4   Data           4  main_time.o(.data)
    p_time                                   0x200000d8   Data           4  main_time.o(.data)
    time_recv                                0x200000dc   Data           4  main_time.o(.data)
    RTC_TimeStructure                        0x200000e0   Data           4  main_time.o(.data)
    RTC_DateStructure                        0x200000e4   Data           4  main_time.o(.data)
    UdpPcb                                   0x200000e8   Data           4  main_time.o(.data)
    ipaddr                                   0x200000ec   Data           4  main_time.o(.data)
    now_time                                 0x200000f0   Data           4  main_time.o(.data)
    timer                                    0x200000f4   Data           4  main_time.o(.data)
    timer1                                   0x200000f8   Data           4  main_time.o(.data)
    my_time                                  0x200000fc   Data           7  main_time.o(.data)
    center_NoID                              0x20000104   Data           1  flash.o(.data)
    cmd_reply                                0x2000010b   Data          24  usr_api.o(.data)
    usart_reply                              0x20000123   Data          24  usr_api.o(.data)
    cmd_to_usart                             0x2000013b   Data         120  usr_api.o(.data)
    Shake_NVIC_InitStructure                 0x200001b3   Data           4  usr_bsp.o(.data)
    TCPTimer                                 0x200001b8   Data           4  usr_net.o(.data)
    ARPTimer                                 0x200001bc   Data           4  usr_net.o(.data)
    DHCPfineTimer                            0x200001c0   Data           4  usr_net.o(.data)
    DHCPcoarseTimer                          0x200001c4   Data           4  usr_net.o(.data)
    IPaddress                                0x200001c8   Data           4  usr_net.o(.data)
    DisplayTimer                             0x200001cc   Data           4  usr_net.o(.data)
    rev_offset                               0x200001d0   Data           4  usr_net.o(.data)
    trans_offset                             0x200001d4   Data           4  usr_net.o(.data)
    tcp_dev_new                              0x200001d8   Data           4  usr_net.o(.data)
    macaddress                               0x200001dc   Data           6  usr_net.o(.data)
    rnd_recieved                             0x200001e4   Data           1  net_server.o(.data)
    net_connected                            0x200001e5   Data           1  net_server.o(.data)
    net_logined                              0x200001e6   Data           1  net_server.o(.data)
    soft_switch                              0x200001e7   Data           1  net_server.o(.data)
    get_date_timer                           0x200001e8   Data           1  net_server.o(.data)
    server_state                             0x200001e9   Data           1  net_server.o(.data)
    wan_connected                            0x200001ea   Data           1  net_server.o(.data)
    password_change                          0x200001eb   Data           1  net_server.o(.data)
    setChangeSecret_once                     0x200001ec   Data           4  net_server.o(.data)
    center_living_count                      0x200001f0   Data           4  net_server.o(.data)
    try_do_update                            0x200001f4   Data           4  net_server.o(.data)
    sever_addr                               0x200001f8   Data           4  net_server.o(.data)
    severSoft_addr                           0x200001fc   Data           4  net_server.o(.data)
    port_src                                 0x20000200   Data           4  net_server.o(.data)
    setChoose                                0x20000204   Data           4  net_server.o(.data)
    soft_len                                 0x20000208   Data           4  net_server.o(.data)
    soft_len_cnt                             0x2000020c   Data           4  net_server.o(.data)
    soft_temp_cnt                            0x20000210   Data           4  net_server.o(.data)
    soft_temp_offset                         0x20000214   Data           4  net_server.o(.data)
    server_timeout                           0x20000218   Data           4  net_server.o(.data)
    SeverLiveTime                            0x2000021c   Data           4  net_server.o(.data)
    sever_pcb                                0x20000220   Data           4  net_server.o(.data)
    sever_config_pcb                         0x20000224   Data           4  net_server.o(.data)
    iap_version                              0x20000228   Data           4  net_server.o(.data)
    downsoft_pcb                             0x2000022c   Data           4  net_server.o(.data)
    soft_version                             0x20000230   Data           5  net_server.o(.data)
    time_stamp                               0x20000235   Data           5  net_server.o(.data)
    salt                                     0x2000023a   Data          20  net_server.o(.data)
    rng_number                               0x2000024e   Data         100  net_server.o(.data)
    pdu                                      0x200002b2   Data         110  net_server.o(.data)
    check_num                                0x20000320   Data          21  net_server.o(.data)
    secret_pass                              0x20000335   Data          33  net_server.o(.data)
    soft_buff1                               0x20000356   Data          48  net_server.o(.data)
    soft_buff2                               0x20000386   Data          40  net_server.o(.data)
    data8                                    0x200003b0   Data           1  update_program.o(.data)
    MemoryProgramStatus                      0x200003b1   Data           1  update_program.o(.data)
    check_err                                0x200003b4   Data           4  update_program.o(.data)
    StartSector                              0x200003b8   Data           4  update_program.o(.data)
    EndSector                                0x200003bc   Data           4  update_program.o(.data)
    Address                                  0x200003c0   Data           4  update_program.o(.data)
    SectorCounter                            0x200003c4   Data           4  update_program.o(.data)
    udp_pcbs                                 0x200003cc   Data           4  udp.o(.data)
    mem_cnt                                  0x200003e8   Data           4  mem.o(.data)
    memp_cnt                                 0x200003f8   Data           4  memp.o(.data)
    netif_list                               0x20000400   Data           4  netif.o(.data)
    netif_default                            0x20000404   Data           4  netif.o(.data)
    pbuf_free_ooseq_pending                  0x20000408   Data           1  pbuf.o(.data)
    tcp_active_pcbs_changed                  0x20000410   Data           1  tcp.o(.data)
    tcp_ticks                                0x2000041c   Data           4  tcp.o(.data)
    tcp_bound_pcbs                           0x20000420   Data           4  tcp.o(.data)
    tcp_listen_pcbs                          0x20000424   Data           4  tcp.o(.data)
    tcp_active_pcbs                          0x20000428   Data           4  tcp.o(.data)
    tcp_tw_pcbs                              0x2000042c   Data           4  tcp.o(.data)
    tcp_tmp_pcb                              0x20000430   Data           4  tcp.o(.data)
    tcp_input_pcb                            0x2000044c   Data           4  tcp_in.o(.data)
    current_netif                            0x20000454   Data           4  ip.o(.data)
    current_header                           0x20000458   Data           4  ip.o(.data)
    current_iphdr_src                        0x2000045c   Data           4  ip.o(.data)
    current_iphdr_dest                       0x20000460   Data           4  ip.o(.data)
    s_xSemaphore                             0x20000468   Data           4  ethernetif.o(.data)
    MACaddr                                  0x2000046c   Data           6  ethernetif.o(.data)
    list_i                                   0x20000474   Data           4  helloworld.o(.data)
    conn_err_t                               0x20000478   Data           4  helloworld.o(.data)
    server_pcb                               0x2000047c   Data           4  helloworld.o(.data)
    DMATxDescToSet                           0x2000049c   Data           4  stm32f2x7_eth.o(.data)
    DMARxDescToGet                           0x200004a0   Data           4  stm32f2x7_eth.o(.data)
    DMA_RX_FRAME_infos                       0x200004a4   Data           4  stm32f2x7_eth.o(.data)
    eth_error                                0x200004a8   Data           4  stm32f2x7_eth_bsp.o(.data)
    TransferError                            0x200004ac   Data           1  stm32_eval_sdio_sd.o(.data)
    StopCondition                            0x200004b8   Data           4  stm32_eval_sdio_sd.o(.data)
    TransferEnd                              0x200004bc   Data           4  stm32_eval_sdio_sd.o(.data)
    DMAEndOfTransfer                         0x200004c0   Data           4  stm32_eval_sdio_sd.o(.data)
    NVIC_InitStructure                       0x200004c4   Data           4  stm32_eval.o(.data)
    COM_USART                                0x200004c8   Data           8  stm32_eval.o(.data)
    COM_TX_PORT                              0x200004d0   Data           8  stm32_eval.o(.data)
    COM_RX_PORT                              0x200004d8   Data           8  stm32_eval.o(.data)
    GPIO_PORT                                0x200004e0   Data          20  stm32_eval.o(.data)
    BUTTON_PORT                              0x200004f4   Data          12  stm32_eval.o(.data)
    pxCurrentTCB                             0x20000500   Data           4  tasks.o(.data)
    __stdout                                 0x20000560   Data           4  stdout.o(.data)
    DMA_InitStructure                        0x20000564   Data          60  usart_dma.o(.bss)
    TxBuffer_dma_save                        0x200005a0   Data         240  usart_dma.o(.bss)
    TxBuffer_dma                             0x20000690   Data          24  usart_dma.o(.bss)
    RxBuffer_dma                             0x200006a8   Data          24  usart_dma.o(.bss)
    RxBuffer_dma_save                        0x200006c0   Data         240  usart_dma.o(.bss)
    RxBuffer_rigth_save                      0x200007b0   Data          24  usart_dma.o(.bss)
    sys_info                                 0x200007c8   Data         314  usr_cpu.o(.bss)
    dev_info                                 0x20000902   Data        4096  usr_cpu.o(.bss)
    dev_living                               0x20001902   Data         256  usr_cpu.o(.bss)
    room_info                                0x20001a02   Data         496  usr_cpu.o(.bss)
    room_dev_info                            0x20001bf2   Data         860  usr_cpu.o(.bss)
    scene_info                               0x20001f4e   Data        9000  usr_cpu.o(.bss)
    alarm_dev_info                           0x20004276   Data        2304  usr_cpu.o(.bss)
    pad_info                                 0x20004b78   Data         132  usr_cpu.o(.bss)
    AlarmTimer                               0x20004c08   Data        1024  usr_cpu.o(.bss)
    fs                                       0x20005008   Data         560  usr_sd.o(.bss)
    warn_fsrc                                0x20005238   Data         548  usr_sd.o(.bss)
    warn_fdst                                0x2000545c   Data         548  usr_sd.o(.bss)
    sys_fdst                                 0x20005680   Data         548  usr_sd.o(.bss)
    soft_fsrc                                0x200058a4   Data         548  usr_sd.o(.bss)
    ctx_rc                                   0x20005ac8   Data         216  usr_sd.o(.bss)
    md5_check                                0x20005ba0   Data          16  usr_sd.o(.bss)
    temp                                     0x20005bb0   Data         512  usr_sd.o(.bss)
    sntp_request                             0x20005db0   Data          48  main_time.o(.bss)
    RTC_InitStructure                        0x20005de0   Data          12  main_time.o(.bss)
    RTC_AlarmStructure                       0x20005dec   Data          16  main_time.o(.bss)
    task_timer                               0x20005dfc   Data         180  main_time.o(.bss)
    CpuID                                    0x20005eb0   Data          12  usr_api.o(.bss)
    netif                                    0x20005ebc   Data          60  usr_net.o(.bss)
    cmd_analysis                             0x20005ef8   Data         768  usr_net.o(.bss)
    cmd_info                                 0x200061f8   Data        5600  usr_net.o(.bss)
    soft_md5                                 0x200077d8   Data          17  net_server.o(.bss)
    data_save                                0x200077e9   Data         100  net_server.o(.bss)
    check_num_c                              0x2000784d   Data          20  net_server.o(.bss)
    ctx                                      0x20007864   Data         280  net_server.o(.bss)
    secret_pass_c                            0x2000797c   Data          20  net_server.o(.bss)
    iv                                       0x20007990   Data          16  net_server.o(.bss)
    key                                      0x200079a0   Data          16  net_server.o(.bss)
    secret_pass_e                            0x200079b0   Data          20  net_server.o(.bss)
    soft_temp                                0x200079c4   Data         512  net_server.o(.bss)
    http_pdu                                 0x20007bc4   Data          71  net_server.o(.bss)
    temp_iap                                 0x20007c0b   Data         512  update_program.o(.bss)
    dhcp_rx_options_val                      0x20007e0c   Data          40  dhcp.o(.bss)
    dhcp_rx_options_given                    0x20007e34   Data          10  dhcp.o(.bss)
    ram_heap                                 0x200084a3   Data        8212  mem.o(.bss)
    DMARxDscrTab                             0x2000ef0c   Data         160  ethernetif.o(.bss)
    DMATxDscrTab                             0x2000efac   Data         160  ethernetif.o(.bss)
    Rx_Buff                                  0x2000f04c   Data        7620  ethernetif.o(.bss)
    Tx_Buff                                  0x20010e10   Data        7620  ethernetif.o(.bss)
    RX_Frame_Descriptor                      0x20012bd4   Data          12  stm32f2x7_eth.o(.bss)
    ETH_InitStructure                        0x20012be0   Data         188  stm32f2x7_eth_bsp.o(.bss)
    SDCardInfo                               0x20012ccc   Data          80  stm32_eval_sdio_sd.o(.bss)
    SDIO_InitStructure                       0x20012d1c   Data          24  stm32_eval_sdio_sd.o(.bss)
    SDIO_CmdInitStructure                    0x20012d34   Data          20  stm32_eval_sdio_sd.o(.bss)
    SDIO_DataInitStructure                   0x20012d48   Data          24  stm32_eval_sdio_sd.o(.bss)
    sEEDMA_InitStructure                     0x20012d60   Data          60  stm32_eval.o(.bss)
    __initial_sp                             0x20016ec0   Data           0  startup_stm32f2xx.o(STACK)



==============================================================================

Memory Map of the image

  Image Entry point : 0x08008185

  Load Region LR_IROM1 (Base: 0x08008000, Size: 0x00017584, Max: 0x00040000, ABSOLUTE, COMPRESSED[0x00017110])

    Execution Region ER_IROM1 (Base: 0x08008000, Size: 0x00017020, Max: 0x00040000, ABSOLUTE)

    Base Addr    Size         Type   Attr      Idx    E Section Name        Object

    0x08008000   0x00000184   Data   RO          161    RESET               startup_stm32f2xx.o
    0x08008184   0x00000000   Code   RO         2021  * .ARM.Collect$$$$00000000  mc_w.l(entry.o)
    0x08008184   0x00000004   Code   RO         2314    .ARM.Collect$$$$00000001  mc_w.l(entry2.o)
    0x08008188   0x00000004   Code   RO         2317    .ARM.Collect$$$$00000004  mc_w.l(entry5.o)
    0x0800818c   0x00000000   Code   RO         2319    .ARM.Collect$$$$00000008  mc_w.l(entry7b.o)
    0x0800818c   0x00000000   Code   RO         2321    .ARM.Collect$$$$0000000A  mc_w.l(entry8b.o)
    0x0800818c   0x00000008   Code   RO         2322    .ARM.Collect$$$$0000000B  mc_w.l(entry9a.o)
    0x08008194   0x00000000   Code   RO         2324    .ARM.Collect$$$$0000000D  mc_w.l(entry10a.o)
    0x08008194   0x00000000   Code   RO         2326    .ARM.Collect$$$$0000000F  mc_w.l(entry11a.o)
    0x08008194   0x00000004   Code   RO         2315    .ARM.Collect$$$$00002712  mc_w.l(entry2.o)
    0x08008198   0x00000088   Code   RO         1913    .emb_text           port.o
    0x08008220   0x0000015c   Code   RO            1    .text               system_stm32f2xx.o
    0x0800837c   0x00000034   Code   RO          162    .text               startup_stm32f2xx.o
    0x080083b0   0x00000380   Code   RO          167    .text               main.o
    0x08008730   0x0000019c   Code   RO          300    .text               stm32f2xx_it.o
    0x080088cc   0x000003c4   Code   RO          328    .text               usart_dma.o
    0x08008c90   0x00001b5c   Code   RO          360    .text               usr_cpu.o
    0x0800a7ec   0x00000698   Code   RO          614    .text               usr_sd.o
    0x0800ae84   0x00000400   Code   RO          668    .text               main_time.o
    0x0800b284   0x0000082c   Code   RO          725    .text               flash.o
    0x0800bab0   0x000000c8   Code   RO          767    .text               usart3_debug.o
    0x0800bb78   0x00000150   Code   RO          780    .text               usr_api.o
    0x0800bcc8   0x00000100   Code   RO          806    .text               usr_bsp.o
    0x0800bdc8   0x00000274   Code   RO          821    .text               usr_net.o
    0x0800c03c   0x0000090c   Code   RO          906    .text               net_server.o
    0x0800c948   0x00000210   Code   RO          952    .text               update_program.o
    0x0800cb58   0x00000394   Code   RO          976    .text               udp.o
    0x0800ceec   0x00000e20   Code   RO         1024    .text               dhcp.o
    0x0800dd0c   0x000004e0   Code   RO         1065    .text               dns.o
    0x0800e1ec   0x00000230   Code   RO         1135    .text               mem.o
    0x0800e41c   0x0000009c   Code   RO         1151    .text               memp.o
    0x0800e4b8   0x00000204   Code   RO         1180    .text               netif.o
    0x0800e6bc   0x00000502   Code   RO         1203    .text               pbuf.o
    0x0800ebbe   0x00000002   PAD
    0x0800ebc0   0x00000170   Code   RO         1237    .text               raw.o
    0x0800ed30   0x00000ac8   Code   RO         1263    .text               tcp.o
    0x0800f7f8   0x00000f60   Code   RO         1291    .text               tcp_in.o
    0x08010758   0x000008b0   Code   RO         1314    .text               tcp_out.o
    0x08011008   0x000002cc   Code   RO         1326    .text               autoip.o
    0x080112d4   0x00000184   Code   RO         1341    .text               icmp.o
    0x08011458   0x000001cc   Code   RO         1373    .text               inet_chksum.o
    0x08011624   0x00000278   Code   RO         1385    .text               ip.o
    0x0801189c   0x000001e0   Code   RO         1403    .text               ip_addr.o
    0x08011a7c   0x000006ac   Code   RO         1433    .text               etharp.o
    0x08012128   0x00000270   Code   RO         1469    .text               ethernetif.o
    0x08012398   0x00000194   Code   RO         1495    .text               server.o
    0x0801252c   0x0000015c   Code   RO         1511    .text               helloworld.o
    0x08012688   0x00000210   Code   RO         1531    .text               timers.o
    0x08012898   0x00000010   Code   RO         1545    .text               def.o
    0x080128a8   0x0000000c   Code   RO         1558    .text               sys_arch.o
    0x080128b4   0x00000320   Code   RO         1574    .text               stm32f2xx_dma.o
    0x08012bd4   0x00000218   Code   RO         1586    .text               stm32f2xx_gpio.o
    0x08012dec   0x000003d4   Code   RO         1598    .text               stm32f2xx_rcc.o
    0x080131c0   0x000001b8   Code   RO         1612    .text               stm32f2xx_sdio.o
    0x08013378   0x000002b4   Code   RO         1624    .text               stm32f2xx_spi.o
    0x0801362c   0x00000338   Code   RO         1636    .text               stm32f2xx_usart.o
    0x08013964   0x000000b0   Code   RO         1648    .text               misc.o
    0x08013a14   0x00000078   Code   RO         1660    .text               stm32f2xx_syscfg.o
    0x08013a8c   0x00000394   Code   RO         1672    .text               stm32f2xx_flash.o
    0x08013e20   0x00000898   Code   RO         1685    .text               stm32f2xx_rtc.o
    0x080146b8   0x000000e8   Code   RO         1698    .text               stm32f2xx_exti.o
    0x080147a0   0x0000033c   Code   RO         1710    .text               stm32f2xx_i2c.o
    0x08014adc   0x000000bc   Code   RO         1722    .text               stm32f2xx_pwr.o
    0x08014b98   0x0000003c   Code   RO         1734    .text               stm32f2xx_iwdg.o
    0x08014bd4   0x0000008c   Code   RO         1746    .text               stm32f2xx_rng.o
    0x08014c60   0x00000ac4   Code   RO         1758    .text               stm32f2x7_eth.o
    0x08015724   0x000001e0   Code   RO         1779    .text               stm32f2x7_eth_bsp.o
    0x08015904   0x00001328   Code   RO         1795    .text               stm32_eval_sdio_sd.o
    0x08016c2c   0x0000061c   Code   RO         1815    .text               stm32_eval.o
    0x08017248   0x0000008c   Code   RO         1854    .text               list.o
    0x080172d4   0x000004a2   Code   RO         1872    .text               queue.o
    0x08017776   0x00000002   PAD
    0x08017778   0x000007f0   Code   RO         1887    .text               tasks.o
    0x08017f68   0x000000a0   Code   RO         1914    .text               port.o
    0x08018008   0x000000f4   Code   RO         1931    .text               heap_2.o
    0x080180fc   0x000000a0   Code   RO         1946    .text               diskio.o
    0x0801819c   0x000016e4   Code   RO         1958    .text               ff.o
    0x08019880   0x00000a4e   Code   RO         1973    .text               aes.o
    0x0801a2ce   0x00000002   PAD
    0x0801a2d0   0x00000abe   Code   RO         1987    .text               md5.o
    0x0801ad8e   0x00000002   PAD
    0x0801ad90   0x0000153c   Code   RO         2006    .text               sha1.o
    0x0801c2cc   0x000000a0   Code   RO         2036    .text               mc_w.l(mktime.o)
    0x0801c36c   0x00000024   Code   RO         2039    .text               mc_w.l(memcpya.o)
    0x0801c390   0x00000024   Code   RO         2041    .text               mc_w.l(memseta.o)
    0x0801c3b4   0x00000018   Code   RO         2043    .text               mc_w.l(strncpy.o)
    0x0801c3cc   0x0000000e   Code   RO         2045    .text               mc_w.l(strlen.o)
    0x0801c3da   0x0000001c   Code   RO         2047    .text               mc_w.l(strcmp.o)
    0x0801c3f6   0x0000001a   Code   RO         2049    .text               mc_w.l(memcmp.o)
    0x0801c410   0x00000008   Code   RO         2328    .text               mc_w.l(fgetc.o)
    0x0801c418   0x00000062   Code   RO         2342    .text               mc_w.l(uldiv.o)
    0x0801c47a   0x00000002   PAD
    0x0801c47c   0x0000000c   Code   RO         2344    .text               mc_w.l(localtime_w.o)
    0x0801c488   0x00000080   Code   RO         2347    .text               mc_w.l(localtime_i.o)
    0x0801c508   0x00000024   Code   RO         2361    .text               mc_w.l(init.o)
    0x0801c52c   0x00000000   Code   RO         2363    .text               mc_w.l(semi.o)
    0x0801c52c   0x0000001e   Code   RO         2364    .text               mc_w.l(llshl.o)
    0x0801c54a   0x00000020   Code   RO         2366    .text               mc_w.l(llushr.o)
    0x0801c56a   0x00000000   Code   RO         2370    .text               mc_w.l(iusesemig.o)
    0x0801c56a   0x00000056   Code   RO         2381    .text               mc_w.l(__dczerorl2.o)
    0x0801c5c0   0x00000020   Code   RO         2260    i.__0printf$8       mc_w.l(printf8.o)
    0x0801c5e0   0x00000028   Code   RO         2262    i.__0sprintf$8      mc_w.l(printf8.o)
    0x0801c608   0x0000000e   Code   RO         2375    i.__scatterload_copy  mc_w.l(handlers.o)
    0x0801c616   0x00000002   Code   RO         2376    i.__scatterload_null  mc_w.l(handlers.o)
    0x0801c618   0x0000000e   Code   RO         2377    i.__scatterload_zeroinit  mc_w.l(handlers.o)
    0x0801c626   0x00000002   PAD
    0x0801c628   0x00000408   Code   RO         2267    i._printf_core      mc_w.l(printf8.o)
    0x0801ca30   0x00000024   Code   RO         2268    i._printf_post_padding  mc_w.l(printf8.o)
    0x0801ca54   0x0000002e   Code   RO         2269    i._printf_pre_padding  mc_w.l(printf8.o)
    0x0801ca82   0x0000000a   Code   RO         2271    i._sputc            mc_w.l(printf8.o)
    0x0801ca8c   0x00000034   Code   RO         2024    i.fread             mc_w.l(fread.o)
    0x0801cac0   0x0000008a   Data   RO          362    .constdata          usr_cpu.o
    0x0801cb4a   0x00000002   PAD
    0x0801cb4c   0x00000004   Data   RO          670    .constdata          main_time.o
    0x0801cb50   0x00000020   Data   RO         1153    .constdata          memp.o
    0x0801cb70   0x00000054   Data   RO         1264    .constdata          tcp.o
    0x0801cbc4   0x00000004   Data   RO         1405    .constdata          ip_addr.o
    0x0801cbc8   0x00000004   Data   RO         1406    .constdata          ip_addr.o
    0x0801cbcc   0x0000000c   Data   RO         1435    .constdata          etharp.o
    0x0801cbd8   0x0000006c   Data   RO         1817    .constdata          stm32_eval.o
    0x0801cc44   0x00002228   Data   RO         1974    .constdata          aes.o
    0x0801ee6c   0x00000040   Data   RO         1988    .constdata          md5.o
    0x0801eeac   0x00000040   Data   RO         2007    .constdata          sha1.o
    0x0801eeec   0x0000000c   Data   RO         2037    .constdata          mc_w.l(mktime.o)
    0x0801eef8   0x0000000c   Data   RO         2348    .constdata          mc_w.l(localtime_i.o)
    0x0801ef04   0x00000083   Data   RO          726    .conststring        flash.o
    0x0801ef87   0x00000001   PAD
    0x0801ef88   0x00000075   Data   RO         1265    .conststring        tcp.o
    0x0801effd   0x00000003   PAD
    0x0801f000   0x00000020   Data   RO         2373    Region$$Table       anon$$obj.o


    Execution Region RW_IRAM1 (Base: 0x20000000, Size: 0x00016ec0, Max: 0x00020000, ABSOLUTE, COMPRESSED[0x000000f0])

    Base Addr    Size         Type   Attr      Idx    E Section Name        Object

    0x20000000   0x00000014   Data   RW            2    .data               system_stm32f2xx.o
    0x20000014   0x0000003c   Data   RW          168    .data               main.o
    0x20000050   0x00000018   Data   RW          330    .data               usart_dma.o
    0x20000068   0x00000054   Data   RW          363    .data               usr_cpu.o
    0x200000bc   0x00000004   Data   RW          364    .data               usr_cpu.o
    0x200000c0   0x0000000c   Data   RW          618    .data               usr_sd.o
    0x200000cc   0x00000037   Data   RW          671    .data               main_time.o
    0x20000103   0x00000008   Data   RW          727    .data               flash.o
    0x2000010b   0x00000018   Data   RW          782    .data               usr_api.o
    0x20000123   0x00000018   Data   RW          783    .data               usr_api.o
    0x2000013b   0x00000078   Data   RW          784    .data               usr_api.o
    0x200001b3   0x00000004   Data   RW          807    .data               usr_bsp.o
    0x200001b7   0x00000001   PAD
    0x200001b8   0x0000002a   Data   RW          823    .data               usr_net.o
    0x200001e2   0x00000002   PAD
    0x200001e4   0x000001ca   Data   RW          910    .data               net_server.o
    0x200003ae   0x00000002   PAD
    0x200003b0   0x00000018   Data   RW          954    .data               update_program.o
    0x200003c8   0x00000008   Data   RW          977    .data               udp.o
    0x200003d0   0x00000004   Data   RW         1026    .data               dhcp.o
    0x200003d4   0x00000014   Data   RW         1067    .data               dns.o
    0x200003e8   0x00000010   Data   RW         1137    .data               mem.o
    0x200003f8   0x00000004   Data   RW         1154    .data               memp.o
    0x200003fc   0x0000000c   Data   RW         1181    .data               netif.o
    0x20000408   0x00000001   Data   RW         1204    .data               pbuf.o
    0x20000409   0x00000003   PAD
    0x2000040c   0x00000004   Data   RW         1238    .data               raw.o
    0x20000410   0x00000024   Data   RW         1266    .data               tcp.o
    0x20000434   0x0000001c   Data   RW         1293    .data               tcp_in.o
    0x20000450   0x00000014   Data   RW         1386    .data               ip.o
    0x20000464   0x00000001   Data   RW         1436    .data               etharp.o
    0x20000465   0x00000003   PAD
    0x20000468   0x0000000a   Data   RW         1471    .data               ethernetif.o
    0x20000472   0x00000002   PAD
    0x20000474   0x0000000c   Data   RW         1514    .data               helloworld.o
    0x20000480   0x0000000c   Data   RW         1532    .data               timers.o
    0x2000048c   0x00000010   Data   RW         1599    .data               stm32f2xx_rcc.o
    0x2000049c   0x0000000c   Data   RW         1760    .data               stm32f2x7_eth.o
    0x200004a8   0x00000004   Data   RW         1781    .data               stm32f2x7_eth_bsp.o
    0x200004ac   0x00000018   Data   RW         1797    .data               stm32_eval_sdio_sd.o
    0x200004c4   0x0000003c   Data   RW         1818    .data               stm32_eval.o
    0x20000500   0x0000003c   Data   RW         1889    .data               tasks.o
    0x2000053c   0x00000004   Data   RW         1915    .data               port.o
    0x20000540   0x00000018   Data   RW         1933    .data               heap_2.o
    0x20000558   0x00000008   Data   RW         1959    .data               ff.o
    0x20000560   0x00000004   Data   RW         2339    .data               mc_w.l(stdout.o)
    0x20000564   0x00000264   Zero   RW          329    .bss                usart_dma.o
    0x200007c8   0x00004840   Zero   RW          361    .bss                usr_cpu.o
    0x20005008   0x00000da8   Zero   RW          615    .bss                usr_sd.o
    0x20005db0   0x00000100   Zero   RW          669    .bss                main_time.o
    0x20005eb0   0x0000000c   Zero   RW          781    .bss                usr_api.o
    0x20005ebc   0x0000191c   Zero   RW          822    .bss                usr_net.o
    0x200077d8   0x00000433   Zero   RW          907    .bss                net_server.o
    0x20007c0b   0x00000200   Zero   RW          953    .bss                update_program.o
    0x20007e0b   0x00000001   PAD
    0x20007e0c   0x00000032   Zero   RW         1025    .bss                dhcp.o
    0x20007e3e   0x00000002   PAD
    0x20007e40   0x00000663   Zero   RW         1066    .bss                dns.o
    0x200084a3   0x00002014   Zero   RW         1136    .bss                mem.o
    0x2000a4b7   0x00000001   PAD
    0x2000a4b8   0x0000496b   Zero   RW         1152    .bss                memp.o
    0x2000ee23   0x00000001   PAD
    0x2000ee24   0x00000010   Zero   RW         1292    .bss                tcp_in.o
    0x2000ee34   0x00000010   Zero   RW         1404    .bss                ip_addr.o
    0x2000ee44   0x000000c8   Zero   RW         1434    .bss                etharp.o
    0x2000ef0c   0x00003cc8   Zero   RW         1470    .bss                ethernetif.o
    0x20012bd4   0x0000000c   Zero   RW         1759    .bss                stm32f2x7_eth.o
    0x20012be0   0x000000bc   Zero   RW         1780    .bss                stm32f2x7_eth_bsp.o
    0x20012c9c   0x000000c4   Zero   RW         1796    .bss                stm32_eval_sdio_sd.o
    0x20012d60   0x0000003c   Zero   RW         1816    .bss                stm32_eval.o
    0x20012d9c   0x000000f0   Zero   RW         1888    .bss                tasks.o
    0x20012e8c   0x00000004   PAD
    0x20012e90   0x00003c00   Zero   RW         1932    .bss                heap_2.o
    0x20016a90   0x0000002c   Zero   RW         2345    .bss                mc_w.l(localtime_w.o)
    0x20016abc   0x00000004   PAD
    0x20016ac0   0x00000400   Zero   RW          159    STACK               startup_stm32f2xx.o


==============================================================================

Image component sizes


      Code (inc. data)   RO Data    RW Data    ZI Data      Debug   Object Name

      2638         46       8744          0          0      13669   aes.o
       716         28          0          0          0       4128   autoip.o
        16          0          0          0          0       1384   def.o
      3616         54          0          4         50      23883   dhcp.o
       160          4          0          0          0       2326   diskio.o
      1248         48          0         20       1635       5835   dns.o
      1708         22         12          1        200       8668   etharp.o
       624         40          0         10      15560       4904   ethernetif.o
      5860         40          0          8          0      17674   ff.o
      2092        112        131          8          0       7509   flash.o
       244         10          0         24      15360       3508   heap_2.o
       348         30          0         12          0       2557   helloworld.o
       388         18          0          0          0       2274   icmp.o
         0          0          0          0          0       3916   inet.o
       460          0          0          0          0       2705   inet_chksum.o
         0          0          0          0          0      12128   init.o
       632         14          0         20          0       5963   ip.o
       480         12          8          0         16       9351   ip_addr.o
       140          0          0          0          0       3209   list.o
       896        126          0         60          0      52314   main.o
      1024         34          4         55        256      12023   main_time.o
      2750        270         64          0          0       6411   md5.o
       560         10          0         16       8212       3642   mem.o
       156         12         32          4      18795       2641   memp.o
       176         12          0          0          0       1873   misc.o
      2316         86          0        458       1075      22153   net_server.o
       516         12          0         12          0       6175   netif.o
      1282          8          0          1          0      16998   pbuf.o
       296         24          0          4          0       3941   port.o
      1186          0          0          0          0       7331   queue.o
       368         12          0          4          0       3105   raw.o
       404         18          0          0          0       2093   server.o
      5436         44         64          0          0       6168   sha1.o
        52          8        388          0       1024        832   startup_stm32f2xx.o
      1564         56        108         60         60       5975   stm32_eval.o
      4904         86          0         24        196      22058   stm32_eval_sdio_sd.o
      2756         72          0         12         12      18591   stm32f2x7_eth.o
       480         34          0          4        188       2163   stm32f2x7_eth_bsp.o
       800         32          0          0          0       6009   stm32f2xx_dma.o
       232          8          0          0          0       2307   stm32f2xx_exti.o
       916         22          0          0          0       6415   stm32f2xx_flash.o
       536         38          0          0          0       3629   stm32f2xx_gpio.o
       828         20          0          0          0       7087   stm32f2xx_i2c.o
       412         66          0          0          0       7539   stm32f2xx_it.o
        60          6          0          0          0       1273   stm32f2xx_iwdg.o
       188         14          0          0          0       2124   stm32f2xx_pwr.o
       980         40          0         16          0       9983   stm32f2xx_rcc.o
       140          6          0          0          0       1752   stm32f2xx_rng.o
      2200         34          0          0          0      11023   stm32f2xx_rtc.o
       440         14          0          0          0       6916   stm32f2xx_sdio.o
       692         20          0          0          0       5716   stm32f2xx_spi.o
       120         18          0          0          0       1559   stm32f2xx_syscfg.o
       824         24          0          0          0       6712   stm32f2xx_usart.o
        12          6          0          0          0        558   sys_arch.o
       348         38          0         20          0     304387   system_stm32f2xx.o
      2032         30          0         60        240      11731   tasks.o
      2760         52        201         36          0      20765   tcp.o
      3936        104          0         28         16      15090   tcp_in.o
      2224          8          0          0          0       6667   tcp_out.o
       528         40          0         12          0       2843   timers.o
       916         14          0          8          0      14315   udp.o
       528         58          0         24        512       3486   update_program.o
       200          6          0          0          0       1704   usart3_debug.o
       964         32          0         24        612       9844   usart_dma.o
       336         52          0        168         12      19226   usr_api.o
       256          8          0          4          0       1455   usr_bsp.o
      7004        336        138         88      18496     277153   usr_cpu.o
       628         40          0         42       6428      20568   usr_net.o
      1688        362          0         12       3496       9133   usr_sd.o

    ----------------------------------------------------------------------
     82228       2950       9932       1376      92460    1131047   Object Totals
         0          0         32          0          0          0   (incl. Generated)
         8          0          6         13          9          0   (incl. Padding)

    ----------------------------------------------------------------------

      Code (inc. data)   RO Data    RW Data    ZI Data      Debug   Library Member Name

        86          0          0          0          0          0   __dczerorl2.o
         0          0          0          0          0          0   entry.o
         0          0          0          0          0          0   entry10a.o
         0          0          0          0          0          0   entry11a.o
         8          4          0          0          0          0   entry2.o
         4          0          0          0          0          0   entry5.o
         0          0          0          0          0          0   entry7b.o
         0          0          0          0          0          0   entry8b.o
         8          4          0          0          0          0   entry9a.o
         8          0          0          0          0         68   fgetc.o
        52          0          0          0          0         88   fread.o
        30          0          0          0          0          0   handlers.o
        36          8          0          0          0         68   init.o
         0          0          0          0          0          0   iusesemig.o
        30          0          0          0          0         68   llshl.o
        32          0          0          0          0         68   llushr.o
       128          6         12          0          0         80   localtime_i.o
        12          6          0          0         44         68   localtime_w.o
        26          0          0          0          0         80   memcmp.o
        36          0          0          0          0         68   memcpya.o
        36          0          0          0          0        108   memseta.o
       160         18         12          0          0         80   mktime.o
      1196         60          0          0          0        504   printf8.o
         0          0          0          0          0          0   semi.o
         0          0          0          4          0          0   stdout.o
        28          0          0          0          0         76   strcmp.o
        14          0          0          0          0         68   strlen.o
        24          0          0          0          0         76   strncpy.o
        98          0          0          0          0         92   uldiv.o

    ----------------------------------------------------------------------
      2056        106         24          4         48       1660   Library Totals
         4          0          0          0          4          0   (incl. Padding)

    ----------------------------------------------------------------------

      Code (inc. data)   RO Data    RW Data    ZI Data      Debug   Library Name

      2052        106         24          4         44       1660   mc_w.l

    ----------------------------------------------------------------------
      2056        106         24          4         48       1660   Library Totals

    ----------------------------------------------------------------------

==============================================================================


      Code (inc. data)   RO Data    RW Data    ZI Data      Debug   

     84284       3056       9956       1380      92508    1122903   Grand Totals
     84284       3056       9956        240      92508    1122903   ELF Image Totals (compressed)
     84284       3056       9956        240          0          0   ROM Totals

==============================================================================

    Total RO  Size (Code + RO Data)                94240 (  92.03kB)
    Total RW  Size (RW Data + ZI Data)             93888 (  91.69kB)
    Total ROM Size (Code + RO Data + RW Data)      94480 (  92.27kB)

==============================================================================

